[2.248s] colcon DEBUG Command line arguments: ['/home/ubuntu/.local/bin/colcon', 'build', '--packages-select', 'fox_navigation_ros2']
[2.249s] colcon DEBUG Parsed command line arguments: Namespace(log_base=None, log_level=None, verb_name='build', build_base='build', install_base='install', merge_install=False, symlink_install=False, test_result_base=None, continue_on_error=False, executor='parallel', parallel_workers=6, event_handlers=None, ignore_user_meta=False, metas=['./colcon.meta'], base_paths=['.'], packages_ignore=None, packages_ignore_regex=None, paths=None, packages_up_to=None, packages_up_to_regex=None, packages_above=None, packages_above_and_dependencies=None, packages_above_depth=None, packages_select_by_dep=None, packages_skip_by_dep=None, packages_skip_up_to=None, packages_select_build_failed=False, packages_skip_build_finished=False, packages_select_test_failures=False, packages_skip_test_passed=False, packages_select=['fox_navigation_ros2'], packages_skip=None, packages_select_regex=None, packages_skip_regex=None, packages_start=None, packages_end=None, allow_overriding=[], cmake_args=None, cmake_target=None, cmake_target_skip_unavailable=False, cmake_clean_cache=False, cmake_clean_first=False, cmake_force_configure=False, ament_cmake_args=None, catkin_cmake_args=None, catkin_skip_building_tests=False, verb_parser=<colcon_defaults.argument_parser.defaults.DefaultArgumentsDecorator object at 0xffff8e2f0910>, verb_extension=<colcon_core.verb.build.BuildVerb object at 0xffff8e401bd0>, main=<bound method BuildVerb.main of <colcon_core.verb.build.BuildVerb object at 0xffff8e401bd0>>)
[2.713s] colcon.colcon_core.package_discovery Level 1 discover_packages(colcon_meta) check parameters
[2.714s] colcon.colcon_core.package_discovery Level 1 discover_packages(recursive) check parameters
[2.714s] colcon.colcon_core.package_discovery Level 1 discover_packages(ignore) check parameters
[2.714s] colcon.colcon_core.package_discovery Level 1 discover_packages(path) check parameters
[2.714s] colcon.colcon_core.package_discovery Level 1 discover_packages(colcon_meta) discover
[2.715s] colcon.colcon_core.package_discovery Level 1 discover_packages(recursive) discover
[2.715s] colcon.colcon_core.package_discovery INFO Crawling recursively for packages in '/home/ubuntu/ros2fox'
[2.715s] colcon.colcon_core.package_identification Level 1 _identify(.) by extensions ['ignore', 'ignore_ament_install']
[2.716s] colcon.colcon_core.package_identification Level 1 _identify(.) by extension 'ignore'
[2.716s] colcon.colcon_core.package_identification Level 1 _identify(.) by extension 'ignore_ament_install'
[2.717s] colcon.colcon_core.package_identification Level 1 _identify(.) by extensions ['colcon_pkg']
[2.717s] colcon.colcon_core.package_identification Level 1 _identify(.) by extension 'colcon_pkg'
[2.717s] colcon.colcon_core.package_identification Level 1 _identify(.) by extensions ['colcon_meta']
[2.717s] colcon.colcon_core.package_identification Level 1 _identify(.) by extension 'colcon_meta'
[2.718s] colcon.colcon_core.package_identification Level 1 _identify(.) by extensions ['ros']
[2.718s] colcon.colcon_core.package_identification Level 1 _identify(.) by extension 'ros'
[2.811s] colcon.colcon_core.package_identification Level 1 _identify(.) by extensions ['cmake', 'python']
[2.811s] colcon.colcon_core.package_identification Level 1 _identify(.) by extension 'cmake'
[2.811s] colcon.colcon_core.package_identification Level 1 _identify(.) by extension 'python'
[2.812s] colcon.colcon_core.package_identification Level 1 _identify(.) by extensions ['python_setup_py']
[2.812s] colcon.colcon_core.package_identification Level 1 _identify(.) by extension 'python_setup_py'
[2.812s] colcon.colcon_core.package_identification Level 1 _identify(Log) by extensions ['ignore', 'ignore_ament_install']
[2.813s] colcon.colcon_core.package_identification Level 1 _identify(Log) by extension 'ignore'
[2.813s] colcon.colcon_core.package_identification Level 1 _identify(Log) by extension 'ignore_ament_install'
[2.813s] colcon.colcon_core.package_identification Level 1 _identify(Log) by extensions ['colcon_pkg']
[2.813s] colcon.colcon_core.package_identification Level 1 _identify(Log) by extension 'colcon_pkg'
[2.813s] colcon.colcon_core.package_identification Level 1 _identify(Log) by extensions ['colcon_meta']
[2.813s] colcon.colcon_core.package_identification Level 1 _identify(Log) by extension 'colcon_meta'
[2.814s] colcon.colcon_core.package_identification Level 1 _identify(Log) by extensions ['ros']
[2.814s] colcon.colcon_core.package_identification Level 1 _identify(Log) by extension 'ros'
[2.814s] colcon.colcon_core.package_identification Level 1 _identify(Log) by extensions ['cmake', 'python']
[2.814s] colcon.colcon_core.package_identification Level 1 _identify(Log) by extension 'cmake'
[2.814s] colcon.colcon_core.package_identification Level 1 _identify(Log) by extension 'python'
[2.814s] colcon.colcon_core.package_identification Level 1 _identify(Log) by extensions ['python_setup_py']
[2.814s] colcon.colcon_core.package_identification Level 1 _identify(Log) by extension 'python_setup_py'
[2.815s] colcon.colcon_core.package_identification Level 1 _identify(build) by extensions ['ignore', 'ignore_ament_install']
[2.815s] colcon.colcon_core.package_identification Level 1 _identify(build) by extension 'ignore'
[2.815s] colcon.colcon_core.package_identification Level 1 _identify(build) ignored
[2.815s] colcon.colcon_core.package_identification Level 1 _identify(calib_data) by extensions ['ignore', 'ignore_ament_install']
[2.816s] colcon.colcon_core.package_identification Level 1 _identify(calib_data) by extension 'ignore'
[2.816s] colcon.colcon_core.package_identification Level 1 _identify(calib_data) by extension 'ignore_ament_install'
[2.816s] colcon.colcon_core.package_identification Level 1 _identify(calib_data) by extensions ['colcon_pkg']
[2.816s] colcon.colcon_core.package_identification Level 1 _identify(calib_data) by extension 'colcon_pkg'
[2.816s] colcon.colcon_core.package_identification Level 1 _identify(calib_data) by extensions ['colcon_meta']
[2.816s] colcon.colcon_core.package_identification Level 1 _identify(calib_data) by extension 'colcon_meta'
[2.816s] colcon.colcon_core.package_identification Level 1 _identify(calib_data) by extensions ['ros']
[2.816s] colcon.colcon_core.package_identification Level 1 _identify(calib_data) by extension 'ros'
[2.817s] colcon.colcon_core.package_identification Level 1 _identify(calib_data) by extensions ['cmake', 'python']
[2.817s] colcon.colcon_core.package_identification Level 1 _identify(calib_data) by extension 'cmake'
[2.817s] colcon.colcon_core.package_identification Level 1 _identify(calib_data) by extension 'python'
[2.817s] colcon.colcon_core.package_identification Level 1 _identify(calib_data) by extensions ['python_setup_py']
[2.817s] colcon.colcon_core.package_identification Level 1 _identify(calib_data) by extension 'python_setup_py'
[2.817s] colcon.colcon_core.package_identification Level 1 _identify(calib_data/color) by extensions ['ignore', 'ignore_ament_install']
[2.818s] colcon.colcon_core.package_identification Level 1 _identify(calib_data/color) by extension 'ignore'
[2.818s] colcon.colcon_core.package_identification Level 1 _identify(calib_data/color) by extension 'ignore_ament_install'
[2.818s] colcon.colcon_core.package_identification Level 1 _identify(calib_data/color) by extensions ['colcon_pkg']
[2.818s] colcon.colcon_core.package_identification Level 1 _identify(calib_data/color) by extension 'colcon_pkg'
[2.818s] colcon.colcon_core.package_identification Level 1 _identify(calib_data/color) by extensions ['colcon_meta']
[2.818s] colcon.colcon_core.package_identification Level 1 _identify(calib_data/color) by extension 'colcon_meta'
[2.818s] colcon.colcon_core.package_identification Level 1 _identify(calib_data/color) by extensions ['ros']
[2.818s] colcon.colcon_core.package_identification Level 1 _identify(calib_data/color) by extension 'ros'
[2.819s] colcon.colcon_core.package_identification Level 1 _identify(calib_data/color) by extensions ['cmake', 'python']
[2.819s] colcon.colcon_core.package_identification Level 1 _identify(calib_data/color) by extension 'cmake'
[2.819s] colcon.colcon_core.package_identification Level 1 _identify(calib_data/color) by extension 'python'
[2.819s] colcon.colcon_core.package_identification Level 1 _identify(calib_data/color) by extensions ['python_setup_py']
[2.819s] colcon.colcon_core.package_identification Level 1 _identify(calib_data/color) by extension 'python_setup_py'
[2.819s] colcon.colcon_core.package_identification Level 1 _identify(calib_data/color_old) by extensions ['ignore', 'ignore_ament_install']
[2.819s] colcon.colcon_core.package_identification Level 1 _identify(calib_data/color_old) by extension 'ignore'
[2.820s] colcon.colcon_core.package_identification Level 1 _identify(calib_data/color_old) by extension 'ignore_ament_install'
[2.820s] colcon.colcon_core.package_identification Level 1 _identify(calib_data/color_old) by extensions ['colcon_pkg']
[2.820s] colcon.colcon_core.package_identification Level 1 _identify(calib_data/color_old) by extension 'colcon_pkg'
[2.820s] colcon.colcon_core.package_identification Level 1 _identify(calib_data/color_old) by extensions ['colcon_meta']
[2.820s] colcon.colcon_core.package_identification Level 1 _identify(calib_data/color_old) by extension 'colcon_meta'
[2.820s] colcon.colcon_core.package_identification Level 1 _identify(calib_data/color_old) by extensions ['ros']
[2.820s] colcon.colcon_core.package_identification Level 1 _identify(calib_data/color_old) by extension 'ros'
[2.823s] colcon.colcon_core.package_identification Level 1 _identify(calib_data/color_old) by extensions ['cmake', 'python']
[2.823s] colcon.colcon_core.package_identification Level 1 _identify(calib_data/color_old) by extension 'cmake'
[2.823s] colcon.colcon_core.package_identification Level 1 _identify(calib_data/color_old) by extension 'python'
[2.823s] colcon.colcon_core.package_identification Level 1 _identify(calib_data/color_old) by extensions ['python_setup_py']
[2.823s] colcon.colcon_core.package_identification Level 1 _identify(calib_data/color_old) by extension 'python_setup_py'
[2.824s] colcon.colcon_core.package_identification Level 1 _identify(calib_data/ir) by extensions ['ignore', 'ignore_ament_install']
[2.824s] colcon.colcon_core.package_identification Level 1 _identify(calib_data/ir) by extension 'ignore'
[2.824s] colcon.colcon_core.package_identification Level 1 _identify(calib_data/ir) by extension 'ignore_ament_install'
[2.824s] colcon.colcon_core.package_identification Level 1 _identify(calib_data/ir) by extensions ['colcon_pkg']
[2.824s] colcon.colcon_core.package_identification Level 1 _identify(calib_data/ir) by extension 'colcon_pkg'
[2.825s] colcon.colcon_core.package_identification Level 1 _identify(calib_data/ir) by extensions ['colcon_meta']
[2.825s] colcon.colcon_core.package_identification Level 1 _identify(calib_data/ir) by extension 'colcon_meta'
[2.825s] colcon.colcon_core.package_identification Level 1 _identify(calib_data/ir) by extensions ['ros']
[2.825s] colcon.colcon_core.package_identification Level 1 _identify(calib_data/ir) by extension 'ros'
[2.825s] colcon.colcon_core.package_identification Level 1 _identify(calib_data/ir) by extensions ['cmake', 'python']
[2.825s] colcon.colcon_core.package_identification Level 1 _identify(calib_data/ir) by extension 'cmake'
[2.825s] colcon.colcon_core.package_identification Level 1 _identify(calib_data/ir) by extension 'python'
[2.825s] colcon.colcon_core.package_identification Level 1 _identify(calib_data/ir) by extensions ['python_setup_py']
[2.826s] colcon.colcon_core.package_identification Level 1 _identify(calib_data/ir) by extension 'python_setup_py'
[2.826s] colcon.colcon_core.package_identification Level 1 _identify(calib_data/ir_old) by extensions ['ignore', 'ignore_ament_install']
[2.826s] colcon.colcon_core.package_identification Level 1 _identify(calib_data/ir_old) by extension 'ignore'
[2.826s] colcon.colcon_core.package_identification Level 1 _identify(calib_data/ir_old) by extension 'ignore_ament_install'
[2.826s] colcon.colcon_core.package_identification Level 1 _identify(calib_data/ir_old) by extensions ['colcon_pkg']
[2.827s] colcon.colcon_core.package_identification Level 1 _identify(calib_data/ir_old) by extension 'colcon_pkg'
[2.827s] colcon.colcon_core.package_identification Level 1 _identify(calib_data/ir_old) by extensions ['colcon_meta']
[2.827s] colcon.colcon_core.package_identification Level 1 _identify(calib_data/ir_old) by extension 'colcon_meta'
[2.827s] colcon.colcon_core.package_identification Level 1 _identify(calib_data/ir_old) by extensions ['ros']
[2.827s] colcon.colcon_core.package_identification Level 1 _identify(calib_data/ir_old) by extension 'ros'
[2.827s] colcon.colcon_core.package_identification Level 1 _identify(calib_data/ir_old) by extensions ['cmake', 'python']
[2.827s] colcon.colcon_core.package_identification Level 1 _identify(calib_data/ir_old) by extension 'cmake'
[2.827s] colcon.colcon_core.package_identification Level 1 _identify(calib_data/ir_old) by extension 'python'
[2.827s] colcon.colcon_core.package_identification Level 1 _identify(calib_data/ir_old) by extensions ['python_setup_py']
[2.827s] colcon.colcon_core.package_identification Level 1 _identify(calib_data/ir_old) by extension 'python_setup_py'
[2.828s] colcon.colcon_core.package_identification Level 1 _identify(calib_result) by extensions ['ignore', 'ignore_ament_install']
[2.828s] colcon.colcon_core.package_identification Level 1 _identify(calib_result) by extension 'ignore'
[2.828s] colcon.colcon_core.package_identification Level 1 _identify(calib_result) by extension 'ignore_ament_install'
[2.828s] colcon.colcon_core.package_identification Level 1 _identify(calib_result) by extensions ['colcon_pkg']
[2.829s] colcon.colcon_core.package_identification Level 1 _identify(calib_result) by extension 'colcon_pkg'
[2.829s] colcon.colcon_core.package_identification Level 1 _identify(calib_result) by extensions ['colcon_meta']
[2.829s] colcon.colcon_core.package_identification Level 1 _identify(calib_result) by extension 'colcon_meta'
[2.829s] colcon.colcon_core.package_identification Level 1 _identify(calib_result) by extensions ['ros']
[2.829s] colcon.colcon_core.package_identification Level 1 _identify(calib_result) by extension 'ros'
[2.829s] colcon.colcon_core.package_identification Level 1 _identify(calib_result) by extensions ['cmake', 'python']
[2.829s] colcon.colcon_core.package_identification Level 1 _identify(calib_result) by extension 'cmake'
[2.829s] colcon.colcon_core.package_identification Level 1 _identify(calib_result) by extension 'python'
[2.830s] colcon.colcon_core.package_identification Level 1 _identify(calib_result) by extensions ['python_setup_py']
[2.830s] colcon.colcon_core.package_identification Level 1 _identify(calib_result) by extension 'python_setup_py'
[2.830s] colcon.colcon_core.package_identification Level 1 _identify(dairy) by extensions ['ignore', 'ignore_ament_install']
[2.830s] colcon.colcon_core.package_identification Level 1 _identify(dairy) by extension 'ignore'
[2.830s] colcon.colcon_core.package_identification Level 1 _identify(dairy) by extension 'ignore_ament_install'
[2.831s] colcon.colcon_core.package_identification Level 1 _identify(dairy) by extensions ['colcon_pkg']
[2.831s] colcon.colcon_core.package_identification Level 1 _identify(dairy) by extension 'colcon_pkg'
[2.831s] colcon.colcon_core.package_identification Level 1 _identify(dairy) by extensions ['colcon_meta']
[2.831s] colcon.colcon_core.package_identification Level 1 _identify(dairy) by extension 'colcon_meta'
[2.831s] colcon.colcon_core.package_identification Level 1 _identify(dairy) by extensions ['ros']
[2.831s] colcon.colcon_core.package_identification Level 1 _identify(dairy) by extension 'ros'
[2.831s] colcon.colcon_core.package_identification Level 1 _identify(dairy) by extensions ['cmake', 'python']
[2.831s] colcon.colcon_core.package_identification Level 1 _identify(dairy) by extension 'cmake'
[2.831s] colcon.colcon_core.package_identification Level 1 _identify(dairy) by extension 'python'
[2.831s] colcon.colcon_core.package_identification Level 1 _identify(dairy) by extensions ['python_setup_py']
[2.832s] colcon.colcon_core.package_identification Level 1 _identify(dairy) by extension 'python_setup_py'
[2.832s] colcon.colcon_core.package_identification Level 1 _identify(docs) by extensions ['ignore', 'ignore_ament_install']
[2.832s] colcon.colcon_core.package_identification Level 1 _identify(docs) by extension 'ignore'
[2.832s] colcon.colcon_core.package_identification Level 1 _identify(docs) by extension 'ignore_ament_install'
[2.832s] colcon.colcon_core.package_identification Level 1 _identify(docs) by extensions ['colcon_pkg']
[2.832s] colcon.colcon_core.package_identification Level 1 _identify(docs) by extension 'colcon_pkg'
[2.832s] colcon.colcon_core.package_identification Level 1 _identify(docs) by extensions ['colcon_meta']
[2.833s] colcon.colcon_core.package_identification Level 1 _identify(docs) by extension 'colcon_meta'
[2.833s] colcon.colcon_core.package_identification Level 1 _identify(docs) by extensions ['ros']
[2.833s] colcon.colcon_core.package_identification Level 1 _identify(docs) by extension 'ros'
[2.833s] colcon.colcon_core.package_identification Level 1 _identify(docs) by extensions ['cmake', 'python']
[2.833s] colcon.colcon_core.package_identification Level 1 _identify(docs) by extension 'cmake'
[2.833s] colcon.colcon_core.package_identification Level 1 _identify(docs) by extension 'python'
[2.833s] colcon.colcon_core.package_identification Level 1 _identify(docs) by extensions ['python_setup_py']
[2.833s] colcon.colcon_core.package_identification Level 1 _identify(docs) by extension 'python_setup_py'
[2.834s] colcon.colcon_core.package_identification Level 1 _identify(install) by extensions ['ignore', 'ignore_ament_install']
[2.834s] colcon.colcon_core.package_identification Level 1 _identify(install) by extension 'ignore'
[2.834s] colcon.colcon_core.package_identification Level 1 _identify(install) ignored
[2.834s] colcon.colcon_core.package_identification Level 1 _identify(log) by extensions ['ignore', 'ignore_ament_install']
[2.835s] colcon.colcon_core.package_identification Level 1 _identify(log) by extension 'ignore'
[2.835s] colcon.colcon_core.package_identification Level 1 _identify(log) ignored
[2.835s] colcon.colcon_core.package_identification Level 1 _identify(maps) by extensions ['ignore', 'ignore_ament_install']
[2.835s] colcon.colcon_core.package_identification Level 1 _identify(maps) by extension 'ignore'
[2.835s] colcon.colcon_core.package_identification Level 1 _identify(maps) by extension 'ignore_ament_install'
[2.835s] colcon.colcon_core.package_identification Level 1 _identify(maps) by extensions ['colcon_pkg']
[2.835s] colcon.colcon_core.package_identification Level 1 _identify(maps) by extension 'colcon_pkg'
[2.835s] colcon.colcon_core.package_identification Level 1 _identify(maps) by extensions ['colcon_meta']
[2.836s] colcon.colcon_core.package_identification Level 1 _identify(maps) by extension 'colcon_meta'
[2.836s] colcon.colcon_core.package_identification Level 1 _identify(maps) by extensions ['ros']
[2.836s] colcon.colcon_core.package_identification Level 1 _identify(maps) by extension 'ros'
[2.836s] colcon.colcon_core.package_identification Level 1 _identify(maps) by extensions ['cmake', 'python']
[2.836s] colcon.colcon_core.package_identification Level 1 _identify(maps) by extension 'cmake'
[2.836s] colcon.colcon_core.package_identification Level 1 _identify(maps) by extension 'python'
[2.836s] colcon.colcon_core.package_identification Level 1 _identify(maps) by extensions ['python_setup_py']
[2.836s] colcon.colcon_core.package_identification Level 1 _identify(maps) by extension 'python_setup_py'
[2.836s] colcon.colcon_core.package_identification Level 1 _identify(models) by extensions ['ignore', 'ignore_ament_install']
[2.837s] colcon.colcon_core.package_identification Level 1 _identify(models) by extension 'ignore'
[2.837s] colcon.colcon_core.package_identification Level 1 _identify(models) by extension 'ignore_ament_install'
[2.837s] colcon.colcon_core.package_identification Level 1 _identify(models) by extensions ['colcon_pkg']
[2.837s] colcon.colcon_core.package_identification Level 1 _identify(models) by extension 'colcon_pkg'
[2.837s] colcon.colcon_core.package_identification Level 1 _identify(models) by extensions ['colcon_meta']
[2.837s] colcon.colcon_core.package_identification Level 1 _identify(models) by extension 'colcon_meta'
[2.837s] colcon.colcon_core.package_identification Level 1 _identify(models) by extensions ['ros']
[2.837s] colcon.colcon_core.package_identification Level 1 _identify(models) by extension 'ros'
[2.838s] colcon.colcon_core.package_identification Level 1 _identify(models) by extensions ['cmake', 'python']
[2.838s] colcon.colcon_core.package_identification Level 1 _identify(models) by extension 'cmake'
[2.838s] colcon.colcon_core.package_identification Level 1 _identify(models) by extension 'python'
[2.838s] colcon.colcon_core.package_identification Level 1 _identify(models) by extensions ['python_setup_py']
[2.838s] colcon.colcon_core.package_identification Level 1 _identify(models) by extension 'python_setup_py'
[2.838s] colcon.colcon_core.package_identification Level 1 _identify(pic) by extensions ['ignore', 'ignore_ament_install']
[2.838s] colcon.colcon_core.package_identification Level 1 _identify(pic) by extension 'ignore'
[2.839s] colcon.colcon_core.package_identification Level 1 _identify(pic) by extension 'ignore_ament_install'
[2.839s] colcon.colcon_core.package_identification Level 1 _identify(pic) by extensions ['colcon_pkg']
[2.839s] colcon.colcon_core.package_identification Level 1 _identify(pic) by extension 'colcon_pkg'
[2.839s] colcon.colcon_core.package_identification Level 1 _identify(pic) by extensions ['colcon_meta']
[2.839s] colcon.colcon_core.package_identification Level 1 _identify(pic) by extension 'colcon_meta'
[2.839s] colcon.colcon_core.package_identification Level 1 _identify(pic) by extensions ['ros']
[2.839s] colcon.colcon_core.package_identification Level 1 _identify(pic) by extension 'ros'
[2.839s] colcon.colcon_core.package_identification Level 1 _identify(pic) by extensions ['cmake', 'python']
[2.839s] colcon.colcon_core.package_identification Level 1 _identify(pic) by extension 'cmake'
[2.839s] colcon.colcon_core.package_identification Level 1 _identify(pic) by extension 'python'
[2.840s] colcon.colcon_core.package_identification Level 1 _identify(pic) by extensions ['python_setup_py']
[2.840s] colcon.colcon_core.package_identification Level 1 _identify(pic) by extension 'python_setup_py'
[2.840s] colcon.colcon_core.package_identification Level 1 _identify(src) by extensions ['ignore', 'ignore_ament_install']
[2.840s] colcon.colcon_core.package_identification Level 1 _identify(src) by extension 'ignore'
[2.840s] colcon.colcon_core.package_identification Level 1 _identify(src) by extension 'ignore_ament_install'
[2.840s] colcon.colcon_core.package_identification Level 1 _identify(src) by extensions ['colcon_pkg']
[2.841s] colcon.colcon_core.package_identification Level 1 _identify(src) by extension 'colcon_pkg'
[2.841s] colcon.colcon_core.package_identification Level 1 _identify(src) by extensions ['colcon_meta']
[2.841s] colcon.colcon_core.package_identification Level 1 _identify(src) by extension 'colcon_meta'
[2.841s] colcon.colcon_core.package_identification Level 1 _identify(src) by extensions ['ros']
[2.841s] colcon.colcon_core.package_identification Level 1 _identify(src) by extension 'ros'
[2.841s] colcon.colcon_core.package_identification Level 1 _identify(src) by extensions ['cmake', 'python']
[2.841s] colcon.colcon_core.package_identification Level 1 _identify(src) by extension 'cmake'
[2.841s] colcon.colcon_core.package_identification Level 1 _identify(src) by extension 'python'
[2.841s] colcon.colcon_core.package_identification Level 1 _identify(src) by extensions ['python_setup_py']
[2.841s] colcon.colcon_core.package_identification Level 1 _identify(src) by extension 'python_setup_py'
[2.842s] colcon.colcon_core.package_identification Level 1 _identify(src/OrbbecSDK_ROS2) by extensions ['ignore', 'ignore_ament_install']
[2.842s] colcon.colcon_core.package_identification Level 1 _identify(src/OrbbecSDK_ROS2) by extension 'ignore'
[2.842s] colcon.colcon_core.package_identification Level 1 _identify(src/OrbbecSDK_ROS2) by extension 'ignore_ament_install'
[2.842s] colcon.colcon_core.package_identification Level 1 _identify(src/OrbbecSDK_ROS2) by extensions ['colcon_pkg']
[2.842s] colcon.colcon_core.package_identification Level 1 _identify(src/OrbbecSDK_ROS2) by extension 'colcon_pkg'
[2.842s] colcon.colcon_core.package_identification Level 1 _identify(src/OrbbecSDK_ROS2) by extensions ['colcon_meta']
[2.842s] colcon.colcon_core.package_identification Level 1 _identify(src/OrbbecSDK_ROS2) by extension 'colcon_meta'
[2.843s] colcon.colcon_core.package_identification Level 1 _identify(src/OrbbecSDK_ROS2) by extensions ['ros']
[2.843s] colcon.colcon_core.package_identification Level 1 _identify(src/OrbbecSDK_ROS2) by extension 'ros'
[2.843s] colcon.colcon_core.package_identification Level 1 _identify(src/OrbbecSDK_ROS2) by extensions ['cmake', 'python']
[2.843s] colcon.colcon_core.package_identification Level 1 _identify(src/OrbbecSDK_ROS2) by extension 'cmake'
[2.843s] colcon.colcon_core.package_identification Level 1 _identify(src/OrbbecSDK_ROS2) by extension 'python'
[2.843s] colcon.colcon_core.package_identification Level 1 _identify(src/OrbbecSDK_ROS2) by extensions ['python_setup_py']
[2.843s] colcon.colcon_core.package_identification Level 1 _identify(src/OrbbecSDK_ROS2) by extension 'python_setup_py'
[2.843s] colcon.colcon_core.package_identification Level 1 _identify(src/OrbbecSDK_ROS2/docs) by extensions ['ignore', 'ignore_ament_install']
[2.844s] colcon.colcon_core.package_identification Level 1 _identify(src/OrbbecSDK_ROS2/docs) by extension 'ignore'
[2.844s] colcon.colcon_core.package_identification Level 1 _identify(src/OrbbecSDK_ROS2/docs) by extension 'ignore_ament_install'
[2.844s] colcon.colcon_core.package_identification Level 1 _identify(src/OrbbecSDK_ROS2/docs) by extensions ['colcon_pkg']
[2.844s] colcon.colcon_core.package_identification Level 1 _identify(src/OrbbecSDK_ROS2/docs) by extension 'colcon_pkg'
[2.844s] colcon.colcon_core.package_identification Level 1 _identify(src/OrbbecSDK_ROS2/docs) by extensions ['colcon_meta']
[2.844s] colcon.colcon_core.package_identification Level 1 _identify(src/OrbbecSDK_ROS2/docs) by extension 'colcon_meta'
[2.844s] colcon.colcon_core.package_identification Level 1 _identify(src/OrbbecSDK_ROS2/docs) by extensions ['ros']
[2.844s] colcon.colcon_core.package_identification Level 1 _identify(src/OrbbecSDK_ROS2/docs) by extension 'ros'
[2.845s] colcon.colcon_core.package_identification Level 1 _identify(src/OrbbecSDK_ROS2/docs) by extensions ['cmake', 'python']
[2.845s] colcon.colcon_core.package_identification Level 1 _identify(src/OrbbecSDK_ROS2/docs) by extension 'cmake'
[2.845s] colcon.colcon_core.package_identification Level 1 _identify(src/OrbbecSDK_ROS2/docs) by extension 'python'
[2.845s] colcon.colcon_core.package_identification Level 1 _identify(src/OrbbecSDK_ROS2/docs) by extensions ['python_setup_py']
[2.845s] colcon.colcon_core.package_identification Level 1 _identify(src/OrbbecSDK_ROS2/docs) by extension 'python_setup_py'
[2.845s] colcon.colcon_core.package_identification Level 1 _identify(src/OrbbecSDK_ROS2/docs/images) by extensions ['ignore', 'ignore_ament_install']
[2.845s] colcon.colcon_core.package_identification Level 1 _identify(src/OrbbecSDK_ROS2/docs/images) by extension 'ignore'
[2.846s] colcon.colcon_core.package_identification Level 1 _identify(src/OrbbecSDK_ROS2/docs/images) by extension 'ignore_ament_install'
[2.846s] colcon.colcon_core.package_identification Level 1 _identify(src/OrbbecSDK_ROS2/docs/images) by extensions ['colcon_pkg']
[2.846s] colcon.colcon_core.package_identification Level 1 _identify(src/OrbbecSDK_ROS2/docs/images) by extension 'colcon_pkg'
[2.846s] colcon.colcon_core.package_identification Level 1 _identify(src/OrbbecSDK_ROS2/docs/images) by extensions ['colcon_meta']
[2.846s] colcon.colcon_core.package_identification Level 1 _identify(src/OrbbecSDK_ROS2/docs/images) by extension 'colcon_meta'
[2.846s] colcon.colcon_core.package_identification Level 1 _identify(src/OrbbecSDK_ROS2/docs/images) by extensions ['ros']
[2.846s] colcon.colcon_core.package_identification Level 1 _identify(src/OrbbecSDK_ROS2/docs/images) by extension 'ros'
[2.847s] colcon.colcon_core.package_identification Level 1 _identify(src/OrbbecSDK_ROS2/docs/images) by extensions ['cmake', 'python']
[2.847s] colcon.colcon_core.package_identification Level 1 _identify(src/OrbbecSDK_ROS2/docs/images) by extension 'cmake'
[2.847s] colcon.colcon_core.package_identification Level 1 _identify(src/OrbbecSDK_ROS2/docs/images) by extension 'python'
[2.847s] colcon.colcon_core.package_identification Level 1 _identify(src/OrbbecSDK_ROS2/docs/images) by extensions ['python_setup_py']
[2.847s] colcon.colcon_core.package_identification Level 1 _identify(src/OrbbecSDK_ROS2/docs/images) by extension 'python_setup_py'
[2.847s] colcon.colcon_core.package_identification Level 1 _identify(src/OrbbecSDK_ROS2/orbbec_camera) by extensions ['ignore', 'ignore_ament_install']
[2.847s] colcon.colcon_core.package_identification Level 1 _identify(src/OrbbecSDK_ROS2/orbbec_camera) by extension 'ignore'
[2.848s] colcon.colcon_core.package_identification Level 1 _identify(src/OrbbecSDK_ROS2/orbbec_camera) by extension 'ignore_ament_install'
[2.848s] colcon.colcon_core.package_identification Level 1 _identify(src/OrbbecSDK_ROS2/orbbec_camera) by extensions ['colcon_pkg']
[2.848s] colcon.colcon_core.package_identification Level 1 _identify(src/OrbbecSDK_ROS2/orbbec_camera) by extension 'colcon_pkg'
[2.848s] colcon.colcon_core.package_identification Level 1 _identify(src/OrbbecSDK_ROS2/orbbec_camera) by extensions ['colcon_meta']
[2.848s] colcon.colcon_core.package_identification Level 1 _identify(src/OrbbecSDK_ROS2/orbbec_camera) by extension 'colcon_meta'
[2.848s] colcon.colcon_core.package_identification Level 1 _identify(src/OrbbecSDK_ROS2/orbbec_camera) by extensions ['ros']
[2.848s] colcon.colcon_core.package_identification Level 1 _identify(src/OrbbecSDK_ROS2/orbbec_camera) by extension 'ros'
[2.872s] colcon.colcon_core.package_identification DEBUG Package 'src/OrbbecSDK_ROS2/orbbec_camera' with type 'ros.ament_cmake' and name 'orbbec_camera'
[2.873s] colcon.colcon_core.package_identification Level 1 _identify(src/OrbbecSDK_ROS2/orbbec_camera_msgs) by extensions ['ignore', 'ignore_ament_install']
[2.873s] colcon.colcon_core.package_identification Level 1 _identify(src/OrbbecSDK_ROS2/orbbec_camera_msgs) by extension 'ignore'
[2.873s] colcon.colcon_core.package_identification Level 1 _identify(src/OrbbecSDK_ROS2/orbbec_camera_msgs) by extension 'ignore_ament_install'
[2.874s] colcon.colcon_core.package_identification Level 1 _identify(src/OrbbecSDK_ROS2/orbbec_camera_msgs) by extensions ['colcon_pkg']
[2.874s] colcon.colcon_core.package_identification Level 1 _identify(src/OrbbecSDK_ROS2/orbbec_camera_msgs) by extension 'colcon_pkg'
[2.874s] colcon.colcon_core.package_identification Level 1 _identify(src/OrbbecSDK_ROS2/orbbec_camera_msgs) by extensions ['colcon_meta']
[2.874s] colcon.colcon_core.package_identification Level 1 _identify(src/OrbbecSDK_ROS2/orbbec_camera_msgs) by extension 'colcon_meta'
[2.874s] colcon.colcon_core.package_identification Level 1 _identify(src/OrbbecSDK_ROS2/orbbec_camera_msgs) by extensions ['ros']
[2.874s] colcon.colcon_core.package_identification Level 1 _identify(src/OrbbecSDK_ROS2/orbbec_camera_msgs) by extension 'ros'
[2.877s] colcon.colcon_core.package_identification DEBUG Package 'src/OrbbecSDK_ROS2/orbbec_camera_msgs' with type 'ros.ament_cmake' and name 'orbbec_camera_msgs'
[2.878s] colcon.colcon_core.package_identification Level 1 _identify(src/OrbbecSDK_ROS2/orbbec_description) by extensions ['ignore', 'ignore_ament_install']
[2.878s] colcon.colcon_core.package_identification Level 1 _identify(src/OrbbecSDK_ROS2/orbbec_description) by extension 'ignore'
[2.878s] colcon.colcon_core.package_identification Level 1 _identify(src/OrbbecSDK_ROS2/orbbec_description) by extension 'ignore_ament_install'
[2.878s] colcon.colcon_core.package_identification Level 1 _identify(src/OrbbecSDK_ROS2/orbbec_description) by extensions ['colcon_pkg']
[2.878s] colcon.colcon_core.package_identification Level 1 _identify(src/OrbbecSDK_ROS2/orbbec_description) by extension 'colcon_pkg'
[2.879s] colcon.colcon_core.package_identification Level 1 _identify(src/OrbbecSDK_ROS2/orbbec_description) by extensions ['colcon_meta']
[2.879s] colcon.colcon_core.package_identification Level 1 _identify(src/OrbbecSDK_ROS2/orbbec_description) by extension 'colcon_meta'
[2.879s] colcon.colcon_core.package_identification Level 1 _identify(src/OrbbecSDK_ROS2/orbbec_description) by extensions ['ros']
[2.879s] colcon.colcon_core.package_identification Level 1 _identify(src/OrbbecSDK_ROS2/orbbec_description) by extension 'ros'
[2.881s] colcon.colcon_core.package_identification DEBUG Package 'src/OrbbecSDK_ROS2/orbbec_description' with type 'ros.ament_cmake' and name 'orbbec_description'
[2.881s] colcon.colcon_core.package_identification Level 1 _identify(src/arm_controller) by extensions ['ignore', 'ignore_ament_install']
[2.882s] colcon.colcon_core.package_identification Level 1 _identify(src/arm_controller) by extension 'ignore'
[2.882s] colcon.colcon_core.package_identification Level 1 _identify(src/arm_controller) by extension 'ignore_ament_install'
[2.882s] colcon.colcon_core.package_identification Level 1 _identify(src/arm_controller) by extensions ['colcon_pkg']
[2.882s] colcon.colcon_core.package_identification Level 1 _identify(src/arm_controller) by extension 'colcon_pkg'
[2.882s] colcon.colcon_core.package_identification Level 1 _identify(src/arm_controller) by extensions ['colcon_meta']
[2.882s] colcon.colcon_core.package_identification Level 1 _identify(src/arm_controller) by extension 'colcon_meta'
[2.883s] colcon.colcon_core.package_identification Level 1 _identify(src/arm_controller) by extensions ['ros']
[2.883s] colcon.colcon_core.package_identification Level 1 _identify(src/arm_controller) by extension 'ros'
[2.886s] colcon.colcon_core.package_identification DEBUG Package 'src/arm_controller' with type 'ros.ament_cmake' and name 'arm_controller'
[2.887s] colcon.colcon_core.package_identification Level 1 _identify(src/calibration) by extensions ['ignore', 'ignore_ament_install']
[2.887s] colcon.colcon_core.package_identification Level 1 _identify(src/calibration) by extension 'ignore'
[2.887s] colcon.colcon_core.package_identification Level 1 _identify(src/calibration) by extension 'ignore_ament_install'
[2.887s] colcon.colcon_core.package_identification Level 1 _identify(src/calibration) by extensions ['colcon_pkg']
[2.887s] colcon.colcon_core.package_identification Level 1 _identify(src/calibration) by extension 'colcon_pkg'
[2.888s] colcon.colcon_core.package_identification Level 1 _identify(src/calibration) by extensions ['colcon_meta']
[2.888s] colcon.colcon_core.package_identification Level 1 _identify(src/calibration) by extension 'colcon_meta'
[2.888s] colcon.colcon_core.package_identification Level 1 _identify(src/calibration) by extensions ['ros']
[2.888s] colcon.colcon_core.package_identification Level 1 _identify(src/calibration) by extension 'ros'
[2.888s] colcon.colcon_core.package_identification Level 1 _identify(src/calibration) by extensions ['cmake', 'python']
[2.888s] colcon.colcon_core.package_identification Level 1 _identify(src/calibration) by extension 'cmake'
[2.889s] colcon.colcon_core.package_identification Level 1 _identify(src/calibration) by extension 'python'
[2.889s] colcon.colcon_core.package_identification Level 1 _identify(src/calibration) by extensions ['python_setup_py']
[2.889s] colcon.colcon_core.package_identification Level 1 _identify(src/calibration) by extension 'python_setup_py'
[2.889s] colcon.colcon_core.package_identification Level 1 _identify(src/calibration/Log) by extensions ['ignore', 'ignore_ament_install']
[2.889s] colcon.colcon_core.package_identification Level 1 _identify(src/calibration/Log) by extension 'ignore'
[2.889s] colcon.colcon_core.package_identification Level 1 _identify(src/calibration/Log) by extension 'ignore_ament_install'
[2.890s] colcon.colcon_core.package_identification Level 1 _identify(src/calibration/Log) by extensions ['colcon_pkg']
[2.890s] colcon.colcon_core.package_identification Level 1 _identify(src/calibration/Log) by extension 'colcon_pkg'
[2.890s] colcon.colcon_core.package_identification Level 1 _identify(src/calibration/Log) by extensions ['colcon_meta']
[2.890s] colcon.colcon_core.package_identification Level 1 _identify(src/calibration/Log) by extension 'colcon_meta'
[2.890s] colcon.colcon_core.package_identification Level 1 _identify(src/calibration/Log) by extensions ['ros']
[2.890s] colcon.colcon_core.package_identification Level 1 _identify(src/calibration/Log) by extension 'ros'
[2.891s] colcon.colcon_core.package_identification Level 1 _identify(src/calibration/Log) by extensions ['cmake', 'python']
[2.891s] colcon.colcon_core.package_identification Level 1 _identify(src/calibration/Log) by extension 'cmake'
[2.891s] colcon.colcon_core.package_identification Level 1 _identify(src/calibration/Log) by extension 'python'
[2.891s] colcon.colcon_core.package_identification Level 1 _identify(src/calibration/Log) by extensions ['python_setup_py']
[2.891s] colcon.colcon_core.package_identification Level 1 _identify(src/calibration/Log) by extension 'python_setup_py'
[2.891s] colcon.colcon_core.package_identification Level 1 _identify(src/calibration/__pycache__) by extensions ['ignore', 'ignore_ament_install']
[2.891s] colcon.colcon_core.package_identification Level 1 _identify(src/calibration/__pycache__) by extension 'ignore'
[2.891s] colcon.colcon_core.package_identification Level 1 _identify(src/calibration/__pycache__) by extension 'ignore_ament_install'
[2.892s] colcon.colcon_core.package_identification Level 1 _identify(src/calibration/__pycache__) by extensions ['colcon_pkg']
[2.892s] colcon.colcon_core.package_identification Level 1 _identify(src/calibration/__pycache__) by extension 'colcon_pkg'
[2.892s] colcon.colcon_core.package_identification Level 1 _identify(src/calibration/__pycache__) by extensions ['colcon_meta']
[2.892s] colcon.colcon_core.package_identification Level 1 _identify(src/calibration/__pycache__) by extension 'colcon_meta'
[2.892s] colcon.colcon_core.package_identification Level 1 _identify(src/calibration/__pycache__) by extensions ['ros']
[2.892s] colcon.colcon_core.package_identification Level 1 _identify(src/calibration/__pycache__) by extension 'ros'
[2.892s] colcon.colcon_core.package_identification Level 1 _identify(src/calibration/__pycache__) by extensions ['cmake', 'python']
[2.892s] colcon.colcon_core.package_identification Level 1 _identify(src/calibration/__pycache__) by extension 'cmake'
[2.892s] colcon.colcon_core.package_identification Level 1 _identify(src/calibration/__pycache__) by extension 'python'
[2.893s] colcon.colcon_core.package_identification Level 1 _identify(src/calibration/__pycache__) by extensions ['python_setup_py']
[2.893s] colcon.colcon_core.package_identification Level 1 _identify(src/calibration/__pycache__) by extension 'python_setup_py'
[2.893s] colcon.colcon_core.package_identification Level 1 _identify(src/fox_description_ros2) by extensions ['ignore', 'ignore_ament_install']
[2.894s] colcon.colcon_core.package_identification Level 1 _identify(src/fox_description_ros2) by extension 'ignore'
[2.894s] colcon.colcon_core.package_identification Level 1 _identify(src/fox_description_ros2) by extension 'ignore_ament_install'
[2.894s] colcon.colcon_core.package_identification Level 1 _identify(src/fox_description_ros2) by extensions ['colcon_pkg']
[2.894s] colcon.colcon_core.package_identification Level 1 _identify(src/fox_description_ros2) by extension 'colcon_pkg'
[2.894s] colcon.colcon_core.package_identification Level 1 _identify(src/fox_description_ros2) by extensions ['colcon_meta']
[2.894s] colcon.colcon_core.package_identification Level 1 _identify(src/fox_description_ros2) by extension 'colcon_meta'
[2.894s] colcon.colcon_core.package_identification Level 1 _identify(src/fox_description_ros2) by extensions ['ros']
[2.895s] colcon.colcon_core.package_identification Level 1 _identify(src/fox_description_ros2) by extension 'ros'
[2.903s] colcon.colcon_core.package_identification DEBUG Package 'src/fox_description_ros2' with type 'ros.ament_cmake' and name 'fox_description_ros2'
[2.904s] colcon.colcon_core.package_identification Level 1 _identify(src/fox_grape_harvest) by extensions ['ignore', 'ignore_ament_install']
[2.904s] colcon.colcon_core.package_identification Level 1 _identify(src/fox_grape_harvest) by extension 'ignore'
[2.904s] colcon.colcon_core.package_identification Level 1 _identify(src/fox_grape_harvest) by extension 'ignore_ament_install'
[2.904s] colcon.colcon_core.package_identification Level 1 _identify(src/fox_grape_harvest) by extensions ['colcon_pkg']
[2.904s] colcon.colcon_core.package_identification Level 1 _identify(src/fox_grape_harvest) by extension 'colcon_pkg'
[2.905s] colcon.colcon_core.package_identification Level 1 _identify(src/fox_grape_harvest) by extensions ['colcon_meta']
[2.905s] colcon.colcon_core.package_identification Level 1 _identify(src/fox_grape_harvest) by extension 'colcon_meta'
[2.905s] colcon.colcon_core.package_identification Level 1 _identify(src/fox_grape_harvest) by extensions ['ros']
[2.905s] colcon.colcon_core.package_identification Level 1 _identify(src/fox_grape_harvest) by extension 'ros'
[2.909s] colcon.colcon_core.package_identification DEBUG Package 'src/fox_grape_harvest' with type 'ros.ament_python' and name 'fox_grape_harvest'
[2.909s] colcon.colcon_core.package_identification Level 1 _identify(src/fox_navigation_ros2) by extensions ['ignore', 'ignore_ament_install']
[2.909s] colcon.colcon_core.package_identification Level 1 _identify(src/fox_navigation_ros2) by extension 'ignore'
[2.910s] colcon.colcon_core.package_identification Level 1 _identify(src/fox_navigation_ros2) by extension 'ignore_ament_install'
[2.910s] colcon.colcon_core.package_identification Level 1 _identify(src/fox_navigation_ros2) by extensions ['colcon_pkg']
[2.910s] colcon.colcon_core.package_identification Level 1 _identify(src/fox_navigation_ros2) by extension 'colcon_pkg'
[2.910s] colcon.colcon_core.package_identification Level 1 _identify(src/fox_navigation_ros2) by extensions ['colcon_meta']
[2.910s] colcon.colcon_core.package_identification Level 1 _identify(src/fox_navigation_ros2) by extension 'colcon_meta'
[2.910s] colcon.colcon_core.package_identification Level 1 _identify(src/fox_navigation_ros2) by extensions ['ros']
[2.910s] colcon.colcon_core.package_identification Level 1 _identify(src/fox_navigation_ros2) by extension 'ros'
[2.914s] colcon.colcon_core.package_identification DEBUG Package 'src/fox_navigation_ros2' with type 'ros.ament_cmake' and name 'fox_navigation_ros2'
[2.914s] colcon.colcon_core.package_identification Level 1 _identify(src/fox_slam_ros2) by extensions ['ignore', 'ignore_ament_install']
[2.914s] colcon.colcon_core.package_identification Level 1 _identify(src/fox_slam_ros2) by extension 'ignore'
[2.915s] colcon.colcon_core.package_identification Level 1 _identify(src/fox_slam_ros2) by extension 'ignore_ament_install'
[2.915s] colcon.colcon_core.package_identification Level 1 _identify(src/fox_slam_ros2) by extensions ['colcon_pkg']
[2.915s] colcon.colcon_core.package_identification Level 1 _identify(src/fox_slam_ros2) by extension 'colcon_pkg'
[2.915s] colcon.colcon_core.package_identification Level 1 _identify(src/fox_slam_ros2) by extensions ['colcon_meta']
[2.915s] colcon.colcon_core.package_identification Level 1 _identify(src/fox_slam_ros2) by extension 'colcon_meta'
[2.916s] colcon.colcon_core.package_identification Level 1 _identify(src/fox_slam_ros2) by extensions ['ros']
[2.916s] colcon.colcon_core.package_identification Level 1 _identify(src/fox_slam_ros2) by extension 'ros'
[2.918s] colcon.colcon_core.package_identification DEBUG Package 'src/fox_slam_ros2' with type 'ros.ament_cmake' and name 'fox_slam_ros2'
[2.918s] colcon.colcon_core.package_identification Level 1 _identify(src/fox_webui) by extensions ['ignore', 'ignore_ament_install']
[2.918s] colcon.colcon_core.package_identification Level 1 _identify(src/fox_webui) by extension 'ignore'
[2.919s] colcon.colcon_core.package_identification Level 1 _identify(src/fox_webui) by extension 'ignore_ament_install'
[2.919s] colcon.colcon_core.package_identification Level 1 _identify(src/fox_webui) by extensions ['colcon_pkg']
[2.919s] colcon.colcon_core.package_identification Level 1 _identify(src/fox_webui) by extension 'colcon_pkg'
[2.919s] colcon.colcon_core.package_identification Level 1 _identify(src/fox_webui) by extensions ['colcon_meta']
[2.919s] colcon.colcon_core.package_identification Level 1 _identify(src/fox_webui) by extension 'colcon_meta'
[2.919s] colcon.colcon_core.package_identification Level 1 _identify(src/fox_webui) by extensions ['ros']
[2.919s] colcon.colcon_core.package_identification Level 1 _identify(src/fox_webui) by extension 'ros'
[2.922s] colcon.colcon_core.package_identification DEBUG Package 'src/fox_webui' with type 'ros.ament_python' and name 'fox_webui'
[2.922s] colcon.colcon_core.package_identification Level 1 _identify(src/gripper_control) by extensions ['ignore', 'ignore_ament_install']
[2.922s] colcon.colcon_core.package_identification Level 1 _identify(src/gripper_control) by extension 'ignore'
[2.922s] colcon.colcon_core.package_identification Level 1 _identify(src/gripper_control) by extension 'ignore_ament_install'
[2.922s] colcon.colcon_core.package_identification Level 1 _identify(src/gripper_control) by extensions ['colcon_pkg']
[2.923s] colcon.colcon_core.package_identification Level 1 _identify(src/gripper_control) by extension 'colcon_pkg'
[2.923s] colcon.colcon_core.package_identification Level 1 _identify(src/gripper_control) by extensions ['colcon_meta']
[2.923s] colcon.colcon_core.package_identification Level 1 _identify(src/gripper_control) by extension 'colcon_meta'
[2.923s] colcon.colcon_core.package_identification Level 1 _identify(src/gripper_control) by extensions ['ros']
[2.923s] colcon.colcon_core.package_identification Level 1 _identify(src/gripper_control) by extension 'ros'
[2.925s] colcon.colcon_core.package_identification DEBUG Package 'src/gripper_control' with type 'ros.ament_cmake' and name 'gripper_control'
[2.926s] colcon.colcon_core.package_identification Level 1 _identify(src/jie_ware) by extensions ['ignore', 'ignore_ament_install']
[2.926s] colcon.colcon_core.package_identification Level 1 _identify(src/jie_ware) by extension 'ignore'
[2.926s] colcon.colcon_core.package_identification Level 1 _identify(src/jie_ware) by extension 'ignore_ament_install'
[2.926s] colcon.colcon_core.package_identification Level 1 _identify(src/jie_ware) by extensions ['colcon_pkg']
[2.926s] colcon.colcon_core.package_identification Level 1 _identify(src/jie_ware) by extension 'colcon_pkg'
[2.926s] colcon.colcon_core.package_identification Level 1 _identify(src/jie_ware) by extensions ['colcon_meta']
[2.927s] colcon.colcon_core.package_identification Level 1 _identify(src/jie_ware) by extension 'colcon_meta'
[2.927s] colcon.colcon_core.package_identification Level 1 _identify(src/jie_ware) by extensions ['ros']
[2.927s] colcon.colcon_core.package_identification Level 1 _identify(src/jie_ware) by extension 'ros'
[2.933s] colcon.colcon_core.package_identification DEBUG Package 'src/jie_ware' with type 'ros.catkin' and name 'jie_ware'
[2.934s] colcon.colcon_core.package_identification Level 1 _identify(src/rei_robot_base) by extensions ['ignore', 'ignore_ament_install']
[2.934s] colcon.colcon_core.package_identification Level 1 _identify(src/rei_robot_base) by extension 'ignore'
[2.934s] colcon.colcon_core.package_identification Level 1 _identify(src/rei_robot_base) by extension 'ignore_ament_install'
[2.935s] colcon.colcon_core.package_identification Level 1 _identify(src/rei_robot_base) by extensions ['colcon_pkg']
[2.935s] colcon.colcon_core.package_identification Level 1 _identify(src/rei_robot_base) by extension 'colcon_pkg'
[2.935s] colcon.colcon_core.package_identification Level 1 _identify(src/rei_robot_base) by extensions ['colcon_meta']
[2.935s] colcon.colcon_core.package_identification Level 1 _identify(src/rei_robot_base) by extension 'colcon_meta'
[2.935s] colcon.colcon_core.package_identification Level 1 _identify(src/rei_robot_base) by extensions ['ros']
[2.935s] colcon.colcon_core.package_identification Level 1 _identify(src/rei_robot_base) by extension 'ros'
[2.938s] colcon.colcon_core.package_identification DEBUG Package 'src/rei_robot_base' with type 'ros.ament_cmake' and name 'rei_robot_base'
[2.939s] colcon.colcon_core.package_identification Level 1 _identify(src/ydlidar_ros2_driver) by extensions ['ignore', 'ignore_ament_install']
[2.939s] colcon.colcon_core.package_identification Level 1 _identify(src/ydlidar_ros2_driver) by extension 'ignore'
[2.939s] colcon.colcon_core.package_identification Level 1 _identify(src/ydlidar_ros2_driver) by extension 'ignore_ament_install'
[2.939s] colcon.colcon_core.package_identification Level 1 _identify(src/ydlidar_ros2_driver) by extensions ['colcon_pkg']
[2.939s] colcon.colcon_core.package_identification Level 1 _identify(src/ydlidar_ros2_driver) by extension 'colcon_pkg'
[2.940s] colcon.colcon_core.package_identification Level 1 _identify(src/ydlidar_ros2_driver) by extensions ['colcon_meta']
[2.940s] colcon.colcon_core.package_identification Level 1 _identify(src/ydlidar_ros2_driver) by extension 'colcon_meta'
[2.940s] colcon.colcon_core.package_identification Level 1 _identify(src/ydlidar_ros2_driver) by extensions ['ros']
[2.940s] colcon.colcon_core.package_identification Level 1 _identify(src/ydlidar_ros2_driver) by extension 'ros'
[2.946s] colcon.colcon_core.package_identification DEBUG Package 'src/ydlidar_ros2_driver' with type 'ros.ament_cmake' and name 'ydlidar_ros2_driver'
[2.946s] colcon.colcon_core.package_discovery Level 1 discover_packages(recursive) using defaults
[2.946s] colcon.colcon_core.package_discovery Level 1 discover_packages(ignore) discover
[2.947s] colcon.colcon_core.package_discovery Level 1 discover_packages(ignore) using defaults
[2.947s] colcon.colcon_core.package_discovery Level 1 discover_packages(path) discover
[2.947s] colcon.colcon_core.package_discovery Level 1 discover_packages(path) using defaults
[3.064s] colcon.colcon_core.package_selection INFO Skipping not selected package 'arm_controller' in 'src/arm_controller'
[3.064s] colcon.colcon_core.package_selection INFO Skipping not selected package 'fox_description_ros2' in 'src/fox_description_ros2'
[3.064s] colcon.colcon_core.package_selection INFO Skipping not selected package 'gripper_control' in 'src/gripper_control'
[3.065s] colcon.colcon_core.package_selection INFO Skipping not selected package 'jie_ware' in 'src/jie_ware'
[3.065s] colcon.colcon_core.package_selection INFO Skipping not selected package 'orbbec_camera_msgs' in 'src/OrbbecSDK_ROS2/orbbec_camera_msgs'
[3.065s] colcon.colcon_core.package_selection INFO Skipping not selected package 'orbbec_description' in 'src/OrbbecSDK_ROS2/orbbec_description'
[3.065s] colcon.colcon_core.package_selection INFO Skipping not selected package 'rei_robot_base' in 'src/rei_robot_base'
[3.065s] colcon.colcon_core.package_selection INFO Skipping not selected package 'ydlidar_ros2_driver' in 'src/ydlidar_ros2_driver'
[3.065s] colcon.colcon_core.package_selection INFO Skipping not selected package 'fox_grape_harvest' in 'src/fox_grape_harvest'
[3.065s] colcon.colcon_core.package_selection INFO Skipping not selected package 'fox_slam_ros2' in 'src/fox_slam_ros2'
[3.065s] colcon.colcon_core.package_selection INFO Skipping not selected package 'orbbec_camera' in 'src/OrbbecSDK_ROS2/orbbec_camera'
[3.065s] colcon.colcon_core.package_selection INFO Skipping not selected package 'fox_webui' in 'src/fox_webui'
[3.067s] colcon.colcon_core.package_discovery Level 1 discover_packages(prefix_path) check parameters
[3.067s] colcon.colcon_core.package_discovery Level 1 discover_packages(prefix_path) discover
[3.080s] colcon.colcon_installed_package_information.package_discovery DEBUG Found 12 installed packages in /home/ubuntu/ros2fox/install
[3.087s] colcon.colcon_installed_package_information.package_discovery DEBUG Found 361 installed packages in /opt/ros/humble
[3.092s] colcon.colcon_core.package_discovery Level 1 discover_packages(prefix_path) using defaults
[3.259s] colcon.colcon_core.verb Level 5 set package 'fox_navigation_ros2' build argument 'cmake_args' from command line to 'None'
[3.259s] colcon.colcon_core.verb Level 5 set package 'fox_navigation_ros2' build argument 'cmake_target' from command line to 'None'
[3.259s] colcon.colcon_core.verb Level 5 set package 'fox_navigation_ros2' build argument 'cmake_target_skip_unavailable' from command line to 'False'
[3.259s] colcon.colcon_core.verb Level 5 set package 'fox_navigation_ros2' build argument 'cmake_clean_cache' from command line to 'False'
[3.260s] colcon.colcon_core.verb Level 5 set package 'fox_navigation_ros2' build argument 'cmake_clean_first' from command line to 'False'
[3.260s] colcon.colcon_core.verb Level 5 set package 'fox_navigation_ros2' build argument 'cmake_force_configure' from command line to 'False'
[3.260s] colcon.colcon_core.verb Level 5 set package 'fox_navigation_ros2' build argument 'ament_cmake_args' from command line to 'None'
[3.260s] colcon.colcon_core.verb Level 5 set package 'fox_navigation_ros2' build argument 'catkin_cmake_args' from command line to 'None'
[3.260s] colcon.colcon_core.verb Level 5 set package 'fox_navigation_ros2' build argument 'catkin_skip_building_tests' from command line to 'False'
[3.261s] colcon.colcon_core.verb DEBUG Building package 'fox_navigation_ros2' with the following arguments: {'ament_cmake_args': None, 'build_base': '/home/ubuntu/ros2fox/build/fox_navigation_ros2', 'catkin_cmake_args': None, 'catkin_skip_building_tests': False, 'cmake_args': None, 'cmake_clean_cache': False, 'cmake_clean_first': False, 'cmake_force_configure': False, 'cmake_target': None, 'cmake_target_skip_unavailable': False, 'install_base': '/home/ubuntu/ros2fox/install/fox_navigation_ros2', 'merge_install': False, 'path': '/home/ubuntu/ros2fox/src/fox_navigation_ros2', 'symlink_install': False, 'test_result_base': None}
[3.262s] colcon.colcon_core.executor INFO Executing jobs using 'parallel' executor
[3.266s] colcon.colcon_parallel_executor.executor.parallel DEBUG run_until_complete
[3.267s] colcon.colcon_ros.task.ament_cmake.build INFO Building ROS package in '/home/ubuntu/ros2fox/src/fox_navigation_ros2' with build type 'ament_cmake'
[3.267s] colcon.colcon_cmake.task.cmake.build INFO Building CMake package in '/home/ubuntu/ros2fox/src/fox_navigation_ros2'
[3.300s] colcon.colcon_core.plugin_system INFO Skipping extension 'colcon_core.shell.bat': Not used on non-Windows systems
[3.301s] colcon.colcon_core.shell INFO Skip shell extension 'powershell' for command environment: Not usable outside of PowerShell
[3.301s] colcon.colcon_core.shell DEBUG Skip shell extension 'dsv' for command environment
[3.387s] colcon.colcon_core.event_handler.log_command DEBUG Invoking command in '/home/ubuntu/ros2fox/build/fox_navigation_ros2': CMAKE_PREFIX_PATH=/home/ubuntu/ros2fox/install/ydlidar_ros2_driver:/home/ubuntu/ros2fox/install/rei_robot_base:/home/ubuntu/ros2fox/install/fox_description_ros2:/home/ubuntu/ros2fox/install/fox_slam_ros2:/home/ubuntu/ros2fox/install/fox_navigation_ros2:/home/ubuntu/ros2fox/install/orbbec_description:/home/ubuntu/ros2fox/install/orbbec_camera:/home/ubuntu/ros2fox/install/orbbec_camera_msgs:/home/ubuntu/ros2fox/install/gripper_control:/home/ubuntu/ros2fox/install/arm_controller:/home/ubuntu/ros2fox/install/fox_webui:/home/ubuntu/ros2fox/install/fox_grape_harvest:/opt/ros/humble LD_LIBRARY_PATH=/home/ubuntu/ros2fox/install/rei_robot_base/lib:/home/ubuntu/ros2fox/install/orbbec_camera/lib:/home/ubuntu/ros2fox/install/orbbec_camera_msgs/lib:/opt/ros/humble/opt/rviz_ogre_vendor/lib:/opt/ros/humble/lib/aarch64-linux-gnu:/home/ubuntu/ros2fox/install/arm_controller/lib:/opt/ros/humble/lib:/usr/local/cuda/lib64:/home/ubuntu/ros2fox/install/arm_controller/lib:/opt/ros/humble/lib:/usr/local/cuda/lib64 /usr/bin/cmake --build /home/ubuntu/ros2fox/build/fox_navigation_ros2 -- -j6 -l6
[5.665s] colcon.colcon_core.event_handler.log_command DEBUG Invoked command in '/home/ubuntu/ros2fox/build/fox_navigation_ros2' returned '0': CMAKE_PREFIX_PATH=/home/ubuntu/ros2fox/install/ydlidar_ros2_driver:/home/ubuntu/ros2fox/install/rei_robot_base:/home/ubuntu/ros2fox/install/fox_description_ros2:/home/ubuntu/ros2fox/install/fox_slam_ros2:/home/ubuntu/ros2fox/install/fox_navigation_ros2:/home/ubuntu/ros2fox/install/orbbec_description:/home/ubuntu/ros2fox/install/orbbec_camera:/home/ubuntu/ros2fox/install/orbbec_camera_msgs:/home/ubuntu/ros2fox/install/gripper_control:/home/ubuntu/ros2fox/install/arm_controller:/home/ubuntu/ros2fox/install/fox_webui:/home/ubuntu/ros2fox/install/fox_grape_harvest:/opt/ros/humble LD_LIBRARY_PATH=/home/ubuntu/ros2fox/install/rei_robot_base/lib:/home/ubuntu/ros2fox/install/orbbec_camera/lib:/home/ubuntu/ros2fox/install/orbbec_camera_msgs/lib:/opt/ros/humble/opt/rviz_ogre_vendor/lib:/opt/ros/humble/lib/aarch64-linux-gnu:/home/ubuntu/ros2fox/install/arm_controller/lib:/opt/ros/humble/lib:/usr/local/cuda/lib64:/home/ubuntu/ros2fox/install/arm_controller/lib:/opt/ros/humble/lib:/usr/local/cuda/lib64 /usr/bin/cmake --build /home/ubuntu/ros2fox/build/fox_navigation_ros2 -- -j6 -l6
[5.803s] colcon.colcon_core.event_handler.log_command DEBUG Invoking command in '/home/ubuntu/ros2fox/build/fox_navigation_ros2': CMAKE_PREFIX_PATH=/home/ubuntu/ros2fox/install/ydlidar_ros2_driver:/home/ubuntu/ros2fox/install/rei_robot_base:/home/ubuntu/ros2fox/install/fox_description_ros2:/home/ubuntu/ros2fox/install/fox_slam_ros2:/home/ubuntu/ros2fox/install/fox_navigation_ros2:/home/ubuntu/ros2fox/install/orbbec_description:/home/ubuntu/ros2fox/install/orbbec_camera:/home/ubuntu/ros2fox/install/orbbec_camera_msgs:/home/ubuntu/ros2fox/install/gripper_control:/home/ubuntu/ros2fox/install/arm_controller:/home/ubuntu/ros2fox/install/fox_webui:/home/ubuntu/ros2fox/install/fox_grape_harvest:/opt/ros/humble LD_LIBRARY_PATH=/home/ubuntu/ros2fox/install/rei_robot_base/lib:/home/ubuntu/ros2fox/install/orbbec_camera/lib:/home/ubuntu/ros2fox/install/orbbec_camera_msgs/lib:/opt/ros/humble/opt/rviz_ogre_vendor/lib:/opt/ros/humble/lib/aarch64-linux-gnu:/home/ubuntu/ros2fox/install/arm_controller/lib:/opt/ros/humble/lib:/usr/local/cuda/lib64:/home/ubuntu/ros2fox/install/arm_controller/lib:/opt/ros/humble/lib:/usr/local/cuda/lib64 /usr/bin/cmake --install /home/ubuntu/ros2fox/build/fox_navigation_ros2
[5.871s] colcon.colcon_core.environment Level 1 create_environment_scripts_only(fox_navigation_ros2)
[5.874s] colcon.colcon_core.event_handler.log_command DEBUG Invoked command in '/home/ubuntu/ros2fox/build/fox_navigation_ros2' returned '0': CMAKE_PREFIX_PATH=/home/ubuntu/ros2fox/install/ydlidar_ros2_driver:/home/ubuntu/ros2fox/install/rei_robot_base:/home/ubuntu/ros2fox/install/fox_description_ros2:/home/ubuntu/ros2fox/install/fox_slam_ros2:/home/ubuntu/ros2fox/install/fox_navigation_ros2:/home/ubuntu/ros2fox/install/orbbec_description:/home/ubuntu/ros2fox/install/orbbec_camera:/home/ubuntu/ros2fox/install/orbbec_camera_msgs:/home/ubuntu/ros2fox/install/gripper_control:/home/ubuntu/ros2fox/install/arm_controller:/home/ubuntu/ros2fox/install/fox_webui:/home/ubuntu/ros2fox/install/fox_grape_harvest:/opt/ros/humble LD_LIBRARY_PATH=/home/ubuntu/ros2fox/install/rei_robot_base/lib:/home/ubuntu/ros2fox/install/orbbec_camera/lib:/home/ubuntu/ros2fox/install/orbbec_camera_msgs/lib:/opt/ros/humble/opt/rviz_ogre_vendor/lib:/opt/ros/humble/lib/aarch64-linux-gnu:/home/ubuntu/ros2fox/install/arm_controller/lib:/opt/ros/humble/lib:/usr/local/cuda/lib64:/home/ubuntu/ros2fox/install/arm_controller/lib:/opt/ros/humble/lib:/usr/local/cuda/lib64 /usr/bin/cmake --install /home/ubuntu/ros2fox/build/fox_navigation_ros2
[5.890s] colcon.colcon_core.environment Level 1 checking '/home/ubuntu/ros2fox/install/fox_navigation_ros2' for CMake module files
[5.891s] colcon.colcon_core.environment Level 1 checking '/home/ubuntu/ros2fox/install/fox_navigation_ros2' for CMake config files
[5.892s] colcon.colcon_core.shell Level 1 create_environment_hook('fox_navigation_ros2', 'cmake_prefix_path')
[5.892s] colcon.colcon_core.shell INFO Creating environment hook '/home/ubuntu/ros2fox/install/fox_navigation_ros2/share/fox_navigation_ros2/hook/cmake_prefix_path.ps1'
[5.900s] colcon.colcon_core.shell INFO Creating environment descriptor '/home/ubuntu/ros2fox/install/fox_navigation_ros2/share/fox_navigation_ros2/hook/cmake_prefix_path.dsv'
[5.904s] colcon.colcon_core.shell INFO Creating environment hook '/home/ubuntu/ros2fox/install/fox_navigation_ros2/share/fox_navigation_ros2/hook/cmake_prefix_path.sh'
[5.907s] colcon.colcon_core.environment Level 1 checking '/home/ubuntu/ros2fox/install/fox_navigation_ros2/lib'
[5.908s] colcon.colcon_core.environment Level 1 checking '/home/ubuntu/ros2fox/install/fox_navigation_ros2/bin'
[5.908s] colcon.colcon_core.environment Level 1 checking '/home/ubuntu/ros2fox/install/fox_navigation_ros2/lib/pkgconfig/fox_navigation_ros2.pc'
[5.908s] colcon.colcon_core.environment Level 1 checking '/home/ubuntu/ros2fox/install/fox_navigation_ros2/lib/python3.10/site-packages'
[5.909s] colcon.colcon_core.environment Level 1 checking '/home/ubuntu/ros2fox/install/fox_navigation_ros2/bin'
[5.910s] colcon.colcon_core.shell INFO Creating package script '/home/ubuntu/ros2fox/install/fox_navigation_ros2/share/fox_navigation_ros2/package.ps1'
[5.924s] colcon.colcon_core.shell INFO Creating package descriptor '/home/ubuntu/ros2fox/install/fox_navigation_ros2/share/fox_navigation_ros2/package.dsv'
[5.964s] colcon.colcon_core.shell INFO Creating package script '/home/ubuntu/ros2fox/install/fox_navigation_ros2/share/fox_navigation_ros2/package.sh'
[5.974s] colcon.colcon_core.shell INFO Creating package script '/home/ubuntu/ros2fox/install/fox_navigation_ros2/share/fox_navigation_ros2/package.bash'
[5.979s] colcon.colcon_core.shell INFO Creating package script '/home/ubuntu/ros2fox/install/fox_navigation_ros2/share/fox_navigation_ros2/package.zsh'
[5.985s] colcon.colcon_core.environment Level 1 create_file_with_runtime_dependencies(/home/ubuntu/ros2fox/install/fox_navigation_ros2/share/colcon-core/packages/fox_navigation_ros2)
[6.082s] colcon.colcon_core.environment Level 1 create_environment_scripts_only(fox_navigation_ros2)
[6.083s] colcon.colcon_core.environment Level 1 checking '/home/ubuntu/ros2fox/install/fox_navigation_ros2' for CMake module files
[6.084s] colcon.colcon_core.environment Level 1 checking '/home/ubuntu/ros2fox/install/fox_navigation_ros2' for CMake config files
[6.085s] colcon.colcon_core.shell Level 1 create_environment_hook('fox_navigation_ros2', 'cmake_prefix_path')
[6.086s] colcon.colcon_core.shell INFO Creating environment hook '/home/ubuntu/ros2fox/install/fox_navigation_ros2/share/fox_navigation_ros2/hook/cmake_prefix_path.ps1'
[6.087s] colcon.colcon_core.shell INFO Creating environment descriptor '/home/ubuntu/ros2fox/install/fox_navigation_ros2/share/fox_navigation_ros2/hook/cmake_prefix_path.dsv'
[6.090s] colcon.colcon_core.shell INFO Creating environment hook '/home/ubuntu/ros2fox/install/fox_navigation_ros2/share/fox_navigation_ros2/hook/cmake_prefix_path.sh'
[6.092s] colcon.colcon_core.environment Level 1 checking '/home/ubuntu/ros2fox/install/fox_navigation_ros2/lib'
[6.092s] colcon.colcon_core.environment Level 1 checking '/home/ubuntu/ros2fox/install/fox_navigation_ros2/bin'
[6.093s] colcon.colcon_core.environment Level 1 checking '/home/ubuntu/ros2fox/install/fox_navigation_ros2/lib/pkgconfig/fox_navigation_ros2.pc'
[6.093s] colcon.colcon_core.environment Level 1 checking '/home/ubuntu/ros2fox/install/fox_navigation_ros2/lib/python3.10/site-packages'
[6.096s] colcon.colcon_core.environment Level 1 checking '/home/ubuntu/ros2fox/install/fox_navigation_ros2/bin'
[6.099s] colcon.colcon_core.shell INFO Creating package script '/home/ubuntu/ros2fox/install/fox_navigation_ros2/share/fox_navigation_ros2/package.ps1'
[6.101s] colcon.colcon_core.shell INFO Creating package descriptor '/home/ubuntu/ros2fox/install/fox_navigation_ros2/share/fox_navigation_ros2/package.dsv'
[6.102s] colcon.colcon_core.shell INFO Creating package script '/home/ubuntu/ros2fox/install/fox_navigation_ros2/share/fox_navigation_ros2/package.sh'
[6.104s] colcon.colcon_core.shell INFO Creating package script '/home/ubuntu/ros2fox/install/fox_navigation_ros2/share/fox_navigation_ros2/package.bash'
[6.105s] colcon.colcon_core.shell INFO Creating package script '/home/ubuntu/ros2fox/install/fox_navigation_ros2/share/fox_navigation_ros2/package.zsh'
[6.107s] colcon.colcon_core.environment Level 1 create_file_with_runtime_dependencies(/home/ubuntu/ros2fox/install/fox_navigation_ros2/share/colcon-core/packages/fox_navigation_ros2)
[6.109s] colcon.colcon_parallel_executor.executor.parallel DEBUG closing loop
[6.110s] colcon.colcon_parallel_executor.executor.parallel DEBUG loop closed
[6.110s] colcon.colcon_parallel_executor.executor.parallel DEBUG run_until_complete finished with '0'
[6.110s] colcon.colcon_core.event_reactor DEBUG joining thread
[6.184s] colcon.colcon_core.plugin_system INFO Skipping extension 'colcon_notification.desktop_notification.terminal_notifier': Not used on non-Darwin systems
[6.185s] colcon.colcon_core.plugin_system INFO Skipping extension 'colcon_notification.desktop_notification.win32': Not used on non-Windows systems
[6.185s] colcon.colcon_notification.desktop_notification INFO Sending desktop notification using 'notify2'
[7.876s] colcon.colcon_core.event_reactor DEBUG joined thread
[7.877s] colcon.colcon_core.shell INFO Creating prefix script '/home/ubuntu/ros2fox/install/local_setup.ps1'
[7.900s] colcon.colcon_core.shell INFO Creating prefix util module '/home/ubuntu/ros2fox/install/_local_setup_util_ps1.py'
[7.917s] colcon.colcon_core.shell INFO Creating prefix chain script '/home/ubuntu/ros2fox/install/setup.ps1'
[7.935s] colcon.colcon_core.shell INFO Creating prefix script '/home/ubuntu/ros2fox/install/local_setup.sh'
[7.953s] colcon.colcon_core.shell INFO Creating prefix util module '/home/ubuntu/ros2fox/install/_local_setup_util_sh.py'
[7.964s] colcon.colcon_core.shell INFO Creating prefix chain script '/home/ubuntu/ros2fox/install/setup.sh'
[7.981s] colcon.colcon_core.shell INFO Creating prefix script '/home/ubuntu/ros2fox/install/local_setup.bash'
[7.992s] colcon.colcon_core.shell INFO Creating prefix chain script '/home/ubuntu/ros2fox/install/setup.bash'
[8.062s] colcon.colcon_core.shell INFO Creating prefix script '/home/ubuntu/ros2fox/install/local_setup.zsh'
[8.117s] colcon.colcon_core.shell INFO Creating prefix chain script '/home/ubuntu/ros2fox/install/setup.zsh'
