[1.979s] Invoking command in '/home/ubuntu/ros2fox/src/fox_webui': AMENT_PREFIX_PATH=/home/ubuntu/ros2fox/install/fox_grape_harvest:/home/ubuntu/ros2fox/install/rei_robot_base:${AMENT_PREFIX_PATH} CMAKE_PREFIX_PATH=/home/ubuntu/ros2fox/install/rei_robot_base:/home/ubuntu/ros2fox/install/arm_controller LD_LIBRARY_PATH=/home/ubuntu/ros2fox/install/rei_robot_base/lib:/home/ubuntu/ros2fox/install/arm_controller/lib:/opt/ros/humble/lib:/usr/local/cuda/lib64 PYTHONPATH=/home/ubuntu/ros2fox/build/fox_webui/prefix_override:/home/ubuntu/ros2fox/install/fox_webui/lib/python3.10/site-packages:/home/ubuntu/ros2fox/install/fox_grape_harvest/lib/python3.10/site-packages:/home/ubuntu/ros2fox/install/rei_robot_base/local/lib/python3.10/dist-packages:/home/ubuntu/ros2fox/install/arm_controller/local/lib/python3.10/dist-packages:${PYTHONPATH} /usr/bin/python3 -W ignore:setup.py install is deprecated setup.py egg_info --egg-base ../../build/fox_webui build --build-base /home/ubuntu/ros2fox/build/fox_webui/build install --record /home/ubuntu/ros2fox/build/fox_webui/install.log --single-version-externally-managed install_data
[2.609s] running egg_info
[2.654s] writing ../../build/fox_webui/fox_webui.egg-info/PKG-INFO
[2.655s] writing dependency_links to ../../build/fox_webui/fox_webui.egg-info/dependency_links.txt
[2.655s] writing entry points to ../../build/fox_webui/fox_webui.egg-info/entry_points.txt
[2.656s] writing requirements to ../../build/fox_webui/fox_webui.egg-info/requires.txt
[2.656s] writing top-level names to ../../build/fox_webui/fox_webui.egg-info/top_level.txt
[2.748s] reading manifest file '../../build/fox_webui/fox_webui.egg-info/SOURCES.txt'
[2.751s] writing manifest file '../../build/fox_webui/fox_webui.egg-info/SOURCES.txt'
[2.751s] running build
[2.751s] running build_py
[2.752s] copying fox_webui/state.py -> /home/ubuntu/ros2fox/build/fox_webui/build/lib/fox_webui
[2.752s] copying fox_webui/preview_detector.py -> /home/ubuntu/ros2fox/build/fox_webui/build/lib/fox_webui
[2.753s] copying fox_webui/mapdata.py -> /home/ubuntu/ros2fox/build/fox_webui/build/lib/fox_webui
[2.753s] copying fox_webui/control.py -> /home/ubuntu/ros2fox/build/fox_webui/build/lib/fox_webui
[2.754s] copying fox_webui/webapi.py -> /home/ubuntu/ros2fox/build/fox_webui/build/lib/fox_webui
[2.754s] copying fox_webui/agent_node.py -> /home/ubuntu/ros2fox/build/fox_webui/build/lib/fox_webui
[2.754s] copying fox_webui/process_manager.py -> /home/ubuntu/ros2fox/build/fox_webui/build/lib/fox_webui
[2.755s] copying fox_webui/video.py -> /home/ubuntu/ros2fox/build/fox_webui/build/lib/fox_webui
[2.755s] copying fox_webui/__init__.py -> /home/ubuntu/ros2fox/build/fox_webui/build/lib/fox_webui
[2.756s] running install
[2.768s] running install_lib
[2.813s] copying /home/ubuntu/ros2fox/build/fox_webui/build/lib/fox_webui/process_manager.py -> /home/ubuntu/ros2fox/install/fox_webui/lib/python3.10/site-packages/fox_webui
[2.815s] byte-compiling /home/ubuntu/ros2fox/install/fox_webui/lib/python3.10/site-packages/fox_webui/process_manager.py to process_manager.cpython-310.pyc
[2.823s] running install_data
[2.824s] copying resource/fox_webui -> /home/ubuntu/ros2fox/install/fox_webui/share/ament_index/resource_index/packages
[2.824s] copying package.xml -> /home/ubuntu/ros2fox/install/fox_webui/share/fox_webui
[2.824s] copying launch/webui.launch.py -> /home/ubuntu/ros2fox/install/fox_webui/share/fox_webui/launch
[2.824s] copying config/modules.yaml -> /home/ubuntu/ros2fox/install/fox_webui/share/fox_webui/config
[2.825s] copying config/webui.yaml -> /home/ubuntu/ros2fox/install/fox_webui/share/fox_webui/config
[2.825s] copying web/style.css -> /home/ubuntu/ros2fox/install/fox_webui/share/fox_webui/web
[2.826s] copying web/index.html -> /home/ubuntu/ros2fox/install/fox_webui/share/fox_webui/web
[2.826s] copying web/lib/OrbitControls.js -> /home/ubuntu/ros2fox/install/fox_webui/share/fox_webui/web/lib
[2.826s] copying web/lib/vue.esm-browser.prod.js -> /home/ubuntu/ros2fox/install/fox_webui/share/fox_webui/web/lib
[2.827s] copying web/lib/three.module.js -> /home/ubuntu/ros2fox/install/fox_webui/share/fox_webui/web/lib
[2.830s] copying web/build/COLCON_IGNORE -> /home/ubuntu/ros2fox/install/fox_webui/share/fox_webui/web/build
[2.831s] copying web/build/.built_by -> /home/ubuntu/ros2fox/install/fox_webui/share/fox_webui/web/build
[2.831s] copying web/install/_local_setup_util_sh.py -> /home/ubuntu/ros2fox/install/fox_webui/share/fox_webui/web/install
[2.832s] copying web/install/COLCON_IGNORE -> /home/ubuntu/ros2fox/install/fox_webui/share/fox_webui/web/install
[2.832s] copying web/install/local_setup.zsh -> /home/ubuntu/ros2fox/install/fox_webui/share/fox_webui/web/install
[2.833s] copying web/install/setup.zsh -> /home/ubuntu/ros2fox/install/fox_webui/share/fox_webui/web/install
[2.833s] copying web/install/setup.ps1 -> /home/ubuntu/ros2fox/install/fox_webui/share/fox_webui/web/install
[2.833s] copying web/install/local_setup.bash -> /home/ubuntu/ros2fox/install/fox_webui/share/fox_webui/web/install
[2.834s] copying web/install/local_setup.sh -> /home/ubuntu/ros2fox/install/fox_webui/share/fox_webui/web/install
[2.834s] copying web/install/.colcon_install_layout -> /home/ubuntu/ros2fox/install/fox_webui/share/fox_webui/web/install
[2.834s] copying web/install/_local_setup_util_ps1.py -> /home/ubuntu/ros2fox/install/fox_webui/share/fox_webui/web/install
[2.834s] copying web/install/setup.sh -> /home/ubuntu/ros2fox/install/fox_webui/share/fox_webui/web/install
[2.835s] copying web/install/setup.bash -> /home/ubuntu/ros2fox/install/fox_webui/share/fox_webui/web/install
[2.835s] copying web/install/local_setup.ps1 -> /home/ubuntu/ros2fox/install/fox_webui/share/fox_webui/web/install
[2.835s] copying web/log/COLCON_IGNORE -> /home/ubuntu/ros2fox/install/fox_webui/share/fox_webui/web/log
[2.836s] copying web/log/build_2026-09-19_21-33-31/logger_all.log -> /home/ubuntu/ros2fox/install/fox_webui/share/fox_webui/web/log/build_2026-09-19_21-33-31
[2.836s] copying web/log/build_2026-09-19_21-33-31/events.log -> /home/ubuntu/ros2fox/install/fox_webui/share/fox_webui/web/log/build_2026-09-19_21-33-31
[2.836s] copying web/js/main.js -> /home/ubuntu/ros2fox/install/fox_webui/share/fox_webui/web/js
[2.836s] copying web/js/shared.js -> /home/ubuntu/ros2fox/install/fox_webui/share/fox_webui/web/js
[2.837s] copying web/js/components/StatusPanels.js -> /home/ubuntu/ros2fox/install/fox_webui/share/fox_webui/web/js/components
[2.837s] copying web/js/components/VideoPanel.js -> /home/ubuntu/ros2fox/install/fox_webui/share/fox_webui/web/js/components
[2.837s] copying web/js/components/ArmPanel.js -> /home/ubuntu/ros2fox/install/fox_webui/share/fox_webui/web/js/components
[2.838s] copying web/js/components/MapView.js -> /home/ubuntu/ros2fox/install/fox_webui/share/fox_webui/web/js/components
[2.838s] copying web/js/components/NavPanel.js -> /home/ubuntu/ros2fox/install/fox_webui/share/fox_webui/web/js/components
[2.838s] copying web/js/components/LogPanel.js -> /home/ubuntu/ros2fox/install/fox_webui/share/fox_webui/web/js/components
[2.839s] copying web/js/components/TaskPanel.js -> /home/ubuntu/ros2fox/install/fox_webui/share/fox_webui/web/js/components
[2.839s] copying web/js/components/ModulePanel.js -> /home/ubuntu/ros2fox/install/fox_webui/share/fox_webui/web/js/components
[2.839s] copying web/js/components/ManualControl.js -> /home/ubuntu/ros2fox/install/fox_webui/share/fox_webui/web/js/components
[2.840s] running install_egg_info
[2.887s] removing '/home/ubuntu/ros2fox/install/fox_webui/lib/python3.10/site-packages/fox_webui-0.1.0-py3.10.egg-info' (and everything under it)
[2.888s] Copying ../../build/fox_webui/fox_webui.egg-info to /home/ubuntu/ros2fox/install/fox_webui/lib/python3.10/site-packages/fox_webui-0.1.0-py3.10.egg-info
[2.890s] running install_scripts
[3.264s] Installing fox_webui_agent script to /home/ubuntu/ros2fox/install/fox_webui/lib/fox_webui
[3.266s] writing list of installed files to '/home/ubuntu/ros2fox/build/fox_webui/install.log'
[3.367s] Invoked command in '/home/ubuntu/ros2fox/src/fox_webui' returned '0': AMENT_PREFIX_PATH=/home/ubuntu/ros2fox/install/fox_grape_harvest:/home/ubuntu/ros2fox/install/rei_robot_base:${AMENT_PREFIX_PATH} CMAKE_PREFIX_PATH=/home/ubuntu/ros2fox/install/rei_robot_base:/home/ubuntu/ros2fox/install/arm_controller LD_LIBRARY_PATH=/home/ubuntu/ros2fox/install/rei_robot_base/lib:/home/ubuntu/ros2fox/install/arm_controller/lib:/opt/ros/humble/lib:/usr/local/cuda/lib64 PYTHONPATH=/home/ubuntu/ros2fox/build/fox_webui/prefix_override:/home/ubuntu/ros2fox/install/fox_webui/lib/python3.10/site-packages:/home/ubuntu/ros2fox/install/fox_grape_harvest/lib/python3.10/site-packages:/home/ubuntu/ros2fox/install/rei_robot_base/local/lib/python3.10/dist-packages:/home/ubuntu/ros2fox/install/arm_controller/local/lib/python3.10/dist-packages:${PYTHONPATH} /usr/bin/python3 -W ignore:setup.py install is deprecated setup.py egg_info --egg-base ../../build/fox_webui build --build-base /home/ubuntu/ros2fox/build/fox_webui/build install --record /home/ubuntu/ros2fox/build/fox_webui/install.log --single-version-externally-managed install_data
