[2.164s] Invoking command in '/home/ubuntu/ros2fox/src/fox_webui': AMENT_PREFIX_PATH=/home/ubuntu/ros2fox/install/fox_grape_harvest:/home/ubuntu/ros2fox/install/rei_robot_base:${AMENT_PREFIX_PATH} CMAKE_PREFIX_PATH=/home/ubuntu/ros2fox/install/rei_robot_base:/home/ubuntu/ros2fox/install/arm_controller LD_LIBRARY_PATH=/home/ubuntu/ros2fox/install/rei_robot_base/lib:/home/ubuntu/ros2fox/install/arm_controller/lib:/opt/ros/humble/lib:/usr/local/cuda/lib64:/opt/ros/humble/lib:/usr/local/cuda/lib64 PYTHONPATH=/home/ubuntu/ros2fox/build/fox_webui/prefix_override:/home/ubuntu/ros2fox/install/fox_webui/lib/python3.10/site-packages:/home/ubuntu/ros2fox/install/fox_grape_harvest/lib/python3.10/site-packages:/home/ubuntu/ros2fox/install/rei_robot_base/local/lib/python3.10/dist-packages:/home/ubuntu/ros2fox/install/arm_controller/local/lib/python3.10/dist-packages:${PYTHONPATH} /usr/bin/python3 -W ignore:setup.py install is deprecated setup.py egg_info --egg-base ../../build/fox_webui build --build-base /home/ubuntu/ros2fox/build/fox_webui/build install --record /home/ubuntu/ros2fox/build/fox_webui/install.log --single-version-externally-managed install_data
[2.782s] running egg_info
[2.823s] writing ../../build/fox_webui/fox_webui.egg-info/PKG-INFO
[2.824s] writing dependency_links to ../../build/fox_webui/fox_webui.egg-info/dependency_links.txt
[2.825s] writing entry points to ../../build/fox_webui/fox_webui.egg-info/entry_points.txt
[2.825s] writing requirements to ../../build/fox_webui/fox_webui.egg-info/requires.txt
[2.826s] writing top-level names to ../../build/fox_webui/fox_webui.egg-info/top_level.txt
[2.915s] reading manifest file '../../build/fox_webui/fox_webui.egg-info/SOURCES.txt'
[2.917s] writing manifest file '../../build/fox_webui/fox_webui.egg-info/SOURCES.txt'
[2.918s] running build
[2.918s] running build_py
[2.918s] copying fox_webui/state.py -> /home/ubuntu/ros2fox/build/fox_webui/build/lib/fox_webui
[2.919s] copying fox_webui/preview_detector.py -> /home/ubuntu/ros2fox/build/fox_webui/build/lib/fox_webui
[2.919s] copying fox_webui/mapdata.py -> /home/ubuntu/ros2fox/build/fox_webui/build/lib/fox_webui
[2.920s] copying fox_webui/webapi.py -> /home/ubuntu/ros2fox/build/fox_webui/build/lib/fox_webui
[2.920s] copying fox_webui/agent_node.py -> /home/ubuntu/ros2fox/build/fox_webui/build/lib/fox_webui
[2.920s] copying fox_webui/video.py -> /home/ubuntu/ros2fox/build/fox_webui/build/lib/fox_webui
[2.921s] copying fox_webui/__init__.py -> /home/ubuntu/ros2fox/build/fox_webui/build/lib/fox_webui
[2.922s] running install
[2.934s] running install_lib
[2.979s] copying /home/ubuntu/ros2fox/build/fox_webui/build/lib/fox_webui/preview_detector.py -> /home/ubuntu/ros2fox/install/fox_webui/lib/python3.10/site-packages/fox_webui
[2.979s] copying /home/ubuntu/ros2fox/build/fox_webui/build/lib/fox_webui/video.py -> /home/ubuntu/ros2fox/install/fox_webui/lib/python3.10/site-packages/fox_webui
[2.981s] byte-compiling /home/ubuntu/ros2fox/install/fox_webui/lib/python3.10/site-packages/fox_webui/preview_detector.py to preview_detector.cpython-310.pyc
[2.988s] byte-compiling /home/ubuntu/ros2fox/install/fox_webui/lib/python3.10/site-packages/fox_webui/video.py to video.cpython-310.pyc
[2.992s] running install_data
[2.992s] copying resource/fox_webui -> /home/ubuntu/ros2fox/install/fox_webui/share/ament_index/resource_index/packages
[2.993s] copying package.xml -> /home/ubuntu/ros2fox/install/fox_webui/share/fox_webui
[2.993s] copying launch/webui.launch.py -> /home/ubuntu/ros2fox/install/fox_webui/share/fox_webui/launch
[2.994s] copying config/webui.yaml -> /home/ubuntu/ros2fox/install/fox_webui/share/fox_webui/config
[2.994s] copying web/style.css -> /home/ubuntu/ros2fox/install/fox_webui/share/fox_webui/web
[2.994s] copying web/index.html -> /home/ubuntu/ros2fox/install/fox_webui/share/fox_webui/web
[2.995s] copying web/lib/OrbitControls.js -> /home/ubuntu/ros2fox/install/fox_webui/share/fox_webui/web/lib
[2.995s] copying web/lib/vue.esm-browser.prod.js -> /home/ubuntu/ros2fox/install/fox_webui/share/fox_webui/web/lib
[2.996s] copying web/lib/three.module.js -> /home/ubuntu/ros2fox/install/fox_webui/share/fox_webui/web/lib
[2.999s] copying web/js/main.js -> /home/ubuntu/ros2fox/install/fox_webui/share/fox_webui/web/js
[2.999s] copying web/js/shared.js -> /home/ubuntu/ros2fox/install/fox_webui/share/fox_webui/web/js
[2.999s] copying web/js/components/StatusPanels.js -> /home/ubuntu/ros2fox/install/fox_webui/share/fox_webui/web/js/components
[3.000s] copying web/js/components/VideoPanel.js -> /home/ubuntu/ros2fox/install/fox_webui/share/fox_webui/web/js/components
[3.000s] copying web/js/components/MapView.js -> /home/ubuntu/ros2fox/install/fox_webui/share/fox_webui/web/js/components
[3.000s] copying web/js/components/LogPanel.js -> /home/ubuntu/ros2fox/install/fox_webui/share/fox_webui/web/js/components
[3.001s] running install_egg_info
[3.047s] removing '/home/ubuntu/ros2fox/install/fox_webui/lib/python3.10/site-packages/fox_webui-0.1.0-py3.10.egg-info' (and everything under it)
[3.048s] Copying ../../build/fox_webui/fox_webui.egg-info to /home/ubuntu/ros2fox/install/fox_webui/lib/python3.10/site-packages/fox_webui-0.1.0-py3.10.egg-info
[3.050s] running install_scripts
[3.423s] Installing fox_webui_agent script to /home/ubuntu/ros2fox/install/fox_webui/lib/fox_webui
[3.424s] writing list of installed files to '/home/ubuntu/ros2fox/build/fox_webui/install.log'
[3.508s] Invoked command in '/home/ubuntu/ros2fox/src/fox_webui' returned '0': AMENT_PREFIX_PATH=/home/ubuntu/ros2fox/install/fox_grape_harvest:/home/ubuntu/ros2fox/install/rei_robot_base:${AMENT_PREFIX_PATH} CMAKE_PREFIX_PATH=/home/ubuntu/ros2fox/install/rei_robot_base:/home/ubuntu/ros2fox/install/arm_controller LD_LIBRARY_PATH=/home/ubuntu/ros2fox/install/rei_robot_base/lib:/home/ubuntu/ros2fox/install/arm_controller/lib:/opt/ros/humble/lib:/usr/local/cuda/lib64:/opt/ros/humble/lib:/usr/local/cuda/lib64 PYTHONPATH=/home/ubuntu/ros2fox/build/fox_webui/prefix_override:/home/ubuntu/ros2fox/install/fox_webui/lib/python3.10/site-packages:/home/ubuntu/ros2fox/install/fox_grape_harvest/lib/python3.10/site-packages:/home/ubuntu/ros2fox/install/rei_robot_base/local/lib/python3.10/dist-packages:/home/ubuntu/ros2fox/install/arm_controller/local/lib/python3.10/dist-packages:${PYTHONPATH} /usr/bin/python3 -W ignore:setup.py install is deprecated setup.py egg_info --egg-base ../../build/fox_webui build --build-base /home/ubuntu/ros2fox/build/fox_webui/build install --record /home/ubuntu/ros2fox/build/fox_webui/install.log --single-version-externally-managed install_data
