[0.381s] colcon DEBUG Command line arguments: ['/home/ubuntu/.local/bin/colcon', 'build', '--packages-select', 'fox_navigation_ros2']
[0.381s] colcon DEBUG Parsed command line arguments: Namespace(log_base=None, log_level=None, verb_name='build', build_base='build', install_base='install', merge_install=False, symlink_install=False, test_result_base=None, continue_on_error=False, executor='parallel', parallel_workers=6, event_handlers=None, ignore_user_meta=False, metas=['./colcon.meta'], base_paths=['.'], packages_ignore=None, packages_ignore_regex=None, paths=None, packages_up_to=None, packages_up_to_regex=None, packages_above=None, packages_above_and_dependencies=None, packages_above_depth=None, packages_select_by_dep=None, packages_skip_by_dep=None, packages_skip_up_to=None, packages_select_build_failed=False, packages_skip_build_finished=False, packages_select_test_failures=False, packages_skip_test_passed=False, packages_select=['fox_navigation_ros2'], packages_skip=None, packages_select_regex=None, packages_skip_regex=None, packages_start=None, packages_end=None, allow_overriding=[], cmake_args=None, cmake_target=None, cmake_target_skip_unavailable=False, cmake_clean_cache=False, cmake_clean_first=False, cmake_force_configure=False, ament_cmake_args=None, catkin_cmake_args=None, catkin_skip_building_tests=False, verb_parser=<colcon_defaults.argument_parser.defaults.DefaultArgumentsDecorator object at 0xffffb83f0910>, verb_extension=<colcon_core.verb.build.BuildVerb object at 0xffffb8501bd0>, main=<bound method BuildVerb.main of <colcon_core.verb.build.BuildVerb object at 0xffffb8501bd0>>)
[0.498s] colcon.colcon_core.package_discovery Level 1 discover_packages(colcon_meta) check parameters
[0.498s] colcon.colcon_core.package_discovery Level 1 discover_packages(recursive) check parameters
[0.498s] colcon.colcon_core.package_discovery Level 1 discover_packages(ignore) check parameters
[0.498s] colcon.colcon_core.package_discovery Level 1 discover_packages(path) check parameters
[0.498s] colcon.colcon_core.package_discovery Level 1 discover_packages(colcon_meta) discover
[0.498s] colcon.colcon_core.package_discovery Level 1 discover_packages(recursive) discover
[0.499s] colcon.colcon_core.package_discovery INFO Crawling recursively for packages in '/home/ubuntu/ros2fox'
[0.499s] colcon.colcon_core.package_identification Level 1 _identify(.) by extensions ['ignore', 'ignore_ament_install']
[0.499s] colcon.colcon_core.package_identification Level 1 _identify(.) by extension 'ignore'
[0.499s] colcon.colcon_core.package_identification Level 1 _identify(.) by extension 'ignore_ament_install'
[0.499s] colcon.colcon_core.package_identification Level 1 _identify(.) by extensions ['colcon_pkg']
[0.500s] colcon.colcon_core.package_identification Level 1 _identify(.) by extension 'colcon_pkg'
[0.500s] colcon.colcon_core.package_identification Level 1 _identify(.) by extensions ['colcon_meta']
[0.500s] colcon.colcon_core.package_identification Level 1 _identify(.) by extension 'colcon_meta'
[0.500s] colcon.colcon_core.package_identification Level 1 _identify(.) by extensions ['ros']
[0.500s] colcon.colcon_core.package_identification Level 1 _identify(.) by extension 'ros'
[0.541s] colcon.colcon_core.package_identification Level 1 _identify(.) by extensions ['cmake', 'python']
[0.541s] colcon.colcon_core.package_identification Level 1 _identify(.) by extension 'cmake'
[0.541s] colcon.colcon_core.package_identification Level 1 _identify(.) by extension 'python'
[0.541s] colcon.colcon_core.package_identification Level 1 _identify(.) by extensions ['python_setup_py']
[0.541s] colcon.colcon_core.package_identification Level 1 _identify(.) by extension 'python_setup_py'
[0.542s] colcon.colcon_core.package_identification Level 1 _identify(Log) by extensions ['ignore', 'ignore_ament_install']
[0.542s] colcon.colcon_core.package_identification Level 1 _identify(Log) by extension 'ignore'
[0.542s] colcon.colcon_core.package_identification Level 1 _identify(Log) by extension 'ignore_ament_install'
[0.542s] colcon.colcon_core.package_identification Level 1 _identify(Log) by extensions ['colcon_pkg']
[0.542s] colcon.colcon_core.package_identification Level 1 _identify(Log) by extension 'colcon_pkg'
[0.543s] colcon.colcon_core.package_identification Level 1 _identify(Log) by extensions ['colcon_meta']
[0.543s] colcon.colcon_core.package_identification Level 1 _identify(Log) by extension 'colcon_meta'
[0.543s] colcon.colcon_core.package_identification Level 1 _identify(Log) by extensions ['ros']
[0.543s] colcon.colcon_core.package_identification Level 1 _identify(Log) by extension 'ros'
[0.543s] colcon.colcon_core.package_identification Level 1 _identify(Log) by extensions ['cmake', 'python']
[0.543s] colcon.colcon_core.package_identification Level 1 _identify(Log) by extension 'cmake'
[0.543s] colcon.colcon_core.package_identification Level 1 _identify(Log) by extension 'python'
[0.543s] colcon.colcon_core.package_identification Level 1 _identify(Log) by extensions ['python_setup_py']
[0.543s] colcon.colcon_core.package_identification Level 1 _identify(Log) by extension 'python_setup_py'
[0.544s] colcon.colcon_core.package_identification Level 1 _identify(build) by extensions ['ignore', 'ignore_ament_install']
[0.544s] colcon.colcon_core.package_identification Level 1 _identify(build) by extension 'ignore'
[0.544s] colcon.colcon_core.package_identification Level 1 _identify(build) ignored
[0.544s] colcon.colcon_core.package_identification Level 1 _identify(calib_data) by extensions ['ignore', 'ignore_ament_install']
[0.544s] colcon.colcon_core.package_identification Level 1 _identify(calib_data) by extension 'ignore'
[0.545s] colcon.colcon_core.package_identification Level 1 _identify(calib_data) by extension 'ignore_ament_install'
[0.545s] colcon.colcon_core.package_identification Level 1 _identify(calib_data) by extensions ['colcon_pkg']
[0.545s] colcon.colcon_core.package_identification Level 1 _identify(calib_data) by extension 'colcon_pkg'
[0.545s] colcon.colcon_core.package_identification Level 1 _identify(calib_data) by extensions ['colcon_meta']
[0.545s] colcon.colcon_core.package_identification Level 1 _identify(calib_data) by extension 'colcon_meta'
[0.545s] colcon.colcon_core.package_identification Level 1 _identify(calib_data) by extensions ['ros']
[0.545s] colcon.colcon_core.package_identification Level 1 _identify(calib_data) by extension 'ros'
[0.545s] colcon.colcon_core.package_identification Level 1 _identify(calib_data) by extensions ['cmake', 'python']
[0.545s] colcon.colcon_core.package_identification Level 1 _identify(calib_data) by extension 'cmake'
[0.545s] colcon.colcon_core.package_identification Level 1 _identify(calib_data) by extension 'python'
[0.546s] colcon.colcon_core.package_identification Level 1 _identify(calib_data) by extensions ['python_setup_py']
[0.546s] colcon.colcon_core.package_identification Level 1 _identify(calib_data) by extension 'python_setup_py'
[0.546s] colcon.colcon_core.package_identification Level 1 _identify(calib_data/color) by extensions ['ignore', 'ignore_ament_install']
[0.546s] colcon.colcon_core.package_identification Level 1 _identify(calib_data/color) by extension 'ignore'
[0.546s] colcon.colcon_core.package_identification Level 1 _identify(calib_data/color) by extension 'ignore_ament_install'
[0.546s] colcon.colcon_core.package_identification Level 1 _identify(calib_data/color) by extensions ['colcon_pkg']
[0.546s] colcon.colcon_core.package_identification Level 1 _identify(calib_data/color) by extension 'colcon_pkg'
[0.546s] colcon.colcon_core.package_identification Level 1 _identify(calib_data/color) by extensions ['colcon_meta']
[0.547s] colcon.colcon_core.package_identification Level 1 _identify(calib_data/color) by extension 'colcon_meta'
[0.547s] colcon.colcon_core.package_identification Level 1 _identify(calib_data/color) by extensions ['ros']
[0.547s] colcon.colcon_core.package_identification Level 1 _identify(calib_data/color) by extension 'ros'
[0.547s] colcon.colcon_core.package_identification Level 1 _identify(calib_data/color) by extensions ['cmake', 'python']
[0.547s] colcon.colcon_core.package_identification Level 1 _identify(calib_data/color) by extension 'cmake'
[0.547s] colcon.colcon_core.package_identification Level 1 _identify(calib_data/color) by extension 'python'
[0.547s] colcon.colcon_core.package_identification Level 1 _identify(calib_data/color) by extensions ['python_setup_py']
[0.547s] colcon.colcon_core.package_identification Level 1 _identify(calib_data/color) by extension 'python_setup_py'
[0.548s] colcon.colcon_core.package_identification Level 1 _identify(calib_data/color_old) by extensions ['ignore', 'ignore_ament_install']
[0.548s] colcon.colcon_core.package_identification Level 1 _identify(calib_data/color_old) by extension 'ignore'
[0.548s] colcon.colcon_core.package_identification Level 1 _identify(calib_data/color_old) by extension 'ignore_ament_install'
[0.548s] colcon.colcon_core.package_identification Level 1 _identify(calib_data/color_old) by extensions ['colcon_pkg']
[0.548s] colcon.colcon_core.package_identification Level 1 _identify(calib_data/color_old) by extension 'colcon_pkg'
[0.548s] colcon.colcon_core.package_identification Level 1 _identify(calib_data/color_old) by extensions ['colcon_meta']
[0.548s] colcon.colcon_core.package_identification Level 1 _identify(calib_data/color_old) by extension 'colcon_meta'
[0.548s] colcon.colcon_core.package_identification Level 1 _identify(calib_data/color_old) by extensions ['ros']
[0.548s] colcon.colcon_core.package_identification Level 1 _identify(calib_data/color_old) by extension 'ros'
[0.549s] colcon.colcon_core.package_identification Level 1 _identify(calib_data/color_old) by extensions ['cmake', 'python']
[0.549s] colcon.colcon_core.package_identification Level 1 _identify(calib_data/color_old) by extension 'cmake'
[0.549s] colcon.colcon_core.package_identification Level 1 _identify(calib_data/color_old) by extension 'python'
[0.549s] colcon.colcon_core.package_identification Level 1 _identify(calib_data/color_old) by extensions ['python_setup_py']
[0.549s] colcon.colcon_core.package_identification Level 1 _identify(calib_data/color_old) by extension 'python_setup_py'
[0.549s] colcon.colcon_core.package_identification Level 1 _identify(calib_data/ir) by extensions ['ignore', 'ignore_ament_install']
[0.549s] colcon.colcon_core.package_identification Level 1 _identify(calib_data/ir) by extension 'ignore'
[0.549s] colcon.colcon_core.package_identification Level 1 _identify(calib_data/ir) by extension 'ignore_ament_install'
[0.550s] colcon.colcon_core.package_identification Level 1 _identify(calib_data/ir) by extensions ['colcon_pkg']
[0.550s] colcon.colcon_core.package_identification Level 1 _identify(calib_data/ir) by extension 'colcon_pkg'
[0.550s] colcon.colcon_core.package_identification Level 1 _identify(calib_data/ir) by extensions ['colcon_meta']
[0.550s] colcon.colcon_core.package_identification Level 1 _identify(calib_data/ir) by extension 'colcon_meta'
[0.550s] colcon.colcon_core.package_identification Level 1 _identify(calib_data/ir) by extensions ['ros']
[0.550s] colcon.colcon_core.package_identification Level 1 _identify(calib_data/ir) by extension 'ros'
[0.550s] colcon.colcon_core.package_identification Level 1 _identify(calib_data/ir) by extensions ['cmake', 'python']
[0.550s] colcon.colcon_core.package_identification Level 1 _identify(calib_data/ir) by extension 'cmake'
[0.550s] colcon.colcon_core.package_identification Level 1 _identify(calib_data/ir) by extension 'python'
[0.550s] colcon.colcon_core.package_identification Level 1 _identify(calib_data/ir) by extensions ['python_setup_py']
[0.551s] colcon.colcon_core.package_identification Level 1 _identify(calib_data/ir) by extension 'python_setup_py'
[0.551s] colcon.colcon_core.package_identification Level 1 _identify(calib_data/ir_old) by extensions ['ignore', 'ignore_ament_install']
[0.551s] colcon.colcon_core.package_identification Level 1 _identify(calib_data/ir_old) by extension 'ignore'
[0.551s] colcon.colcon_core.package_identification Level 1 _identify(calib_data/ir_old) by extension 'ignore_ament_install'
[0.551s] colcon.colcon_core.package_identification Level 1 _identify(calib_data/ir_old) by extensions ['colcon_pkg']
[0.551s] colcon.colcon_core.package_identification Level 1 _identify(calib_data/ir_old) by extension 'colcon_pkg'
[0.551s] colcon.colcon_core.package_identification Level 1 _identify(calib_data/ir_old) by extensions ['colcon_meta']
[0.551s] colcon.colcon_core.package_identification Level 1 _identify(calib_data/ir_old) by extension 'colcon_meta'
[0.552s] colcon.colcon_core.package_identification Level 1 _identify(calib_data/ir_old) by extensions ['ros']
[0.552s] colcon.colcon_core.package_identification Level 1 _identify(calib_data/ir_old) by extension 'ros'
[0.552s] colcon.colcon_core.package_identification Level 1 _identify(calib_data/ir_old) by extensions ['cmake', 'python']
[0.552s] colcon.colcon_core.package_identification Level 1 _identify(calib_data/ir_old) by extension 'cmake'
[0.552s] colcon.colcon_core.package_identification Level 1 _identify(calib_data/ir_old) by extension 'python'
[0.552s] colcon.colcon_core.package_identification Level 1 _identify(calib_data/ir_old) by extensions ['python_setup_py']
[0.552s] colcon.colcon_core.package_identification Level 1 _identify(calib_data/ir_old) by extension 'python_setup_py'
[0.552s] colcon.colcon_core.package_identification Level 1 _identify(calib_result) by extensions ['ignore', 'ignore_ament_install']
[0.553s] colcon.colcon_core.package_identification Level 1 _identify(calib_result) by extension 'ignore'
[0.553s] colcon.colcon_core.package_identification Level 1 _identify(calib_result) by extension 'ignore_ament_install'
[0.553s] colcon.colcon_core.package_identification Level 1 _identify(calib_result) by extensions ['colcon_pkg']
[0.553s] colcon.colcon_core.package_identification Level 1 _identify(calib_result) by extension 'colcon_pkg'
[0.553s] colcon.colcon_core.package_identification Level 1 _identify(calib_result) by extensions ['colcon_meta']
[0.553s] colcon.colcon_core.package_identification Level 1 _identify(calib_result) by extension 'colcon_meta'
[0.553s] colcon.colcon_core.package_identification Level 1 _identify(calib_result) by extensions ['ros']
[0.553s] colcon.colcon_core.package_identification Level 1 _identify(calib_result) by extension 'ros'
[0.553s] colcon.colcon_core.package_identification Level 1 _identify(calib_result) by extensions ['cmake', 'python']
[0.553s] colcon.colcon_core.package_identification Level 1 _identify(calib_result) by extension 'cmake'
[0.554s] colcon.colcon_core.package_identification Level 1 _identify(calib_result) by extension 'python'
[0.554s] colcon.colcon_core.package_identification Level 1 _identify(calib_result) by extensions ['python_setup_py']
[0.554s] colcon.colcon_core.package_identification Level 1 _identify(calib_result) by extension 'python_setup_py'
[0.554s] colcon.colcon_core.package_identification Level 1 _identify(dairy) by extensions ['ignore', 'ignore_ament_install']
[0.554s] colcon.colcon_core.package_identification Level 1 _identify(dairy) by extension 'ignore'
[0.554s] colcon.colcon_core.package_identification Level 1 _identify(dairy) by extension 'ignore_ament_install'
[0.554s] colcon.colcon_core.package_identification Level 1 _identify(dairy) by extensions ['colcon_pkg']
[0.554s] colcon.colcon_core.package_identification Level 1 _identify(dairy) by extension 'colcon_pkg'
[0.555s] colcon.colcon_core.package_identification Level 1 _identify(dairy) by extensions ['colcon_meta']
[0.555s] colcon.colcon_core.package_identification Level 1 _identify(dairy) by extension 'colcon_meta'
[0.555s] colcon.colcon_core.package_identification Level 1 _identify(dairy) by extensions ['ros']
[0.555s] colcon.colcon_core.package_identification Level 1 _identify(dairy) by extension 'ros'
[0.555s] colcon.colcon_core.package_identification Level 1 _identify(dairy) by extensions ['cmake', 'python']
[0.555s] colcon.colcon_core.package_identification Level 1 _identify(dairy) by extension 'cmake'
[0.555s] colcon.colcon_core.package_identification Level 1 _identify(dairy) by extension 'python'
[0.555s] colcon.colcon_core.package_identification Level 1 _identify(dairy) by extensions ['python_setup_py']
[0.555s] colcon.colcon_core.package_identification Level 1 _identify(dairy) by extension 'python_setup_py'
[0.556s] colcon.colcon_core.package_identification Level 1 _identify(docs) by extensions ['ignore', 'ignore_ament_install']
[0.556s] colcon.colcon_core.package_identification Level 1 _identify(docs) by extension 'ignore'
[0.556s] colcon.colcon_core.package_identification Level 1 _identify(docs) by extension 'ignore_ament_install'
[0.556s] colcon.colcon_core.package_identification Level 1 _identify(docs) by extensions ['colcon_pkg']
[0.556s] colcon.colcon_core.package_identification Level 1 _identify(docs) by extension 'colcon_pkg'
[0.556s] colcon.colcon_core.package_identification Level 1 _identify(docs) by extensions ['colcon_meta']
[0.556s] colcon.colcon_core.package_identification Level 1 _identify(docs) by extension 'colcon_meta'
[0.556s] colcon.colcon_core.package_identification Level 1 _identify(docs) by extensions ['ros']
[0.556s] colcon.colcon_core.package_identification Level 1 _identify(docs) by extension 'ros'
[0.557s] colcon.colcon_core.package_identification Level 1 _identify(docs) by extensions ['cmake', 'python']
[0.557s] colcon.colcon_core.package_identification Level 1 _identify(docs) by extension 'cmake'
[0.557s] colcon.colcon_core.package_identification Level 1 _identify(docs) by extension 'python'
[0.557s] colcon.colcon_core.package_identification Level 1 _identify(docs) by extensions ['python_setup_py']
[0.557s] colcon.colcon_core.package_identification Level 1 _identify(docs) by extension 'python_setup_py'
[0.557s] colcon.colcon_core.package_identification Level 1 _identify(install) by extensions ['ignore', 'ignore_ament_install']
[0.557s] colcon.colcon_core.package_identification Level 1 _identify(install) by extension 'ignore'
[0.557s] colcon.colcon_core.package_identification Level 1 _identify(install) ignored
[0.558s] colcon.colcon_core.package_identification Level 1 _identify(log) by extensions ['ignore', 'ignore_ament_install']
[0.558s] colcon.colcon_core.package_identification Level 1 _identify(log) by extension 'ignore'
[0.558s] colcon.colcon_core.package_identification Level 1 _identify(log) ignored
[0.558s] colcon.colcon_core.package_identification Level 1 _identify(maps) by extensions ['ignore', 'ignore_ament_install']
[0.558s] colcon.colcon_core.package_identification Level 1 _identify(maps) by extension 'ignore'
[0.558s] colcon.colcon_core.package_identification Level 1 _identify(maps) by extension 'ignore_ament_install'
[0.559s] colcon.colcon_core.package_identification Level 1 _identify(maps) by extensions ['colcon_pkg']
[0.559s] colcon.colcon_core.package_identification Level 1 _identify(maps) by extension 'colcon_pkg'
[0.559s] colcon.colcon_core.package_identification Level 1 _identify(maps) by extensions ['colcon_meta']
[0.559s] colcon.colcon_core.package_identification Level 1 _identify(maps) by extension 'colcon_meta'
[0.559s] colcon.colcon_core.package_identification Level 1 _identify(maps) by extensions ['ros']
[0.559s] colcon.colcon_core.package_identification Level 1 _identify(maps) by extension 'ros'
[0.559s] colcon.colcon_core.package_identification Level 1 _identify(maps) by extensions ['cmake', 'python']
[0.559s] colcon.colcon_core.package_identification Level 1 _identify(maps) by extension 'cmake'
[0.559s] colcon.colcon_core.package_identification Level 1 _identify(maps) by extension 'python'
[0.559s] colcon.colcon_core.package_identification Level 1 _identify(maps) by extensions ['python_setup_py']
[0.560s] colcon.colcon_core.package_identification Level 1 _identify(maps) by extension 'python_setup_py'
[0.560s] colcon.colcon_core.package_identification Level 1 _identify(models) by extensions ['ignore', 'ignore_ament_install']
[0.560s] colcon.colcon_core.package_identification Level 1 _identify(models) by extension 'ignore'
[0.560s] colcon.colcon_core.package_identification Level 1 _identify(models) by extension 'ignore_ament_install'
[0.560s] colcon.colcon_core.package_identification Level 1 _identify(models) by extensions ['colcon_pkg']
[0.560s] colcon.colcon_core.package_identification Level 1 _identify(models) by extension 'colcon_pkg'
[0.560s] colcon.colcon_core.package_identification Level 1 _identify(models) by extensions ['colcon_meta']
[0.560s] colcon.colcon_core.package_identification Level 1 _identify(models) by extension 'colcon_meta'
[0.561s] colcon.colcon_core.package_identification Level 1 _identify(models) by extensions ['ros']
[0.561s] colcon.colcon_core.package_identification Level 1 _identify(models) by extension 'ros'
[0.561s] colcon.colcon_core.package_identification Level 1 _identify(models) by extensions ['cmake', 'python']
[0.561s] colcon.colcon_core.package_identification Level 1 _identify(models) by extension 'cmake'
[0.561s] colcon.colcon_core.package_identification Level 1 _identify(models) by extension 'python'
[0.561s] colcon.colcon_core.package_identification Level 1 _identify(models) by extensions ['python_setup_py']
[0.561s] colcon.colcon_core.package_identification Level 1 _identify(models) by extension 'python_setup_py'
[0.561s] colcon.colcon_core.package_identification Level 1 _identify(pic) by extensions ['ignore', 'ignore_ament_install']
[0.561s] colcon.colcon_core.package_identification Level 1 _identify(pic) by extension 'ignore'
[0.562s] colcon.colcon_core.package_identification Level 1 _identify(pic) by extension 'ignore_ament_install'
[0.562s] colcon.colcon_core.package_identification Level 1 _identify(pic) by extensions ['colcon_pkg']
[0.562s] colcon.colcon_core.package_identification Level 1 _identify(pic) by extension 'colcon_pkg'
[0.562s] colcon.colcon_core.package_identification Level 1 _identify(pic) by extensions ['colcon_meta']
[0.562s] colcon.colcon_core.package_identification Level 1 _identify(pic) by extension 'colcon_meta'
[0.562s] colcon.colcon_core.package_identification Level 1 _identify(pic) by extensions ['ros']
[0.562s] colcon.colcon_core.package_identification Level 1 _identify(pic) by extension 'ros'
[0.562s] colcon.colcon_core.package_identification Level 1 _identify(pic) by extensions ['cmake', 'python']
[0.562s] colcon.colcon_core.package_identification Level 1 _identify(pic) by extension 'cmake'
[0.563s] colcon.colcon_core.package_identification Level 1 _identify(pic) by extension 'python'
[0.563s] colcon.colcon_core.package_identification Level 1 _identify(pic) by extensions ['python_setup_py']
[0.563s] colcon.colcon_core.package_identification Level 1 _identify(pic) by extension 'python_setup_py'
[0.563s] colcon.colcon_core.package_identification Level 1 _identify(src) by extensions ['ignore', 'ignore_ament_install']
[0.563s] colcon.colcon_core.package_identification Level 1 _identify(src) by extension 'ignore'
[0.563s] colcon.colcon_core.package_identification Level 1 _identify(src) by extension 'ignore_ament_install'
[0.564s] colcon.colcon_core.package_identification Level 1 _identify(src) by extensions ['colcon_pkg']
[0.564s] colcon.colcon_core.package_identification Level 1 _identify(src) by extension 'colcon_pkg'
[0.564s] colcon.colcon_core.package_identification Level 1 _identify(src) by extensions ['colcon_meta']
[0.564s] colcon.colcon_core.package_identification Level 1 _identify(src) by extension 'colcon_meta'
[0.564s] colcon.colcon_core.package_identification Level 1 _identify(src) by extensions ['ros']
[0.564s] colcon.colcon_core.package_identification Level 1 _identify(src) by extension 'ros'
[0.564s] colcon.colcon_core.package_identification Level 1 _identify(src) by extensions ['cmake', 'python']
[0.564s] colcon.colcon_core.package_identification Level 1 _identify(src) by extension 'cmake'
[0.564s] colcon.colcon_core.package_identification Level 1 _identify(src) by extension 'python'
[0.564s] colcon.colcon_core.package_identification Level 1 _identify(src) by extensions ['python_setup_py']
[0.565s] colcon.colcon_core.package_identification Level 1 _identify(src) by extension 'python_setup_py'
[0.565s] colcon.colcon_core.package_identification Level 1 _identify(src/OrbbecSDK_ROS2) by extensions ['ignore', 'ignore_ament_install']
[0.565s] colcon.colcon_core.package_identification Level 1 _identify(src/OrbbecSDK_ROS2) by extension 'ignore'
[0.565s] colcon.colcon_core.package_identification Level 1 _identify(src/OrbbecSDK_ROS2) by extension 'ignore_ament_install'
[0.565s] colcon.colcon_core.package_identification Level 1 _identify(src/OrbbecSDK_ROS2) by extensions ['colcon_pkg']
[0.565s] colcon.colcon_core.package_identification Level 1 _identify(src/OrbbecSDK_ROS2) by extension 'colcon_pkg'
[0.565s] colcon.colcon_core.package_identification Level 1 _identify(src/OrbbecSDK_ROS2) by extensions ['colcon_meta']
[0.565s] colcon.colcon_core.package_identification Level 1 _identify(src/OrbbecSDK_ROS2) by extension 'colcon_meta'
[0.566s] colcon.colcon_core.package_identification Level 1 _identify(src/OrbbecSDK_ROS2) by extensions ['ros']
[0.566s] colcon.colcon_core.package_identification Level 1 _identify(src/OrbbecSDK_ROS2) by extension 'ros'
[0.566s] colcon.colcon_core.package_identification Level 1 _identify(src/OrbbecSDK_ROS2) by extensions ['cmake', 'python']
[0.566s] colcon.colcon_core.package_identification Level 1 _identify(src/OrbbecSDK_ROS2) by extension 'cmake'
[0.566s] colcon.colcon_core.package_identification Level 1 _identify(src/OrbbecSDK_ROS2) by extension 'python'
[0.566s] colcon.colcon_core.package_identification Level 1 _identify(src/OrbbecSDK_ROS2) by extensions ['python_setup_py']
[0.566s] colcon.colcon_core.package_identification Level 1 _identify(src/OrbbecSDK_ROS2) by extension 'python_setup_py'
[0.566s] colcon.colcon_core.package_identification Level 1 _identify(src/OrbbecSDK_ROS2/docs) by extensions ['ignore', 'ignore_ament_install']
[0.567s] colcon.colcon_core.package_identification Level 1 _identify(src/OrbbecSDK_ROS2/docs) by extension 'ignore'
[0.567s] colcon.colcon_core.package_identification Level 1 _identify(src/OrbbecSDK_ROS2/docs) by extension 'ignore_ament_install'
[0.567s] colcon.colcon_core.package_identification Level 1 _identify(src/OrbbecSDK_ROS2/docs) by extensions ['colcon_pkg']
[0.567s] colcon.colcon_core.package_identification Level 1 _identify(src/OrbbecSDK_ROS2/docs) by extension 'colcon_pkg'
[0.567s] colcon.colcon_core.package_identification Level 1 _identify(src/OrbbecSDK_ROS2/docs) by extensions ['colcon_meta']
[0.567s] colcon.colcon_core.package_identification Level 1 _identify(src/OrbbecSDK_ROS2/docs) by extension 'colcon_meta'
[0.567s] colcon.colcon_core.package_identification Level 1 _identify(src/OrbbecSDK_ROS2/docs) by extensions ['ros']
[0.567s] colcon.colcon_core.package_identification Level 1 _identify(src/OrbbecSDK_ROS2/docs) by extension 'ros'
[0.567s] colcon.colcon_core.package_identification Level 1 _identify(src/OrbbecSDK_ROS2/docs) by extensions ['cmake', 'python']
[0.567s] colcon.colcon_core.package_identification Level 1 _identify(src/OrbbecSDK_ROS2/docs) by extension 'cmake'
[0.568s] colcon.colcon_core.package_identification Level 1 _identify(src/OrbbecSDK_ROS2/docs) by extension 'python'
[0.568s] colcon.colcon_core.package_identification Level 1 _identify(src/OrbbecSDK_ROS2/docs) by extensions ['python_setup_py']
[0.568s] colcon.colcon_core.package_identification Level 1 _identify(src/OrbbecSDK_ROS2/docs) by extension 'python_setup_py'
[0.568s] colcon.colcon_core.package_identification Level 1 _identify(src/OrbbecSDK_ROS2/docs/images) by extensions ['ignore', 'ignore_ament_install']
[0.568s] colcon.colcon_core.package_identification Level 1 _identify(src/OrbbecSDK_ROS2/docs/images) by extension 'ignore'
[0.568s] colcon.colcon_core.package_identification Level 1 _identify(src/OrbbecSDK_ROS2/docs/images) by extension 'ignore_ament_install'
[0.568s] colcon.colcon_core.package_identification Level 1 _identify(src/OrbbecSDK_ROS2/docs/images) by extensions ['colcon_pkg']
[0.569s] colcon.colcon_core.package_identification Level 1 _identify(src/OrbbecSDK_ROS2/docs/images) by extension 'colcon_pkg'
[0.569s] colcon.colcon_core.package_identification Level 1 _identify(src/OrbbecSDK_ROS2/docs/images) by extensions ['colcon_meta']
[0.569s] colcon.colcon_core.package_identification Level 1 _identify(src/OrbbecSDK_ROS2/docs/images) by extension 'colcon_meta'
[0.569s] colcon.colcon_core.package_identification Level 1 _identify(src/OrbbecSDK_ROS2/docs/images) by extensions ['ros']
[0.569s] colcon.colcon_core.package_identification Level 1 _identify(src/OrbbecSDK_ROS2/docs/images) by extension 'ros'
[0.569s] colcon.colcon_core.package_identification Level 1 _identify(src/OrbbecSDK_ROS2/docs/images) by extensions ['cmake', 'python']
[0.570s] colcon.colcon_core.package_identification Level 1 _identify(src/OrbbecSDK_ROS2/docs/images) by extension 'cmake'
[0.570s] colcon.colcon_core.package_identification Level 1 _identify(src/OrbbecSDK_ROS2/docs/images) by extension 'python'
[0.570s] colcon.colcon_core.package_identification Level 1 _identify(src/OrbbecSDK_ROS2/docs/images) by extensions ['python_setup_py']
[0.570s] colcon.colcon_core.package_identification Level 1 _identify(src/OrbbecSDK_ROS2/docs/images) by extension 'python_setup_py'
[0.570s] colcon.colcon_core.package_identification Level 1 _identify(src/OrbbecSDK_ROS2/orbbec_camera) by extensions ['ignore', 'ignore_ament_install']
[0.570s] colcon.colcon_core.package_identification Level 1 _identify(src/OrbbecSDK_ROS2/orbbec_camera) by extension 'ignore'
[0.570s] colcon.colcon_core.package_identification Level 1 _identify(src/OrbbecSDK_ROS2/orbbec_camera) by extension 'ignore_ament_install'
[0.571s] colcon.colcon_core.package_identification Level 1 _identify(src/OrbbecSDK_ROS2/orbbec_camera) by extensions ['colcon_pkg']
[0.571s] colcon.colcon_core.package_identification Level 1 _identify(src/OrbbecSDK_ROS2/orbbec_camera) by extension 'colcon_pkg'
[0.571s] colcon.colcon_core.package_identification Level 1 _identify(src/OrbbecSDK_ROS2/orbbec_camera) by extensions ['colcon_meta']
[0.571s] colcon.colcon_core.package_identification Level 1 _identify(src/OrbbecSDK_ROS2/orbbec_camera) by extension 'colcon_meta'
[0.571s] colcon.colcon_core.package_identification Level 1 _identify(src/OrbbecSDK_ROS2/orbbec_camera) by extensions ['ros']
[0.571s] colcon.colcon_core.package_identification Level 1 _identify(src/OrbbecSDK_ROS2/orbbec_camera) by extension 'ros'
[0.582s] colcon.colcon_core.package_identification DEBUG Package 'src/OrbbecSDK_ROS2/orbbec_camera' with type 'ros.ament_cmake' and name 'orbbec_camera'
[0.582s] colcon.colcon_core.package_identification Level 1 _identify(src/OrbbecSDK_ROS2/orbbec_camera_msgs) by extensions ['ignore', 'ignore_ament_install']
[0.583s] colcon.colcon_core.package_identification Level 1 _identify(src/OrbbecSDK_ROS2/orbbec_camera_msgs) by extension 'ignore'
[0.583s] colcon.colcon_core.package_identification Level 1 _identify(src/OrbbecSDK_ROS2/orbbec_camera_msgs) by extension 'ignore_ament_install'
[0.583s] colcon.colcon_core.package_identification Level 1 _identify(src/OrbbecSDK_ROS2/orbbec_camera_msgs) by extensions ['colcon_pkg']
[0.583s] colcon.colcon_core.package_identification Level 1 _identify(src/OrbbecSDK_ROS2/orbbec_camera_msgs) by extension 'colcon_pkg'
[0.583s] colcon.colcon_core.package_identification Level 1 _identify(src/OrbbecSDK_ROS2/orbbec_camera_msgs) by extensions ['colcon_meta']
[0.583s] colcon.colcon_core.package_identification Level 1 _identify(src/OrbbecSDK_ROS2/orbbec_camera_msgs) by extension 'colcon_meta'
[0.583s] colcon.colcon_core.package_identification Level 1 _identify(src/OrbbecSDK_ROS2/orbbec_camera_msgs) by extensions ['ros']
[0.583s] colcon.colcon_core.package_identification Level 1 _identify(src/OrbbecSDK_ROS2/orbbec_camera_msgs) by extension 'ros'
[0.585s] colcon.colcon_core.package_identification DEBUG Package 'src/OrbbecSDK_ROS2/orbbec_camera_msgs' with type 'ros.ament_cmake' and name 'orbbec_camera_msgs'
[0.585s] colcon.colcon_core.package_identification Level 1 _identify(src/OrbbecSDK_ROS2/orbbec_description) by extensions ['ignore', 'ignore_ament_install']
[0.585s] colcon.colcon_core.package_identification Level 1 _identify(src/OrbbecSDK_ROS2/orbbec_description) by extension 'ignore'
[0.585s] colcon.colcon_core.package_identification Level 1 _identify(src/OrbbecSDK_ROS2/orbbec_description) by extension 'ignore_ament_install'
[0.586s] colcon.colcon_core.package_identification Level 1 _identify(src/OrbbecSDK_ROS2/orbbec_description) by extensions ['colcon_pkg']
[0.586s] colcon.colcon_core.package_identification Level 1 _identify(src/OrbbecSDK_ROS2/orbbec_description) by extension 'colcon_pkg'
[0.586s] colcon.colcon_core.package_identification Level 1 _identify(src/OrbbecSDK_ROS2/orbbec_description) by extensions ['colcon_meta']
[0.586s] colcon.colcon_core.package_identification Level 1 _identify(src/OrbbecSDK_ROS2/orbbec_description) by extension 'colcon_meta'
[0.586s] colcon.colcon_core.package_identification Level 1 _identify(src/OrbbecSDK_ROS2/orbbec_description) by extensions ['ros']
[0.586s] colcon.colcon_core.package_identification Level 1 _identify(src/OrbbecSDK_ROS2/orbbec_description) by extension 'ros'
[0.587s] colcon.colcon_core.package_identification DEBUG Package 'src/OrbbecSDK_ROS2/orbbec_description' with type 'ros.ament_cmake' and name 'orbbec_description'
[0.587s] colcon.colcon_core.package_identification Level 1 _identify(src/arm_controller) by extensions ['ignore', 'ignore_ament_install']
[0.587s] colcon.colcon_core.package_identification Level 1 _identify(src/arm_controller) by extension 'ignore'
[0.588s] colcon.colcon_core.package_identification Level 1 _identify(src/arm_controller) by extension 'ignore_ament_install'
[0.588s] colcon.colcon_core.package_identification Level 1 _identify(src/arm_controller) by extensions ['colcon_pkg']
[0.588s] colcon.colcon_core.package_identification Level 1 _identify(src/arm_controller) by extension 'colcon_pkg'
[0.588s] colcon.colcon_core.package_identification Level 1 _identify(src/arm_controller) by extensions ['colcon_meta']
[0.588s] colcon.colcon_core.package_identification Level 1 _identify(src/arm_controller) by extension 'colcon_meta'
[0.588s] colcon.colcon_core.package_identification Level 1 _identify(src/arm_controller) by extensions ['ros']
[0.588s] colcon.colcon_core.package_identification Level 1 _identify(src/arm_controller) by extension 'ros'
[0.590s] colcon.colcon_core.package_identification DEBUG Package 'src/arm_controller' with type 'ros.ament_cmake' and name 'arm_controller'
[0.590s] colcon.colcon_core.package_identification Level 1 _identify(src/calibration) by extensions ['ignore', 'ignore_ament_install']
[0.591s] colcon.colcon_core.package_identification Level 1 _identify(src/calibration) by extension 'ignore'
[0.591s] colcon.colcon_core.package_identification Level 1 _identify(src/calibration) by extension 'ignore_ament_install'
[0.591s] colcon.colcon_core.package_identification Level 1 _identify(src/calibration) by extensions ['colcon_pkg']
[0.591s] colcon.colcon_core.package_identification Level 1 _identify(src/calibration) by extension 'colcon_pkg'
[0.591s] colcon.colcon_core.package_identification Level 1 _identify(src/calibration) by extensions ['colcon_meta']
[0.591s] colcon.colcon_core.package_identification Level 1 _identify(src/calibration) by extension 'colcon_meta'
[0.591s] colcon.colcon_core.package_identification Level 1 _identify(src/calibration) by extensions ['ros']
[0.591s] colcon.colcon_core.package_identification Level 1 _identify(src/calibration) by extension 'ros'
[0.592s] colcon.colcon_core.package_identification Level 1 _identify(src/calibration) by extensions ['cmake', 'python']
[0.592s] colcon.colcon_core.package_identification Level 1 _identify(src/calibration) by extension 'cmake'
[0.592s] colcon.colcon_core.package_identification Level 1 _identify(src/calibration) by extension 'python'
[0.592s] colcon.colcon_core.package_identification Level 1 _identify(src/calibration) by extensions ['python_setup_py']
[0.592s] colcon.colcon_core.package_identification Level 1 _identify(src/calibration) by extension 'python_setup_py'
[0.592s] colcon.colcon_core.package_identification Level 1 _identify(src/calibration/Log) by extensions ['ignore', 'ignore_ament_install']
[0.592s] colcon.colcon_core.package_identification Level 1 _identify(src/calibration/Log) by extension 'ignore'
[0.593s] colcon.colcon_core.package_identification Level 1 _identify(src/calibration/Log) by extension 'ignore_ament_install'
[0.593s] colcon.colcon_core.package_identification Level 1 _identify(src/calibration/Log) by extensions ['colcon_pkg']
[0.593s] colcon.colcon_core.package_identification Level 1 _identify(src/calibration/Log) by extension 'colcon_pkg'
[0.593s] colcon.colcon_core.package_identification Level 1 _identify(src/calibration/Log) by extensions ['colcon_meta']
[0.593s] colcon.colcon_core.package_identification Level 1 _identify(src/calibration/Log) by extension 'colcon_meta'
[0.593s] colcon.colcon_core.package_identification Level 1 _identify(src/calibration/Log) by extensions ['ros']
[0.593s] colcon.colcon_core.package_identification Level 1 _identify(src/calibration/Log) by extension 'ros'
[0.593s] colcon.colcon_core.package_identification Level 1 _identify(src/calibration/Log) by extensions ['cmake', 'python']
[0.593s] colcon.colcon_core.package_identification Level 1 _identify(src/calibration/Log) by extension 'cmake'
[0.593s] colcon.colcon_core.package_identification Level 1 _identify(src/calibration/Log) by extension 'python'
[0.594s] colcon.colcon_core.package_identification Level 1 _identify(src/calibration/Log) by extensions ['python_setup_py']
[0.594s] colcon.colcon_core.package_identification Level 1 _identify(src/calibration/Log) by extension 'python_setup_py'
[0.594s] colcon.colcon_core.package_identification Level 1 _identify(src/calibration/__pycache__) by extensions ['ignore', 'ignore_ament_install']
[0.594s] colcon.colcon_core.package_identification Level 1 _identify(src/calibration/__pycache__) by extension 'ignore'
[0.594s] colcon.colcon_core.package_identification Level 1 _identify(src/calibration/__pycache__) by extension 'ignore_ament_install'
[0.594s] colcon.colcon_core.package_identification Level 1 _identify(src/calibration/__pycache__) by extensions ['colcon_pkg']
[0.594s] colcon.colcon_core.package_identification Level 1 _identify(src/calibration/__pycache__) by extension 'colcon_pkg'
[0.594s] colcon.colcon_core.package_identification Level 1 _identify(src/calibration/__pycache__) by extensions ['colcon_meta']
[0.595s] colcon.colcon_core.package_identification Level 1 _identify(src/calibration/__pycache__) by extension 'colcon_meta'
[0.595s] colcon.colcon_core.package_identification Level 1 _identify(src/calibration/__pycache__) by extensions ['ros']
[0.595s] colcon.colcon_core.package_identification Level 1 _identify(src/calibration/__pycache__) by extension 'ros'
[0.595s] colcon.colcon_core.package_identification Level 1 _identify(src/calibration/__pycache__) by extensions ['cmake', 'python']
[0.595s] colcon.colcon_core.package_identification Level 1 _identify(src/calibration/__pycache__) by extension 'cmake'
[0.595s] colcon.colcon_core.package_identification Level 1 _identify(src/calibration/__pycache__) by extension 'python'
[0.595s] colcon.colcon_core.package_identification Level 1 _identify(src/calibration/__pycache__) by extensions ['python_setup_py']
[0.595s] colcon.colcon_core.package_identification Level 1 _identify(src/calibration/__pycache__) by extension 'python_setup_py'
[0.596s] colcon.colcon_core.package_identification Level 1 _identify(src/fox_description_ros2) by extensions ['ignore', 'ignore_ament_install']
[0.596s] colcon.colcon_core.package_identification Level 1 _identify(src/fox_description_ros2) by extension 'ignore'
[0.596s] colcon.colcon_core.package_identification Level 1 _identify(src/fox_description_ros2) by extension 'ignore_ament_install'
[0.596s] colcon.colcon_core.package_identification Level 1 _identify(src/fox_description_ros2) by extensions ['colcon_pkg']
[0.596s] colcon.colcon_core.package_identification Level 1 _identify(src/fox_description_ros2) by extension 'colcon_pkg'
[0.596s] colcon.colcon_core.package_identification Level 1 _identify(src/fox_description_ros2) by extensions ['colcon_meta']
[0.596s] colcon.colcon_core.package_identification Level 1 _identify(src/fox_description_ros2) by extension 'colcon_meta'
[0.597s] colcon.colcon_core.package_identification Level 1 _identify(src/fox_description_ros2) by extensions ['ros']
[0.597s] colcon.colcon_core.package_identification Level 1 _identify(src/fox_description_ros2) by extension 'ros'
[0.599s] colcon.colcon_core.package_identification DEBUG Package 'src/fox_description_ros2' with type 'ros.ament_cmake' and name 'fox_description_ros2'
[0.599s] colcon.colcon_core.package_identification Level 1 _identify(src/fox_grape_harvest) by extensions ['ignore', 'ignore_ament_install']
[0.599s] colcon.colcon_core.package_identification Level 1 _identify(src/fox_grape_harvest) by extension 'ignore'
[0.599s] colcon.colcon_core.package_identification Level 1 _identify(src/fox_grape_harvest) by extension 'ignore_ament_install'
[0.600s] colcon.colcon_core.package_identification Level 1 _identify(src/fox_grape_harvest) by extensions ['colcon_pkg']
[0.600s] colcon.colcon_core.package_identification Level 1 _identify(src/fox_grape_harvest) by extension 'colcon_pkg'
[0.600s] colcon.colcon_core.package_identification Level 1 _identify(src/fox_grape_harvest) by extensions ['colcon_meta']
[0.600s] colcon.colcon_core.package_identification Level 1 _identify(src/fox_grape_harvest) by extension 'colcon_meta'
[0.600s] colcon.colcon_core.package_identification Level 1 _identify(src/fox_grape_harvest) by extensions ['ros']
[0.600s] colcon.colcon_core.package_identification Level 1 _identify(src/fox_grape_harvest) by extension 'ros'
[0.603s] colcon.colcon_core.package_identification DEBUG Package 'src/fox_grape_harvest' with type 'ros.ament_python' and name 'fox_grape_harvest'
[0.603s] colcon.colcon_core.package_identification Level 1 _identify(src/fox_navigation_ros2) by extensions ['ignore', 'ignore_ament_install']
[0.603s] colcon.colcon_core.package_identification Level 1 _identify(src/fox_navigation_ros2) by extension 'ignore'
[0.604s] colcon.colcon_core.package_identification Level 1 _identify(src/fox_navigation_ros2) by extension 'ignore_ament_install'
[0.604s] colcon.colcon_core.package_identification Level 1 _identify(src/fox_navigation_ros2) by extensions ['colcon_pkg']
[0.604s] colcon.colcon_core.package_identification Level 1 _identify(src/fox_navigation_ros2) by extension 'colcon_pkg'
[0.604s] colcon.colcon_core.package_identification Level 1 _identify(src/fox_navigation_ros2) by extensions ['colcon_meta']
[0.604s] colcon.colcon_core.package_identification Level 1 _identify(src/fox_navigation_ros2) by extension 'colcon_meta'
[0.604s] colcon.colcon_core.package_identification Level 1 _identify(src/fox_navigation_ros2) by extensions ['ros']
[0.604s] colcon.colcon_core.package_identification Level 1 _identify(src/fox_navigation_ros2) by extension 'ros'
[0.607s] colcon.colcon_core.package_identification DEBUG Package 'src/fox_navigation_ros2' with type 'ros.ament_cmake' and name 'fox_navigation_ros2'
[0.607s] colcon.colcon_core.package_identification Level 1 _identify(src/fox_slam_ros2) by extensions ['ignore', 'ignore_ament_install']
[0.607s] colcon.colcon_core.package_identification Level 1 _identify(src/fox_slam_ros2) by extension 'ignore'
[0.608s] colcon.colcon_core.package_identification Level 1 _identify(src/fox_slam_ros2) by extension 'ignore_ament_install'
[0.608s] colcon.colcon_core.package_identification Level 1 _identify(src/fox_slam_ros2) by extensions ['colcon_pkg']
[0.608s] colcon.colcon_core.package_identification Level 1 _identify(src/fox_slam_ros2) by extension 'colcon_pkg'
[0.608s] colcon.colcon_core.package_identification Level 1 _identify(src/fox_slam_ros2) by extensions ['colcon_meta']
[0.608s] colcon.colcon_core.package_identification Level 1 _identify(src/fox_slam_ros2) by extension 'colcon_meta'
[0.608s] colcon.colcon_core.package_identification Level 1 _identify(src/fox_slam_ros2) by extensions ['ros']
[0.608s] colcon.colcon_core.package_identification Level 1 _identify(src/fox_slam_ros2) by extension 'ros'
[0.610s] colcon.colcon_core.package_identification DEBUG Package 'src/fox_slam_ros2' with type 'ros.ament_cmake' and name 'fox_slam_ros2'
[0.610s] colcon.colcon_core.package_identification Level 1 _identify(src/fox_webui) by extensions ['ignore', 'ignore_ament_install']
[0.610s] colcon.colcon_core.package_identification Level 1 _identify(src/fox_webui) by extension 'ignore'
[0.610s] colcon.colcon_core.package_identification Level 1 _identify(src/fox_webui) by extension 'ignore_ament_install'
[0.610s] colcon.colcon_core.package_identification Level 1 _identify(src/fox_webui) by extensions ['colcon_pkg']
[0.610s] colcon.colcon_core.package_identification Level 1 _identify(src/fox_webui) by extension 'colcon_pkg'
[0.610s] colcon.colcon_core.package_identification Level 1 _identify(src/fox_webui) by extensions ['colcon_meta']
[0.611s] colcon.colcon_core.package_identification Level 1 _identify(src/fox_webui) by extension 'colcon_meta'
[0.611s] colcon.colcon_core.package_identification Level 1 _identify(src/fox_webui) by extensions ['ros']
[0.611s] colcon.colcon_core.package_identification Level 1 _identify(src/fox_webui) by extension 'ros'
[0.612s] colcon.colcon_core.package_identification DEBUG Package 'src/fox_webui' with type 'ros.ament_python' and name 'fox_webui'
[0.613s] colcon.colcon_core.package_identification Level 1 _identify(src/gripper_control) by extensions ['ignore', 'ignore_ament_install']
[0.613s] colcon.colcon_core.package_identification Level 1 _identify(src/gripper_control) by extension 'ignore'
[0.613s] colcon.colcon_core.package_identification Level 1 _identify(src/gripper_control) by extension 'ignore_ament_install'
[0.613s] colcon.colcon_core.package_identification Level 1 _identify(src/gripper_control) by extensions ['colcon_pkg']
[0.613s] colcon.colcon_core.package_identification Level 1 _identify(src/gripper_control) by extension 'colcon_pkg'
[0.613s] colcon.colcon_core.package_identification Level 1 _identify(src/gripper_control) by extensions ['colcon_meta']
[0.613s] colcon.colcon_core.package_identification Level 1 _identify(src/gripper_control) by extension 'colcon_meta'
[0.614s] colcon.colcon_core.package_identification Level 1 _identify(src/gripper_control) by extensions ['ros']
[0.614s] colcon.colcon_core.package_identification Level 1 _identify(src/gripper_control) by extension 'ros'
[0.615s] colcon.colcon_core.package_identification DEBUG Package 'src/gripper_control' with type 'ros.ament_cmake' and name 'gripper_control'
[0.615s] colcon.colcon_core.package_identification Level 1 _identify(src/jie_ware) by extensions ['ignore', 'ignore_ament_install']
[0.616s] colcon.colcon_core.package_identification Level 1 _identify(src/jie_ware) by extension 'ignore'
[0.616s] colcon.colcon_core.package_identification Level 1 _identify(src/jie_ware) by extension 'ignore_ament_install'
[0.616s] colcon.colcon_core.package_identification Level 1 _identify(src/jie_ware) by extensions ['colcon_pkg']
[0.616s] colcon.colcon_core.package_identification Level 1 _identify(src/jie_ware) by extension 'colcon_pkg'
[0.616s] colcon.colcon_core.package_identification Level 1 _identify(src/jie_ware) by extensions ['colcon_meta']
[0.616s] colcon.colcon_core.package_identification Level 1 _identify(src/jie_ware) by extension 'colcon_meta'
[0.616s] colcon.colcon_core.package_identification Level 1 _identify(src/jie_ware) by extensions ['ros']
[0.616s] colcon.colcon_core.package_identification Level 1 _identify(src/jie_ware) by extension 'ros'
[0.618s] colcon.colcon_core.package_identification DEBUG Package 'src/jie_ware' with type 'ros.catkin' and name 'jie_ware'
[0.619s] colcon.colcon_core.package_identification Level 1 _identify(src/rei_robot_base) by extensions ['ignore', 'ignore_ament_install']
[0.619s] colcon.colcon_core.package_identification Level 1 _identify(src/rei_robot_base) by extension 'ignore'
[0.619s] colcon.colcon_core.package_identification Level 1 _identify(src/rei_robot_base) by extension 'ignore_ament_install'
[0.619s] colcon.colcon_core.package_identification Level 1 _identify(src/rei_robot_base) by extensions ['colcon_pkg']
[0.619s] colcon.colcon_core.package_identification Level 1 _identify(src/rei_robot_base) by extension 'colcon_pkg'
[0.619s] colcon.colcon_core.package_identification Level 1 _identify(src/rei_robot_base) by extensions ['colcon_meta']
[0.619s] colcon.colcon_core.package_identification Level 1 _identify(src/rei_robot_base) by extension 'colcon_meta'
[0.620s] colcon.colcon_core.package_identification Level 1 _identify(src/rei_robot_base) by extensions ['ros']
[0.620s] colcon.colcon_core.package_identification Level 1 _identify(src/rei_robot_base) by extension 'ros'
[0.622s] colcon.colcon_core.package_identification DEBUG Package 'src/rei_robot_base' with type 'ros.ament_cmake' and name 'rei_robot_base'
[0.622s] colcon.colcon_core.package_identification Level 1 _identify(src/ydlidar_ros2_driver) by extensions ['ignore', 'ignore_ament_install']
[0.622s] colcon.colcon_core.package_identification Level 1 _identify(src/ydlidar_ros2_driver) by extension 'ignore'
[0.623s] colcon.colcon_core.package_identification Level 1 _identify(src/ydlidar_ros2_driver) by extension 'ignore_ament_install'
[0.623s] colcon.colcon_core.package_identification Level 1 _identify(src/ydlidar_ros2_driver) by extensions ['colcon_pkg']
[0.623s] colcon.colcon_core.package_identification Level 1 _identify(src/ydlidar_ros2_driver) by extension 'colcon_pkg'
[0.623s] colcon.colcon_core.package_identification Level 1 _identify(src/ydlidar_ros2_driver) by extensions ['colcon_meta']
[0.623s] colcon.colcon_core.package_identification Level 1 _identify(src/ydlidar_ros2_driver) by extension 'colcon_meta'
[0.623s] colcon.colcon_core.package_identification Level 1 _identify(src/ydlidar_ros2_driver) by extensions ['ros']
[0.623s] colcon.colcon_core.package_identification Level 1 _identify(src/ydlidar_ros2_driver) by extension 'ros'
[0.627s] colcon.colcon_core.package_identification DEBUG Package 'src/ydlidar_ros2_driver' with type 'ros.ament_cmake' and name 'ydlidar_ros2_driver'
[0.627s] colcon.colcon_core.package_discovery Level 1 discover_packages(recursive) using defaults
[0.627s] colcon.colcon_core.package_discovery Level 1 discover_packages(ignore) discover
[0.627s] colcon.colcon_core.package_discovery Level 1 discover_packages(ignore) using defaults
[0.627s] colcon.colcon_core.package_discovery Level 1 discover_packages(path) discover
[0.627s] colcon.colcon_core.package_discovery Level 1 discover_packages(path) using defaults
[0.670s] colcon.colcon_core.package_selection INFO Skipping not selected package 'arm_controller' in 'src/arm_controller'
[0.671s] colcon.colcon_core.package_selection INFO Skipping not selected package 'fox_description_ros2' in 'src/fox_description_ros2'
[0.671s] colcon.colcon_core.package_selection INFO Skipping not selected package 'gripper_control' in 'src/gripper_control'
[0.671s] colcon.colcon_core.package_selection INFO Skipping not selected package 'jie_ware' in 'src/jie_ware'
[0.671s] colcon.colcon_core.package_selection INFO Skipping not selected package 'orbbec_camera_msgs' in 'src/OrbbecSDK_ROS2/orbbec_camera_msgs'
[0.671s] colcon.colcon_core.package_selection INFO Skipping not selected package 'orbbec_description' in 'src/OrbbecSDK_ROS2/orbbec_description'
[0.671s] colcon.colcon_core.package_selection INFO Skipping not selected package 'rei_robot_base' in 'src/rei_robot_base'
[0.671s] colcon.colcon_core.package_selection INFO Skipping not selected package 'ydlidar_ros2_driver' in 'src/ydlidar_ros2_driver'
[0.671s] colcon.colcon_core.package_selection INFO Skipping not selected package 'fox_grape_harvest' in 'src/fox_grape_harvest'
[0.671s] colcon.colcon_core.package_selection INFO Skipping not selected package 'fox_slam_ros2' in 'src/fox_slam_ros2'
[0.671s] colcon.colcon_core.package_selection INFO Skipping not selected package 'orbbec_camera' in 'src/OrbbecSDK_ROS2/orbbec_camera'
[0.671s] colcon.colcon_core.package_selection INFO Skipping not selected package 'fox_webui' in 'src/fox_webui'
[0.672s] colcon.colcon_core.package_discovery Level 1 discover_packages(prefix_path) check parameters
[0.672s] colcon.colcon_core.package_discovery Level 1 discover_packages(prefix_path) discover
[0.678s] colcon.colcon_installed_package_information.package_discovery DEBUG Found 12 installed packages in /home/ubuntu/ros2fox/install
[0.681s] colcon.colcon_installed_package_information.package_discovery DEBUG Found 361 installed packages in /opt/ros/humble
[0.685s] colcon.colcon_core.package_discovery Level 1 discover_packages(prefix_path) using defaults
[0.785s] colcon.colcon_core.verb Level 5 set package 'fox_navigation_ros2' build argument 'cmake_args' from command line to 'None'
[0.785s] colcon.colcon_core.verb Level 5 set package 'fox_navigation_ros2' build argument 'cmake_target' from command line to 'None'
[0.786s] colcon.colcon_core.verb Level 5 set package 'fox_navigation_ros2' build argument 'cmake_target_skip_unavailable' from command line to 'False'
[0.786s] colcon.colcon_core.verb Level 5 set package 'fox_navigation_ros2' build argument 'cmake_clean_cache' from command line to 'False'
[0.786s] colcon.colcon_core.verb Level 5 set package 'fox_navigation_ros2' build argument 'cmake_clean_first' from command line to 'False'
[0.786s] colcon.colcon_core.verb Level 5 set package 'fox_navigation_ros2' build argument 'cmake_force_configure' from command line to 'False'
[0.786s] colcon.colcon_core.verb Level 5 set package 'fox_navigation_ros2' build argument 'ament_cmake_args' from command line to 'None'
[0.786s] colcon.colcon_core.verb Level 5 set package 'fox_navigation_ros2' build argument 'catkin_cmake_args' from command line to 'None'
[0.786s] colcon.colcon_core.verb Level 5 set package 'fox_navigation_ros2' build argument 'catkin_skip_building_tests' from command line to 'False'
[0.786s] colcon.colcon_core.verb DEBUG Building package 'fox_navigation_ros2' with the following arguments: {'ament_cmake_args': None, 'build_base': '/home/ubuntu/ros2fox/build/fox_navigation_ros2', 'catkin_cmake_args': None, 'catkin_skip_building_tests': False, 'cmake_args': None, 'cmake_clean_cache': False, 'cmake_clean_first': False, 'cmake_force_configure': False, 'cmake_target': None, 'cmake_target_skip_unavailable': False, 'install_base': '/home/ubuntu/ros2fox/install/fox_navigation_ros2', 'merge_install': False, 'path': '/home/ubuntu/ros2fox/src/fox_navigation_ros2', 'symlink_install': False, 'test_result_base': None}
[0.786s] colcon.colcon_core.executor INFO Executing jobs using 'parallel' executor
[0.790s] colcon.colcon_parallel_executor.executor.parallel DEBUG run_until_complete
[0.790s] colcon.colcon_ros.task.ament_cmake.build INFO Building ROS package in '/home/ubuntu/ros2fox/src/fox_navigation_ros2' with build type 'ament_cmake'
[0.791s] colcon.colcon_cmake.task.cmake.build INFO Building CMake package in '/home/ubuntu/ros2fox/src/fox_navigation_ros2'
[0.797s] colcon.colcon_core.plugin_system INFO Skipping extension 'colcon_core.shell.bat': Not used on non-Windows systems
[0.797s] colcon.colcon_core.shell INFO Skip shell extension 'powershell' for command environment: Not usable outside of PowerShell
[0.797s] colcon.colcon_core.shell DEBUG Skip shell extension 'dsv' for command environment
[0.838s] colcon.colcon_core.event_handler.log_command DEBUG Invoking command in '/home/ubuntu/ros2fox/build/fox_navigation_ros2': CMAKE_PREFIX_PATH=/home/ubuntu/ros2fox/install/ydlidar_ros2_driver:/home/ubuntu/ros2fox/install/rei_robot_base:/home/ubuntu/ros2fox/install/fox_description_ros2:/home/ubuntu/ros2fox/install/fox_slam_ros2:/home/ubuntu/ros2fox/install/fox_navigation_ros2:/home/ubuntu/ros2fox/install/orbbec_description:/home/ubuntu/ros2fox/install/orbbec_camera:/home/ubuntu/ros2fox/install/orbbec_camera_msgs:/home/ubuntu/ros2fox/install/gripper_control:/home/ubuntu/ros2fox/install/arm_controller:/home/ubuntu/ros2fox/install/fox_webui:/home/ubuntu/ros2fox/install/fox_grape_harvest:/opt/ros/humble LD_LIBRARY_PATH=/home/ubuntu/ros2fox/install/rei_robot_base/lib:/home/ubuntu/ros2fox/install/orbbec_camera/lib:/home/ubuntu/ros2fox/install/orbbec_camera_msgs/lib:/opt/ros/humble/opt/rviz_ogre_vendor/lib:/opt/ros/humble/lib/aarch64-linux-gnu:/home/ubuntu/ros2fox/install/arm_controller/lib:/opt/ros/humble/lib:/usr/local/cuda/lib64:/home/ubuntu/ros2fox/install/arm_controller/lib:/opt/ros/humble/lib:/usr/local/cuda/lib64 /usr/bin/cmake --build /home/ubuntu/ros2fox/build/fox_navigation_ros2 -- -j6 -l6
[0.979s] colcon.colcon_core.event_handler.log_command DEBUG Invoked command in '/home/ubuntu/ros2fox/build/fox_navigation_ros2' returned '0': CMAKE_PREFIX_PATH=/home/ubuntu/ros2fox/install/ydlidar_ros2_driver:/home/ubuntu/ros2fox/install/rei_robot_base:/home/ubuntu/ros2fox/install/fox_description_ros2:/home/ubuntu/ros2fox/install/fox_slam_ros2:/home/ubuntu/ros2fox/install/fox_navigation_ros2:/home/ubuntu/ros2fox/install/orbbec_description:/home/ubuntu/ros2fox/install/orbbec_camera:/home/ubuntu/ros2fox/install/orbbec_camera_msgs:/home/ubuntu/ros2fox/install/gripper_control:/home/ubuntu/ros2fox/install/arm_controller:/home/ubuntu/ros2fox/install/fox_webui:/home/ubuntu/ros2fox/install/fox_grape_harvest:/opt/ros/humble LD_LIBRARY_PATH=/home/ubuntu/ros2fox/install/rei_robot_base/lib:/home/ubuntu/ros2fox/install/orbbec_camera/lib:/home/ubuntu/ros2fox/install/orbbec_camera_msgs/lib:/opt/ros/humble/opt/rviz_ogre_vendor/lib:/opt/ros/humble/lib/aarch64-linux-gnu:/home/ubuntu/ros2fox/install/arm_controller/lib:/opt/ros/humble/lib:/usr/local/cuda/lib64:/home/ubuntu/ros2fox/install/arm_controller/lib:/opt/ros/humble/lib:/usr/local/cuda/lib64 /usr/bin/cmake --build /home/ubuntu/ros2fox/build/fox_navigation_ros2 -- -j6 -l6
[1.050s] colcon.colcon_core.event_handler.log_command DEBUG Invoking command in '/home/ubuntu/ros2fox/build/fox_navigation_ros2': CMAKE_PREFIX_PATH=/home/ubuntu/ros2fox/install/ydlidar_ros2_driver:/home/ubuntu/ros2fox/install/rei_robot_base:/home/ubuntu/ros2fox/install/fox_description_ros2:/home/ubuntu/ros2fox/install/fox_slam_ros2:/home/ubuntu/ros2fox/install/fox_navigation_ros2:/home/ubuntu/ros2fox/install/orbbec_description:/home/ubuntu/ros2fox/install/orbbec_camera:/home/ubuntu/ros2fox/install/orbbec_camera_msgs:/home/ubuntu/ros2fox/install/gripper_control:/home/ubuntu/ros2fox/install/arm_controller:/home/ubuntu/ros2fox/install/fox_webui:/home/ubuntu/ros2fox/install/fox_grape_harvest:/opt/ros/humble LD_LIBRARY_PATH=/home/ubuntu/ros2fox/install/rei_robot_base/lib:/home/ubuntu/ros2fox/install/orbbec_camera/lib:/home/ubuntu/ros2fox/install/orbbec_camera_msgs/lib:/opt/ros/humble/opt/rviz_ogre_vendor/lib:/opt/ros/humble/lib/aarch64-linux-gnu:/home/ubuntu/ros2fox/install/arm_controller/lib:/opt/ros/humble/lib:/usr/local/cuda/lib64:/home/ubuntu/ros2fox/install/arm_controller/lib:/opt/ros/humble/lib:/usr/local/cuda/lib64 /usr/bin/cmake --install /home/ubuntu/ros2fox/build/fox_navigation_ros2
[1.077s] colcon.colcon_core.environment Level 1 create_environment_scripts_only(fox_navigation_ros2)
[1.082s] colcon.colcon_core.event_handler.log_command DEBUG Invoked command in '/home/ubuntu/ros2fox/build/fox_navigation_ros2' returned '0': CMAKE_PREFIX_PATH=/home/ubuntu/ros2fox/install/ydlidar_ros2_driver:/home/ubuntu/ros2fox/install/rei_robot_base:/home/ubuntu/ros2fox/install/fox_description_ros2:/home/ubuntu/ros2fox/install/fox_slam_ros2:/home/ubuntu/ros2fox/install/fox_navigation_ros2:/home/ubuntu/ros2fox/install/orbbec_description:/home/ubuntu/ros2fox/install/orbbec_camera:/home/ubuntu/ros2fox/install/orbbec_camera_msgs:/home/ubuntu/ros2fox/install/gripper_control:/home/ubuntu/ros2fox/install/arm_controller:/home/ubuntu/ros2fox/install/fox_webui:/home/ubuntu/ros2fox/install/fox_grape_harvest:/opt/ros/humble LD_LIBRARY_PATH=/home/ubuntu/ros2fox/install/rei_robot_base/lib:/home/ubuntu/ros2fox/install/orbbec_camera/lib:/home/ubuntu/ros2fox/install/orbbec_camera_msgs/lib:/opt/ros/humble/opt/rviz_ogre_vendor/lib:/opt/ros/humble/lib/aarch64-linux-gnu:/home/ubuntu/ros2fox/install/arm_controller/lib:/opt/ros/humble/lib:/usr/local/cuda/lib64:/home/ubuntu/ros2fox/install/arm_controller/lib:/opt/ros/humble/lib:/usr/local/cuda/lib64 /usr/bin/cmake --install /home/ubuntu/ros2fox/build/fox_navigation_ros2
[1.087s] colcon.colcon_core.environment Level 1 checking '/home/ubuntu/ros2fox/install/fox_navigation_ros2' for CMake module files
[1.088s] colcon.colcon_core.environment Level 1 checking '/home/ubuntu/ros2fox/install/fox_navigation_ros2' for CMake config files
[1.089s] colcon.colcon_core.shell Level 1 create_environment_hook('fox_navigation_ros2', 'cmake_prefix_path')
[1.090s] colcon.colcon_core.shell INFO Creating environment hook '/home/ubuntu/ros2fox/install/fox_navigation_ros2/share/fox_navigation_ros2/hook/cmake_prefix_path.ps1'
[1.092s] colcon.colcon_core.shell INFO Creating environment descriptor '/home/ubuntu/ros2fox/install/fox_navigation_ros2/share/fox_navigation_ros2/hook/cmake_prefix_path.dsv'
[1.094s] colcon.colcon_core.shell INFO Creating environment hook '/home/ubuntu/ros2fox/install/fox_navigation_ros2/share/fox_navigation_ros2/hook/cmake_prefix_path.sh'
[1.097s] colcon.colcon_core.environment Level 1 checking '/home/ubuntu/ros2fox/install/fox_navigation_ros2/lib'
[1.098s] colcon.colcon_core.environment Level 1 checking '/home/ubuntu/ros2fox/install/fox_navigation_ros2/bin'
[1.098s] colcon.colcon_core.environment Level 1 checking '/home/ubuntu/ros2fox/install/fox_navigation_ros2/lib/pkgconfig/fox_navigation_ros2.pc'
[1.099s] colcon.colcon_core.environment Level 1 checking '/home/ubuntu/ros2fox/install/fox_navigation_ros2/lib/python3.10/site-packages'
[1.100s] colcon.colcon_core.environment Level 1 checking '/home/ubuntu/ros2fox/install/fox_navigation_ros2/bin'
[1.101s] colcon.colcon_core.shell INFO Creating package script '/home/ubuntu/ros2fox/install/fox_navigation_ros2/share/fox_navigation_ros2/package.ps1'
[1.104s] colcon.colcon_core.shell INFO Creating package descriptor '/home/ubuntu/ros2fox/install/fox_navigation_ros2/share/fox_navigation_ros2/package.dsv'
[1.138s] colcon.colcon_core.shell INFO Creating package script '/home/ubuntu/ros2fox/install/fox_navigation_ros2/share/fox_navigation_ros2/package.sh'
[1.140s] colcon.colcon_core.shell INFO Creating package script '/home/ubuntu/ros2fox/install/fox_navigation_ros2/share/fox_navigation_ros2/package.bash'
[1.141s] colcon.colcon_core.shell INFO Creating package script '/home/ubuntu/ros2fox/install/fox_navigation_ros2/share/fox_navigation_ros2/package.zsh'
[1.143s] colcon.colcon_core.environment Level 1 create_file_with_runtime_dependencies(/home/ubuntu/ros2fox/install/fox_navigation_ros2/share/colcon-core/packages/fox_navigation_ros2)
[1.192s] colcon.colcon_core.environment Level 1 create_environment_scripts_only(fox_navigation_ros2)
[1.192s] colcon.colcon_core.environment Level 1 checking '/home/ubuntu/ros2fox/install/fox_navigation_ros2' for CMake module files
[1.193s] colcon.colcon_core.environment Level 1 checking '/home/ubuntu/ros2fox/install/fox_navigation_ros2' for CMake config files
[1.194s] colcon.colcon_core.shell Level 1 create_environment_hook('fox_navigation_ros2', 'cmake_prefix_path')
[1.194s] colcon.colcon_core.shell INFO Creating environment hook '/home/ubuntu/ros2fox/install/fox_navigation_ros2/share/fox_navigation_ros2/hook/cmake_prefix_path.ps1'
[1.199s] colcon.colcon_core.shell INFO Creating environment descriptor '/home/ubuntu/ros2fox/install/fox_navigation_ros2/share/fox_navigation_ros2/hook/cmake_prefix_path.dsv'
[1.201s] colcon.colcon_core.shell INFO Creating environment hook '/home/ubuntu/ros2fox/install/fox_navigation_ros2/share/fox_navigation_ros2/hook/cmake_prefix_path.sh'
[1.203s] colcon.colcon_core.environment Level 1 checking '/home/ubuntu/ros2fox/install/fox_navigation_ros2/lib'
[1.203s] colcon.colcon_core.environment Level 1 checking '/home/ubuntu/ros2fox/install/fox_navigation_ros2/bin'
[1.204s] colcon.colcon_core.environment Level 1 checking '/home/ubuntu/ros2fox/install/fox_navigation_ros2/lib/pkgconfig/fox_navigation_ros2.pc'
[1.204s] colcon.colcon_core.environment Level 1 checking '/home/ubuntu/ros2fox/install/fox_navigation_ros2/lib/python3.10/site-packages'
[1.205s] colcon.colcon_core.environment Level 1 checking '/home/ubuntu/ros2fox/install/fox_navigation_ros2/bin'
[1.206s] colcon.colcon_core.shell INFO Creating package script '/home/ubuntu/ros2fox/install/fox_navigation_ros2/share/fox_navigation_ros2/package.ps1'
[1.208s] colcon.colcon_core.shell INFO Creating package descriptor '/home/ubuntu/ros2fox/install/fox_navigation_ros2/share/fox_navigation_ros2/package.dsv'
[1.210s] colcon.colcon_core.shell INFO Creating package script '/home/ubuntu/ros2fox/install/fox_navigation_ros2/share/fox_navigation_ros2/package.sh'
[1.212s] colcon.colcon_core.shell INFO Creating package script '/home/ubuntu/ros2fox/install/fox_navigation_ros2/share/fox_navigation_ros2/package.bash'
[1.213s] colcon.colcon_core.shell INFO Creating package script '/home/ubuntu/ros2fox/install/fox_navigation_ros2/share/fox_navigation_ros2/package.zsh'
[1.214s] colcon.colcon_core.environment Level 1 create_file_with_runtime_dependencies(/home/ubuntu/ros2fox/install/fox_navigation_ros2/share/colcon-core/packages/fox_navigation_ros2)
[1.217s] colcon.colcon_parallel_executor.executor.parallel DEBUG closing loop
[1.217s] colcon.colcon_parallel_executor.executor.parallel DEBUG loop closed
[1.217s] colcon.colcon_parallel_executor.executor.parallel DEBUG run_until_complete finished with '0'
[1.218s] colcon.colcon_core.event_reactor DEBUG joining thread
[1.231s] colcon.colcon_core.plugin_system INFO Skipping extension 'colcon_notification.desktop_notification.terminal_notifier': Not used on non-Darwin systems
[1.232s] colcon.colcon_core.plugin_system INFO Skipping extension 'colcon_notification.desktop_notification.win32': Not used on non-Windows systems
[1.232s] colcon.colcon_notification.desktop_notification INFO Sending desktop notification using 'notify2'
[1.302s] colcon.colcon_core.event_reactor DEBUG joined thread
[1.303s] colcon.colcon_core.shell INFO Creating prefix script '/home/ubuntu/ros2fox/install/local_setup.ps1'
[1.306s] colcon.colcon_core.shell INFO Creating prefix util module '/home/ubuntu/ros2fox/install/_local_setup_util_ps1.py'
[1.309s] colcon.colcon_core.shell INFO Creating prefix chain script '/home/ubuntu/ros2fox/install/setup.ps1'
[1.314s] colcon.colcon_core.shell INFO Creating prefix script '/home/ubuntu/ros2fox/install/local_setup.sh'
[1.315s] colcon.colcon_core.shell INFO Creating prefix util module '/home/ubuntu/ros2fox/install/_local_setup_util_sh.py'
[1.316s] colcon.colcon_core.shell INFO Creating prefix chain script '/home/ubuntu/ros2fox/install/setup.sh'
[1.320s] colcon.colcon_core.shell INFO Creating prefix script '/home/ubuntu/ros2fox/install/local_setup.bash'
[1.321s] colcon.colcon_core.shell INFO Creating prefix chain script '/home/ubuntu/ros2fox/install/setup.bash'
[1.324s] colcon.colcon_core.shell INFO Creating prefix script '/home/ubuntu/ros2fox/install/local_setup.zsh'
[1.325s] colcon.colcon_core.shell INFO Creating prefix chain script '/home/ubuntu/ros2fox/install/setup.zsh'
