[0.889s] colcon DEBUG Command line arguments: ['/home/ubuntu/.local/bin/colcon', 'build', '--packages-select', 'fox_webui']
[0.889s] colcon DEBUG Parsed command line arguments: Namespace(log_base=None, log_level=None, verb_name='build', build_base='build', install_base='install', merge_install=False, symlink_install=False, test_result_base=None, continue_on_error=False, executor='parallel', parallel_workers=6, event_handlers=None, ignore_user_meta=False, metas=['./colcon.meta'], base_paths=['.'], packages_ignore=None, packages_ignore_regex=None, paths=None, packages_up_to=None, packages_up_to_regex=None, packages_above=None, packages_above_and_dependencies=None, packages_above_depth=None, packages_select_by_dep=None, packages_skip_by_dep=None, packages_skip_up_to=None, packages_select_build_failed=False, packages_skip_build_finished=False, packages_select_test_failures=False, packages_skip_test_passed=False, packages_select=['fox_webui'], packages_skip=None, packages_select_regex=None, packages_skip_regex=None, packages_start=None, packages_end=None, allow_overriding=[], cmake_args=None, cmake_target=None, cmake_target_skip_unavailable=False, cmake_clean_cache=False, cmake_clean_first=False, cmake_force_configure=False, ament_cmake_args=None, catkin_cmake_args=None, catkin_skip_building_tests=False, verb_parser=<colcon_defaults.argument_parser.defaults.DefaultArgumentsDecorator object at 0xffff8fc608e0>, verb_extension=<colcon_core.verb.build.BuildVerb object at 0xffff8fd71ba0>, main=<bound method BuildVerb.main of <colcon_core.verb.build.BuildVerb object at 0xffff8fd71ba0>>)
[1.313s] colcon.colcon_core.package_discovery Level 1 discover_packages(colcon_meta) check parameters
[1.314s] colcon.colcon_core.package_discovery Level 1 discover_packages(recursive) check parameters
[1.314s] colcon.colcon_core.package_discovery Level 1 discover_packages(ignore) check parameters
[1.314s] colcon.colcon_core.package_discovery Level 1 discover_packages(path) check parameters
[1.314s] colcon.colcon_core.package_discovery Level 1 discover_packages(colcon_meta) discover
[1.315s] colcon.colcon_core.package_discovery Level 1 discover_packages(recursive) discover
[1.315s] colcon.colcon_core.package_discovery INFO Crawling recursively for packages in '/home/ubuntu/ros2fox'
[1.316s] colcon.colcon_core.package_identification Level 1 _identify(.) by extensions ['ignore', 'ignore_ament_install']
[1.316s] colcon.colcon_core.package_identification Level 1 _identify(.) by extension 'ignore'
[1.316s] colcon.colcon_core.package_identification Level 1 _identify(.) by extension 'ignore_ament_install'
[1.317s] colcon.colcon_core.package_identification Level 1 _identify(.) by extensions ['colcon_pkg']
[1.317s] colcon.colcon_core.package_identification Level 1 _identify(.) by extension 'colcon_pkg'
[1.317s] colcon.colcon_core.package_identification Level 1 _identify(.) by extensions ['colcon_meta']
[1.317s] colcon.colcon_core.package_identification Level 1 _identify(.) by extension 'colcon_meta'
[1.317s] colcon.colcon_core.package_identification Level 1 _identify(.) by extensions ['ros']
[1.318s] colcon.colcon_core.package_identification Level 1 _identify(.) by extension 'ros'
[1.381s] colcon.colcon_core.package_identification Level 1 _identify(.) by extensions ['cmake', 'python']
[1.381s] colcon.colcon_core.package_identification Level 1 _identify(.) by extension 'cmake'
[1.382s] colcon.colcon_core.package_identification Level 1 _identify(.) by extension 'python'
[1.382s] colcon.colcon_core.package_identification Level 1 _identify(.) by extensions ['python_setup_py']
[1.382s] colcon.colcon_core.package_identification Level 1 _identify(.) by extension 'python_setup_py'
[1.382s] colcon.colcon_core.package_identification Level 1 _identify(Log) by extensions ['ignore', 'ignore_ament_install']
[1.383s] colcon.colcon_core.package_identification Level 1 _identify(Log) by extension 'ignore'
[1.383s] colcon.colcon_core.package_identification Level 1 _identify(Log) by extension 'ignore_ament_install'
[1.383s] colcon.colcon_core.package_identification Level 1 _identify(Log) by extensions ['colcon_pkg']
[1.383s] colcon.colcon_core.package_identification Level 1 _identify(Log) by extension 'colcon_pkg'
[1.383s] colcon.colcon_core.package_identification Level 1 _identify(Log) by extensions ['colcon_meta']
[1.384s] colcon.colcon_core.package_identification Level 1 _identify(Log) by extension 'colcon_meta'
[1.384s] colcon.colcon_core.package_identification Level 1 _identify(Log) by extensions ['ros']
[1.384s] colcon.colcon_core.package_identification Level 1 _identify(Log) by extension 'ros'
[1.384s] colcon.colcon_core.package_identification Level 1 _identify(Log) by extensions ['cmake', 'python']
[1.384s] colcon.colcon_core.package_identification Level 1 _identify(Log) by extension 'cmake'
[1.384s] colcon.colcon_core.package_identification Level 1 _identify(Log) by extension 'python'
[1.385s] colcon.colcon_core.package_identification Level 1 _identify(Log) by extensions ['python_setup_py']
[1.385s] colcon.colcon_core.package_identification Level 1 _identify(Log) by extension 'python_setup_py'
[1.385s] colcon.colcon_core.package_identification Level 1 _identify(build) by extensions ['ignore', 'ignore_ament_install']
[1.385s] colcon.colcon_core.package_identification Level 1 _identify(build) by extension 'ignore'
[1.385s] colcon.colcon_core.package_identification Level 1 _identify(build) ignored
[1.386s] colcon.colcon_core.package_identification Level 1 _identify(calib_data) by extensions ['ignore', 'ignore_ament_install']
[1.386s] colcon.colcon_core.package_identification Level 1 _identify(calib_data) by extension 'ignore'
[1.386s] colcon.colcon_core.package_identification Level 1 _identify(calib_data) by extension 'ignore_ament_install'
[1.386s] colcon.colcon_core.package_identification Level 1 _identify(calib_data) by extensions ['colcon_pkg']
[1.386s] colcon.colcon_core.package_identification Level 1 _identify(calib_data) by extension 'colcon_pkg'
[1.387s] colcon.colcon_core.package_identification Level 1 _identify(calib_data) by extensions ['colcon_meta']
[1.387s] colcon.colcon_core.package_identification Level 1 _identify(calib_data) by extension 'colcon_meta'
[1.387s] colcon.colcon_core.package_identification Level 1 _identify(calib_data) by extensions ['ros']
[1.387s] colcon.colcon_core.package_identification Level 1 _identify(calib_data) by extension 'ros'
[1.387s] colcon.colcon_core.package_identification Level 1 _identify(calib_data) by extensions ['cmake', 'python']
[1.387s] colcon.colcon_core.package_identification Level 1 _identify(calib_data) by extension 'cmake'
[1.387s] colcon.colcon_core.package_identification Level 1 _identify(calib_data) by extension 'python'
[1.388s] colcon.colcon_core.package_identification Level 1 _identify(calib_data) by extensions ['python_setup_py']
[1.388s] colcon.colcon_core.package_identification Level 1 _identify(calib_data) by extension 'python_setup_py'
[1.388s] colcon.colcon_core.package_identification Level 1 _identify(calib_data/color) by extensions ['ignore', 'ignore_ament_install']
[1.388s] colcon.colcon_core.package_identification Level 1 _identify(calib_data/color) by extension 'ignore'
[1.388s] colcon.colcon_core.package_identification Level 1 _identify(calib_data/color) by extension 'ignore_ament_install'
[1.389s] colcon.colcon_core.package_identification Level 1 _identify(calib_data/color) by extensions ['colcon_pkg']
[1.389s] colcon.colcon_core.package_identification Level 1 _identify(calib_data/color) by extension 'colcon_pkg'
[1.389s] colcon.colcon_core.package_identification Level 1 _identify(calib_data/color) by extensions ['colcon_meta']
[1.389s] colcon.colcon_core.package_identification Level 1 _identify(calib_data/color) by extension 'colcon_meta'
[1.389s] colcon.colcon_core.package_identification Level 1 _identify(calib_data/color) by extensions ['ros']
[1.389s] colcon.colcon_core.package_identification Level 1 _identify(calib_data/color) by extension 'ros'
[1.389s] colcon.colcon_core.package_identification Level 1 _identify(calib_data/color) by extensions ['cmake', 'python']
[1.390s] colcon.colcon_core.package_identification Level 1 _identify(calib_data/color) by extension 'cmake'
[1.390s] colcon.colcon_core.package_identification Level 1 _identify(calib_data/color) by extension 'python'
[1.390s] colcon.colcon_core.package_identification Level 1 _identify(calib_data/color) by extensions ['python_setup_py']
[1.390s] colcon.colcon_core.package_identification Level 1 _identify(calib_data/color) by extension 'python_setup_py'
[1.390s] colcon.colcon_core.package_identification Level 1 _identify(calib_data/color_old) by extensions ['ignore', 'ignore_ament_install']
[1.390s] colcon.colcon_core.package_identification Level 1 _identify(calib_data/color_old) by extension 'ignore'
[1.391s] colcon.colcon_core.package_identification Level 1 _identify(calib_data/color_old) by extension 'ignore_ament_install'
[1.391s] colcon.colcon_core.package_identification Level 1 _identify(calib_data/color_old) by extensions ['colcon_pkg']
[1.391s] colcon.colcon_core.package_identification Level 1 _identify(calib_data/color_old) by extension 'colcon_pkg'
[1.391s] colcon.colcon_core.package_identification Level 1 _identify(calib_data/color_old) by extensions ['colcon_meta']
[1.391s] colcon.colcon_core.package_identification Level 1 _identify(calib_data/color_old) by extension 'colcon_meta'
[1.391s] colcon.colcon_core.package_identification Level 1 _identify(calib_data/color_old) by extensions ['ros']
[1.391s] colcon.colcon_core.package_identification Level 1 _identify(calib_data/color_old) by extension 'ros'
[1.392s] colcon.colcon_core.package_identification Level 1 _identify(calib_data/color_old) by extensions ['cmake', 'python']
[1.392s] colcon.colcon_core.package_identification Level 1 _identify(calib_data/color_old) by extension 'cmake'
[1.392s] colcon.colcon_core.package_identification Level 1 _identify(calib_data/color_old) by extension 'python'
[1.392s] colcon.colcon_core.package_identification Level 1 _identify(calib_data/color_old) by extensions ['python_setup_py']
[1.392s] colcon.colcon_core.package_identification Level 1 _identify(calib_data/color_old) by extension 'python_setup_py'
[1.392s] colcon.colcon_core.package_identification Level 1 _identify(calib_data/ir) by extensions ['ignore', 'ignore_ament_install']
[1.393s] colcon.colcon_core.package_identification Level 1 _identify(calib_data/ir) by extension 'ignore'
[1.393s] colcon.colcon_core.package_identification Level 1 _identify(calib_data/ir) by extension 'ignore_ament_install'
[1.393s] colcon.colcon_core.package_identification Level 1 _identify(calib_data/ir) by extensions ['colcon_pkg']
[1.393s] colcon.colcon_core.package_identification Level 1 _identify(calib_data/ir) by extension 'colcon_pkg'
[1.393s] colcon.colcon_core.package_identification Level 1 _identify(calib_data/ir) by extensions ['colcon_meta']
[1.393s] colcon.colcon_core.package_identification Level 1 _identify(calib_data/ir) by extension 'colcon_meta'
[1.393s] colcon.colcon_core.package_identification Level 1 _identify(calib_data/ir) by extensions ['ros']
[1.393s] colcon.colcon_core.package_identification Level 1 _identify(calib_data/ir) by extension 'ros'
[1.394s] colcon.colcon_core.package_identification Level 1 _identify(calib_data/ir) by extensions ['cmake', 'python']
[1.394s] colcon.colcon_core.package_identification Level 1 _identify(calib_data/ir) by extension 'cmake'
[1.394s] colcon.colcon_core.package_identification Level 1 _identify(calib_data/ir) by extension 'python'
[1.394s] colcon.colcon_core.package_identification Level 1 _identify(calib_data/ir) by extensions ['python_setup_py']
[1.394s] colcon.colcon_core.package_identification Level 1 _identify(calib_data/ir) by extension 'python_setup_py'
[1.394s] colcon.colcon_core.package_identification Level 1 _identify(calib_data/ir_old) by extensions ['ignore', 'ignore_ament_install']
[1.395s] colcon.colcon_core.package_identification Level 1 _identify(calib_data/ir_old) by extension 'ignore'
[1.395s] colcon.colcon_core.package_identification Level 1 _identify(calib_data/ir_old) by extension 'ignore_ament_install'
[1.395s] colcon.colcon_core.package_identification Level 1 _identify(calib_data/ir_old) by extensions ['colcon_pkg']
[1.395s] colcon.colcon_core.package_identification Level 1 _identify(calib_data/ir_old) by extension 'colcon_pkg'
[1.395s] colcon.colcon_core.package_identification Level 1 _identify(calib_data/ir_old) by extensions ['colcon_meta']
[1.395s] colcon.colcon_core.package_identification Level 1 _identify(calib_data/ir_old) by extension 'colcon_meta'
[1.395s] colcon.colcon_core.package_identification Level 1 _identify(calib_data/ir_old) by extensions ['ros']
[1.396s] colcon.colcon_core.package_identification Level 1 _identify(calib_data/ir_old) by extension 'ros'
[1.396s] colcon.colcon_core.package_identification Level 1 _identify(calib_data/ir_old) by extensions ['cmake', 'python']
[1.396s] colcon.colcon_core.package_identification Level 1 _identify(calib_data/ir_old) by extension 'cmake'
[1.396s] colcon.colcon_core.package_identification Level 1 _identify(calib_data/ir_old) by extension 'python'
[1.396s] colcon.colcon_core.package_identification Level 1 _identify(calib_data/ir_old) by extensions ['python_setup_py']
[1.396s] colcon.colcon_core.package_identification Level 1 _identify(calib_data/ir_old) by extension 'python_setup_py'
[1.396s] colcon.colcon_core.package_identification Level 1 _identify(calib_result) by extensions ['ignore', 'ignore_ament_install']
[1.397s] colcon.colcon_core.package_identification Level 1 _identify(calib_result) by extension 'ignore'
[1.397s] colcon.colcon_core.package_identification Level 1 _identify(calib_result) by extension 'ignore_ament_install'
[1.397s] colcon.colcon_core.package_identification Level 1 _identify(calib_result) by extensions ['colcon_pkg']
[1.397s] colcon.colcon_core.package_identification Level 1 _identify(calib_result) by extension 'colcon_pkg'
[1.397s] colcon.colcon_core.package_identification Level 1 _identify(calib_result) by extensions ['colcon_meta']
[1.397s] colcon.colcon_core.package_identification Level 1 _identify(calib_result) by extension 'colcon_meta'
[1.397s] colcon.colcon_core.package_identification Level 1 _identify(calib_result) by extensions ['ros']
[1.397s] colcon.colcon_core.package_identification Level 1 _identify(calib_result) by extension 'ros'
[1.398s] colcon.colcon_core.package_identification Level 1 _identify(calib_result) by extensions ['cmake', 'python']
[1.398s] colcon.colcon_core.package_identification Level 1 _identify(calib_result) by extension 'cmake'
[1.398s] colcon.colcon_core.package_identification Level 1 _identify(calib_result) by extension 'python'
[1.398s] colcon.colcon_core.package_identification Level 1 _identify(calib_result) by extensions ['python_setup_py']
[1.398s] colcon.colcon_core.package_identification Level 1 _identify(calib_result) by extension 'python_setup_py'
[1.398s] colcon.colcon_core.package_identification Level 1 _identify(dairy) by extensions ['ignore', 'ignore_ament_install']
[1.399s] colcon.colcon_core.package_identification Level 1 _identify(dairy) by extension 'ignore'
[1.399s] colcon.colcon_core.package_identification Level 1 _identify(dairy) by extension 'ignore_ament_install'
[1.399s] colcon.colcon_core.package_identification Level 1 _identify(dairy) by extensions ['colcon_pkg']
[1.399s] colcon.colcon_core.package_identification Level 1 _identify(dairy) by extension 'colcon_pkg'
[1.399s] colcon.colcon_core.package_identification Level 1 _identify(dairy) by extensions ['colcon_meta']
[1.399s] colcon.colcon_core.package_identification Level 1 _identify(dairy) by extension 'colcon_meta'
[1.399s] colcon.colcon_core.package_identification Level 1 _identify(dairy) by extensions ['ros']
[1.399s] colcon.colcon_core.package_identification Level 1 _identify(dairy) by extension 'ros'
[1.400s] colcon.colcon_core.package_identification Level 1 _identify(dairy) by extensions ['cmake', 'python']
[1.400s] colcon.colcon_core.package_identification Level 1 _identify(dairy) by extension 'cmake'
[1.400s] colcon.colcon_core.package_identification Level 1 _identify(dairy) by extension 'python'
[1.400s] colcon.colcon_core.package_identification Level 1 _identify(dairy) by extensions ['python_setup_py']
[1.400s] colcon.colcon_core.package_identification Level 1 _identify(dairy) by extension 'python_setup_py'
[1.400s] colcon.colcon_core.package_identification Level 1 _identify(docs) by extensions ['ignore', 'ignore_ament_install']
[1.400s] colcon.colcon_core.package_identification Level 1 _identify(docs) by extension 'ignore'
[1.401s] colcon.colcon_core.package_identification Level 1 _identify(docs) by extension 'ignore_ament_install'
[1.401s] colcon.colcon_core.package_identification Level 1 _identify(docs) by extensions ['colcon_pkg']
[1.401s] colcon.colcon_core.package_identification Level 1 _identify(docs) by extension 'colcon_pkg'
[1.401s] colcon.colcon_core.package_identification Level 1 _identify(docs) by extensions ['colcon_meta']
[1.401s] colcon.colcon_core.package_identification Level 1 _identify(docs) by extension 'colcon_meta'
[1.401s] colcon.colcon_core.package_identification Level 1 _identify(docs) by extensions ['ros']
[1.401s] colcon.colcon_core.package_identification Level 1 _identify(docs) by extension 'ros'
[1.401s] colcon.colcon_core.package_identification Level 1 _identify(docs) by extensions ['cmake', 'python']
[1.401s] colcon.colcon_core.package_identification Level 1 _identify(docs) by extension 'cmake'
[1.402s] colcon.colcon_core.package_identification Level 1 _identify(docs) by extension 'python'
[1.402s] colcon.colcon_core.package_identification Level 1 _identify(docs) by extensions ['python_setup_py']
[1.402s] colcon.colcon_core.package_identification Level 1 _identify(docs) by extension 'python_setup_py'
[1.402s] colcon.colcon_core.package_identification Level 1 _identify(install) by extensions ['ignore', 'ignore_ament_install']
[1.402s] colcon.colcon_core.package_identification Level 1 _identify(install) by extension 'ignore'
[1.402s] colcon.colcon_core.package_identification Level 1 _identify(install) ignored
[1.403s] colcon.colcon_core.package_identification Level 1 _identify(log) by extensions ['ignore', 'ignore_ament_install']
[1.403s] colcon.colcon_core.package_identification Level 1 _identify(log) by extension 'ignore'
[1.403s] colcon.colcon_core.package_identification Level 1 _identify(log) ignored
[1.403s] colcon.colcon_core.package_identification Level 1 _identify(maps) by extensions ['ignore', 'ignore_ament_install']
[1.404s] colcon.colcon_core.package_identification Level 1 _identify(maps) by extension 'ignore'
[1.404s] colcon.colcon_core.package_identification Level 1 _identify(maps) by extension 'ignore_ament_install'
[1.404s] colcon.colcon_core.package_identification Level 1 _identify(maps) by extensions ['colcon_pkg']
[1.404s] colcon.colcon_core.package_identification Level 1 _identify(maps) by extension 'colcon_pkg'
[1.404s] colcon.colcon_core.package_identification Level 1 _identify(maps) by extensions ['colcon_meta']
[1.404s] colcon.colcon_core.package_identification Level 1 _identify(maps) by extension 'colcon_meta'
[1.404s] colcon.colcon_core.package_identification Level 1 _identify(maps) by extensions ['ros']
[1.404s] colcon.colcon_core.package_identification Level 1 _identify(maps) by extension 'ros'
[1.405s] colcon.colcon_core.package_identification Level 1 _identify(maps) by extensions ['cmake', 'python']
[1.405s] colcon.colcon_core.package_identification Level 1 _identify(maps) by extension 'cmake'
[1.405s] colcon.colcon_core.package_identification Level 1 _identify(maps) by extension 'python'
[1.405s] colcon.colcon_core.package_identification Level 1 _identify(maps) by extensions ['python_setup_py']
[1.405s] colcon.colcon_core.package_identification Level 1 _identify(maps) by extension 'python_setup_py'
[1.405s] colcon.colcon_core.package_identification Level 1 _identify(models) by extensions ['ignore', 'ignore_ament_install']
[1.405s] colcon.colcon_core.package_identification Level 1 _identify(models) by extension 'ignore'
[1.405s] colcon.colcon_core.package_identification Level 1 _identify(models) by extension 'ignore_ament_install'
[1.406s] colcon.colcon_core.package_identification Level 1 _identify(models) by extensions ['colcon_pkg']
[1.406s] colcon.colcon_core.package_identification Level 1 _identify(models) by extension 'colcon_pkg'
[1.406s] colcon.colcon_core.package_identification Level 1 _identify(models) by extensions ['colcon_meta']
[1.406s] colcon.colcon_core.package_identification Level 1 _identify(models) by extension 'colcon_meta'
[1.406s] colcon.colcon_core.package_identification Level 1 _identify(models) by extensions ['ros']
[1.406s] colcon.colcon_core.package_identification Level 1 _identify(models) by extension 'ros'
[1.406s] colcon.colcon_core.package_identification Level 1 _identify(models) by extensions ['cmake', 'python']
[1.406s] colcon.colcon_core.package_identification Level 1 _identify(models) by extension 'cmake'
[1.406s] colcon.colcon_core.package_identification Level 1 _identify(models) by extension 'python'
[1.407s] colcon.colcon_core.package_identification Level 1 _identify(models) by extensions ['python_setup_py']
[1.407s] colcon.colcon_core.package_identification Level 1 _identify(models) by extension 'python_setup_py'
[1.407s] colcon.colcon_core.package_identification Level 1 _identify(src) by extensions ['ignore', 'ignore_ament_install']
[1.407s] colcon.colcon_core.package_identification Level 1 _identify(src) by extension 'ignore'
[1.407s] colcon.colcon_core.package_identification Level 1 _identify(src) by extension 'ignore_ament_install'
[1.407s] colcon.colcon_core.package_identification Level 1 _identify(src) by extensions ['colcon_pkg']
[1.407s] colcon.colcon_core.package_identification Level 1 _identify(src) by extension 'colcon_pkg'
[1.408s] colcon.colcon_core.package_identification Level 1 _identify(src) by extensions ['colcon_meta']
[1.408s] colcon.colcon_core.package_identification Level 1 _identify(src) by extension 'colcon_meta'
[1.408s] colcon.colcon_core.package_identification Level 1 _identify(src) by extensions ['ros']
[1.408s] colcon.colcon_core.package_identification Level 1 _identify(src) by extension 'ros'
[1.408s] colcon.colcon_core.package_identification Level 1 _identify(src) by extensions ['cmake', 'python']
[1.408s] colcon.colcon_core.package_identification Level 1 _identify(src) by extension 'cmake'
[1.408s] colcon.colcon_core.package_identification Level 1 _identify(src) by extension 'python'
[1.408s] colcon.colcon_core.package_identification Level 1 _identify(src) by extensions ['python_setup_py']
[1.408s] colcon.colcon_core.package_identification Level 1 _identify(src) by extension 'python_setup_py'
[1.409s] colcon.colcon_core.package_identification Level 1 _identify(src/OrbbecSDK_ROS2) by extensions ['ignore', 'ignore_ament_install']
[1.409s] colcon.colcon_core.package_identification Level 1 _identify(src/OrbbecSDK_ROS2) by extension 'ignore'
[1.409s] colcon.colcon_core.package_identification Level 1 _identify(src/OrbbecSDK_ROS2) by extension 'ignore_ament_install'
[1.409s] colcon.colcon_core.package_identification Level 1 _identify(src/OrbbecSDK_ROS2) by extensions ['colcon_pkg']
[1.409s] colcon.colcon_core.package_identification Level 1 _identify(src/OrbbecSDK_ROS2) by extension 'colcon_pkg'
[1.409s] colcon.colcon_core.package_identification Level 1 _identify(src/OrbbecSDK_ROS2) by extensions ['colcon_meta']
[1.409s] colcon.colcon_core.package_identification Level 1 _identify(src/OrbbecSDK_ROS2) by extension 'colcon_meta'
[1.410s] colcon.colcon_core.package_identification Level 1 _identify(src/OrbbecSDK_ROS2) by extensions ['ros']
[1.410s] colcon.colcon_core.package_identification Level 1 _identify(src/OrbbecSDK_ROS2) by extension 'ros'
[1.410s] colcon.colcon_core.package_identification Level 1 _identify(src/OrbbecSDK_ROS2) by extensions ['cmake', 'python']
[1.410s] colcon.colcon_core.package_identification Level 1 _identify(src/OrbbecSDK_ROS2) by extension 'cmake'
[1.410s] colcon.colcon_core.package_identification Level 1 _identify(src/OrbbecSDK_ROS2) by extension 'python'
[1.410s] colcon.colcon_core.package_identification Level 1 _identify(src/OrbbecSDK_ROS2) by extensions ['python_setup_py']
[1.410s] colcon.colcon_core.package_identification Level 1 _identify(src/OrbbecSDK_ROS2) by extension 'python_setup_py'
[1.410s] colcon.colcon_core.package_identification Level 1 _identify(src/OrbbecSDK_ROS2/docs) by extensions ['ignore', 'ignore_ament_install']
[1.411s] colcon.colcon_core.package_identification Level 1 _identify(src/OrbbecSDK_ROS2/docs) by extension 'ignore'
[1.411s] colcon.colcon_core.package_identification Level 1 _identify(src/OrbbecSDK_ROS2/docs) by extension 'ignore_ament_install'
[1.411s] colcon.colcon_core.package_identification Level 1 _identify(src/OrbbecSDK_ROS2/docs) by extensions ['colcon_pkg']
[1.411s] colcon.colcon_core.package_identification Level 1 _identify(src/OrbbecSDK_ROS2/docs) by extension 'colcon_pkg'
[1.411s] colcon.colcon_core.package_identification Level 1 _identify(src/OrbbecSDK_ROS2/docs) by extensions ['colcon_meta']
[1.411s] colcon.colcon_core.package_identification Level 1 _identify(src/OrbbecSDK_ROS2/docs) by extension 'colcon_meta'
[1.411s] colcon.colcon_core.package_identification Level 1 _identify(src/OrbbecSDK_ROS2/docs) by extensions ['ros']
[1.411s] colcon.colcon_core.package_identification Level 1 _identify(src/OrbbecSDK_ROS2/docs) by extension 'ros'
[1.412s] colcon.colcon_core.package_identification Level 1 _identify(src/OrbbecSDK_ROS2/docs) by extensions ['cmake', 'python']
[1.412s] colcon.colcon_core.package_identification Level 1 _identify(src/OrbbecSDK_ROS2/docs) by extension 'cmake'
[1.412s] colcon.colcon_core.package_identification Level 1 _identify(src/OrbbecSDK_ROS2/docs) by extension 'python'
[1.412s] colcon.colcon_core.package_identification Level 1 _identify(src/OrbbecSDK_ROS2/docs) by extensions ['python_setup_py']
[1.412s] colcon.colcon_core.package_identification Level 1 _identify(src/OrbbecSDK_ROS2/docs) by extension 'python_setup_py'
[1.412s] colcon.colcon_core.package_identification Level 1 _identify(src/OrbbecSDK_ROS2/docs/images) by extensions ['ignore', 'ignore_ament_install']
[1.412s] colcon.colcon_core.package_identification Level 1 _identify(src/OrbbecSDK_ROS2/docs/images) by extension 'ignore'
[1.413s] colcon.colcon_core.package_identification Level 1 _identify(src/OrbbecSDK_ROS2/docs/images) by extension 'ignore_ament_install'
[1.413s] colcon.colcon_core.package_identification Level 1 _identify(src/OrbbecSDK_ROS2/docs/images) by extensions ['colcon_pkg']
[1.413s] colcon.colcon_core.package_identification Level 1 _identify(src/OrbbecSDK_ROS2/docs/images) by extension 'colcon_pkg'
[1.413s] colcon.colcon_core.package_identification Level 1 _identify(src/OrbbecSDK_ROS2/docs/images) by extensions ['colcon_meta']
[1.413s] colcon.colcon_core.package_identification Level 1 _identify(src/OrbbecSDK_ROS2/docs/images) by extension 'colcon_meta'
[1.413s] colcon.colcon_core.package_identification Level 1 _identify(src/OrbbecSDK_ROS2/docs/images) by extensions ['ros']
[1.413s] colcon.colcon_core.package_identification Level 1 _identify(src/OrbbecSDK_ROS2/docs/images) by extension 'ros'
[1.413s] colcon.colcon_core.package_identification Level 1 _identify(src/OrbbecSDK_ROS2/docs/images) by extensions ['cmake', 'python']
[1.413s] colcon.colcon_core.package_identification Level 1 _identify(src/OrbbecSDK_ROS2/docs/images) by extension 'cmake'
[1.414s] colcon.colcon_core.package_identification Level 1 _identify(src/OrbbecSDK_ROS2/docs/images) by extension 'python'
[1.414s] colcon.colcon_core.package_identification Level 1 _identify(src/OrbbecSDK_ROS2/docs/images) by extensions ['python_setup_py']
[1.414s] colcon.colcon_core.package_identification Level 1 _identify(src/OrbbecSDK_ROS2/docs/images) by extension 'python_setup_py'
[1.414s] colcon.colcon_core.package_identification Level 1 _identify(src/OrbbecSDK_ROS2/orbbec_camera) by extensions ['ignore', 'ignore_ament_install']
[1.414s] colcon.colcon_core.package_identification Level 1 _identify(src/OrbbecSDK_ROS2/orbbec_camera) by extension 'ignore'
[1.414s] colcon.colcon_core.package_identification Level 1 _identify(src/OrbbecSDK_ROS2/orbbec_camera) by extension 'ignore_ament_install'
[1.414s] colcon.colcon_core.package_identification Level 1 _identify(src/OrbbecSDK_ROS2/orbbec_camera) by extensions ['colcon_pkg']
[1.414s] colcon.colcon_core.package_identification Level 1 _identify(src/OrbbecSDK_ROS2/orbbec_camera) by extension 'colcon_pkg'
[1.415s] colcon.colcon_core.package_identification Level 1 _identify(src/OrbbecSDK_ROS2/orbbec_camera) by extensions ['colcon_meta']
[1.415s] colcon.colcon_core.package_identification Level 1 _identify(src/OrbbecSDK_ROS2/orbbec_camera) by extension 'colcon_meta'
[1.415s] colcon.colcon_core.package_identification Level 1 _identify(src/OrbbecSDK_ROS2/orbbec_camera) by extensions ['ros']
[1.415s] colcon.colcon_core.package_identification Level 1 _identify(src/OrbbecSDK_ROS2/orbbec_camera) by extension 'ros'
[1.435s] colcon.colcon_core.package_identification DEBUG Package 'src/OrbbecSDK_ROS2/orbbec_camera' with type 'ros.ament_cmake' and name 'orbbec_camera'
[1.435s] colcon.colcon_core.package_identification Level 1 _identify(src/OrbbecSDK_ROS2/orbbec_camera_msgs) by extensions ['ignore', 'ignore_ament_install']
[1.436s] colcon.colcon_core.package_identification Level 1 _identify(src/OrbbecSDK_ROS2/orbbec_camera_msgs) by extension 'ignore'
[1.436s] colcon.colcon_core.package_identification Level 1 _identify(src/OrbbecSDK_ROS2/orbbec_camera_msgs) by extension 'ignore_ament_install'
[1.436s] colcon.colcon_core.package_identification Level 1 _identify(src/OrbbecSDK_ROS2/orbbec_camera_msgs) by extensions ['colcon_pkg']
[1.436s] colcon.colcon_core.package_identification Level 1 _identify(src/OrbbecSDK_ROS2/orbbec_camera_msgs) by extension 'colcon_pkg'
[1.436s] colcon.colcon_core.package_identification Level 1 _identify(src/OrbbecSDK_ROS2/orbbec_camera_msgs) by extensions ['colcon_meta']
[1.436s] colcon.colcon_core.package_identification Level 1 _identify(src/OrbbecSDK_ROS2/orbbec_camera_msgs) by extension 'colcon_meta'
[1.437s] colcon.colcon_core.package_identification Level 1 _identify(src/OrbbecSDK_ROS2/orbbec_camera_msgs) by extensions ['ros']
[1.437s] colcon.colcon_core.package_identification Level 1 _identify(src/OrbbecSDK_ROS2/orbbec_camera_msgs) by extension 'ros'
[1.438s] colcon.colcon_core.package_identification DEBUG Package 'src/OrbbecSDK_ROS2/orbbec_camera_msgs' with type 'ros.ament_cmake' and name 'orbbec_camera_msgs'
[1.438s] colcon.colcon_core.package_identification Level 1 _identify(src/OrbbecSDK_ROS2/orbbec_description) by extensions ['ignore', 'ignore_ament_install']
[1.439s] colcon.colcon_core.package_identification Level 1 _identify(src/OrbbecSDK_ROS2/orbbec_description) by extension 'ignore'
[1.439s] colcon.colcon_core.package_identification Level 1 _identify(src/OrbbecSDK_ROS2/orbbec_description) by extension 'ignore_ament_install'
[1.439s] colcon.colcon_core.package_identification Level 1 _identify(src/OrbbecSDK_ROS2/orbbec_description) by extensions ['colcon_pkg']
[1.439s] colcon.colcon_core.package_identification Level 1 _identify(src/OrbbecSDK_ROS2/orbbec_description) by extension 'colcon_pkg'
[1.439s] colcon.colcon_core.package_identification Level 1 _identify(src/OrbbecSDK_ROS2/orbbec_description) by extensions ['colcon_meta']
[1.439s] colcon.colcon_core.package_identification Level 1 _identify(src/OrbbecSDK_ROS2/orbbec_description) by extension 'colcon_meta'
[1.440s] colcon.colcon_core.package_identification Level 1 _identify(src/OrbbecSDK_ROS2/orbbec_description) by extensions ['ros']
[1.440s] colcon.colcon_core.package_identification Level 1 _identify(src/OrbbecSDK_ROS2/orbbec_description) by extension 'ros'
[1.441s] colcon.colcon_core.package_identification DEBUG Package 'src/OrbbecSDK_ROS2/orbbec_description' with type 'ros.ament_cmake' and name 'orbbec_description'
[1.441s] colcon.colcon_core.package_identification Level 1 _identify(src/arm_controller) by extensions ['ignore', 'ignore_ament_install']
[1.441s] colcon.colcon_core.package_identification Level 1 _identify(src/arm_controller) by extension 'ignore'
[1.441s] colcon.colcon_core.package_identification Level 1 _identify(src/arm_controller) by extension 'ignore_ament_install'
[1.442s] colcon.colcon_core.package_identification Level 1 _identify(src/arm_controller) by extensions ['colcon_pkg']
[1.442s] colcon.colcon_core.package_identification Level 1 _identify(src/arm_controller) by extension 'colcon_pkg'
[1.442s] colcon.colcon_core.package_identification Level 1 _identify(src/arm_controller) by extensions ['colcon_meta']
[1.442s] colcon.colcon_core.package_identification Level 1 _identify(src/arm_controller) by extension 'colcon_meta'
[1.442s] colcon.colcon_core.package_identification Level 1 _identify(src/arm_controller) by extensions ['ros']
[1.442s] colcon.colcon_core.package_identification Level 1 _identify(src/arm_controller) by extension 'ros'
[1.445s] colcon.colcon_core.package_identification DEBUG Package 'src/arm_controller' with type 'ros.ament_cmake' and name 'arm_controller'
[1.445s] colcon.colcon_core.package_identification Level 1 _identify(src/calibration) by extensions ['ignore', 'ignore_ament_install']
[1.445s] colcon.colcon_core.package_identification Level 1 _identify(src/calibration) by extension 'ignore'
[1.445s] colcon.colcon_core.package_identification Level 1 _identify(src/calibration) by extension 'ignore_ament_install'
[1.446s] colcon.colcon_core.package_identification Level 1 _identify(src/calibration) by extensions ['colcon_pkg']
[1.446s] colcon.colcon_core.package_identification Level 1 _identify(src/calibration) by extension 'colcon_pkg'
[1.446s] colcon.colcon_core.package_identification Level 1 _identify(src/calibration) by extensions ['colcon_meta']
[1.446s] colcon.colcon_core.package_identification Level 1 _identify(src/calibration) by extension 'colcon_meta'
[1.446s] colcon.colcon_core.package_identification Level 1 _identify(src/calibration) by extensions ['ros']
[1.446s] colcon.colcon_core.package_identification Level 1 _identify(src/calibration) by extension 'ros'
[1.447s] colcon.colcon_core.package_identification Level 1 _identify(src/calibration) by extensions ['cmake', 'python']
[1.447s] colcon.colcon_core.package_identification Level 1 _identify(src/calibration) by extension 'cmake'
[1.447s] colcon.colcon_core.package_identification Level 1 _identify(src/calibration) by extension 'python'
[1.447s] colcon.colcon_core.package_identification Level 1 _identify(src/calibration) by extensions ['python_setup_py']
[1.447s] colcon.colcon_core.package_identification Level 1 _identify(src/calibration) by extension 'python_setup_py'
[1.447s] colcon.colcon_core.package_identification Level 1 _identify(src/calibration/Log) by extensions ['ignore', 'ignore_ament_install']
[1.448s] colcon.colcon_core.package_identification Level 1 _identify(src/calibration/Log) by extension 'ignore'
[1.448s] colcon.colcon_core.package_identification Level 1 _identify(src/calibration/Log) by extension 'ignore_ament_install'
[1.448s] colcon.colcon_core.package_identification Level 1 _identify(src/calibration/Log) by extensions ['colcon_pkg']
[1.448s] colcon.colcon_core.package_identification Level 1 _identify(src/calibration/Log) by extension 'colcon_pkg'
[1.448s] colcon.colcon_core.package_identification Level 1 _identify(src/calibration/Log) by extensions ['colcon_meta']
[1.448s] colcon.colcon_core.package_identification Level 1 _identify(src/calibration/Log) by extension 'colcon_meta'
[1.448s] colcon.colcon_core.package_identification Level 1 _identify(src/calibration/Log) by extensions ['ros']
[1.448s] colcon.colcon_core.package_identification Level 1 _identify(src/calibration/Log) by extension 'ros'
[1.449s] colcon.colcon_core.package_identification Level 1 _identify(src/calibration/Log) by extensions ['cmake', 'python']
[1.449s] colcon.colcon_core.package_identification Level 1 _identify(src/calibration/Log) by extension 'cmake'
[1.449s] colcon.colcon_core.package_identification Level 1 _identify(src/calibration/Log) by extension 'python'
[1.449s] colcon.colcon_core.package_identification Level 1 _identify(src/calibration/Log) by extensions ['python_setup_py']
[1.449s] colcon.colcon_core.package_identification Level 1 _identify(src/calibration/Log) by extension 'python_setup_py'
[1.449s] colcon.colcon_core.package_identification Level 1 _identify(src/calibration/__pycache__) by extensions ['ignore', 'ignore_ament_install']
[1.450s] colcon.colcon_core.package_identification Level 1 _identify(src/calibration/__pycache__) by extension 'ignore'
[1.450s] colcon.colcon_core.package_identification Level 1 _identify(src/calibration/__pycache__) by extension 'ignore_ament_install'
[1.450s] colcon.colcon_core.package_identification Level 1 _identify(src/calibration/__pycache__) by extensions ['colcon_pkg']
[1.450s] colcon.colcon_core.package_identification Level 1 _identify(src/calibration/__pycache__) by extension 'colcon_pkg'
[1.450s] colcon.colcon_core.package_identification Level 1 _identify(src/calibration/__pycache__) by extensions ['colcon_meta']
[1.450s] colcon.colcon_core.package_identification Level 1 _identify(src/calibration/__pycache__) by extension 'colcon_meta'
[1.450s] colcon.colcon_core.package_identification Level 1 _identify(src/calibration/__pycache__) by extensions ['ros']
[1.450s] colcon.colcon_core.package_identification Level 1 _identify(src/calibration/__pycache__) by extension 'ros'
[1.451s] colcon.colcon_core.package_identification Level 1 _identify(src/calibration/__pycache__) by extensions ['cmake', 'python']
[1.451s] colcon.colcon_core.package_identification Level 1 _identify(src/calibration/__pycache__) by extension 'cmake'
[1.451s] colcon.colcon_core.package_identification Level 1 _identify(src/calibration/__pycache__) by extension 'python'
[1.451s] colcon.colcon_core.package_identification Level 1 _identify(src/calibration/__pycache__) by extensions ['python_setup_py']
[1.451s] colcon.colcon_core.package_identification Level 1 _identify(src/calibration/__pycache__) by extension 'python_setup_py'
[1.451s] colcon.colcon_core.package_identification Level 1 _identify(src/fox_description_ros2) by extensions ['ignore', 'ignore_ament_install']
[1.452s] colcon.colcon_core.package_identification Level 1 _identify(src/fox_description_ros2) by extension 'ignore'
[1.452s] colcon.colcon_core.package_identification Level 1 _identify(src/fox_description_ros2) by extension 'ignore_ament_install'
[1.452s] colcon.colcon_core.package_identification Level 1 _identify(src/fox_description_ros2) by extensions ['colcon_pkg']
[1.452s] colcon.colcon_core.package_identification Level 1 _identify(src/fox_description_ros2) by extension 'colcon_pkg'
[1.452s] colcon.colcon_core.package_identification Level 1 _identify(src/fox_description_ros2) by extensions ['colcon_meta']
[1.452s] colcon.colcon_core.package_identification Level 1 _identify(src/fox_description_ros2) by extension 'colcon_meta'
[1.452s] colcon.colcon_core.package_identification Level 1 _identify(src/fox_description_ros2) by extensions ['ros']
[1.452s] colcon.colcon_core.package_identification Level 1 _identify(src/fox_description_ros2) by extension 'ros'
[1.454s] colcon.colcon_core.package_identification DEBUG Package 'src/fox_description_ros2' with type 'ros.ament_cmake' and name 'fox_description_ros2'
[1.454s] colcon.colcon_core.package_identification Level 1 _identify(src/fox_grape_harvest) by extensions ['ignore', 'ignore_ament_install']
[1.454s] colcon.colcon_core.package_identification Level 1 _identify(src/fox_grape_harvest) by extension 'ignore'
[1.455s] colcon.colcon_core.package_identification Level 1 _identify(src/fox_grape_harvest) by extension 'ignore_ament_install'
[1.455s] colcon.colcon_core.package_identification Level 1 _identify(src/fox_grape_harvest) by extensions ['colcon_pkg']
[1.455s] colcon.colcon_core.package_identification Level 1 _identify(src/fox_grape_harvest) by extension 'colcon_pkg'
[1.455s] colcon.colcon_core.package_identification Level 1 _identify(src/fox_grape_harvest) by extensions ['colcon_meta']
[1.455s] colcon.colcon_core.package_identification Level 1 _identify(src/fox_grape_harvest) by extension 'colcon_meta'
[1.455s] colcon.colcon_core.package_identification Level 1 _identify(src/fox_grape_harvest) by extensions ['ros']
[1.455s] colcon.colcon_core.package_identification Level 1 _identify(src/fox_grape_harvest) by extension 'ros'
[1.458s] colcon.colcon_core.package_identification DEBUG Package 'src/fox_grape_harvest' with type 'ros.ament_python' and name 'fox_grape_harvest'
[1.458s] colcon.colcon_core.package_identification Level 1 _identify(src/fox_navigation_ros2) by extensions ['ignore', 'ignore_ament_install']
[1.459s] colcon.colcon_core.package_identification Level 1 _identify(src/fox_navigation_ros2) by extension 'ignore'
[1.459s] colcon.colcon_core.package_identification Level 1 _identify(src/fox_navigation_ros2) by extension 'ignore_ament_install'
[1.459s] colcon.colcon_core.package_identification Level 1 _identify(src/fox_navigation_ros2) by extensions ['colcon_pkg']
[1.459s] colcon.colcon_core.package_identification Level 1 _identify(src/fox_navigation_ros2) by extension 'colcon_pkg'
[1.459s] colcon.colcon_core.package_identification Level 1 _identify(src/fox_navigation_ros2) by extensions ['colcon_meta']
[1.459s] colcon.colcon_core.package_identification Level 1 _identify(src/fox_navigation_ros2) by extension 'colcon_meta'
[1.459s] colcon.colcon_core.package_identification Level 1 _identify(src/fox_navigation_ros2) by extensions ['ros']
[1.459s] colcon.colcon_core.package_identification Level 1 _identify(src/fox_navigation_ros2) by extension 'ros'
[1.462s] colcon.colcon_core.package_identification DEBUG Package 'src/fox_navigation_ros2' with type 'ros.ament_cmake' and name 'fox_navigation_ros2'
[1.462s] colcon.colcon_core.package_identification Level 1 _identify(src/fox_slam_ros2) by extensions ['ignore', 'ignore_ament_install']
[1.462s] colcon.colcon_core.package_identification Level 1 _identify(src/fox_slam_ros2) by extension 'ignore'
[1.463s] colcon.colcon_core.package_identification Level 1 _identify(src/fox_slam_ros2) by extension 'ignore_ament_install'
[1.463s] colcon.colcon_core.package_identification Level 1 _identify(src/fox_slam_ros2) by extensions ['colcon_pkg']
[1.463s] colcon.colcon_core.package_identification Level 1 _identify(src/fox_slam_ros2) by extension 'colcon_pkg'
[1.463s] colcon.colcon_core.package_identification Level 1 _identify(src/fox_slam_ros2) by extensions ['colcon_meta']
[1.463s] colcon.colcon_core.package_identification Level 1 _identify(src/fox_slam_ros2) by extension 'colcon_meta'
[1.463s] colcon.colcon_core.package_identification Level 1 _identify(src/fox_slam_ros2) by extensions ['ros']
[1.463s] colcon.colcon_core.package_identification Level 1 _identify(src/fox_slam_ros2) by extension 'ros'
[1.464s] colcon.colcon_core.package_identification DEBUG Package 'src/fox_slam_ros2' with type 'ros.ament_cmake' and name 'fox_slam_ros2'
[1.465s] colcon.colcon_core.package_identification Level 1 _identify(src/fox_webui) by extensions ['ignore', 'ignore_ament_install']
[1.465s] colcon.colcon_core.package_identification Level 1 _identify(src/fox_webui) by extension 'ignore'
[1.465s] colcon.colcon_core.package_identification Level 1 _identify(src/fox_webui) by extension 'ignore_ament_install'
[1.465s] colcon.colcon_core.package_identification Level 1 _identify(src/fox_webui) by extensions ['colcon_pkg']
[1.465s] colcon.colcon_core.package_identification Level 1 _identify(src/fox_webui) by extension 'colcon_pkg'
[1.465s] colcon.colcon_core.package_identification Level 1 _identify(src/fox_webui) by extensions ['colcon_meta']
[1.466s] colcon.colcon_core.package_identification Level 1 _identify(src/fox_webui) by extension 'colcon_meta'
[1.466s] colcon.colcon_core.package_identification Level 1 _identify(src/fox_webui) by extensions ['ros']
[1.466s] colcon.colcon_core.package_identification Level 1 _identify(src/fox_webui) by extension 'ros'
[1.467s] colcon.colcon_core.package_identification DEBUG Package 'src/fox_webui' with type 'ros.ament_python' and name 'fox_webui'
[1.468s] colcon.colcon_core.package_identification Level 1 _identify(src/gripper_control) by extensions ['ignore', 'ignore_ament_install']
[1.468s] colcon.colcon_core.package_identification Level 1 _identify(src/gripper_control) by extension 'ignore'
[1.468s] colcon.colcon_core.package_identification Level 1 _identify(src/gripper_control) by extension 'ignore_ament_install'
[1.468s] colcon.colcon_core.package_identification Level 1 _identify(src/gripper_control) by extensions ['colcon_pkg']
[1.468s] colcon.colcon_core.package_identification Level 1 _identify(src/gripper_control) by extension 'colcon_pkg'
[1.468s] colcon.colcon_core.package_identification Level 1 _identify(src/gripper_control) by extensions ['colcon_meta']
[1.468s] colcon.colcon_core.package_identification Level 1 _identify(src/gripper_control) by extension 'colcon_meta'
[1.469s] colcon.colcon_core.package_identification Level 1 _identify(src/gripper_control) by extensions ['ros']
[1.469s] colcon.colcon_core.package_identification Level 1 _identify(src/gripper_control) by extension 'ros'
[1.470s] colcon.colcon_core.package_identification DEBUG Package 'src/gripper_control' with type 'ros.ament_cmake' and name 'gripper_control'
[1.470s] colcon.colcon_core.package_identification Level 1 _identify(src/jie_ware) by extensions ['ignore', 'ignore_ament_install']
[1.471s] colcon.colcon_core.package_identification Level 1 _identify(src/jie_ware) by extension 'ignore'
[1.471s] colcon.colcon_core.package_identification Level 1 _identify(src/jie_ware) by extension 'ignore_ament_install'
[1.471s] colcon.colcon_core.package_identification Level 1 _identify(src/jie_ware) by extensions ['colcon_pkg']
[1.471s] colcon.colcon_core.package_identification Level 1 _identify(src/jie_ware) by extension 'colcon_pkg'
[1.471s] colcon.colcon_core.package_identification Level 1 _identify(src/jie_ware) by extensions ['colcon_meta']
[1.471s] colcon.colcon_core.package_identification Level 1 _identify(src/jie_ware) by extension 'colcon_meta'
[1.471s] colcon.colcon_core.package_identification Level 1 _identify(src/jie_ware) by extensions ['ros']
[1.471s] colcon.colcon_core.package_identification Level 1 _identify(src/jie_ware) by extension 'ros'
[1.473s] colcon.colcon_core.package_identification DEBUG Package 'src/jie_ware' with type 'ros.catkin' and name 'jie_ware'
[1.474s] colcon.colcon_core.package_identification Level 1 _identify(src/rei_robot_base) by extensions ['ignore', 'ignore_ament_install']
[1.474s] colcon.colcon_core.package_identification Level 1 _identify(src/rei_robot_base) by extension 'ignore'
[1.474s] colcon.colcon_core.package_identification Level 1 _identify(src/rei_robot_base) by extension 'ignore_ament_install'
[1.474s] colcon.colcon_core.package_identification Level 1 _identify(src/rei_robot_base) by extensions ['colcon_pkg']
[1.474s] colcon.colcon_core.package_identification Level 1 _identify(src/rei_robot_base) by extension 'colcon_pkg'
[1.474s] colcon.colcon_core.package_identification Level 1 _identify(src/rei_robot_base) by extensions ['colcon_meta']
[1.474s] colcon.colcon_core.package_identification Level 1 _identify(src/rei_robot_base) by extension 'colcon_meta'
[1.475s] colcon.colcon_core.package_identification Level 1 _identify(src/rei_robot_base) by extensions ['ros']
[1.475s] colcon.colcon_core.package_identification Level 1 _identify(src/rei_robot_base) by extension 'ros'
[1.477s] colcon.colcon_core.package_identification DEBUG Package 'src/rei_robot_base' with type 'ros.ament_cmake' and name 'rei_robot_base'
[1.477s] colcon.colcon_core.package_identification Level 1 _identify(src/ydlidar_ros2_driver) by extensions ['ignore', 'ignore_ament_install']
[1.477s] colcon.colcon_core.package_identification Level 1 _identify(src/ydlidar_ros2_driver) by extension 'ignore'
[1.477s] colcon.colcon_core.package_identification Level 1 _identify(src/ydlidar_ros2_driver) by extension 'ignore_ament_install'
[1.477s] colcon.colcon_core.package_identification Level 1 _identify(src/ydlidar_ros2_driver) by extensions ['colcon_pkg']
[1.478s] colcon.colcon_core.package_identification Level 1 _identify(src/ydlidar_ros2_driver) by extension 'colcon_pkg'
[1.478s] colcon.colcon_core.package_identification Level 1 _identify(src/ydlidar_ros2_driver) by extensions ['colcon_meta']
[1.478s] colcon.colcon_core.package_identification Level 1 _identify(src/ydlidar_ros2_driver) by extension 'colcon_meta'
[1.478s] colcon.colcon_core.package_identification Level 1 _identify(src/ydlidar_ros2_driver) by extensions ['ros']
[1.478s] colcon.colcon_core.package_identification Level 1 _identify(src/ydlidar_ros2_driver) by extension 'ros'
[1.482s] colcon.colcon_core.package_identification DEBUG Package 'src/ydlidar_ros2_driver' with type 'ros.ament_cmake' and name 'ydlidar_ros2_driver'
[1.482s] colcon.colcon_core.package_discovery Level 1 discover_packages(recursive) using defaults
[1.482s] colcon.colcon_core.package_discovery Level 1 discover_packages(ignore) discover
[1.482s] colcon.colcon_core.package_discovery Level 1 discover_packages(ignore) using defaults
[1.482s] colcon.colcon_core.package_discovery Level 1 discover_packages(path) discover
[1.482s] colcon.colcon_core.package_discovery Level 1 discover_packages(path) using defaults
[1.605s] colcon.colcon_core.package_selection INFO Skipping not selected package 'arm_controller' in 'src/arm_controller'
[1.605s] colcon.colcon_core.package_selection INFO Skipping not selected package 'fox_description_ros2' in 'src/fox_description_ros2'
[1.605s] colcon.colcon_core.package_selection INFO Skipping not selected package 'gripper_control' in 'src/gripper_control'
[1.605s] colcon.colcon_core.package_selection INFO Skipping not selected package 'jie_ware' in 'src/jie_ware'
[1.606s] colcon.colcon_core.package_selection INFO Skipping not selected package 'orbbec_camera_msgs' in 'src/OrbbecSDK_ROS2/orbbec_camera_msgs'
[1.606s] colcon.colcon_core.package_selection INFO Skipping not selected package 'orbbec_description' in 'src/OrbbecSDK_ROS2/orbbec_description'
[1.606s] colcon.colcon_core.package_selection INFO Skipping not selected package 'rei_robot_base' in 'src/rei_robot_base'
[1.606s] colcon.colcon_core.package_selection INFO Skipping not selected package 'ydlidar_ros2_driver' in 'src/ydlidar_ros2_driver'
[1.606s] colcon.colcon_core.package_selection INFO Skipping not selected package 'fox_grape_harvest' in 'src/fox_grape_harvest'
[1.606s] colcon.colcon_core.package_selection INFO Skipping not selected package 'fox_navigation_ros2' in 'src/fox_navigation_ros2'
[1.606s] colcon.colcon_core.package_selection INFO Skipping not selected package 'fox_slam_ros2' in 'src/fox_slam_ros2'
[1.606s] colcon.colcon_core.package_selection INFO Skipping not selected package 'orbbec_camera' in 'src/OrbbecSDK_ROS2/orbbec_camera'
[1.617s] colcon.colcon_core.package_discovery Level 1 discover_packages(prefix_path) check parameters
[1.618s] colcon.colcon_core.package_discovery Level 1 discover_packages(prefix_path) discover
[1.634s] colcon.colcon_installed_package_information.package_discovery DEBUG Found 12 installed packages in /home/ubuntu/ros2fox/install
[1.639s] colcon.colcon_installed_package_information.package_discovery DEBUG Found 361 installed packages in /opt/ros/humble
[1.646s] colcon.colcon_core.package_discovery Level 1 discover_packages(prefix_path) using defaults
[1.809s] colcon.colcon_core.verb Level 5 set package 'fox_webui' build argument 'cmake_args' from command line to 'None'
[1.810s] colcon.colcon_core.verb Level 5 set package 'fox_webui' build argument 'cmake_target' from command line to 'None'
[1.810s] colcon.colcon_core.verb Level 5 set package 'fox_webui' build argument 'cmake_target_skip_unavailable' from command line to 'False'
[1.810s] colcon.colcon_core.verb Level 5 set package 'fox_webui' build argument 'cmake_clean_cache' from command line to 'False'
[1.810s] colcon.colcon_core.verb Level 5 set package 'fox_webui' build argument 'cmake_clean_first' from command line to 'False'
[1.810s] colcon.colcon_core.verb Level 5 set package 'fox_webui' build argument 'cmake_force_configure' from command line to 'False'
[1.810s] colcon.colcon_core.verb Level 5 set package 'fox_webui' build argument 'ament_cmake_args' from command line to 'None'
[1.810s] colcon.colcon_core.verb Level 5 set package 'fox_webui' build argument 'catkin_cmake_args' from command line to 'None'
[1.810s] colcon.colcon_core.verb Level 5 set package 'fox_webui' build argument 'catkin_skip_building_tests' from command line to 'False'
[1.810s] colcon.colcon_core.verb DEBUG Building package 'fox_webui' with the following arguments: {'ament_cmake_args': None, 'build_base': '/home/ubuntu/ros2fox/build/fox_webui', 'catkin_cmake_args': None, 'catkin_skip_building_tests': False, 'cmake_args': None, 'cmake_clean_cache': False, 'cmake_clean_first': False, 'cmake_force_configure': False, 'cmake_target': None, 'cmake_target_skip_unavailable': False, 'install_base': '/home/ubuntu/ros2fox/install/fox_webui', 'merge_install': False, 'path': '/home/ubuntu/ros2fox/src/fox_webui', 'symlink_install': False, 'test_result_base': None}
[1.811s] colcon.colcon_core.executor INFO Executing jobs using 'parallel' executor
[1.813s] colcon.colcon_parallel_executor.executor.parallel DEBUG run_until_complete
[1.814s] colcon.colcon_ros.task.ament_python.build INFO Building ROS package in '/home/ubuntu/ros2fox/src/fox_webui' with build type 'ament_python'
[1.814s] colcon.colcon_core.shell Level 1 create_environment_hook('fox_webui', 'ament_prefix_path')
[1.839s] colcon.colcon_core.plugin_system INFO Skipping extension 'colcon_core.shell.bat': Not used on non-Windows systems
[1.839s] colcon.colcon_core.shell INFO Creating environment hook '/home/ubuntu/ros2fox/install/fox_webui/share/fox_webui/hook/ament_prefix_path.ps1'
[1.842s] colcon.colcon_core.shell INFO Creating environment descriptor '/home/ubuntu/ros2fox/install/fox_webui/share/fox_webui/hook/ament_prefix_path.dsv'
[1.851s] colcon.colcon_core.shell INFO Creating environment hook '/home/ubuntu/ros2fox/install/fox_webui/share/fox_webui/hook/ament_prefix_path.sh'
[1.861s] colcon.colcon_core.shell INFO Skip shell extension 'powershell' for command environment: Not usable outside of PowerShell
[1.861s] colcon.colcon_core.shell DEBUG Skip shell extension 'dsv' for command environment
[2.436s] colcon.colcon_core.task.python.build INFO Building Python package in '/home/ubuntu/ros2fox/src/fox_webui'
[2.437s] colcon.colcon_core.shell INFO Skip shell extension 'powershell' for command environment: Not usable outside of PowerShell
[2.437s] colcon.colcon_core.shell DEBUG Skip shell extension 'dsv' for command environment
[5.168s] colcon.colcon_core.event_handler.log_command DEBUG Invoking command in '/home/ubuntu/ros2fox/src/fox_webui': AMENT_PREFIX_PATH=/home/ubuntu/ros2fox/install/fox_grape_harvest:/home/ubuntu/ros2fox/install/fox_slam_ros2:/home/ubuntu/ros2fox/install/fox_navigation_ros2:/home/ubuntu/ros2fox/install/ydlidar_ros2_driver:/home/ubuntu/ros2fox/install/fox_webui:/home/ubuntu/ros2fox/install/rei_robot_base:/home/ubuntu/ros2fox/install/orbbec_description:/home/ubuntu/ros2fox/install/orbbec_camera:/home/ubuntu/ros2fox/install/orbbec_camera_msgs:/home/ubuntu/ros2fox/install/gripper_control:/home/ubuntu/ros2fox/install/fox_description_ros2:/opt/ros/humble:/home/ubuntu/ros2fox/install/arm_controller:/opt/ros/humble:/home/ubuntu/ros2fox/install/arm_controller CMAKE_PREFIX_PATH=/home/ubuntu/ros2fox/install/rei_robot_base:/home/ubuntu/ros2fox/install/arm_controller:/home/ubuntu/ros2fox/install/fox_slam_ros2:/home/ubuntu/ros2fox/install/fox_navigation_ros2:/home/ubuntu/ros2fox/install/ydlidar_ros2_driver:/home/ubuntu/ros2fox/install/orbbec_description:/home/ubuntu/ros2fox/install/orbbec_camera:/home/ubuntu/ros2fox/install/orbbec_camera_msgs:/home/ubuntu/ros2fox/install/gripper_control:/home/ubuntu/ros2fox/install/fox_description_ros2 LD_LIBRARY_PATH=/home/ubuntu/ros2fox/install/rei_robot_base/lib:/home/ubuntu/ros2fox/install/arm_controller/lib:/home/ubuntu/ros2fox/install/orbbec_camera/lib:/home/ubuntu/ros2fox/install/orbbec_camera_msgs/lib:/opt/ros/humble/opt/rviz_ogre_vendor/lib:/opt/ros/humble/lib/aarch64-linux-gnu:/opt/ros/humble/lib:/usr/local/cuda/lib64:/opt/ros/humble/lib:/usr/local/cuda/lib64 PYTHONPATH=/home/ubuntu/ros2fox/build/fox_webui/prefix_override:/home/ubuntu/ros2fox/install/fox_webui/lib/python3.10/site-packages:/home/ubuntu/ros2fox/install/fox_grape_harvest/lib/python3.10/site-packages:/home/ubuntu/ros2fox/install/fox_webui/lib/python3.10/site-packages:/home/ubuntu/ros2fox/install/rei_robot_base/local/lib/python3.10/dist-packages:/home/ubuntu/ros2fox/install/orbbec_camera_msgs/local/lib/python3.10/dist-packages:/home/ubuntu/ros2fox/install/arm_controller/local/lib/python3.10/dist-packages:/opt/ros/humble/lib/python3.10/site-packages:/opt/ros/humble/local/lib/python3.10/dist-packages:/opt/ros/humble/lib/python3.10/site-packages:/opt/ros/humble/local/lib/python3.10/dist-packages /usr/bin/python3 -W ignore:setup.py install is deprecated setup.py egg_info --egg-base ../../build/fox_webui build --build-base /home/ubuntu/ros2fox/build/fox_webui/build install --record /home/ubuntu/ros2fox/build/fox_webui/install.log --single-version-externally-managed install_data
[6.642s] colcon.colcon_core.event_handler.log_command DEBUG Invoked command in '/home/ubuntu/ros2fox/src/fox_webui' returned '0': AMENT_PREFIX_PATH=/home/ubuntu/ros2fox/install/fox_grape_harvest:/home/ubuntu/ros2fox/install/fox_slam_ros2:/home/ubuntu/ros2fox/install/fox_navigation_ros2:/home/ubuntu/ros2fox/install/ydlidar_ros2_driver:/home/ubuntu/ros2fox/install/fox_webui:/home/ubuntu/ros2fox/install/rei_robot_base:/home/ubuntu/ros2fox/install/orbbec_description:/home/ubuntu/ros2fox/install/orbbec_camera:/home/ubuntu/ros2fox/install/orbbec_camera_msgs:/home/ubuntu/ros2fox/install/gripper_control:/home/ubuntu/ros2fox/install/fox_description_ros2:/opt/ros/humble:/home/ubuntu/ros2fox/install/arm_controller:/opt/ros/humble:/home/ubuntu/ros2fox/install/arm_controller CMAKE_PREFIX_PATH=/home/ubuntu/ros2fox/install/rei_robot_base:/home/ubuntu/ros2fox/install/arm_controller:/home/ubuntu/ros2fox/install/fox_slam_ros2:/home/ubuntu/ros2fox/install/fox_navigation_ros2:/home/ubuntu/ros2fox/install/ydlidar_ros2_driver:/home/ubuntu/ros2fox/install/orbbec_description:/home/ubuntu/ros2fox/install/orbbec_camera:/home/ubuntu/ros2fox/install/orbbec_camera_msgs:/home/ubuntu/ros2fox/install/gripper_control:/home/ubuntu/ros2fox/install/fox_description_ros2 LD_LIBRARY_PATH=/home/ubuntu/ros2fox/install/rei_robot_base/lib:/home/ubuntu/ros2fox/install/arm_controller/lib:/home/ubuntu/ros2fox/install/orbbec_camera/lib:/home/ubuntu/ros2fox/install/orbbec_camera_msgs/lib:/opt/ros/humble/opt/rviz_ogre_vendor/lib:/opt/ros/humble/lib/aarch64-linux-gnu:/opt/ros/humble/lib:/usr/local/cuda/lib64:/opt/ros/humble/lib:/usr/local/cuda/lib64 PYTHONPATH=/home/ubuntu/ros2fox/build/fox_webui/prefix_override:/home/ubuntu/ros2fox/install/fox_webui/lib/python3.10/site-packages:/home/ubuntu/ros2fox/install/fox_grape_harvest/lib/python3.10/site-packages:/home/ubuntu/ros2fox/install/fox_webui/lib/python3.10/site-packages:/home/ubuntu/ros2fox/install/rei_robot_base/local/lib/python3.10/dist-packages:/home/ubuntu/ros2fox/install/orbbec_camera_msgs/local/lib/python3.10/dist-packages:/home/ubuntu/ros2fox/install/arm_controller/local/lib/python3.10/dist-packages:/opt/ros/humble/lib/python3.10/site-packages:/opt/ros/humble/local/lib/python3.10/dist-packages:/opt/ros/humble/lib/python3.10/site-packages:/opt/ros/humble/local/lib/python3.10/dist-packages /usr/bin/python3 -W ignore:setup.py install is deprecated setup.py egg_info --egg-base ../../build/fox_webui build --build-base /home/ubuntu/ros2fox/build/fox_webui/build install --record /home/ubuntu/ros2fox/build/fox_webui/install.log --single-version-externally-managed install_data
[6.721s] colcon.colcon_core.environment Level 1 checking '/home/ubuntu/ros2fox/install/fox_webui' for CMake module files
[6.723s] colcon.colcon_core.environment Level 1 checking '/home/ubuntu/ros2fox/install/fox_webui' for CMake config files
[6.726s] colcon.colcon_core.environment Level 1 checking '/home/ubuntu/ros2fox/install/fox_webui/lib'
[6.727s] colcon.colcon_core.environment Level 1 checking '/home/ubuntu/ros2fox/install/fox_webui/bin'
[6.727s] colcon.colcon_core.environment Level 1 checking '/home/ubuntu/ros2fox/install/fox_webui/lib/pkgconfig/fox_webui.pc'
[6.728s] colcon.colcon_core.environment Level 1 checking '/home/ubuntu/ros2fox/install/fox_webui/lib/python3.10/site-packages'
[6.728s] colcon.colcon_core.shell Level 1 create_environment_hook('fox_webui', 'pythonpath')
[6.729s] colcon.colcon_core.shell INFO Creating environment hook '/home/ubuntu/ros2fox/install/fox_webui/share/fox_webui/hook/pythonpath.ps1'
[6.731s] colcon.colcon_core.shell INFO Creating environment descriptor '/home/ubuntu/ros2fox/install/fox_webui/share/fox_webui/hook/pythonpath.dsv'
[6.732s] colcon.colcon_core.shell INFO Creating environment hook '/home/ubuntu/ros2fox/install/fox_webui/share/fox_webui/hook/pythonpath.sh'
[6.734s] colcon.colcon_core.environment Level 1 checking '/home/ubuntu/ros2fox/install/fox_webui/bin'
[6.734s] colcon.colcon_core.environment Level 1 create_environment_scripts_only(fox_webui)
[6.735s] colcon.colcon_core.shell INFO Creating package script '/home/ubuntu/ros2fox/install/fox_webui/share/fox_webui/package.ps1'
[6.742s] colcon.colcon_core.shell INFO Creating package descriptor '/home/ubuntu/ros2fox/install/fox_webui/share/fox_webui/package.dsv'
[6.750s] colcon.colcon_core.shell INFO Creating package script '/home/ubuntu/ros2fox/install/fox_webui/share/fox_webui/package.sh'
[6.761s] colcon.colcon_core.shell INFO Creating package script '/home/ubuntu/ros2fox/install/fox_webui/share/fox_webui/package.bash'
[6.769s] colcon.colcon_core.shell INFO Creating package script '/home/ubuntu/ros2fox/install/fox_webui/share/fox_webui/package.zsh'
[6.773s] colcon.colcon_core.environment Level 1 create_file_with_runtime_dependencies(/home/ubuntu/ros2fox/install/fox_webui/share/colcon-core/packages/fox_webui)
[6.775s] colcon.colcon_parallel_executor.executor.parallel DEBUG closing loop
[6.775s] colcon.colcon_parallel_executor.executor.parallel DEBUG loop closed
[6.776s] colcon.colcon_parallel_executor.executor.parallel DEBUG run_until_complete finished with '0'
[6.776s] colcon.colcon_core.event_reactor DEBUG joining thread
[6.811s] colcon.colcon_core.plugin_system INFO Skipping extension 'colcon_notification.desktop_notification.terminal_notifier': Not used on non-Darwin systems
[6.812s] colcon.colcon_core.plugin_system INFO Skipping extension 'colcon_notification.desktop_notification.win32': Not used on non-Windows systems
[6.812s] colcon.colcon_notification.desktop_notification INFO Sending desktop notification using 'notify2'
[6.866s] colcon.colcon_core.event_reactor DEBUG joined thread
[6.867s] colcon.colcon_core.shell INFO Creating prefix script '/home/ubuntu/ros2fox/install/local_setup.ps1'
[6.878s] colcon.colcon_core.shell INFO Creating prefix util module '/home/ubuntu/ros2fox/install/_local_setup_util_ps1.py'
[6.888s] colcon.colcon_core.shell INFO Creating prefix chain script '/home/ubuntu/ros2fox/install/setup.ps1'
[6.904s] colcon.colcon_core.shell INFO Creating prefix script '/home/ubuntu/ros2fox/install/local_setup.sh'
[6.908s] colcon.colcon_core.shell INFO Creating prefix util module '/home/ubuntu/ros2fox/install/_local_setup_util_sh.py'
[6.909s] colcon.colcon_core.shell INFO Creating prefix chain script '/home/ubuntu/ros2fox/install/setup.sh'
[6.916s] colcon.colcon_core.shell INFO Creating prefix script '/home/ubuntu/ros2fox/install/local_setup.bash'
[6.921s] colcon.colcon_core.shell INFO Creating prefix chain script '/home/ubuntu/ros2fox/install/setup.bash'
[6.927s] colcon.colcon_core.shell INFO Creating prefix script '/home/ubuntu/ros2fox/install/local_setup.zsh'
[6.930s] colcon.colcon_core.shell INFO Creating prefix chain script '/home/ubuntu/ros2fox/install/setup.zsh'
