[0.528s] colcon DEBUG Command line arguments: ['/home/ubuntu/.local/bin/colcon', 'build', '--packages-select', 'fox_navigation_ros2']
[0.528s] colcon DEBUG Parsed command line arguments: Namespace(log_base=None, log_level=None, verb_name='build', build_base='build', install_base='install', merge_install=False, symlink_install=False, test_result_base=None, continue_on_error=False, executor='parallel', parallel_workers=6, event_handlers=None, ignore_user_meta=False, metas=['./colcon.meta'], base_paths=['.'], packages_ignore=None, packages_ignore_regex=None, paths=None, packages_up_to=None, packages_up_to_regex=None, packages_above=None, packages_above_and_dependencies=None, packages_above_depth=None, packages_select_by_dep=None, packages_skip_by_dep=None, packages_skip_up_to=None, packages_select_build_failed=False, packages_skip_build_finished=False, packages_select_test_failures=False, packages_skip_test_passed=False, packages_select=['fox_navigation_ros2'], packages_skip=None, packages_select_regex=None, packages_skip_regex=None, packages_start=None, packages_end=None, allow_overriding=[], cmake_args=None, cmake_target=None, cmake_target_skip_unavailable=False, cmake_clean_cache=False, cmake_clean_first=False, cmake_force_configure=False, ament_cmake_args=None, catkin_cmake_args=None, catkin_skip_building_tests=False, verb_parser=<colcon_defaults.argument_parser.defaults.DefaultArgumentsDecorator object at 0xffff8fe10910>, verb_extension=<colcon_core.verb.build.BuildVerb object at 0xffff8ff21bd0>, main=<bound method BuildVerb.main of <colcon_core.verb.build.BuildVerb object at 0xffff8ff21bd0>>)
[0.634s] colcon.colcon_core.package_discovery Level 1 discover_packages(colcon_meta) check parameters
[0.634s] colcon.colcon_core.package_discovery Level 1 discover_packages(recursive) check parameters
[0.634s] colcon.colcon_core.package_discovery Level 1 discover_packages(ignore) check parameters
[0.635s] colcon.colcon_core.package_discovery Level 1 discover_packages(path) check parameters
[0.635s] colcon.colcon_core.package_discovery Level 1 discover_packages(colcon_meta) discover
[0.635s] colcon.colcon_core.package_discovery Level 1 discover_packages(recursive) discover
[0.635s] colcon.colcon_core.package_discovery INFO Crawling recursively for packages in '/home/ubuntu/ros2fox'
[0.636s] colcon.colcon_core.package_identification Level 1 _identify(.) by extensions ['ignore', 'ignore_ament_install']
[0.636s] colcon.colcon_core.package_identification Level 1 _identify(.) by extension 'ignore'
[0.636s] colcon.colcon_core.package_identification Level 1 _identify(.) by extension 'ignore_ament_install'
[0.637s] colcon.colcon_core.package_identification Level 1 _identify(.) by extensions ['colcon_pkg']
[0.637s] colcon.colcon_core.package_identification Level 1 _identify(.) by extension 'colcon_pkg'
[0.637s] colcon.colcon_core.package_identification Level 1 _identify(.) by extensions ['colcon_meta']
[0.637s] colcon.colcon_core.package_identification Level 1 _identify(.) by extension 'colcon_meta'
[0.638s] colcon.colcon_core.package_identification Level 1 _identify(.) by extensions ['ros']
[0.638s] colcon.colcon_core.package_identification Level 1 _identify(.) by extension 'ros'
[0.686s] colcon.colcon_core.package_identification Level 1 _identify(.) by extensions ['cmake', 'python']
[0.696s] colcon.colcon_core.package_identification Level 1 _identify(.) by extension 'cmake'
[0.696s] colcon.colcon_core.package_identification Level 1 _identify(.) by extension 'python'
[0.696s] colcon.colcon_core.package_identification Level 1 _identify(.) by extensions ['python_setup_py']
[0.697s] colcon.colcon_core.package_identification Level 1 _identify(.) by extension 'python_setup_py'
[0.697s] colcon.colcon_core.package_identification Level 1 _identify(Log) by extensions ['ignore', 'ignore_ament_install']
[0.697s] colcon.colcon_core.package_identification Level 1 _identify(Log) by extension 'ignore'
[0.698s] colcon.colcon_core.package_identification Level 1 _identify(Log) by extension 'ignore_ament_install'
[0.698s] colcon.colcon_core.package_identification Level 1 _identify(Log) by extensions ['colcon_pkg']
[0.698s] colcon.colcon_core.package_identification Level 1 _identify(Log) by extension 'colcon_pkg'
[0.699s] colcon.colcon_core.package_identification Level 1 _identify(Log) by extensions ['colcon_meta']
[0.699s] colcon.colcon_core.package_identification Level 1 _identify(Log) by extension 'colcon_meta'
[0.699s] colcon.colcon_core.package_identification Level 1 _identify(Log) by extensions ['ros']
[0.699s] colcon.colcon_core.package_identification Level 1 _identify(Log) by extension 'ros'
[0.700s] colcon.colcon_core.package_identification Level 1 _identify(Log) by extensions ['cmake', 'python']
[0.700s] colcon.colcon_core.package_identification Level 1 _identify(Log) by extension 'cmake'
[0.701s] colcon.colcon_core.package_identification Level 1 _identify(Log) by extension 'python'
[0.701s] colcon.colcon_core.package_identification Level 1 _identify(Log) by extensions ['python_setup_py']
[0.702s] colcon.colcon_core.package_identification Level 1 _identify(Log) by extension 'python_setup_py'
[0.703s] colcon.colcon_core.package_identification Level 1 _identify(build) by extensions ['ignore', 'ignore_ament_install']
[0.703s] colcon.colcon_core.package_identification Level 1 _identify(build) by extension 'ignore'
[0.703s] colcon.colcon_core.package_identification Level 1 _identify(build) ignored
[0.703s] colcon.colcon_core.package_identification Level 1 _identify(calib_data) by extensions ['ignore', 'ignore_ament_install']
[0.704s] colcon.colcon_core.package_identification Level 1 _identify(calib_data) by extension 'ignore'
[0.704s] colcon.colcon_core.package_identification Level 1 _identify(calib_data) by extension 'ignore_ament_install'
[0.704s] colcon.colcon_core.package_identification Level 1 _identify(calib_data) by extensions ['colcon_pkg']
[0.704s] colcon.colcon_core.package_identification Level 1 _identify(calib_data) by extension 'colcon_pkg'
[0.704s] colcon.colcon_core.package_identification Level 1 _identify(calib_data) by extensions ['colcon_meta']
[0.704s] colcon.colcon_core.package_identification Level 1 _identify(calib_data) by extension 'colcon_meta'
[0.705s] colcon.colcon_core.package_identification Level 1 _identify(calib_data) by extensions ['ros']
[0.705s] colcon.colcon_core.package_identification Level 1 _identify(calib_data) by extension 'ros'
[0.705s] colcon.colcon_core.package_identification Level 1 _identify(calib_data) by extensions ['cmake', 'python']
[0.716s] colcon.colcon_core.package_identification Level 1 _identify(calib_data) by extension 'cmake'
[0.717s] colcon.colcon_core.package_identification Level 1 _identify(calib_data) by extension 'python'
[0.717s] colcon.colcon_core.package_identification Level 1 _identify(calib_data) by extensions ['python_setup_py']
[0.723s] colcon.colcon_core.package_identification Level 1 _identify(calib_data) by extension 'python_setup_py'
[0.724s] colcon.colcon_core.package_identification Level 1 _identify(calib_data/color) by extensions ['ignore', 'ignore_ament_install']
[0.724s] colcon.colcon_core.package_identification Level 1 _identify(calib_data/color) by extension 'ignore'
[0.724s] colcon.colcon_core.package_identification Level 1 _identify(calib_data/color) by extension 'ignore_ament_install'
[0.725s] colcon.colcon_core.package_identification Level 1 _identify(calib_data/color) by extensions ['colcon_pkg']
[0.725s] colcon.colcon_core.package_identification Level 1 _identify(calib_data/color) by extension 'colcon_pkg'
[0.725s] colcon.colcon_core.package_identification Level 1 _identify(calib_data/color) by extensions ['colcon_meta']
[0.725s] colcon.colcon_core.package_identification Level 1 _identify(calib_data/color) by extension 'colcon_meta'
[0.725s] colcon.colcon_core.package_identification Level 1 _identify(calib_data/color) by extensions ['ros']
[0.725s] colcon.colcon_core.package_identification Level 1 _identify(calib_data/color) by extension 'ros'
[0.725s] colcon.colcon_core.package_identification Level 1 _identify(calib_data/color) by extensions ['cmake', 'python']
[0.725s] colcon.colcon_core.package_identification Level 1 _identify(calib_data/color) by extension 'cmake'
[0.726s] colcon.colcon_core.package_identification Level 1 _identify(calib_data/color) by extension 'python'
[0.726s] colcon.colcon_core.package_identification Level 1 _identify(calib_data/color) by extensions ['python_setup_py']
[0.726s] colcon.colcon_core.package_identification Level 1 _identify(calib_data/color) by extension 'python_setup_py'
[0.726s] colcon.colcon_core.package_identification Level 1 _identify(calib_data/color_old) by extensions ['ignore', 'ignore_ament_install']
[0.726s] colcon.colcon_core.package_identification Level 1 _identify(calib_data/color_old) by extension 'ignore'
[0.726s] colcon.colcon_core.package_identification Level 1 _identify(calib_data/color_old) by extension 'ignore_ament_install'
[0.727s] colcon.colcon_core.package_identification Level 1 _identify(calib_data/color_old) by extensions ['colcon_pkg']
[0.727s] colcon.colcon_core.package_identification Level 1 _identify(calib_data/color_old) by extension 'colcon_pkg'
[0.727s] colcon.colcon_core.package_identification Level 1 _identify(calib_data/color_old) by extensions ['colcon_meta']
[0.727s] colcon.colcon_core.package_identification Level 1 _identify(calib_data/color_old) by extension 'colcon_meta'
[0.727s] colcon.colcon_core.package_identification Level 1 _identify(calib_data/color_old) by extensions ['ros']
[0.727s] colcon.colcon_core.package_identification Level 1 _identify(calib_data/color_old) by extension 'ros'
[0.727s] colcon.colcon_core.package_identification Level 1 _identify(calib_data/color_old) by extensions ['cmake', 'python']
[0.727s] colcon.colcon_core.package_identification Level 1 _identify(calib_data/color_old) by extension 'cmake'
[0.727s] colcon.colcon_core.package_identification Level 1 _identify(calib_data/color_old) by extension 'python'
[0.727s] colcon.colcon_core.package_identification Level 1 _identify(calib_data/color_old) by extensions ['python_setup_py']
[0.727s] colcon.colcon_core.package_identification Level 1 _identify(calib_data/color_old) by extension 'python_setup_py'
[0.728s] colcon.colcon_core.package_identification Level 1 _identify(calib_data/ir) by extensions ['ignore', 'ignore_ament_install']
[0.728s] colcon.colcon_core.package_identification Level 1 _identify(calib_data/ir) by extension 'ignore'
[0.728s] colcon.colcon_core.package_identification Level 1 _identify(calib_data/ir) by extension 'ignore_ament_install'
[0.728s] colcon.colcon_core.package_identification Level 1 _identify(calib_data/ir) by extensions ['colcon_pkg']
[0.728s] colcon.colcon_core.package_identification Level 1 _identify(calib_data/ir) by extension 'colcon_pkg'
[0.728s] colcon.colcon_core.package_identification Level 1 _identify(calib_data/ir) by extensions ['colcon_meta']
[0.728s] colcon.colcon_core.package_identification Level 1 _identify(calib_data/ir) by extension 'colcon_meta'
[0.729s] colcon.colcon_core.package_identification Level 1 _identify(calib_data/ir) by extensions ['ros']
[0.729s] colcon.colcon_core.package_identification Level 1 _identify(calib_data/ir) by extension 'ros'
[0.729s] colcon.colcon_core.package_identification Level 1 _identify(calib_data/ir) by extensions ['cmake', 'python']
[0.729s] colcon.colcon_core.package_identification Level 1 _identify(calib_data/ir) by extension 'cmake'
[0.729s] colcon.colcon_core.package_identification Level 1 _identify(calib_data/ir) by extension 'python'
[0.729s] colcon.colcon_core.package_identification Level 1 _identify(calib_data/ir) by extensions ['python_setup_py']
[0.729s] colcon.colcon_core.package_identification Level 1 _identify(calib_data/ir) by extension 'python_setup_py'
[0.729s] colcon.colcon_core.package_identification Level 1 _identify(calib_data/ir_old) by extensions ['ignore', 'ignore_ament_install']
[0.730s] colcon.colcon_core.package_identification Level 1 _identify(calib_data/ir_old) by extension 'ignore'
[0.730s] colcon.colcon_core.package_identification Level 1 _identify(calib_data/ir_old) by extension 'ignore_ament_install'
[0.730s] colcon.colcon_core.package_identification Level 1 _identify(calib_data/ir_old) by extensions ['colcon_pkg']
[0.730s] colcon.colcon_core.package_identification Level 1 _identify(calib_data/ir_old) by extension 'colcon_pkg'
[0.730s] colcon.colcon_core.package_identification Level 1 _identify(calib_data/ir_old) by extensions ['colcon_meta']
[0.730s] colcon.colcon_core.package_identification Level 1 _identify(calib_data/ir_old) by extension 'colcon_meta'
[0.730s] colcon.colcon_core.package_identification Level 1 _identify(calib_data/ir_old) by extensions ['ros']
[0.730s] colcon.colcon_core.package_identification Level 1 _identify(calib_data/ir_old) by extension 'ros'
[0.730s] colcon.colcon_core.package_identification Level 1 _identify(calib_data/ir_old) by extensions ['cmake', 'python']
[0.731s] colcon.colcon_core.package_identification Level 1 _identify(calib_data/ir_old) by extension 'cmake'
[0.731s] colcon.colcon_core.package_identification Level 1 _identify(calib_data/ir_old) by extension 'python'
[0.731s] colcon.colcon_core.package_identification Level 1 _identify(calib_data/ir_old) by extensions ['python_setup_py']
[0.731s] colcon.colcon_core.package_identification Level 1 _identify(calib_data/ir_old) by extension 'python_setup_py'
[0.731s] colcon.colcon_core.package_identification Level 1 _identify(calib_result) by extensions ['ignore', 'ignore_ament_install']
[0.731s] colcon.colcon_core.package_identification Level 1 _identify(calib_result) by extension 'ignore'
[0.731s] colcon.colcon_core.package_identification Level 1 _identify(calib_result) by extension 'ignore_ament_install'
[0.731s] colcon.colcon_core.package_identification Level 1 _identify(calib_result) by extensions ['colcon_pkg']
[0.732s] colcon.colcon_core.package_identification Level 1 _identify(calib_result) by extension 'colcon_pkg'
[0.732s] colcon.colcon_core.package_identification Level 1 _identify(calib_result) by extensions ['colcon_meta']
[0.732s] colcon.colcon_core.package_identification Level 1 _identify(calib_result) by extension 'colcon_meta'
[0.732s] colcon.colcon_core.package_identification Level 1 _identify(calib_result) by extensions ['ros']
[0.732s] colcon.colcon_core.package_identification Level 1 _identify(calib_result) by extension 'ros'
[0.732s] colcon.colcon_core.package_identification Level 1 _identify(calib_result) by extensions ['cmake', 'python']
[0.732s] colcon.colcon_core.package_identification Level 1 _identify(calib_result) by extension 'cmake'
[0.732s] colcon.colcon_core.package_identification Level 1 _identify(calib_result) by extension 'python'
[0.732s] colcon.colcon_core.package_identification Level 1 _identify(calib_result) by extensions ['python_setup_py']
[0.732s] colcon.colcon_core.package_identification Level 1 _identify(calib_result) by extension 'python_setup_py'
[0.733s] colcon.colcon_core.package_identification Level 1 _identify(dairy) by extensions ['ignore', 'ignore_ament_install']
[0.733s] colcon.colcon_core.package_identification Level 1 _identify(dairy) by extension 'ignore'
[0.733s] colcon.colcon_core.package_identification Level 1 _identify(dairy) by extension 'ignore_ament_install'
[0.733s] colcon.colcon_core.package_identification Level 1 _identify(dairy) by extensions ['colcon_pkg']
[0.733s] colcon.colcon_core.package_identification Level 1 _identify(dairy) by extension 'colcon_pkg'
[0.733s] colcon.colcon_core.package_identification Level 1 _identify(dairy) by extensions ['colcon_meta']
[0.733s] colcon.colcon_core.package_identification Level 1 _identify(dairy) by extension 'colcon_meta'
[0.733s] colcon.colcon_core.package_identification Level 1 _identify(dairy) by extensions ['ros']
[0.733s] colcon.colcon_core.package_identification Level 1 _identify(dairy) by extension 'ros'
[0.734s] colcon.colcon_core.package_identification Level 1 _identify(dairy) by extensions ['cmake', 'python']
[0.734s] colcon.colcon_core.package_identification Level 1 _identify(dairy) by extension 'cmake'
[0.734s] colcon.colcon_core.package_identification Level 1 _identify(dairy) by extension 'python'
[0.734s] colcon.colcon_core.package_identification Level 1 _identify(dairy) by extensions ['python_setup_py']
[0.734s] colcon.colcon_core.package_identification Level 1 _identify(dairy) by extension 'python_setup_py'
[0.734s] colcon.colcon_core.package_identification Level 1 _identify(docs) by extensions ['ignore', 'ignore_ament_install']
[0.734s] colcon.colcon_core.package_identification Level 1 _identify(docs) by extension 'ignore'
[0.735s] colcon.colcon_core.package_identification Level 1 _identify(docs) by extension 'ignore_ament_install'
[0.735s] colcon.colcon_core.package_identification Level 1 _identify(docs) by extensions ['colcon_pkg']
[0.735s] colcon.colcon_core.package_identification Level 1 _identify(docs) by extension 'colcon_pkg'
[0.735s] colcon.colcon_core.package_identification Level 1 _identify(docs) by extensions ['colcon_meta']
[0.735s] colcon.colcon_core.package_identification Level 1 _identify(docs) by extension 'colcon_meta'
[0.735s] colcon.colcon_core.package_identification Level 1 _identify(docs) by extensions ['ros']
[0.735s] colcon.colcon_core.package_identification Level 1 _identify(docs) by extension 'ros'
[0.735s] colcon.colcon_core.package_identification Level 1 _identify(docs) by extensions ['cmake', 'python']
[0.735s] colcon.colcon_core.package_identification Level 1 _identify(docs) by extension 'cmake'
[0.735s] colcon.colcon_core.package_identification Level 1 _identify(docs) by extension 'python'
[0.735s] colcon.colcon_core.package_identification Level 1 _identify(docs) by extensions ['python_setup_py']
[0.736s] colcon.colcon_core.package_identification Level 1 _identify(docs) by extension 'python_setup_py'
[0.736s] colcon.colcon_core.package_identification Level 1 _identify(install) by extensions ['ignore', 'ignore_ament_install']
[0.736s] colcon.colcon_core.package_identification Level 1 _identify(install) by extension 'ignore'
[0.736s] colcon.colcon_core.package_identification Level 1 _identify(install) ignored
[0.736s] colcon.colcon_core.package_identification Level 1 _identify(log) by extensions ['ignore', 'ignore_ament_install']
[0.737s] colcon.colcon_core.package_identification Level 1 _identify(log) by extension 'ignore'
[0.737s] colcon.colcon_core.package_identification Level 1 _identify(log) ignored
[0.737s] colcon.colcon_core.package_identification Level 1 _identify(maps) by extensions ['ignore', 'ignore_ament_install']
[0.737s] colcon.colcon_core.package_identification Level 1 _identify(maps) by extension 'ignore'
[0.737s] colcon.colcon_core.package_identification Level 1 _identify(maps) by extension 'ignore_ament_install'
[0.737s] colcon.colcon_core.package_identification Level 1 _identify(maps) by extensions ['colcon_pkg']
[0.737s] colcon.colcon_core.package_identification Level 1 _identify(maps) by extension 'colcon_pkg'
[0.737s] colcon.colcon_core.package_identification Level 1 _identify(maps) by extensions ['colcon_meta']
[0.738s] colcon.colcon_core.package_identification Level 1 _identify(maps) by extension 'colcon_meta'
[0.738s] colcon.colcon_core.package_identification Level 1 _identify(maps) by extensions ['ros']
[0.738s] colcon.colcon_core.package_identification Level 1 _identify(maps) by extension 'ros'
[0.738s] colcon.colcon_core.package_identification Level 1 _identify(maps) by extensions ['cmake', 'python']
[0.738s] colcon.colcon_core.package_identification Level 1 _identify(maps) by extension 'cmake'
[0.738s] colcon.colcon_core.package_identification Level 1 _identify(maps) by extension 'python'
[0.738s] colcon.colcon_core.package_identification Level 1 _identify(maps) by extensions ['python_setup_py']
[0.738s] colcon.colcon_core.package_identification Level 1 _identify(maps) by extension 'python_setup_py'
[0.738s] colcon.colcon_core.package_identification Level 1 _identify(models) by extensions ['ignore', 'ignore_ament_install']
[0.739s] colcon.colcon_core.package_identification Level 1 _identify(models) by extension 'ignore'
[0.739s] colcon.colcon_core.package_identification Level 1 _identify(models) by extension 'ignore_ament_install'
[0.740s] colcon.colcon_core.package_identification Level 1 _identify(models) by extensions ['colcon_pkg']
[0.740s] colcon.colcon_core.package_identification Level 1 _identify(models) by extension 'colcon_pkg'
[0.740s] colcon.colcon_core.package_identification Level 1 _identify(models) by extensions ['colcon_meta']
[0.740s] colcon.colcon_core.package_identification Level 1 _identify(models) by extension 'colcon_meta'
[0.740s] colcon.colcon_core.package_identification Level 1 _identify(models) by extensions ['ros']
[0.740s] colcon.colcon_core.package_identification Level 1 _identify(models) by extension 'ros'
[0.740s] colcon.colcon_core.package_identification Level 1 _identify(models) by extensions ['cmake', 'python']
[0.740s] colcon.colcon_core.package_identification Level 1 _identify(models) by extension 'cmake'
[0.740s] colcon.colcon_core.package_identification Level 1 _identify(models) by extension 'python'
[0.741s] colcon.colcon_core.package_identification Level 1 _identify(models) by extensions ['python_setup_py']
[0.741s] colcon.colcon_core.package_identification Level 1 _identify(models) by extension 'python_setup_py'
[0.741s] colcon.colcon_core.package_identification Level 1 _identify(pic) by extensions ['ignore', 'ignore_ament_install']
[0.741s] colcon.colcon_core.package_identification Level 1 _identify(pic) by extension 'ignore'
[0.741s] colcon.colcon_core.package_identification Level 1 _identify(pic) by extension 'ignore_ament_install'
[0.741s] colcon.colcon_core.package_identification Level 1 _identify(pic) by extensions ['colcon_pkg']
[0.741s] colcon.colcon_core.package_identification Level 1 _identify(pic) by extension 'colcon_pkg'
[0.742s] colcon.colcon_core.package_identification Level 1 _identify(pic) by extensions ['colcon_meta']
[0.742s] colcon.colcon_core.package_identification Level 1 _identify(pic) by extension 'colcon_meta'
[0.743s] colcon.colcon_core.package_identification Level 1 _identify(pic) by extensions ['ros']
[0.744s] colcon.colcon_core.package_identification Level 1 _identify(pic) by extension 'ros'
[0.745s] colcon.colcon_core.package_identification Level 1 _identify(pic) by extensions ['cmake', 'python']
[0.745s] colcon.colcon_core.package_identification Level 1 _identify(pic) by extension 'cmake'
[0.745s] colcon.colcon_core.package_identification Level 1 _identify(pic) by extension 'python'
[0.745s] colcon.colcon_core.package_identification Level 1 _identify(pic) by extensions ['python_setup_py']
[0.745s] colcon.colcon_core.package_identification Level 1 _identify(pic) by extension 'python_setup_py'
[0.746s] colcon.colcon_core.package_identification Level 1 _identify(src) by extensions ['ignore', 'ignore_ament_install']
[0.746s] colcon.colcon_core.package_identification Level 1 _identify(src) by extension 'ignore'
[0.746s] colcon.colcon_core.package_identification Level 1 _identify(src) by extension 'ignore_ament_install'
[0.746s] colcon.colcon_core.package_identification Level 1 _identify(src) by extensions ['colcon_pkg']
[0.747s] colcon.colcon_core.package_identification Level 1 _identify(src) by extension 'colcon_pkg'
[0.747s] colcon.colcon_core.package_identification Level 1 _identify(src) by extensions ['colcon_meta']
[0.747s] colcon.colcon_core.package_identification Level 1 _identify(src) by extension 'colcon_meta'
[0.747s] colcon.colcon_core.package_identification Level 1 _identify(src) by extensions ['ros']
[0.747s] colcon.colcon_core.package_identification Level 1 _identify(src) by extension 'ros'
[0.747s] colcon.colcon_core.package_identification Level 1 _identify(src) by extensions ['cmake', 'python']
[0.747s] colcon.colcon_core.package_identification Level 1 _identify(src) by extension 'cmake'
[0.747s] colcon.colcon_core.package_identification Level 1 _identify(src) by extension 'python'
[0.747s] colcon.colcon_core.package_identification Level 1 _identify(src) by extensions ['python_setup_py']
[0.747s] colcon.colcon_core.package_identification Level 1 _identify(src) by extension 'python_setup_py'
[0.748s] colcon.colcon_core.package_identification Level 1 _identify(src/OrbbecSDK_ROS2) by extensions ['ignore', 'ignore_ament_install']
[0.748s] colcon.colcon_core.package_identification Level 1 _identify(src/OrbbecSDK_ROS2) by extension 'ignore'
[0.749s] colcon.colcon_core.package_identification Level 1 _identify(src/OrbbecSDK_ROS2) by extension 'ignore_ament_install'
[0.749s] colcon.colcon_core.package_identification Level 1 _identify(src/OrbbecSDK_ROS2) by extensions ['colcon_pkg']
[0.749s] colcon.colcon_core.package_identification Level 1 _identify(src/OrbbecSDK_ROS2) by extension 'colcon_pkg'
[0.749s] colcon.colcon_core.package_identification Level 1 _identify(src/OrbbecSDK_ROS2) by extensions ['colcon_meta']
[0.749s] colcon.colcon_core.package_identification Level 1 _identify(src/OrbbecSDK_ROS2) by extension 'colcon_meta'
[0.749s] colcon.colcon_core.package_identification Level 1 _identify(src/OrbbecSDK_ROS2) by extensions ['ros']
[0.749s] colcon.colcon_core.package_identification Level 1 _identify(src/OrbbecSDK_ROS2) by extension 'ros'
[0.750s] colcon.colcon_core.package_identification Level 1 _identify(src/OrbbecSDK_ROS2) by extensions ['cmake', 'python']
[0.750s] colcon.colcon_core.package_identification Level 1 _identify(src/OrbbecSDK_ROS2) by extension 'cmake'
[0.750s] colcon.colcon_core.package_identification Level 1 _identify(src/OrbbecSDK_ROS2) by extension 'python'
[0.750s] colcon.colcon_core.package_identification Level 1 _identify(src/OrbbecSDK_ROS2) by extensions ['python_setup_py']
[0.750s] colcon.colcon_core.package_identification Level 1 _identify(src/OrbbecSDK_ROS2) by extension 'python_setup_py'
[0.750s] colcon.colcon_core.package_identification Level 1 _identify(src/OrbbecSDK_ROS2/docs) by extensions ['ignore', 'ignore_ament_install']
[0.750s] colcon.colcon_core.package_identification Level 1 _identify(src/OrbbecSDK_ROS2/docs) by extension 'ignore'
[0.751s] colcon.colcon_core.package_identification Level 1 _identify(src/OrbbecSDK_ROS2/docs) by extension 'ignore_ament_install'
[0.751s] colcon.colcon_core.package_identification Level 1 _identify(src/OrbbecSDK_ROS2/docs) by extensions ['colcon_pkg']
[0.751s] colcon.colcon_core.package_identification Level 1 _identify(src/OrbbecSDK_ROS2/docs) by extension 'colcon_pkg'
[0.751s] colcon.colcon_core.package_identification Level 1 _identify(src/OrbbecSDK_ROS2/docs) by extensions ['colcon_meta']
[0.751s] colcon.colcon_core.package_identification Level 1 _identify(src/OrbbecSDK_ROS2/docs) by extension 'colcon_meta'
[0.751s] colcon.colcon_core.package_identification Level 1 _identify(src/OrbbecSDK_ROS2/docs) by extensions ['ros']
[0.751s] colcon.colcon_core.package_identification Level 1 _identify(src/OrbbecSDK_ROS2/docs) by extension 'ros'
[0.751s] colcon.colcon_core.package_identification Level 1 _identify(src/OrbbecSDK_ROS2/docs) by extensions ['cmake', 'python']
[0.751s] colcon.colcon_core.package_identification Level 1 _identify(src/OrbbecSDK_ROS2/docs) by extension 'cmake'
[0.752s] colcon.colcon_core.package_identification Level 1 _identify(src/OrbbecSDK_ROS2/docs) by extension 'python'
[0.752s] colcon.colcon_core.package_identification Level 1 _identify(src/OrbbecSDK_ROS2/docs) by extensions ['python_setup_py']
[0.752s] colcon.colcon_core.package_identification Level 1 _identify(src/OrbbecSDK_ROS2/docs) by extension 'python_setup_py'
[0.753s] colcon.colcon_core.package_identification Level 1 _identify(src/OrbbecSDK_ROS2/docs/images) by extensions ['ignore', 'ignore_ament_install']
[0.753s] colcon.colcon_core.package_identification Level 1 _identify(src/OrbbecSDK_ROS2/docs/images) by extension 'ignore'
[0.753s] colcon.colcon_core.package_identification Level 1 _identify(src/OrbbecSDK_ROS2/docs/images) by extension 'ignore_ament_install'
[0.753s] colcon.colcon_core.package_identification Level 1 _identify(src/OrbbecSDK_ROS2/docs/images) by extensions ['colcon_pkg']
[0.753s] colcon.colcon_core.package_identification Level 1 _identify(src/OrbbecSDK_ROS2/docs/images) by extension 'colcon_pkg'
[0.753s] colcon.colcon_core.package_identification Level 1 _identify(src/OrbbecSDK_ROS2/docs/images) by extensions ['colcon_meta']
[0.753s] colcon.colcon_core.package_identification Level 1 _identify(src/OrbbecSDK_ROS2/docs/images) by extension 'colcon_meta'
[0.754s] colcon.colcon_core.package_identification Level 1 _identify(src/OrbbecSDK_ROS2/docs/images) by extensions ['ros']
[0.754s] colcon.colcon_core.package_identification Level 1 _identify(src/OrbbecSDK_ROS2/docs/images) by extension 'ros'
[0.754s] colcon.colcon_core.package_identification Level 1 _identify(src/OrbbecSDK_ROS2/docs/images) by extensions ['cmake', 'python']
[0.754s] colcon.colcon_core.package_identification Level 1 _identify(src/OrbbecSDK_ROS2/docs/images) by extension 'cmake'
[0.754s] colcon.colcon_core.package_identification Level 1 _identify(src/OrbbecSDK_ROS2/docs/images) by extension 'python'
[0.754s] colcon.colcon_core.package_identification Level 1 _identify(src/OrbbecSDK_ROS2/docs/images) by extensions ['python_setup_py']
[0.754s] colcon.colcon_core.package_identification Level 1 _identify(src/OrbbecSDK_ROS2/docs/images) by extension 'python_setup_py'
[0.754s] colcon.colcon_core.package_identification Level 1 _identify(src/OrbbecSDK_ROS2/orbbec_camera) by extensions ['ignore', 'ignore_ament_install']
[0.755s] colcon.colcon_core.package_identification Level 1 _identify(src/OrbbecSDK_ROS2/orbbec_camera) by extension 'ignore'
[0.755s] colcon.colcon_core.package_identification Level 1 _identify(src/OrbbecSDK_ROS2/orbbec_camera) by extension 'ignore_ament_install'
[0.755s] colcon.colcon_core.package_identification Level 1 _identify(src/OrbbecSDK_ROS2/orbbec_camera) by extensions ['colcon_pkg']
[0.755s] colcon.colcon_core.package_identification Level 1 _identify(src/OrbbecSDK_ROS2/orbbec_camera) by extension 'colcon_pkg'
[0.755s] colcon.colcon_core.package_identification Level 1 _identify(src/OrbbecSDK_ROS2/orbbec_camera) by extensions ['colcon_meta']
[0.755s] colcon.colcon_core.package_identification Level 1 _identify(src/OrbbecSDK_ROS2/orbbec_camera) by extension 'colcon_meta'
[0.755s] colcon.colcon_core.package_identification Level 1 _identify(src/OrbbecSDK_ROS2/orbbec_camera) by extensions ['ros']
[0.755s] colcon.colcon_core.package_identification Level 1 _identify(src/OrbbecSDK_ROS2/orbbec_camera) by extension 'ros'
[0.766s] colcon.colcon_core.package_identification DEBUG Package 'src/OrbbecSDK_ROS2/orbbec_camera' with type 'ros.ament_cmake' and name 'orbbec_camera'
[0.767s] colcon.colcon_core.package_identification Level 1 _identify(src/OrbbecSDK_ROS2/orbbec_camera_msgs) by extensions ['ignore', 'ignore_ament_install']
[0.767s] colcon.colcon_core.package_identification Level 1 _identify(src/OrbbecSDK_ROS2/orbbec_camera_msgs) by extension 'ignore'
[0.767s] colcon.colcon_core.package_identification Level 1 _identify(src/OrbbecSDK_ROS2/orbbec_camera_msgs) by extension 'ignore_ament_install'
[0.768s] colcon.colcon_core.package_identification Level 1 _identify(src/OrbbecSDK_ROS2/orbbec_camera_msgs) by extensions ['colcon_pkg']
[0.772s] colcon.colcon_core.package_identification Level 1 _identify(src/OrbbecSDK_ROS2/orbbec_camera_msgs) by extension 'colcon_pkg'
[0.772s] colcon.colcon_core.package_identification Level 1 _identify(src/OrbbecSDK_ROS2/orbbec_camera_msgs) by extensions ['colcon_meta']
[0.773s] colcon.colcon_core.package_identification Level 1 _identify(src/OrbbecSDK_ROS2/orbbec_camera_msgs) by extension 'colcon_meta'
[0.775s] colcon.colcon_core.package_identification Level 1 _identify(src/OrbbecSDK_ROS2/orbbec_camera_msgs) by extensions ['ros']
[0.776s] colcon.colcon_core.package_identification Level 1 _identify(src/OrbbecSDK_ROS2/orbbec_camera_msgs) by extension 'ros'
[0.779s] colcon.colcon_core.package_identification DEBUG Package 'src/OrbbecSDK_ROS2/orbbec_camera_msgs' with type 'ros.ament_cmake' and name 'orbbec_camera_msgs'
[0.783s] colcon.colcon_core.package_identification Level 1 _identify(src/OrbbecSDK_ROS2/orbbec_description) by extensions ['ignore', 'ignore_ament_install']
[0.784s] colcon.colcon_core.package_identification Level 1 _identify(src/OrbbecSDK_ROS2/orbbec_description) by extension 'ignore'
[0.786s] colcon.colcon_core.package_identification Level 1 _identify(src/OrbbecSDK_ROS2/orbbec_description) by extension 'ignore_ament_install'
[0.787s] colcon.colcon_core.package_identification Level 1 _identify(src/OrbbecSDK_ROS2/orbbec_description) by extensions ['colcon_pkg']
[0.787s] colcon.colcon_core.package_identification Level 1 _identify(src/OrbbecSDK_ROS2/orbbec_description) by extension 'colcon_pkg'
[0.787s] colcon.colcon_core.package_identification Level 1 _identify(src/OrbbecSDK_ROS2/orbbec_description) by extensions ['colcon_meta']
[0.787s] colcon.colcon_core.package_identification Level 1 _identify(src/OrbbecSDK_ROS2/orbbec_description) by extension 'colcon_meta'
[0.787s] colcon.colcon_core.package_identification Level 1 _identify(src/OrbbecSDK_ROS2/orbbec_description) by extensions ['ros']
[0.787s] colcon.colcon_core.package_identification Level 1 _identify(src/OrbbecSDK_ROS2/orbbec_description) by extension 'ros'
[0.789s] colcon.colcon_core.package_identification DEBUG Package 'src/OrbbecSDK_ROS2/orbbec_description' with type 'ros.ament_cmake' and name 'orbbec_description'
[0.789s] colcon.colcon_core.package_identification Level 1 _identify(src/arm_controller) by extensions ['ignore', 'ignore_ament_install']
[0.790s] colcon.colcon_core.package_identification Level 1 _identify(src/arm_controller) by extension 'ignore'
[0.790s] colcon.colcon_core.package_identification Level 1 _identify(src/arm_controller) by extension 'ignore_ament_install'
[0.791s] colcon.colcon_core.package_identification Level 1 _identify(src/arm_controller) by extensions ['colcon_pkg']
[0.791s] colcon.colcon_core.package_identification Level 1 _identify(src/arm_controller) by extension 'colcon_pkg'
[0.791s] colcon.colcon_core.package_identification Level 1 _identify(src/arm_controller) by extensions ['colcon_meta']
[0.791s] colcon.colcon_core.package_identification Level 1 _identify(src/arm_controller) by extension 'colcon_meta'
[0.791s] colcon.colcon_core.package_identification Level 1 _identify(src/arm_controller) by extensions ['ros']
[0.791s] colcon.colcon_core.package_identification Level 1 _identify(src/arm_controller) by extension 'ros'
[0.794s] colcon.colcon_core.package_identification DEBUG Package 'src/arm_controller' with type 'ros.ament_cmake' and name 'arm_controller'
[0.794s] colcon.colcon_core.package_identification Level 1 _identify(src/calibration) by extensions ['ignore', 'ignore_ament_install']
[0.794s] colcon.colcon_core.package_identification Level 1 _identify(src/calibration) by extension 'ignore'
[0.794s] colcon.colcon_core.package_identification Level 1 _identify(src/calibration) by extension 'ignore_ament_install'
[0.794s] colcon.colcon_core.package_identification Level 1 _identify(src/calibration) by extensions ['colcon_pkg']
[0.795s] colcon.colcon_core.package_identification Level 1 _identify(src/calibration) by extension 'colcon_pkg'
[0.795s] colcon.colcon_core.package_identification Level 1 _identify(src/calibration) by extensions ['colcon_meta']
[0.795s] colcon.colcon_core.package_identification Level 1 _identify(src/calibration) by extension 'colcon_meta'
[0.795s] colcon.colcon_core.package_identification Level 1 _identify(src/calibration) by extensions ['ros']
[0.795s] colcon.colcon_core.package_identification Level 1 _identify(src/calibration) by extension 'ros'
[0.795s] colcon.colcon_core.package_identification Level 1 _identify(src/calibration) by extensions ['cmake', 'python']
[0.795s] colcon.colcon_core.package_identification Level 1 _identify(src/calibration) by extension 'cmake'
[0.795s] colcon.colcon_core.package_identification Level 1 _identify(src/calibration) by extension 'python'
[0.795s] colcon.colcon_core.package_identification Level 1 _identify(src/calibration) by extensions ['python_setup_py']
[0.796s] colcon.colcon_core.package_identification Level 1 _identify(src/calibration) by extension 'python_setup_py'
[0.796s] colcon.colcon_core.package_identification Level 1 _identify(src/calibration/Log) by extensions ['ignore', 'ignore_ament_install']
[0.796s] colcon.colcon_core.package_identification Level 1 _identify(src/calibration/Log) by extension 'ignore'
[0.796s] colcon.colcon_core.package_identification Level 1 _identify(src/calibration/Log) by extension 'ignore_ament_install'
[0.796s] colcon.colcon_core.package_identification Level 1 _identify(src/calibration/Log) by extensions ['colcon_pkg']
[0.797s] colcon.colcon_core.package_identification Level 1 _identify(src/calibration/Log) by extension 'colcon_pkg'
[0.797s] colcon.colcon_core.package_identification Level 1 _identify(src/calibration/Log) by extensions ['colcon_meta']
[0.797s] colcon.colcon_core.package_identification Level 1 _identify(src/calibration/Log) by extension 'colcon_meta'
[0.797s] colcon.colcon_core.package_identification Level 1 _identify(src/calibration/Log) by extensions ['ros']
[0.797s] colcon.colcon_core.package_identification Level 1 _identify(src/calibration/Log) by extension 'ros'
[0.797s] colcon.colcon_core.package_identification Level 1 _identify(src/calibration/Log) by extensions ['cmake', 'python']
[0.797s] colcon.colcon_core.package_identification Level 1 _identify(src/calibration/Log) by extension 'cmake'
[0.797s] colcon.colcon_core.package_identification Level 1 _identify(src/calibration/Log) by extension 'python'
[0.797s] colcon.colcon_core.package_identification Level 1 _identify(src/calibration/Log) by extensions ['python_setup_py']
[0.797s] colcon.colcon_core.package_identification Level 1 _identify(src/calibration/Log) by extension 'python_setup_py'
[0.798s] colcon.colcon_core.package_identification Level 1 _identify(src/calibration/__pycache__) by extensions ['ignore', 'ignore_ament_install']
[0.799s] colcon.colcon_core.package_identification Level 1 _identify(src/calibration/__pycache__) by extension 'ignore'
[0.799s] colcon.colcon_core.package_identification Level 1 _identify(src/calibration/__pycache__) by extension 'ignore_ament_install'
[0.799s] colcon.colcon_core.package_identification Level 1 _identify(src/calibration/__pycache__) by extensions ['colcon_pkg']
[0.799s] colcon.colcon_core.package_identification Level 1 _identify(src/calibration/__pycache__) by extension 'colcon_pkg'
[0.800s] colcon.colcon_core.package_identification Level 1 _identify(src/calibration/__pycache__) by extensions ['colcon_meta']
[0.801s] colcon.colcon_core.package_identification Level 1 _identify(src/calibration/__pycache__) by extension 'colcon_meta'
[0.801s] colcon.colcon_core.package_identification Level 1 _identify(src/calibration/__pycache__) by extensions ['ros']
[0.802s] colcon.colcon_core.package_identification Level 1 _identify(src/calibration/__pycache__) by extension 'ros'
[0.802s] colcon.colcon_core.package_identification Level 1 _identify(src/calibration/__pycache__) by extensions ['cmake', 'python']
[0.802s] colcon.colcon_core.package_identification Level 1 _identify(src/calibration/__pycache__) by extension 'cmake'
[0.802s] colcon.colcon_core.package_identification Level 1 _identify(src/calibration/__pycache__) by extension 'python'
[0.802s] colcon.colcon_core.package_identification Level 1 _identify(src/calibration/__pycache__) by extensions ['python_setup_py']
[0.802s] colcon.colcon_core.package_identification Level 1 _identify(src/calibration/__pycache__) by extension 'python_setup_py'
[0.803s] colcon.colcon_core.package_identification Level 1 _identify(src/fox_description_ros2) by extensions ['ignore', 'ignore_ament_install']
[0.803s] colcon.colcon_core.package_identification Level 1 _identify(src/fox_description_ros2) by extension 'ignore'
[0.803s] colcon.colcon_core.package_identification Level 1 _identify(src/fox_description_ros2) by extension 'ignore_ament_install'
[0.803s] colcon.colcon_core.package_identification Level 1 _identify(src/fox_description_ros2) by extensions ['colcon_pkg']
[0.803s] colcon.colcon_core.package_identification Level 1 _identify(src/fox_description_ros2) by extension 'colcon_pkg'
[0.803s] colcon.colcon_core.package_identification Level 1 _identify(src/fox_description_ros2) by extensions ['colcon_meta']
[0.803s] colcon.colcon_core.package_identification Level 1 _identify(src/fox_description_ros2) by extension 'colcon_meta'
[0.803s] colcon.colcon_core.package_identification Level 1 _identify(src/fox_description_ros2) by extensions ['ros']
[0.804s] colcon.colcon_core.package_identification Level 1 _identify(src/fox_description_ros2) by extension 'ros'
[0.805s] colcon.colcon_core.package_identification DEBUG Package 'src/fox_description_ros2' with type 'ros.ament_cmake' and name 'fox_description_ros2'
[0.805s] colcon.colcon_core.package_identification Level 1 _identify(src/fox_grape_harvest) by extensions ['ignore', 'ignore_ament_install']
[0.806s] colcon.colcon_core.package_identification Level 1 _identify(src/fox_grape_harvest) by extension 'ignore'
[0.807s] colcon.colcon_core.package_identification Level 1 _identify(src/fox_grape_harvest) by extension 'ignore_ament_install'
[0.808s] colcon.colcon_core.package_identification Level 1 _identify(src/fox_grape_harvest) by extensions ['colcon_pkg']
[0.808s] colcon.colcon_core.package_identification Level 1 _identify(src/fox_grape_harvest) by extension 'colcon_pkg'
[0.808s] colcon.colcon_core.package_identification Level 1 _identify(src/fox_grape_harvest) by extensions ['colcon_meta']
[0.808s] colcon.colcon_core.package_identification Level 1 _identify(src/fox_grape_harvest) by extension 'colcon_meta'
[0.808s] colcon.colcon_core.package_identification Level 1 _identify(src/fox_grape_harvest) by extensions ['ros']
[0.808s] colcon.colcon_core.package_identification Level 1 _identify(src/fox_grape_harvest) by extension 'ros'
[0.812s] colcon.colcon_core.package_identification DEBUG Package 'src/fox_grape_harvest' with type 'ros.ament_python' and name 'fox_grape_harvest'
[0.813s] colcon.colcon_core.package_identification Level 1 _identify(src/fox_navigation_ros2) by extensions ['ignore', 'ignore_ament_install']
[0.814s] colcon.colcon_core.package_identification Level 1 _identify(src/fox_navigation_ros2) by extension 'ignore'
[0.814s] colcon.colcon_core.package_identification Level 1 _identify(src/fox_navigation_ros2) by extension 'ignore_ament_install'
[0.814s] colcon.colcon_core.package_identification Level 1 _identify(src/fox_navigation_ros2) by extensions ['colcon_pkg']
[0.814s] colcon.colcon_core.package_identification Level 1 _identify(src/fox_navigation_ros2) by extension 'colcon_pkg'
[0.814s] colcon.colcon_core.package_identification Level 1 _identify(src/fox_navigation_ros2) by extensions ['colcon_meta']
[0.814s] colcon.colcon_core.package_identification Level 1 _identify(src/fox_navigation_ros2) by extension 'colcon_meta'
[0.814s] colcon.colcon_core.package_identification Level 1 _identify(src/fox_navigation_ros2) by extensions ['ros']
[0.814s] colcon.colcon_core.package_identification Level 1 _identify(src/fox_navigation_ros2) by extension 'ros'
[0.817s] colcon.colcon_core.package_identification DEBUG Package 'src/fox_navigation_ros2' with type 'ros.ament_cmake' and name 'fox_navigation_ros2'
[0.817s] colcon.colcon_core.package_identification Level 1 _identify(src/fox_slam_ros2) by extensions ['ignore', 'ignore_ament_install']
[0.817s] colcon.colcon_core.package_identification Level 1 _identify(src/fox_slam_ros2) by extension 'ignore'
[0.818s] colcon.colcon_core.package_identification Level 1 _identify(src/fox_slam_ros2) by extension 'ignore_ament_install'
[0.818s] colcon.colcon_core.package_identification Level 1 _identify(src/fox_slam_ros2) by extensions ['colcon_pkg']
[0.818s] colcon.colcon_core.package_identification Level 1 _identify(src/fox_slam_ros2) by extension 'colcon_pkg'
[0.818s] colcon.colcon_core.package_identification Level 1 _identify(src/fox_slam_ros2) by extensions ['colcon_meta']
[0.818s] colcon.colcon_core.package_identification Level 1 _identify(src/fox_slam_ros2) by extension 'colcon_meta'
[0.818s] colcon.colcon_core.package_identification Level 1 _identify(src/fox_slam_ros2) by extensions ['ros']
[0.818s] colcon.colcon_core.package_identification Level 1 _identify(src/fox_slam_ros2) by extension 'ros'
[0.819s] colcon.colcon_core.package_identification DEBUG Package 'src/fox_slam_ros2' with type 'ros.ament_cmake' and name 'fox_slam_ros2'
[0.820s] colcon.colcon_core.package_identification Level 1 _identify(src/fox_webui) by extensions ['ignore', 'ignore_ament_install']
[0.820s] colcon.colcon_core.package_identification Level 1 _identify(src/fox_webui) by extension 'ignore'
[0.820s] colcon.colcon_core.package_identification Level 1 _identify(src/fox_webui) by extension 'ignore_ament_install'
[0.820s] colcon.colcon_core.package_identification Level 1 _identify(src/fox_webui) by extensions ['colcon_pkg']
[0.820s] colcon.colcon_core.package_identification Level 1 _identify(src/fox_webui) by extension 'colcon_pkg'
[0.820s] colcon.colcon_core.package_identification Level 1 _identify(src/fox_webui) by extensions ['colcon_meta']
[0.821s] colcon.colcon_core.package_identification Level 1 _identify(src/fox_webui) by extension 'colcon_meta'
[0.821s] colcon.colcon_core.package_identification Level 1 _identify(src/fox_webui) by extensions ['ros']
[0.821s] colcon.colcon_core.package_identification Level 1 _identify(src/fox_webui) by extension 'ros'
[0.823s] colcon.colcon_core.package_identification DEBUG Package 'src/fox_webui' with type 'ros.ament_python' and name 'fox_webui'
[0.823s] colcon.colcon_core.package_identification Level 1 _identify(src/gripper_control) by extensions ['ignore', 'ignore_ament_install']
[0.824s] colcon.colcon_core.package_identification Level 1 _identify(src/gripper_control) by extension 'ignore'
[0.824s] colcon.colcon_core.package_identification Level 1 _identify(src/gripper_control) by extension 'ignore_ament_install'
[0.824s] colcon.colcon_core.package_identification Level 1 _identify(src/gripper_control) by extensions ['colcon_pkg']
[0.824s] colcon.colcon_core.package_identification Level 1 _identify(src/gripper_control) by extension 'colcon_pkg'
[0.824s] colcon.colcon_core.package_identification Level 1 _identify(src/gripper_control) by extensions ['colcon_meta']
[0.824s] colcon.colcon_core.package_identification Level 1 _identify(src/gripper_control) by extension 'colcon_meta'
[0.824s] colcon.colcon_core.package_identification Level 1 _identify(src/gripper_control) by extensions ['ros']
[0.824s] colcon.colcon_core.package_identification Level 1 _identify(src/gripper_control) by extension 'ros'
[0.827s] colcon.colcon_core.package_identification DEBUG Package 'src/gripper_control' with type 'ros.ament_cmake' and name 'gripper_control'
[0.827s] colcon.colcon_core.package_identification Level 1 _identify(src/jie_ware) by extensions ['ignore', 'ignore_ament_install']
[0.828s] colcon.colcon_core.package_identification Level 1 _identify(src/jie_ware) by extension 'ignore'
[0.828s] colcon.colcon_core.package_identification Level 1 _identify(src/jie_ware) by extension 'ignore_ament_install'
[0.828s] colcon.colcon_core.package_identification Level 1 _identify(src/jie_ware) by extensions ['colcon_pkg']
[0.828s] colcon.colcon_core.package_identification Level 1 _identify(src/jie_ware) by extension 'colcon_pkg'
[0.828s] colcon.colcon_core.package_identification Level 1 _identify(src/jie_ware) by extensions ['colcon_meta']
[0.829s] colcon.colcon_core.package_identification Level 1 _identify(src/jie_ware) by extension 'colcon_meta'
[0.829s] colcon.colcon_core.package_identification Level 1 _identify(src/jie_ware) by extensions ['ros']
[0.829s] colcon.colcon_core.package_identification Level 1 _identify(src/jie_ware) by extension 'ros'
[0.832s] colcon.colcon_core.package_identification DEBUG Package 'src/jie_ware' with type 'ros.catkin' and name 'jie_ware'
[0.832s] colcon.colcon_core.package_identification Level 1 _identify(src/rei_robot_base) by extensions ['ignore', 'ignore_ament_install']
[0.832s] colcon.colcon_core.package_identification Level 1 _identify(src/rei_robot_base) by extension 'ignore'
[0.832s] colcon.colcon_core.package_identification Level 1 _identify(src/rei_robot_base) by extension 'ignore_ament_install'
[0.833s] colcon.colcon_core.package_identification Level 1 _identify(src/rei_robot_base) by extensions ['colcon_pkg']
[0.833s] colcon.colcon_core.package_identification Level 1 _identify(src/rei_robot_base) by extension 'colcon_pkg'
[0.833s] colcon.colcon_core.package_identification Level 1 _identify(src/rei_robot_base) by extensions ['colcon_meta']
[0.833s] colcon.colcon_core.package_identification Level 1 _identify(src/rei_robot_base) by extension 'colcon_meta'
[0.833s] colcon.colcon_core.package_identification Level 1 _identify(src/rei_robot_base) by extensions ['ros']
[0.833s] colcon.colcon_core.package_identification Level 1 _identify(src/rei_robot_base) by extension 'ros'
[0.835s] colcon.colcon_core.package_identification DEBUG Package 'src/rei_robot_base' with type 'ros.ament_cmake' and name 'rei_robot_base'
[0.836s] colcon.colcon_core.package_identification Level 1 _identify(src/ydlidar_ros2_driver) by extensions ['ignore', 'ignore_ament_install']
[0.836s] colcon.colcon_core.package_identification Level 1 _identify(src/ydlidar_ros2_driver) by extension 'ignore'
[0.836s] colcon.colcon_core.package_identification Level 1 _identify(src/ydlidar_ros2_driver) by extension 'ignore_ament_install'
[0.836s] colcon.colcon_core.package_identification Level 1 _identify(src/ydlidar_ros2_driver) by extensions ['colcon_pkg']
[0.837s] colcon.colcon_core.package_identification Level 1 _identify(src/ydlidar_ros2_driver) by extension 'colcon_pkg'
[0.837s] colcon.colcon_core.package_identification Level 1 _identify(src/ydlidar_ros2_driver) by extensions ['colcon_meta']
[0.837s] colcon.colcon_core.package_identification Level 1 _identify(src/ydlidar_ros2_driver) by extension 'colcon_meta'
[0.837s] colcon.colcon_core.package_identification Level 1 _identify(src/ydlidar_ros2_driver) by extensions ['ros']
[0.837s] colcon.colcon_core.package_identification Level 1 _identify(src/ydlidar_ros2_driver) by extension 'ros'
[0.841s] colcon.colcon_core.package_identification DEBUG Package 'src/ydlidar_ros2_driver' with type 'ros.ament_cmake' and name 'ydlidar_ros2_driver'
[0.842s] colcon.colcon_core.package_discovery Level 1 discover_packages(recursive) using defaults
[0.842s] colcon.colcon_core.package_discovery Level 1 discover_packages(ignore) discover
[0.842s] colcon.colcon_core.package_discovery Level 1 discover_packages(ignore) using defaults
[0.842s] colcon.colcon_core.package_discovery Level 1 discover_packages(path) discover
[0.842s] colcon.colcon_core.package_discovery Level 1 discover_packages(path) using defaults
[0.887s] colcon.colcon_core.package_selection INFO Skipping not selected package 'arm_controller' in 'src/arm_controller'
[0.887s] colcon.colcon_core.package_selection INFO Skipping not selected package 'fox_description_ros2' in 'src/fox_description_ros2'
[0.887s] colcon.colcon_core.package_selection INFO Skipping not selected package 'gripper_control' in 'src/gripper_control'
[0.887s] colcon.colcon_core.package_selection INFO Skipping not selected package 'jie_ware' in 'src/jie_ware'
[0.888s] colcon.colcon_core.package_selection INFO Skipping not selected package 'orbbec_camera_msgs' in 'src/OrbbecSDK_ROS2/orbbec_camera_msgs'
[0.888s] colcon.colcon_core.package_selection INFO Skipping not selected package 'orbbec_description' in 'src/OrbbecSDK_ROS2/orbbec_description'
[0.888s] colcon.colcon_core.package_selection INFO Skipping not selected package 'rei_robot_base' in 'src/rei_robot_base'
[0.888s] colcon.colcon_core.package_selection INFO Skipping not selected package 'ydlidar_ros2_driver' in 'src/ydlidar_ros2_driver'
[0.888s] colcon.colcon_core.package_selection INFO Skipping not selected package 'fox_grape_harvest' in 'src/fox_grape_harvest'
[0.888s] colcon.colcon_core.package_selection INFO Skipping not selected package 'fox_slam_ros2' in 'src/fox_slam_ros2'
[0.888s] colcon.colcon_core.package_selection INFO Skipping not selected package 'orbbec_camera' in 'src/OrbbecSDK_ROS2/orbbec_camera'
[0.888s] colcon.colcon_core.package_selection INFO Skipping not selected package 'fox_webui' in 'src/fox_webui'
[0.890s] colcon.colcon_core.package_discovery Level 1 discover_packages(prefix_path) check parameters
[0.890s] colcon.colcon_core.package_discovery Level 1 discover_packages(prefix_path) discover
[0.896s] colcon.colcon_installed_package_information.package_discovery DEBUG Found 12 installed packages in /home/ubuntu/ros2fox/install
[0.899s] colcon.colcon_installed_package_information.package_discovery DEBUG Found 361 installed packages in /opt/ros/humble
[0.902s] colcon.colcon_core.package_discovery Level 1 discover_packages(prefix_path) using defaults
[1.010s] colcon.colcon_core.verb Level 5 set package 'fox_navigation_ros2' build argument 'cmake_args' from command line to 'None'
[1.011s] colcon.colcon_core.verb Level 5 set package 'fox_navigation_ros2' build argument 'cmake_target' from command line to 'None'
[1.011s] colcon.colcon_core.verb Level 5 set package 'fox_navigation_ros2' build argument 'cmake_target_skip_unavailable' from command line to 'False'
[1.011s] colcon.colcon_core.verb Level 5 set package 'fox_navigation_ros2' build argument 'cmake_clean_cache' from command line to 'False'
[1.011s] colcon.colcon_core.verb Level 5 set package 'fox_navigation_ros2' build argument 'cmake_clean_first' from command line to 'False'
[1.011s] colcon.colcon_core.verb Level 5 set package 'fox_navigation_ros2' build argument 'cmake_force_configure' from command line to 'False'
[1.011s] colcon.colcon_core.verb Level 5 set package 'fox_navigation_ros2' build argument 'ament_cmake_args' from command line to 'None'
[1.011s] colcon.colcon_core.verb Level 5 set package 'fox_navigation_ros2' build argument 'catkin_cmake_args' from command line to 'None'
[1.011s] colcon.colcon_core.verb Level 5 set package 'fox_navigation_ros2' build argument 'catkin_skip_building_tests' from command line to 'False'
[1.011s] colcon.colcon_core.verb DEBUG Building package 'fox_navigation_ros2' with the following arguments: {'ament_cmake_args': None, 'build_base': '/home/ubuntu/ros2fox/build/fox_navigation_ros2', 'catkin_cmake_args': None, 'catkin_skip_building_tests': False, 'cmake_args': None, 'cmake_clean_cache': False, 'cmake_clean_first': False, 'cmake_force_configure': False, 'cmake_target': None, 'cmake_target_skip_unavailable': False, 'install_base': '/home/ubuntu/ros2fox/install/fox_navigation_ros2', 'merge_install': False, 'path': '/home/ubuntu/ros2fox/src/fox_navigation_ros2', 'symlink_install': False, 'test_result_base': None}
[1.012s] colcon.colcon_core.executor INFO Executing jobs using 'parallel' executor
[1.017s] colcon.colcon_parallel_executor.executor.parallel DEBUG run_until_complete
[1.017s] colcon.colcon_ros.task.ament_cmake.build INFO Building ROS package in '/home/ubuntu/ros2fox/src/fox_navigation_ros2' with build type 'ament_cmake'
[1.018s] colcon.colcon_cmake.task.cmake.build INFO Building CMake package in '/home/ubuntu/ros2fox/src/fox_navigation_ros2'
[1.025s] colcon.colcon_core.plugin_system INFO Skipping extension 'colcon_core.shell.bat': Not used on non-Windows systems
[1.025s] colcon.colcon_core.shell INFO Skip shell extension 'powershell' for command environment: Not usable outside of PowerShell
[1.025s] colcon.colcon_core.shell DEBUG Skip shell extension 'dsv' for command environment
[1.067s] colcon.colcon_core.event_handler.log_command DEBUG Invoking command in '/home/ubuntu/ros2fox/build/fox_navigation_ros2': CMAKE_PREFIX_PATH=/home/ubuntu/ros2fox/install/ydlidar_ros2_driver:/home/ubuntu/ros2fox/install/rei_robot_base:/home/ubuntu/ros2fox/install/fox_description_ros2:/home/ubuntu/ros2fox/install/fox_slam_ros2:/home/ubuntu/ros2fox/install/fox_navigation_ros2:/home/ubuntu/ros2fox/install/orbbec_description:/home/ubuntu/ros2fox/install/orbbec_camera:/home/ubuntu/ros2fox/install/orbbec_camera_msgs:/home/ubuntu/ros2fox/install/gripper_control:/home/ubuntu/ros2fox/install/arm_controller:/home/ubuntu/ros2fox/install/fox_webui:/home/ubuntu/ros2fox/install/fox_grape_harvest:/opt/ros/humble LD_LIBRARY_PATH=/home/ubuntu/ros2fox/install/rei_robot_base/lib:/home/ubuntu/ros2fox/install/orbbec_camera/lib:/home/ubuntu/ros2fox/install/orbbec_camera_msgs/lib:/opt/ros/humble/opt/rviz_ogre_vendor/lib:/opt/ros/humble/lib/aarch64-linux-gnu:/home/ubuntu/ros2fox/install/arm_controller/lib:/opt/ros/humble/lib:/usr/local/cuda/lib64:/home/ubuntu/ros2fox/install/arm_controller/lib:/opt/ros/humble/lib:/usr/local/cuda/lib64 /usr/bin/cmake --build /home/ubuntu/ros2fox/build/fox_navigation_ros2 -- -j6 -l6
[1.187s] colcon.colcon_core.event_handler.log_command DEBUG Invoked command in '/home/ubuntu/ros2fox/build/fox_navigation_ros2' returned '0': CMAKE_PREFIX_PATH=/home/ubuntu/ros2fox/install/ydlidar_ros2_driver:/home/ubuntu/ros2fox/install/rei_robot_base:/home/ubuntu/ros2fox/install/fox_description_ros2:/home/ubuntu/ros2fox/install/fox_slam_ros2:/home/ubuntu/ros2fox/install/fox_navigation_ros2:/home/ubuntu/ros2fox/install/orbbec_description:/home/ubuntu/ros2fox/install/orbbec_camera:/home/ubuntu/ros2fox/install/orbbec_camera_msgs:/home/ubuntu/ros2fox/install/gripper_control:/home/ubuntu/ros2fox/install/arm_controller:/home/ubuntu/ros2fox/install/fox_webui:/home/ubuntu/ros2fox/install/fox_grape_harvest:/opt/ros/humble LD_LIBRARY_PATH=/home/ubuntu/ros2fox/install/rei_robot_base/lib:/home/ubuntu/ros2fox/install/orbbec_camera/lib:/home/ubuntu/ros2fox/install/orbbec_camera_msgs/lib:/opt/ros/humble/opt/rviz_ogre_vendor/lib:/opt/ros/humble/lib/aarch64-linux-gnu:/home/ubuntu/ros2fox/install/arm_controller/lib:/opt/ros/humble/lib:/usr/local/cuda/lib64:/home/ubuntu/ros2fox/install/arm_controller/lib:/opt/ros/humble/lib:/usr/local/cuda/lib64 /usr/bin/cmake --build /home/ubuntu/ros2fox/build/fox_navigation_ros2 -- -j6 -l6
[1.263s] colcon.colcon_core.event_handler.log_command DEBUG Invoking command in '/home/ubuntu/ros2fox/build/fox_navigation_ros2': CMAKE_PREFIX_PATH=/home/ubuntu/ros2fox/install/ydlidar_ros2_driver:/home/ubuntu/ros2fox/install/rei_robot_base:/home/ubuntu/ros2fox/install/fox_description_ros2:/home/ubuntu/ros2fox/install/fox_slam_ros2:/home/ubuntu/ros2fox/install/fox_navigation_ros2:/home/ubuntu/ros2fox/install/orbbec_description:/home/ubuntu/ros2fox/install/orbbec_camera:/home/ubuntu/ros2fox/install/orbbec_camera_msgs:/home/ubuntu/ros2fox/install/gripper_control:/home/ubuntu/ros2fox/install/arm_controller:/home/ubuntu/ros2fox/install/fox_webui:/home/ubuntu/ros2fox/install/fox_grape_harvest:/opt/ros/humble LD_LIBRARY_PATH=/home/ubuntu/ros2fox/install/rei_robot_base/lib:/home/ubuntu/ros2fox/install/orbbec_camera/lib:/home/ubuntu/ros2fox/install/orbbec_camera_msgs/lib:/opt/ros/humble/opt/rviz_ogre_vendor/lib:/opt/ros/humble/lib/aarch64-linux-gnu:/home/ubuntu/ros2fox/install/arm_controller/lib:/opt/ros/humble/lib:/usr/local/cuda/lib64:/home/ubuntu/ros2fox/install/arm_controller/lib:/opt/ros/humble/lib:/usr/local/cuda/lib64 /usr/bin/cmake --install /home/ubuntu/ros2fox/build/fox_navigation_ros2
[1.283s] colcon.colcon_core.environment Level 1 create_environment_scripts_only(fox_navigation_ros2)
[1.286s] colcon.colcon_core.event_handler.log_command DEBUG Invoked command in '/home/ubuntu/ros2fox/build/fox_navigation_ros2' returned '0': CMAKE_PREFIX_PATH=/home/ubuntu/ros2fox/install/ydlidar_ros2_driver:/home/ubuntu/ros2fox/install/rei_robot_base:/home/ubuntu/ros2fox/install/fox_description_ros2:/home/ubuntu/ros2fox/install/fox_slam_ros2:/home/ubuntu/ros2fox/install/fox_navigation_ros2:/home/ubuntu/ros2fox/install/orbbec_description:/home/ubuntu/ros2fox/install/orbbec_camera:/home/ubuntu/ros2fox/install/orbbec_camera_msgs:/home/ubuntu/ros2fox/install/gripper_control:/home/ubuntu/ros2fox/install/arm_controller:/home/ubuntu/ros2fox/install/fox_webui:/home/ubuntu/ros2fox/install/fox_grape_harvest:/opt/ros/humble LD_LIBRARY_PATH=/home/ubuntu/ros2fox/install/rei_robot_base/lib:/home/ubuntu/ros2fox/install/orbbec_camera/lib:/home/ubuntu/ros2fox/install/orbbec_camera_msgs/lib:/opt/ros/humble/opt/rviz_ogre_vendor/lib:/opt/ros/humble/lib/aarch64-linux-gnu:/home/ubuntu/ros2fox/install/arm_controller/lib:/opt/ros/humble/lib:/usr/local/cuda/lib64:/home/ubuntu/ros2fox/install/arm_controller/lib:/opt/ros/humble/lib:/usr/local/cuda/lib64 /usr/bin/cmake --install /home/ubuntu/ros2fox/build/fox_navigation_ros2
[1.294s] colcon.colcon_core.environment Level 1 checking '/home/ubuntu/ros2fox/install/fox_navigation_ros2' for CMake module files
[1.296s] colcon.colcon_core.environment Level 1 checking '/home/ubuntu/ros2fox/install/fox_navigation_ros2' for CMake config files
[1.298s] colcon.colcon_core.shell Level 1 create_environment_hook('fox_navigation_ros2', 'cmake_prefix_path')
[1.301s] colcon.colcon_core.shell INFO Creating environment hook '/home/ubuntu/ros2fox/install/fox_navigation_ros2/share/fox_navigation_ros2/hook/cmake_prefix_path.ps1'
[1.303s] colcon.colcon_core.shell INFO Creating environment descriptor '/home/ubuntu/ros2fox/install/fox_navigation_ros2/share/fox_navigation_ros2/hook/cmake_prefix_path.dsv'
[1.305s] colcon.colcon_core.shell INFO Creating environment hook '/home/ubuntu/ros2fox/install/fox_navigation_ros2/share/fox_navigation_ros2/hook/cmake_prefix_path.sh'
[1.309s] colcon.colcon_core.environment Level 1 checking '/home/ubuntu/ros2fox/install/fox_navigation_ros2/lib'
[1.311s] colcon.colcon_core.environment Level 1 checking '/home/ubuntu/ros2fox/install/fox_navigation_ros2/bin'
[1.311s] colcon.colcon_core.environment Level 1 checking '/home/ubuntu/ros2fox/install/fox_navigation_ros2/lib/pkgconfig/fox_navigation_ros2.pc'
[1.312s] colcon.colcon_core.environment Level 1 checking '/home/ubuntu/ros2fox/install/fox_navigation_ros2/lib/python3.10/site-packages'
[1.313s] colcon.colcon_core.environment Level 1 checking '/home/ubuntu/ros2fox/install/fox_navigation_ros2/bin'
[1.314s] colcon.colcon_core.shell INFO Creating package script '/home/ubuntu/ros2fox/install/fox_navigation_ros2/share/fox_navigation_ros2/package.ps1'
[1.317s] colcon.colcon_core.shell INFO Creating package descriptor '/home/ubuntu/ros2fox/install/fox_navigation_ros2/share/fox_navigation_ros2/package.dsv'
[1.366s] colcon.colcon_core.shell INFO Creating package script '/home/ubuntu/ros2fox/install/fox_navigation_ros2/share/fox_navigation_ros2/package.sh'
[1.374s] colcon.colcon_core.shell INFO Creating package script '/home/ubuntu/ros2fox/install/fox_navigation_ros2/share/fox_navigation_ros2/package.bash'
[1.383s] colcon.colcon_core.shell INFO Creating package script '/home/ubuntu/ros2fox/install/fox_navigation_ros2/share/fox_navigation_ros2/package.zsh'
[1.386s] colcon.colcon_core.environment Level 1 create_file_with_runtime_dependencies(/home/ubuntu/ros2fox/install/fox_navigation_ros2/share/colcon-core/packages/fox_navigation_ros2)
[1.443s] colcon.colcon_core.environment Level 1 create_environment_scripts_only(fox_navigation_ros2)
[1.443s] colcon.colcon_core.environment Level 1 checking '/home/ubuntu/ros2fox/install/fox_navigation_ros2' for CMake module files
[1.445s] colcon.colcon_core.environment Level 1 checking '/home/ubuntu/ros2fox/install/fox_navigation_ros2' for CMake config files
[1.445s] colcon.colcon_core.shell Level 1 create_environment_hook('fox_navigation_ros2', 'cmake_prefix_path')
[1.446s] colcon.colcon_core.shell INFO Creating environment hook '/home/ubuntu/ros2fox/install/fox_navigation_ros2/share/fox_navigation_ros2/hook/cmake_prefix_path.ps1'
[1.448s] colcon.colcon_core.shell INFO Creating environment descriptor '/home/ubuntu/ros2fox/install/fox_navigation_ros2/share/fox_navigation_ros2/hook/cmake_prefix_path.dsv'
[1.450s] colcon.colcon_core.shell INFO Creating environment hook '/home/ubuntu/ros2fox/install/fox_navigation_ros2/share/fox_navigation_ros2/hook/cmake_prefix_path.sh'
[1.452s] colcon.colcon_core.environment Level 1 checking '/home/ubuntu/ros2fox/install/fox_navigation_ros2/lib'
[1.452s] colcon.colcon_core.environment Level 1 checking '/home/ubuntu/ros2fox/install/fox_navigation_ros2/bin'
[1.452s] colcon.colcon_core.environment Level 1 checking '/home/ubuntu/ros2fox/install/fox_navigation_ros2/lib/pkgconfig/fox_navigation_ros2.pc'
[1.453s] colcon.colcon_core.environment Level 1 checking '/home/ubuntu/ros2fox/install/fox_navigation_ros2/lib/python3.10/site-packages'
[1.454s] colcon.colcon_core.environment Level 1 checking '/home/ubuntu/ros2fox/install/fox_navigation_ros2/bin'
[1.456s] colcon.colcon_core.shell INFO Creating package script '/home/ubuntu/ros2fox/install/fox_navigation_ros2/share/fox_navigation_ros2/package.ps1'
[1.458s] colcon.colcon_core.shell INFO Creating package descriptor '/home/ubuntu/ros2fox/install/fox_navigation_ros2/share/fox_navigation_ros2/package.dsv'
[1.460s] colcon.colcon_core.shell INFO Creating package script '/home/ubuntu/ros2fox/install/fox_navigation_ros2/share/fox_navigation_ros2/package.sh'
[1.461s] colcon.colcon_core.shell INFO Creating package script '/home/ubuntu/ros2fox/install/fox_navigation_ros2/share/fox_navigation_ros2/package.bash'
[1.462s] colcon.colcon_core.shell INFO Creating package script '/home/ubuntu/ros2fox/install/fox_navigation_ros2/share/fox_navigation_ros2/package.zsh'
[1.463s] colcon.colcon_core.environment Level 1 create_file_with_runtime_dependencies(/home/ubuntu/ros2fox/install/fox_navigation_ros2/share/colcon-core/packages/fox_navigation_ros2)
[1.464s] colcon.colcon_parallel_executor.executor.parallel DEBUG closing loop
[1.465s] colcon.colcon_parallel_executor.executor.parallel DEBUG loop closed
[1.466s] colcon.colcon_parallel_executor.executor.parallel DEBUG run_until_complete finished with '0'
[1.466s] colcon.colcon_core.event_reactor DEBUG joining thread
[1.490s] colcon.colcon_core.plugin_system INFO Skipping extension 'colcon_notification.desktop_notification.terminal_notifier': Not used on non-Darwin systems
[1.490s] colcon.colcon_core.plugin_system INFO Skipping extension 'colcon_notification.desktop_notification.win32': Not used on non-Windows systems
[1.490s] colcon.colcon_notification.desktop_notification INFO Sending desktop notification using 'notify2'
[1.833s] colcon.colcon_core.event_reactor DEBUG joined thread
[1.834s] colcon.colcon_core.shell INFO Creating prefix script '/home/ubuntu/ros2fox/install/local_setup.ps1'
[1.838s] colcon.colcon_core.shell INFO Creating prefix util module '/home/ubuntu/ros2fox/install/_local_setup_util_ps1.py'
[1.847s] colcon.colcon_core.shell INFO Creating prefix chain script '/home/ubuntu/ros2fox/install/setup.ps1'
[1.855s] colcon.colcon_core.shell INFO Creating prefix script '/home/ubuntu/ros2fox/install/local_setup.sh'
[1.857s] colcon.colcon_core.shell INFO Creating prefix util module '/home/ubuntu/ros2fox/install/_local_setup_util_sh.py'
[1.860s] colcon.colcon_core.shell INFO Creating prefix chain script '/home/ubuntu/ros2fox/install/setup.sh'
[1.871s] colcon.colcon_core.shell INFO Creating prefix script '/home/ubuntu/ros2fox/install/local_setup.bash'
[1.873s] colcon.colcon_core.shell INFO Creating prefix chain script '/home/ubuntu/ros2fox/install/setup.bash'
[1.879s] colcon.colcon_core.shell INFO Creating prefix script '/home/ubuntu/ros2fox/install/local_setup.zsh'
[1.881s] colcon.colcon_core.shell INFO Creating prefix chain script '/home/ubuntu/ros2fox/install/setup.zsh'
