/home/ubuntu/ros2fox/install/fox_grape_harvest/lib/python3.10/site-packages/fox_grape_harvest/chassis_interface.py
/home/ubuntu/ros2fox/install/fox_grape_harvest/lib/python3.10/site-packages/fox_grape_harvest/wait_utils.py
/home/ubuntu/ros2fox/install/fox_grape_harvest/lib/python3.10/site-packages/fox_grape_harvest/harvest_node.py
/home/ubuntu/ros2fox/install/fox_grape_harvest/lib/python3.10/site-packages/fox_grape_harvest/arm_interface.py
/home/ubuntu/ros2fox/install/fox_grape_harvest/lib/python3.10/site-packages/fox_grape_harvest/depth_utils.py
/home/ubuntu/ros2fox/install/fox_grape_harvest/lib/python3.10/site-packages/fox_grape_harvest/yolo_detector.py
/home/ubuntu/ros2fox/install/fox_grape_harvest/lib/python3.10/site-packages/fox_grape_harvest/grape_grasp_test.py
/home/ubuntu/ros2fox/install/fox_grape_harvest/lib/python3.10/site-packages/fox_grape_harvest/__init__.py
/home/ubuntu/ros2fox/install/fox_grape_harvest/lib/python3.10/site-packages/fox_grape_harvest/__pycache__/chassis_interface.cpython-310.pyc
/home/ubuntu/ros2fox/install/fox_grape_harvest/lib/python3.10/site-packages/fox_grape_harvest/__pycache__/wait_utils.cpython-310.pyc
/home/ubuntu/ros2fox/install/fox_grape_harvest/lib/python3.10/site-packages/fox_grape_harvest/__pycache__/harvest_node.cpython-310.pyc
/home/ubuntu/ros2fox/install/fox_grape_harvest/lib/python3.10/site-packages/fox_grape_harvest/__pycache__/arm_interface.cpython-310.pyc
/home/ubuntu/ros2fox/install/fox_grape_harvest/lib/python3.10/site-packages/fox_grape_harvest/__pycache__/depth_utils.cpython-310.pyc
/home/ubuntu/ros2fox/install/fox_grape_harvest/lib/python3.10/site-packages/fox_grape_harvest/__pycache__/yolo_detector.cpython-310.pyc
/home/ubuntu/ros2fox/install/fox_grape_harvest/lib/python3.10/site-packages/fox_grape_harvest/__pycache__/grape_grasp_test.cpython-310.pyc
/home/ubuntu/ros2fox/install/fox_grape_harvest/lib/python3.10/site-packages/fox_grape_harvest/__pycache__/__init__.cpython-310.pyc
/home/ubuntu/ros2fox/install/fox_grape_harvest/share/ament_index/resource_index/packages/fox_grape_harvest
/home/ubuntu/ros2fox/install/fox_grape_harvest/share/fox_grape_harvest/package.xml
/home/ubuntu/ros2fox/install/fox_grape_harvest/share/fox_grape_harvest/launch/full_system.launch.py
/home/ubuntu/ros2fox/install/fox_grape_harvest/share/fox_grape_harvest/launch/grape_harvest.launch.py
/home/ubuntu/ros2fox/install/fox_grape_harvest/share/fox_grape_harvest/config/harvest_config.yaml
/home/ubuntu/ros2fox/install/fox_grape_harvest/share/fox_grape_harvest/config
/home/ubuntu/ros2fox/install/fox_grape_harvest/share/fox_grape_harvest/scripts/test_detection.py
/home/ubuntu/ros2fox/install/fox_grape_harvest/share/fox_grape_harvest/scripts/grape_grasp_test.py
/home/ubuntu/ros2fox/install/fox_grape_harvest/lib/python3.10/site-packages/fox_grape_harvest-0.1.0-py3.10.egg-info/dependency_links.txt
/home/ubuntu/ros2fox/install/fox_grape_harvest/lib/python3.10/site-packages/fox_grape_harvest-0.1.0-py3.10.egg-info/requires.txt
/home/ubuntu/ros2fox/install/fox_grape_harvest/lib/python3.10/site-packages/fox_grape_harvest-0.1.0-py3.10.egg-info/top_level.txt
/home/ubuntu/ros2fox/install/fox_grape_harvest/lib/python3.10/site-packages/fox_grape_harvest-0.1.0-py3.10.egg-info/PKG-INFO
/home/ubuntu/ros2fox/install/fox_grape_harvest/lib/python3.10/site-packages/fox_grape_harvest-0.1.0-py3.10.egg-info/zip-safe
/home/ubuntu/ros2fox/install/fox_grape_harvest/lib/python3.10/site-packages/fox_grape_harvest-0.1.0-py3.10.egg-info/entry_points.txt
/home/ubuntu/ros2fox/install/fox_grape_harvest/lib/python3.10/site-packages/fox_grape_harvest-0.1.0-py3.10.egg-info/SOURCES.txt
/home/ubuntu/ros2fox/install/fox_grape_harvest/lib/fox_grape_harvest/grape_grasp_test.py
/home/ubuntu/ros2fox/install/fox_grape_harvest/lib/fox_grape_harvest/grape_harvest_node
