[3.525s] Invoking command in '/home/ubuntu/ros2fox/src/fox_grape_harvest': CMAKE_PREFIX_PATH=/home/ubuntu/ros2fox/install/arm_controller LD_LIBRARY_PATH=/home/ubuntu/ros2fox/install/arm_controller/lib:/opt/ros/humble/lib:/usr/local/cuda/lib64 PYTHONPATH=/home/ubuntu/ros2fox/build/fox_grape_harvest/prefix_override:/home/ubuntu/ros2fox/install/fox_grape_harvest/lib/python3.10/site-packages:/home/ubuntu/ros2fox/install/arm_controller/local/lib/python3.10/dist-packages:${PYTHONPATH} /usr/bin/python3 -W ignore:setup.py install is deprecated setup.py egg_info --egg-base ../../build/fox_grape_harvest build --build-base /home/ubuntu/ros2fox/build/fox_grape_harvest/build install --record /home/ubuntu/ros2fox/build/fox_grape_harvest/install.log --single-version-externally-managed install_data
[4.430s] running egg_info
[4.945s] writing ../../build/fox_grape_harvest/fox_grape_harvest.egg-info/PKG-INFO
[4.947s] writing dependency_links to ../../build/fox_grape_harvest/fox_grape_harvest.egg-info/dependency_links.txt
[4.948s] writing entry points to ../../build/fox_grape_harvest/fox_grape_harvest.egg-info/entry_points.txt
[4.949s] writing requirements to ../../build/fox_grape_harvest/fox_grape_harvest.egg-info/requires.txt
[4.949s] writing top-level names to ../../build/fox_grape_harvest/fox_grape_harvest.egg-info/top_level.txt
[5.091s] reading manifest file '../../build/fox_grape_harvest/fox_grape_harvest.egg-info/SOURCES.txt'
[5.105s] writing manifest file '../../build/fox_grape_harvest/fox_grape_harvest.egg-info/SOURCES.txt'
[5.105s] running build
[5.105s] running build_py
[5.105s] copying fox_grape_harvest/chassis_interface.py -> /home/ubuntu/ros2fox/build/fox_grape_harvest/build/lib/fox_grape_harvest
[5.106s] copying fox_grape_harvest/wait_utils.py -> /home/ubuntu/ros2fox/build/fox_grape_harvest/build/lib/fox_grape_harvest
[5.106s] copying fox_grape_harvest/harvest_node.py -> /home/ubuntu/ros2fox/build/fox_grape_harvest/build/lib/fox_grape_harvest
[5.108s] copying fox_grape_harvest/arm_interface.py -> /home/ubuntu/ros2fox/build/fox_grape_harvest/build/lib/fox_grape_harvest
[5.109s] copying fox_grape_harvest/depth_utils.py -> /home/ubuntu/ros2fox/build/fox_grape_harvest/build/lib/fox_grape_harvest
[5.109s] copying fox_grape_harvest/yolo_detector.py -> /home/ubuntu/ros2fox/build/fox_grape_harvest/build/lib/fox_grape_harvest
[5.110s] copying fox_grape_harvest/grape_grasp_test.py -> /home/ubuntu/ros2fox/build/fox_grape_harvest/build/lib/fox_grape_harvest
[5.110s] copying fox_grape_harvest/__init__.py -> /home/ubuntu/ros2fox/build/fox_grape_harvest/build/lib/fox_grape_harvest
[5.112s] running install
[5.137s] running install_lib
[5.203s] copying /home/ubuntu/ros2fox/build/fox_grape_harvest/build/lib/fox_grape_harvest/harvest_node.py -> /home/ubuntu/ros2fox/install/fox_grape_harvest/lib/python3.10/site-packages/fox_grape_harvest
[5.203s] copying /home/ubuntu/ros2fox/build/fox_grape_harvest/build/lib/fox_grape_harvest/arm_interface.py -> /home/ubuntu/ros2fox/install/fox_grape_harvest/lib/python3.10/site-packages/fox_grape_harvest
[5.205s] byte-compiling /home/ubuntu/ros2fox/install/fox_grape_harvest/lib/python3.10/site-packages/fox_grape_harvest/harvest_node.py to harvest_node.cpython-310.pyc
[5.220s] byte-compiling /home/ubuntu/ros2fox/install/fox_grape_harvest/lib/python3.10/site-packages/fox_grape_harvest/arm_interface.py to arm_interface.cpython-310.pyc
[5.223s] running install_data
[5.224s] copying resource/fox_grape_harvest -> /home/ubuntu/ros2fox/install/fox_grape_harvest/share/ament_index/resource_index/packages
[5.224s] copying package.xml -> /home/ubuntu/ros2fox/install/fox_grape_harvest/share/fox_grape_harvest
[5.224s] copying launch/full_system.launch.py -> /home/ubuntu/ros2fox/install/fox_grape_harvest/share/fox_grape_harvest/launch
[5.225s] copying launch/grape_harvest.launch.py -> /home/ubuntu/ros2fox/install/fox_grape_harvest/share/fox_grape_harvest/launch
[5.225s] copying config/harvest_config.yaml -> /home/ubuntu/ros2fox/install/fox_grape_harvest/share/fox_grape_harvest/config
[5.225s] copying scripts/test_detection.py -> /home/ubuntu/ros2fox/install/fox_grape_harvest/share/fox_grape_harvest/scripts
[5.228s] copying scripts/grape_grasp_test.py -> /home/ubuntu/ros2fox/install/fox_grape_harvest/share/fox_grape_harvest/scripts
[5.237s] running install_egg_info
[5.305s] removing '/home/ubuntu/ros2fox/install/fox_grape_harvest/lib/python3.10/site-packages/fox_grape_harvest-0.1.0-py3.10.egg-info' (and everything under it)
[5.305s] Copying ../../build/fox_grape_harvest/fox_grape_harvest.egg-info to /home/ubuntu/ros2fox/install/fox_grape_harvest/lib/python3.10/site-packages/fox_grape_harvest-0.1.0-py3.10.egg-info
[5.317s] running install_scripts
[5.912s] Installing grape_grasp_test.py script to /home/ubuntu/ros2fox/install/fox_grape_harvest/lib/fox_grape_harvest
[5.912s] Installing grape_harvest_node script to /home/ubuntu/ros2fox/install/fox_grape_harvest/lib/fox_grape_harvest
[5.912s] writing list of installed files to '/home/ubuntu/ros2fox/build/fox_grape_harvest/install.log'
[5.913s] Invoked command in '/home/ubuntu/ros2fox/src/fox_grape_harvest' returned '0': CMAKE_PREFIX_PATH=/home/ubuntu/ros2fox/install/arm_controller LD_LIBRARY_PATH=/home/ubuntu/ros2fox/install/arm_controller/lib:/opt/ros/humble/lib:/usr/local/cuda/lib64 PYTHONPATH=/home/ubuntu/ros2fox/build/fox_grape_harvest/prefix_override:/home/ubuntu/ros2fox/install/fox_grape_harvest/lib/python3.10/site-packages:/home/ubuntu/ros2fox/install/arm_controller/local/lib/python3.10/dist-packages:${PYTHONPATH} /usr/bin/python3 -W ignore:setup.py install is deprecated setup.py egg_info --egg-base ../../build/fox_grape_harvest build --build-base /home/ubuntu/ros2fox/build/fox_grape_harvest/build install --record /home/ubuntu/ros2fox/build/fox_grape_harvest/install.log --single-version-externally-managed install_data
