[2.407s] Invoking command in '/home/ubuntu/ros2fox/src/fox_webui': AMENT_PREFIX_PATH=/home/ubuntu/ros2fox/install/fox_grape_harvest:/home/ubuntu/ros2fox/install/rei_robot_base:${AMENT_PREFIX_PATH} CMAKE_PREFIX_PATH=/home/ubuntu/ros2fox/install/rei_robot_base:/home/ubuntu/ros2fox/install/arm_controller LD_LIBRARY_PATH=/home/ubuntu/ros2fox/install/rei_robot_base/lib:/home/ubuntu/ros2fox/install/arm_controller/lib:/opt/ros/humble/lib:/usr/local/cuda/lib64:/opt/ros/humble/lib:/usr/local/cuda/lib64 PYTHONPATH=/home/ubuntu/ros2fox/build/fox_webui/prefix_override:/home/ubuntu/ros2fox/install/fox_webui/lib/python3.10/site-packages:/home/ubuntu/ros2fox/install/fox_grape_harvest/lib/python3.10/site-packages:/home/ubuntu/ros2fox/install/rei_robot_base/local/lib/python3.10/dist-packages:/home/ubuntu/ros2fox/install/arm_controller/local/lib/python3.10/dist-packages:${PYTHONPATH} /usr/bin/python3 -W ignore:setup.py install is deprecated setup.py egg_info --egg-base ../../build/fox_webui build --build-base /home/ubuntu/ros2fox/build/fox_webui/build install --record /home/ubuntu/ros2fox/build/fox_webui/install.log --single-version-externally-managed install_data
[3.117s] running egg_info
[3.164s] writing ../../build/fox_webui/fox_webui.egg-info/PKG-INFO
[3.166s] writing dependency_links to ../../build/fox_webui/fox_webui.egg-info/dependency_links.txt
[3.167s] writing entry points to ../../build/fox_webui/fox_webui.egg-info/entry_points.txt
[3.168s] writing requirements to ../../build/fox_webui/fox_webui.egg-info/requires.txt
[3.169s] writing top-level names to ../../build/fox_webui/fox_webui.egg-info/top_level.txt
[3.265s] reading manifest file '../../build/fox_webui/fox_webui.egg-info/SOURCES.txt'
[3.268s] writing manifest file '../../build/fox_webui/fox_webui.egg-info/SOURCES.txt'
[3.280s] running build
[3.280s] running build_py
[3.280s] copying fox_webui/state.py -> /home/ubuntu/ros2fox/build/fox_webui/build/lib/fox_webui
[3.281s] copying fox_webui/preview_detector.py -> /home/ubuntu/ros2fox/build/fox_webui/build/lib/fox_webui
[3.281s] copying fox_webui/mapdata.py -> /home/ubuntu/ros2fox/build/fox_webui/build/lib/fox_webui
[3.281s] copying fox_webui/control.py -> /home/ubuntu/ros2fox/build/fox_webui/build/lib/fox_webui
[3.281s] copying fox_webui/compensation.py -> /home/ubuntu/ros2fox/build/fox_webui/build/lib/fox_webui
[3.281s] copying fox_webui/webapi.py -> /home/ubuntu/ros2fox/build/fox_webui/build/lib/fox_webui
[3.281s] copying fox_webui/agent_node.py -> /home/ubuntu/ros2fox/build/fox_webui/build/lib/fox_webui
[3.281s] copying fox_webui/process_manager.py -> /home/ubuntu/ros2fox/build/fox_webui/build/lib/fox_webui
[3.281s] copying fox_webui/video.py -> /home/ubuntu/ros2fox/build/fox_webui/build/lib/fox_webui
[3.282s] copying fox_webui/__init__.py -> /home/ubuntu/ros2fox/build/fox_webui/build/lib/fox_webui
[3.282s] running install
[3.292s] running install_lib
[3.343s] running install_data
[3.345s] copying resource/fox_webui -> /home/ubuntu/ros2fox/install/fox_webui/share/ament_index/resource_index/packages
[3.346s] copying package.xml -> /home/ubuntu/ros2fox/install/fox_webui/share/fox_webui
[3.347s] copying launch/webui.launch.py -> /home/ubuntu/ros2fox/install/fox_webui/share/fox_webui/launch
[3.348s] copying config/modules.yaml -> /home/ubuntu/ros2fox/install/fox_webui/share/fox_webui/config
[3.349s] copying config/webui.yaml -> /home/ubuntu/ros2fox/install/fox_webui/share/fox_webui/config
[3.350s] copying web/style.css -> /home/ubuntu/ros2fox/install/fox_webui/share/fox_webui/web
[3.351s] copying web/index.html -> /home/ubuntu/ros2fox/install/fox_webui/share/fox_webui/web
[3.352s] copying web/lib/OrbitControls.js -> /home/ubuntu/ros2fox/install/fox_webui/share/fox_webui/web/lib
[3.354s] copying web/lib/vue.esm-browser.prod.js -> /home/ubuntu/ros2fox/install/fox_webui/share/fox_webui/web/lib
[3.355s] copying web/lib/three.module.js -> /home/ubuntu/ros2fox/install/fox_webui/share/fox_webui/web/lib
[3.359s] copying web/build/COLCON_IGNORE -> /home/ubuntu/ros2fox/install/fox_webui/share/fox_webui/web/build
[3.361s] copying web/build/.built_by -> /home/ubuntu/ros2fox/install/fox_webui/share/fox_webui/web/build
[3.362s] copying web/install/_local_setup_util_sh.py -> /home/ubuntu/ros2fox/install/fox_webui/share/fox_webui/web/install
[3.363s] copying web/install/COLCON_IGNORE -> /home/ubuntu/ros2fox/install/fox_webui/share/fox_webui/web/install
[3.364s] copying web/install/local_setup.zsh -> /home/ubuntu/ros2fox/install/fox_webui/share/fox_webui/web/install
[3.365s] copying web/install/setup.zsh -> /home/ubuntu/ros2fox/install/fox_webui/share/fox_webui/web/install
[3.366s] copying web/install/setup.ps1 -> /home/ubuntu/ros2fox/install/fox_webui/share/fox_webui/web/install
[3.367s] copying web/install/local_setup.bash -> /home/ubuntu/ros2fox/install/fox_webui/share/fox_webui/web/install
[3.368s] copying web/install/local_setup.sh -> /home/ubuntu/ros2fox/install/fox_webui/share/fox_webui/web/install
[3.368s] copying web/install/.colcon_install_layout -> /home/ubuntu/ros2fox/install/fox_webui/share/fox_webui/web/install
[3.369s] copying web/install/_local_setup_util_ps1.py -> /home/ubuntu/ros2fox/install/fox_webui/share/fox_webui/web/install
[3.370s] copying web/install/setup.sh -> /home/ubuntu/ros2fox/install/fox_webui/share/fox_webui/web/install
[3.371s] copying web/install/setup.bash -> /home/ubuntu/ros2fox/install/fox_webui/share/fox_webui/web/install
[3.372s] copying web/install/local_setup.ps1 -> /home/ubuntu/ros2fox/install/fox_webui/share/fox_webui/web/install
[3.372s] copying web/log/COLCON_IGNORE -> /home/ubuntu/ros2fox/install/fox_webui/share/fox_webui/web/log
[3.373s] copying web/log/build_2026-09-19_21-33-31/logger_all.log -> /home/ubuntu/ros2fox/install/fox_webui/share/fox_webui/web/log/build_2026-09-19_21-33-31
[3.373s] copying web/log/build_2026-09-19_21-33-31/events.log -> /home/ubuntu/ros2fox/install/fox_webui/share/fox_webui/web/log/build_2026-09-19_21-33-31
[3.374s] copying web/js/main.js -> /home/ubuntu/ros2fox/install/fox_webui/share/fox_webui/web/js
[3.375s] copying web/js/shared.js -> /home/ubuntu/ros2fox/install/fox_webui/share/fox_webui/web/js
[3.375s] copying web/js/components/StatusPanels.js -> /home/ubuntu/ros2fox/install/fox_webui/share/fox_webui/web/js/components
[3.375s] copying web/js/components/VideoPanel.js -> /home/ubuntu/ros2fox/install/fox_webui/share/fox_webui/web/js/components
[3.376s] copying web/js/components/ArmPanel.js -> /home/ubuntu/ros2fox/install/fox_webui/share/fox_webui/web/js/components
[3.377s] copying web/js/components/MapView.js -> /home/ubuntu/ros2fox/install/fox_webui/share/fox_webui/web/js/components
[3.377s] copying web/js/components/NavPanel.js -> /home/ubuntu/ros2fox/install/fox_webui/share/fox_webui/web/js/components
[3.378s] copying web/js/components/LogPanel.js -> /home/ubuntu/ros2fox/install/fox_webui/share/fox_webui/web/js/components
[3.378s] copying web/js/components/TaskPanel.js -> /home/ubuntu/ros2fox/install/fox_webui/share/fox_webui/web/js/components
[3.379s] copying web/js/components/ModulePanel.js -> /home/ubuntu/ros2fox/install/fox_webui/share/fox_webui/web/js/components
[3.379s] copying web/js/components/ManualControl.js -> /home/ubuntu/ros2fox/install/fox_webui/share/fox_webui/web/js/components
[3.380s] running install_egg_info
[3.441s] removing '/home/ubuntu/ros2fox/install/fox_webui/lib/python3.10/site-packages/fox_webui-0.1.0-py3.10.egg-info' (and everything under it)
[3.442s] Copying ../../build/fox_webui/fox_webui.egg-info to /home/ubuntu/ros2fox/install/fox_webui/lib/python3.10/site-packages/fox_webui-0.1.0-py3.10.egg-info
[3.445s] running install_scripts
[3.856s] Installing fox_webui_agent script to /home/ubuntu/ros2fox/install/fox_webui/lib/fox_webui
[3.858s] writing list of installed files to '/home/ubuntu/ros2fox/build/fox_webui/install.log'
[3.967s] Invoked command in '/home/ubuntu/ros2fox/src/fox_webui' returned '0': AMENT_PREFIX_PATH=/home/ubuntu/ros2fox/install/fox_grape_harvest:/home/ubuntu/ros2fox/install/rei_robot_base:${AMENT_PREFIX_PATH} CMAKE_PREFIX_PATH=/home/ubuntu/ros2fox/install/rei_robot_base:/home/ubuntu/ros2fox/install/arm_controller LD_LIBRARY_PATH=/home/ubuntu/ros2fox/install/rei_robot_base/lib:/home/ubuntu/ros2fox/install/arm_controller/lib:/opt/ros/humble/lib:/usr/local/cuda/lib64:/opt/ros/humble/lib:/usr/local/cuda/lib64 PYTHONPATH=/home/ubuntu/ros2fox/build/fox_webui/prefix_override:/home/ubuntu/ros2fox/install/fox_webui/lib/python3.10/site-packages:/home/ubuntu/ros2fox/install/fox_grape_harvest/lib/python3.10/site-packages:/home/ubuntu/ros2fox/install/rei_robot_base/local/lib/python3.10/dist-packages:/home/ubuntu/ros2fox/install/arm_controller/local/lib/python3.10/dist-packages:${PYTHONPATH} /usr/bin/python3 -W ignore:setup.py install is deprecated setup.py egg_info --egg-base ../../build/fox_webui build --build-base /home/ubuntu/ros2fox/build/fox_webui/build install --record /home/ubuntu/ros2fox/build/fox_webui/install.log --single-version-externally-managed install_data
