[0.365s] colcon DEBUG Command line arguments: ['/home/ubuntu/.local/bin/colcon', 'build', '--packages-select', 'fox_navigation_ros2']
[0.365s] colcon DEBUG Parsed command line arguments: Namespace(log_base=None, log_level=None, verb_name='build', build_base='build', install_base='install', merge_install=False, symlink_install=False, test_result_base=None, continue_on_error=False, executor='parallel', parallel_workers=6, event_handlers=None, ignore_user_meta=False, metas=['./colcon.meta'], base_paths=['.'], packages_ignore=None, packages_ignore_regex=None, paths=None, packages_up_to=None, packages_up_to_regex=None, packages_above=None, packages_above_and_dependencies=None, packages_above_depth=None, packages_select_by_dep=None, packages_skip_by_dep=None, packages_skip_up_to=None, packages_select_build_failed=False, packages_skip_build_finished=False, packages_select_test_failures=False, packages_skip_test_passed=False, packages_select=['fox_navigation_ros2'], packages_skip=None, packages_select_regex=None, packages_skip_regex=None, packages_start=None, packages_end=None, allow_overriding=[], cmake_args=None, cmake_target=None, cmake_target_skip_unavailable=False, cmake_clean_cache=False, cmake_clean_first=False, cmake_force_configure=False, ament_cmake_args=None, catkin_cmake_args=None, catkin_skip_building_tests=False, verb_parser=<colcon_defaults.argument_parser.defaults.DefaultArgumentsDecorator object at 0xffffacfc0910>, verb_extension=<colcon_core.verb.build.BuildVerb object at 0xffffad0d1bd0>, main=<bound method BuildVerb.main of <colcon_core.verb.build.BuildVerb object at 0xffffad0d1bd0>>)
[0.457s] colcon.colcon_core.package_discovery Level 1 discover_packages(colcon_meta) check parameters
[0.457s] colcon.colcon_core.package_discovery Level 1 discover_packages(recursive) check parameters
[0.457s] colcon.colcon_core.package_discovery Level 1 discover_packages(ignore) check parameters
[0.457s] colcon.colcon_core.package_discovery Level 1 discover_packages(path) check parameters
[0.457s] colcon.colcon_core.package_discovery Level 1 discover_packages(colcon_meta) discover
[0.458s] colcon.colcon_core.package_discovery Level 1 discover_packages(recursive) discover
[0.458s] colcon.colcon_core.package_discovery INFO Crawling recursively for packages in '/home/ubuntu/ros2fox'
[0.458s] colcon.colcon_core.package_identification Level 1 _identify(.) by extensions ['ignore', 'ignore_ament_install']
[0.458s] colcon.colcon_core.package_identification Level 1 _identify(.) by extension 'ignore'
[0.459s] colcon.colcon_core.package_identification Level 1 _identify(.) by extension 'ignore_ament_install'
[0.459s] colcon.colcon_core.package_identification Level 1 _identify(.) by extensions ['colcon_pkg']
[0.459s] colcon.colcon_core.package_identification Level 1 _identify(.) by extension 'colcon_pkg'
[0.459s] colcon.colcon_core.package_identification Level 1 _identify(.) by extensions ['colcon_meta']
[0.459s] colcon.colcon_core.package_identification Level 1 _identify(.) by extension 'colcon_meta'
[0.459s] colcon.colcon_core.package_identification Level 1 _identify(.) by extensions ['ros']
[0.459s] colcon.colcon_core.package_identification Level 1 _identify(.) by extension 'ros'
[0.495s] colcon.colcon_core.package_identification Level 1 _identify(.) by extensions ['cmake', 'python']
[0.495s] colcon.colcon_core.package_identification Level 1 _identify(.) by extension 'cmake'
[0.495s] colcon.colcon_core.package_identification Level 1 _identify(.) by extension 'python'
[0.495s] colcon.colcon_core.package_identification Level 1 _identify(.) by extensions ['python_setup_py']
[0.495s] colcon.colcon_core.package_identification Level 1 _identify(.) by extension 'python_setup_py'
[0.496s] colcon.colcon_core.package_identification Level 1 _identify(Log) by extensions ['ignore', 'ignore_ament_install']
[0.496s] colcon.colcon_core.package_identification Level 1 _identify(Log) by extension 'ignore'
[0.496s] colcon.colcon_core.package_identification Level 1 _identify(Log) by extension 'ignore_ament_install'
[0.496s] colcon.colcon_core.package_identification Level 1 _identify(Log) by extensions ['colcon_pkg']
[0.496s] colcon.colcon_core.package_identification Level 1 _identify(Log) by extension 'colcon_pkg'
[0.496s] colcon.colcon_core.package_identification Level 1 _identify(Log) by extensions ['colcon_meta']
[0.496s] colcon.colcon_core.package_identification Level 1 _identify(Log) by extension 'colcon_meta'
[0.497s] colcon.colcon_core.package_identification Level 1 _identify(Log) by extensions ['ros']
[0.497s] colcon.colcon_core.package_identification Level 1 _identify(Log) by extension 'ros'
[0.497s] colcon.colcon_core.package_identification Level 1 _identify(Log) by extensions ['cmake', 'python']
[0.497s] colcon.colcon_core.package_identification Level 1 _identify(Log) by extension 'cmake'
[0.497s] colcon.colcon_core.package_identification Level 1 _identify(Log) by extension 'python'
[0.497s] colcon.colcon_core.package_identification Level 1 _identify(Log) by extensions ['python_setup_py']
[0.497s] colcon.colcon_core.package_identification Level 1 _identify(Log) by extension 'python_setup_py'
[0.498s] colcon.colcon_core.package_identification Level 1 _identify(build) by extensions ['ignore', 'ignore_ament_install']
[0.498s] colcon.colcon_core.package_identification Level 1 _identify(build) by extension 'ignore'
[0.498s] colcon.colcon_core.package_identification Level 1 _identify(build) ignored
[0.498s] colcon.colcon_core.package_identification Level 1 _identify(calib_data) by extensions ['ignore', 'ignore_ament_install']
[0.498s] colcon.colcon_core.package_identification Level 1 _identify(calib_data) by extension 'ignore'
[0.498s] colcon.colcon_core.package_identification Level 1 _identify(calib_data) by extension 'ignore_ament_install'
[0.499s] colcon.colcon_core.package_identification Level 1 _identify(calib_data) by extensions ['colcon_pkg']
[0.499s] colcon.colcon_core.package_identification Level 1 _identify(calib_data) by extension 'colcon_pkg'
[0.499s] colcon.colcon_core.package_identification Level 1 _identify(calib_data) by extensions ['colcon_meta']
[0.499s] colcon.colcon_core.package_identification Level 1 _identify(calib_data) by extension 'colcon_meta'
[0.499s] colcon.colcon_core.package_identification Level 1 _identify(calib_data) by extensions ['ros']
[0.499s] colcon.colcon_core.package_identification Level 1 _identify(calib_data) by extension 'ros'
[0.499s] colcon.colcon_core.package_identification Level 1 _identify(calib_data) by extensions ['cmake', 'python']
[0.499s] colcon.colcon_core.package_identification Level 1 _identify(calib_data) by extension 'cmake'
[0.499s] colcon.colcon_core.package_identification Level 1 _identify(calib_data) by extension 'python'
[0.499s] colcon.colcon_core.package_identification Level 1 _identify(calib_data) by extensions ['python_setup_py']
[0.500s] colcon.colcon_core.package_identification Level 1 _identify(calib_data) by extension 'python_setup_py'
[0.500s] colcon.colcon_core.package_identification Level 1 _identify(calib_data/color) by extensions ['ignore', 'ignore_ament_install']
[0.500s] colcon.colcon_core.package_identification Level 1 _identify(calib_data/color) by extension 'ignore'
[0.500s] colcon.colcon_core.package_identification Level 1 _identify(calib_data/color) by extension 'ignore_ament_install'
[0.500s] colcon.colcon_core.package_identification Level 1 _identify(calib_data/color) by extensions ['colcon_pkg']
[0.500s] colcon.colcon_core.package_identification Level 1 _identify(calib_data/color) by extension 'colcon_pkg'
[0.500s] colcon.colcon_core.package_identification Level 1 _identify(calib_data/color) by extensions ['colcon_meta']
[0.500s] colcon.colcon_core.package_identification Level 1 _identify(calib_data/color) by extension 'colcon_meta'
[0.501s] colcon.colcon_core.package_identification Level 1 _identify(calib_data/color) by extensions ['ros']
[0.501s] colcon.colcon_core.package_identification Level 1 _identify(calib_data/color) by extension 'ros'
[0.501s] colcon.colcon_core.package_identification Level 1 _identify(calib_data/color) by extensions ['cmake', 'python']
[0.501s] colcon.colcon_core.package_identification Level 1 _identify(calib_data/color) by extension 'cmake'
[0.501s] colcon.colcon_core.package_identification Level 1 _identify(calib_data/color) by extension 'python'
[0.501s] colcon.colcon_core.package_identification Level 1 _identify(calib_data/color) by extensions ['python_setup_py']
[0.501s] colcon.colcon_core.package_identification Level 1 _identify(calib_data/color) by extension 'python_setup_py'
[0.502s] colcon.colcon_core.package_identification Level 1 _identify(calib_data/color_old) by extensions ['ignore', 'ignore_ament_install']
[0.502s] colcon.colcon_core.package_identification Level 1 _identify(calib_data/color_old) by extension 'ignore'
[0.502s] colcon.colcon_core.package_identification Level 1 _identify(calib_data/color_old) by extension 'ignore_ament_install'
[0.502s] colcon.colcon_core.package_identification Level 1 _identify(calib_data/color_old) by extensions ['colcon_pkg']
[0.502s] colcon.colcon_core.package_identification Level 1 _identify(calib_data/color_old) by extension 'colcon_pkg'
[0.502s] colcon.colcon_core.package_identification Level 1 _identify(calib_data/color_old) by extensions ['colcon_meta']
[0.502s] colcon.colcon_core.package_identification Level 1 _identify(calib_data/color_old) by extension 'colcon_meta'
[0.502s] colcon.colcon_core.package_identification Level 1 _identify(calib_data/color_old) by extensions ['ros']
[0.502s] colcon.colcon_core.package_identification Level 1 _identify(calib_data/color_old) by extension 'ros'
[0.503s] colcon.colcon_core.package_identification Level 1 _identify(calib_data/color_old) by extensions ['cmake', 'python']
[0.503s] colcon.colcon_core.package_identification Level 1 _identify(calib_data/color_old) by extension 'cmake'
[0.503s] colcon.colcon_core.package_identification Level 1 _identify(calib_data/color_old) by extension 'python'
[0.503s] colcon.colcon_core.package_identification Level 1 _identify(calib_data/color_old) by extensions ['python_setup_py']
[0.503s] colcon.colcon_core.package_identification Level 1 _identify(calib_data/color_old) by extension 'python_setup_py'
[0.503s] colcon.colcon_core.package_identification Level 1 _identify(calib_data/ir) by extensions ['ignore', 'ignore_ament_install']
[0.503s] colcon.colcon_core.package_identification Level 1 _identify(calib_data/ir) by extension 'ignore'
[0.504s] colcon.colcon_core.package_identification Level 1 _identify(calib_data/ir) by extension 'ignore_ament_install'
[0.504s] colcon.colcon_core.package_identification Level 1 _identify(calib_data/ir) by extensions ['colcon_pkg']
[0.504s] colcon.colcon_core.package_identification Level 1 _identify(calib_data/ir) by extension 'colcon_pkg'
[0.504s] colcon.colcon_core.package_identification Level 1 _identify(calib_data/ir) by extensions ['colcon_meta']
[0.504s] colcon.colcon_core.package_identification Level 1 _identify(calib_data/ir) by extension 'colcon_meta'
[0.504s] colcon.colcon_core.package_identification Level 1 _identify(calib_data/ir) by extensions ['ros']
[0.504s] colcon.colcon_core.package_identification Level 1 _identify(calib_data/ir) by extension 'ros'
[0.504s] colcon.colcon_core.package_identification Level 1 _identify(calib_data/ir) by extensions ['cmake', 'python']
[0.504s] colcon.colcon_core.package_identification Level 1 _identify(calib_data/ir) by extension 'cmake'
[0.505s] colcon.colcon_core.package_identification Level 1 _identify(calib_data/ir) by extension 'python'
[0.505s] colcon.colcon_core.package_identification Level 1 _identify(calib_data/ir) by extensions ['python_setup_py']
[0.505s] colcon.colcon_core.package_identification Level 1 _identify(calib_data/ir) by extension 'python_setup_py'
[0.505s] colcon.colcon_core.package_identification Level 1 _identify(calib_data/ir_old) by extensions ['ignore', 'ignore_ament_install']
[0.505s] colcon.colcon_core.package_identification Level 1 _identify(calib_data/ir_old) by extension 'ignore'
[0.505s] colcon.colcon_core.package_identification Level 1 _identify(calib_data/ir_old) by extension 'ignore_ament_install'
[0.505s] colcon.colcon_core.package_identification Level 1 _identify(calib_data/ir_old) by extensions ['colcon_pkg']
[0.506s] colcon.colcon_core.package_identification Level 1 _identify(calib_data/ir_old) by extension 'colcon_pkg'
[0.506s] colcon.colcon_core.package_identification Level 1 _identify(calib_data/ir_old) by extensions ['colcon_meta']
[0.506s] colcon.colcon_core.package_identification Level 1 _identify(calib_data/ir_old) by extension 'colcon_meta'
[0.506s] colcon.colcon_core.package_identification Level 1 _identify(calib_data/ir_old) by extensions ['ros']
[0.506s] colcon.colcon_core.package_identification Level 1 _identify(calib_data/ir_old) by extension 'ros'
[0.506s] colcon.colcon_core.package_identification Level 1 _identify(calib_data/ir_old) by extensions ['cmake', 'python']
[0.506s] colcon.colcon_core.package_identification Level 1 _identify(calib_data/ir_old) by extension 'cmake'
[0.506s] colcon.colcon_core.package_identification Level 1 _identify(calib_data/ir_old) by extension 'python'
[0.506s] colcon.colcon_core.package_identification Level 1 _identify(calib_data/ir_old) by extensions ['python_setup_py']
[0.506s] colcon.colcon_core.package_identification Level 1 _identify(calib_data/ir_old) by extension 'python_setup_py'
[0.507s] colcon.colcon_core.package_identification Level 1 _identify(calib_result) by extensions ['ignore', 'ignore_ament_install']
[0.507s] colcon.colcon_core.package_identification Level 1 _identify(calib_result) by extension 'ignore'
[0.507s] colcon.colcon_core.package_identification Level 1 _identify(calib_result) by extension 'ignore_ament_install'
[0.507s] colcon.colcon_core.package_identification Level 1 _identify(calib_result) by extensions ['colcon_pkg']
[0.507s] colcon.colcon_core.package_identification Level 1 _identify(calib_result) by extension 'colcon_pkg'
[0.507s] colcon.colcon_core.package_identification Level 1 _identify(calib_result) by extensions ['colcon_meta']
[0.507s] colcon.colcon_core.package_identification Level 1 _identify(calib_result) by extension 'colcon_meta'
[0.507s] colcon.colcon_core.package_identification Level 1 _identify(calib_result) by extensions ['ros']
[0.508s] colcon.colcon_core.package_identification Level 1 _identify(calib_result) by extension 'ros'
[0.508s] colcon.colcon_core.package_identification Level 1 _identify(calib_result) by extensions ['cmake', 'python']
[0.508s] colcon.colcon_core.package_identification Level 1 _identify(calib_result) by extension 'cmake'
[0.508s] colcon.colcon_core.package_identification Level 1 _identify(calib_result) by extension 'python'
[0.508s] colcon.colcon_core.package_identification Level 1 _identify(calib_result) by extensions ['python_setup_py']
[0.508s] colcon.colcon_core.package_identification Level 1 _identify(calib_result) by extension 'python_setup_py'
[0.508s] colcon.colcon_core.package_identification Level 1 _identify(dairy) by extensions ['ignore', 'ignore_ament_install']
[0.509s] colcon.colcon_core.package_identification Level 1 _identify(dairy) by extension 'ignore'
[0.509s] colcon.colcon_core.package_identification Level 1 _identify(dairy) by extension 'ignore_ament_install'
[0.509s] colcon.colcon_core.package_identification Level 1 _identify(dairy) by extensions ['colcon_pkg']
[0.509s] colcon.colcon_core.package_identification Level 1 _identify(dairy) by extension 'colcon_pkg'
[0.509s] colcon.colcon_core.package_identification Level 1 _identify(dairy) by extensions ['colcon_meta']
[0.509s] colcon.colcon_core.package_identification Level 1 _identify(dairy) by extension 'colcon_meta'
[0.509s] colcon.colcon_core.package_identification Level 1 _identify(dairy) by extensions ['ros']
[0.509s] colcon.colcon_core.package_identification Level 1 _identify(dairy) by extension 'ros'
[0.509s] colcon.colcon_core.package_identification Level 1 _identify(dairy) by extensions ['cmake', 'python']
[0.509s] colcon.colcon_core.package_identification Level 1 _identify(dairy) by extension 'cmake'
[0.510s] colcon.colcon_core.package_identification Level 1 _identify(dairy) by extension 'python'
[0.510s] colcon.colcon_core.package_identification Level 1 _identify(dairy) by extensions ['python_setup_py']
[0.510s] colcon.colcon_core.package_identification Level 1 _identify(dairy) by extension 'python_setup_py'
[0.510s] colcon.colcon_core.package_identification Level 1 _identify(docs) by extensions ['ignore', 'ignore_ament_install']
[0.510s] colcon.colcon_core.package_identification Level 1 _identify(docs) by extension 'ignore'
[0.510s] colcon.colcon_core.package_identification Level 1 _identify(docs) by extension 'ignore_ament_install'
[0.511s] colcon.colcon_core.package_identification Level 1 _identify(docs) by extensions ['colcon_pkg']
[0.511s] colcon.colcon_core.package_identification Level 1 _identify(docs) by extension 'colcon_pkg'
[0.511s] colcon.colcon_core.package_identification Level 1 _identify(docs) by extensions ['colcon_meta']
[0.511s] colcon.colcon_core.package_identification Level 1 _identify(docs) by extension 'colcon_meta'
[0.511s] colcon.colcon_core.package_identification Level 1 _identify(docs) by extensions ['ros']
[0.511s] colcon.colcon_core.package_identification Level 1 _identify(docs) by extension 'ros'
[0.511s] colcon.colcon_core.package_identification Level 1 _identify(docs) by extensions ['cmake', 'python']
[0.511s] colcon.colcon_core.package_identification Level 1 _identify(docs) by extension 'cmake'
[0.511s] colcon.colcon_core.package_identification Level 1 _identify(docs) by extension 'python'
[0.512s] colcon.colcon_core.package_identification Level 1 _identify(docs) by extensions ['python_setup_py']
[0.512s] colcon.colcon_core.package_identification Level 1 _identify(docs) by extension 'python_setup_py'
[0.512s] colcon.colcon_core.package_identification Level 1 _identify(install) by extensions ['ignore', 'ignore_ament_install']
[0.512s] colcon.colcon_core.package_identification Level 1 _identify(install) by extension 'ignore'
[0.512s] colcon.colcon_core.package_identification Level 1 _identify(install) ignored
[0.513s] colcon.colcon_core.package_identification Level 1 _identify(log) by extensions ['ignore', 'ignore_ament_install']
[0.513s] colcon.colcon_core.package_identification Level 1 _identify(log) by extension 'ignore'
[0.513s] colcon.colcon_core.package_identification Level 1 _identify(log) ignored
[0.513s] colcon.colcon_core.package_identification Level 1 _identify(maps) by extensions ['ignore', 'ignore_ament_install']
[0.513s] colcon.colcon_core.package_identification Level 1 _identify(maps) by extension 'ignore'
[0.514s] colcon.colcon_core.package_identification Level 1 _identify(maps) by extension 'ignore_ament_install'
[0.514s] colcon.colcon_core.package_identification Level 1 _identify(maps) by extensions ['colcon_pkg']
[0.514s] colcon.colcon_core.package_identification Level 1 _identify(maps) by extension 'colcon_pkg'
[0.514s] colcon.colcon_core.package_identification Level 1 _identify(maps) by extensions ['colcon_meta']
[0.514s] colcon.colcon_core.package_identification Level 1 _identify(maps) by extension 'colcon_meta'
[0.514s] colcon.colcon_core.package_identification Level 1 _identify(maps) by extensions ['ros']
[0.514s] colcon.colcon_core.package_identification Level 1 _identify(maps) by extension 'ros'
[0.514s] colcon.colcon_core.package_identification Level 1 _identify(maps) by extensions ['cmake', 'python']
[0.514s] colcon.colcon_core.package_identification Level 1 _identify(maps) by extension 'cmake'
[0.514s] colcon.colcon_core.package_identification Level 1 _identify(maps) by extension 'python'
[0.515s] colcon.colcon_core.package_identification Level 1 _identify(maps) by extensions ['python_setup_py']
[0.515s] colcon.colcon_core.package_identification Level 1 _identify(maps) by extension 'python_setup_py'
[0.515s] colcon.colcon_core.package_identification Level 1 _identify(models) by extensions ['ignore', 'ignore_ament_install']
[0.515s] colcon.colcon_core.package_identification Level 1 _identify(models) by extension 'ignore'
[0.515s] colcon.colcon_core.package_identification Level 1 _identify(models) by extension 'ignore_ament_install'
[0.515s] colcon.colcon_core.package_identification Level 1 _identify(models) by extensions ['colcon_pkg']
[0.515s] colcon.colcon_core.package_identification Level 1 _identify(models) by extension 'colcon_pkg'
[0.515s] colcon.colcon_core.package_identification Level 1 _identify(models) by extensions ['colcon_meta']
[0.515s] colcon.colcon_core.package_identification Level 1 _identify(models) by extension 'colcon_meta'
[0.516s] colcon.colcon_core.package_identification Level 1 _identify(models) by extensions ['ros']
[0.516s] colcon.colcon_core.package_identification Level 1 _identify(models) by extension 'ros'
[0.516s] colcon.colcon_core.package_identification Level 1 _identify(models) by extensions ['cmake', 'python']
[0.516s] colcon.colcon_core.package_identification Level 1 _identify(models) by extension 'cmake'
[0.516s] colcon.colcon_core.package_identification Level 1 _identify(models) by extension 'python'
[0.516s] colcon.colcon_core.package_identification Level 1 _identify(models) by extensions ['python_setup_py']
[0.516s] colcon.colcon_core.package_identification Level 1 _identify(models) by extension 'python_setup_py'
[0.516s] colcon.colcon_core.package_identification Level 1 _identify(pic) by extensions ['ignore', 'ignore_ament_install']
[0.517s] colcon.colcon_core.package_identification Level 1 _identify(pic) by extension 'ignore'
[0.517s] colcon.colcon_core.package_identification Level 1 _identify(pic) by extension 'ignore_ament_install'
[0.517s] colcon.colcon_core.package_identification Level 1 _identify(pic) by extensions ['colcon_pkg']
[0.517s] colcon.colcon_core.package_identification Level 1 _identify(pic) by extension 'colcon_pkg'
[0.517s] colcon.colcon_core.package_identification Level 1 _identify(pic) by extensions ['colcon_meta']
[0.517s] colcon.colcon_core.package_identification Level 1 _identify(pic) by extension 'colcon_meta'
[0.517s] colcon.colcon_core.package_identification Level 1 _identify(pic) by extensions ['ros']
[0.517s] colcon.colcon_core.package_identification Level 1 _identify(pic) by extension 'ros'
[0.517s] colcon.colcon_core.package_identification Level 1 _identify(pic) by extensions ['cmake', 'python']
[0.517s] colcon.colcon_core.package_identification Level 1 _identify(pic) by extension 'cmake'
[0.518s] colcon.colcon_core.package_identification Level 1 _identify(pic) by extension 'python'
[0.518s] colcon.colcon_core.package_identification Level 1 _identify(pic) by extensions ['python_setup_py']
[0.518s] colcon.colcon_core.package_identification Level 1 _identify(pic) by extension 'python_setup_py'
[0.518s] colcon.colcon_core.package_identification Level 1 _identify(src) by extensions ['ignore', 'ignore_ament_install']
[0.518s] colcon.colcon_core.package_identification Level 1 _identify(src) by extension 'ignore'
[0.518s] colcon.colcon_core.package_identification Level 1 _identify(src) by extension 'ignore_ament_install'
[0.518s] colcon.colcon_core.package_identification Level 1 _identify(src) by extensions ['colcon_pkg']
[0.518s] colcon.colcon_core.package_identification Level 1 _identify(src) by extension 'colcon_pkg'
[0.518s] colcon.colcon_core.package_identification Level 1 _identify(src) by extensions ['colcon_meta']
[0.519s] colcon.colcon_core.package_identification Level 1 _identify(src) by extension 'colcon_meta'
[0.519s] colcon.colcon_core.package_identification Level 1 _identify(src) by extensions ['ros']
[0.519s] colcon.colcon_core.package_identification Level 1 _identify(src) by extension 'ros'
[0.519s] colcon.colcon_core.package_identification Level 1 _identify(src) by extensions ['cmake', 'python']
[0.519s] colcon.colcon_core.package_identification Level 1 _identify(src) by extension 'cmake'
[0.519s] colcon.colcon_core.package_identification Level 1 _identify(src) by extension 'python'
[0.519s] colcon.colcon_core.package_identification Level 1 _identify(src) by extensions ['python_setup_py']
[0.519s] colcon.colcon_core.package_identification Level 1 _identify(src) by extension 'python_setup_py'
[0.519s] colcon.colcon_core.package_identification Level 1 _identify(src/OrbbecSDK_ROS2) by extensions ['ignore', 'ignore_ament_install']
[0.520s] colcon.colcon_core.package_identification Level 1 _identify(src/OrbbecSDK_ROS2) by extension 'ignore'
[0.520s] colcon.colcon_core.package_identification Level 1 _identify(src/OrbbecSDK_ROS2) by extension 'ignore_ament_install'
[0.520s] colcon.colcon_core.package_identification Level 1 _identify(src/OrbbecSDK_ROS2) by extensions ['colcon_pkg']
[0.520s] colcon.colcon_core.package_identification Level 1 _identify(src/OrbbecSDK_ROS2) by extension 'colcon_pkg'
[0.520s] colcon.colcon_core.package_identification Level 1 _identify(src/OrbbecSDK_ROS2) by extensions ['colcon_meta']
[0.520s] colcon.colcon_core.package_identification Level 1 _identify(src/OrbbecSDK_ROS2) by extension 'colcon_meta'
[0.520s] colcon.colcon_core.package_identification Level 1 _identify(src/OrbbecSDK_ROS2) by extensions ['ros']
[0.520s] colcon.colcon_core.package_identification Level 1 _identify(src/OrbbecSDK_ROS2) by extension 'ros'
[0.520s] colcon.colcon_core.package_identification Level 1 _identify(src/OrbbecSDK_ROS2) by extensions ['cmake', 'python']
[0.521s] colcon.colcon_core.package_identification Level 1 _identify(src/OrbbecSDK_ROS2) by extension 'cmake'
[0.521s] colcon.colcon_core.package_identification Level 1 _identify(src/OrbbecSDK_ROS2) by extension 'python'
[0.521s] colcon.colcon_core.package_identification Level 1 _identify(src/OrbbecSDK_ROS2) by extensions ['python_setup_py']
[0.521s] colcon.colcon_core.package_identification Level 1 _identify(src/OrbbecSDK_ROS2) by extension 'python_setup_py'
[0.521s] colcon.colcon_core.package_identification Level 1 _identify(src/OrbbecSDK_ROS2/docs) by extensions ['ignore', 'ignore_ament_install']
[0.521s] colcon.colcon_core.package_identification Level 1 _identify(src/OrbbecSDK_ROS2/docs) by extension 'ignore'
[0.521s] colcon.colcon_core.package_identification Level 1 _identify(src/OrbbecSDK_ROS2/docs) by extension 'ignore_ament_install'
[0.521s] colcon.colcon_core.package_identification Level 1 _identify(src/OrbbecSDK_ROS2/docs) by extensions ['colcon_pkg']
[0.522s] colcon.colcon_core.package_identification Level 1 _identify(src/OrbbecSDK_ROS2/docs) by extension 'colcon_pkg'
[0.522s] colcon.colcon_core.package_identification Level 1 _identify(src/OrbbecSDK_ROS2/docs) by extensions ['colcon_meta']
[0.522s] colcon.colcon_core.package_identification Level 1 _identify(src/OrbbecSDK_ROS2/docs) by extension 'colcon_meta'
[0.522s] colcon.colcon_core.package_identification Level 1 _identify(src/OrbbecSDK_ROS2/docs) by extensions ['ros']
[0.522s] colcon.colcon_core.package_identification Level 1 _identify(src/OrbbecSDK_ROS2/docs) by extension 'ros'
[0.522s] colcon.colcon_core.package_identification Level 1 _identify(src/OrbbecSDK_ROS2/docs) by extensions ['cmake', 'python']
[0.522s] colcon.colcon_core.package_identification Level 1 _identify(src/OrbbecSDK_ROS2/docs) by extension 'cmake'
[0.522s] colcon.colcon_core.package_identification Level 1 _identify(src/OrbbecSDK_ROS2/docs) by extension 'python'
[0.522s] colcon.colcon_core.package_identification Level 1 _identify(src/OrbbecSDK_ROS2/docs) by extensions ['python_setup_py']
[0.522s] colcon.colcon_core.package_identification Level 1 _identify(src/OrbbecSDK_ROS2/docs) by extension 'python_setup_py'
[0.523s] colcon.colcon_core.package_identification Level 1 _identify(src/OrbbecSDK_ROS2/docs/images) by extensions ['ignore', 'ignore_ament_install']
[0.523s] colcon.colcon_core.package_identification Level 1 _identify(src/OrbbecSDK_ROS2/docs/images) by extension 'ignore'
[0.523s] colcon.colcon_core.package_identification Level 1 _identify(src/OrbbecSDK_ROS2/docs/images) by extension 'ignore_ament_install'
[0.523s] colcon.colcon_core.package_identification Level 1 _identify(src/OrbbecSDK_ROS2/docs/images) by extensions ['colcon_pkg']
[0.523s] colcon.colcon_core.package_identification Level 1 _identify(src/OrbbecSDK_ROS2/docs/images) by extension 'colcon_pkg'
[0.523s] colcon.colcon_core.package_identification Level 1 _identify(src/OrbbecSDK_ROS2/docs/images) by extensions ['colcon_meta']
[0.523s] colcon.colcon_core.package_identification Level 1 _identify(src/OrbbecSDK_ROS2/docs/images) by extension 'colcon_meta'
[0.523s] colcon.colcon_core.package_identification Level 1 _identify(src/OrbbecSDK_ROS2/docs/images) by extensions ['ros']
[0.524s] colcon.colcon_core.package_identification Level 1 _identify(src/OrbbecSDK_ROS2/docs/images) by extension 'ros'
[0.524s] colcon.colcon_core.package_identification Level 1 _identify(src/OrbbecSDK_ROS2/docs/images) by extensions ['cmake', 'python']
[0.524s] colcon.colcon_core.package_identification Level 1 _identify(src/OrbbecSDK_ROS2/docs/images) by extension 'cmake'
[0.524s] colcon.colcon_core.package_identification Level 1 _identify(src/OrbbecSDK_ROS2/docs/images) by extension 'python'
[0.524s] colcon.colcon_core.package_identification Level 1 _identify(src/OrbbecSDK_ROS2/docs/images) by extensions ['python_setup_py']
[0.524s] colcon.colcon_core.package_identification Level 1 _identify(src/OrbbecSDK_ROS2/docs/images) by extension 'python_setup_py'
[0.524s] colcon.colcon_core.package_identification Level 1 _identify(src/OrbbecSDK_ROS2/orbbec_camera) by extensions ['ignore', 'ignore_ament_install']
[0.524s] colcon.colcon_core.package_identification Level 1 _identify(src/OrbbecSDK_ROS2/orbbec_camera) by extension 'ignore'
[0.525s] colcon.colcon_core.package_identification Level 1 _identify(src/OrbbecSDK_ROS2/orbbec_camera) by extension 'ignore_ament_install'
[0.525s] colcon.colcon_core.package_identification Level 1 _identify(src/OrbbecSDK_ROS2/orbbec_camera) by extensions ['colcon_pkg']
[0.525s] colcon.colcon_core.package_identification Level 1 _identify(src/OrbbecSDK_ROS2/orbbec_camera) by extension 'colcon_pkg'
[0.525s] colcon.colcon_core.package_identification Level 1 _identify(src/OrbbecSDK_ROS2/orbbec_camera) by extensions ['colcon_meta']
[0.525s] colcon.colcon_core.package_identification Level 1 _identify(src/OrbbecSDK_ROS2/orbbec_camera) by extension 'colcon_meta'
[0.525s] colcon.colcon_core.package_identification Level 1 _identify(src/OrbbecSDK_ROS2/orbbec_camera) by extensions ['ros']
[0.525s] colcon.colcon_core.package_identification Level 1 _identify(src/OrbbecSDK_ROS2/orbbec_camera) by extension 'ros'
[0.535s] colcon.colcon_core.package_identification DEBUG Package 'src/OrbbecSDK_ROS2/orbbec_camera' with type 'ros.ament_cmake' and name 'orbbec_camera'
[0.536s] colcon.colcon_core.package_identification Level 1 _identify(src/OrbbecSDK_ROS2/orbbec_camera_msgs) by extensions ['ignore', 'ignore_ament_install']
[0.536s] colcon.colcon_core.package_identification Level 1 _identify(src/OrbbecSDK_ROS2/orbbec_camera_msgs) by extension 'ignore'
[0.536s] colcon.colcon_core.package_identification Level 1 _identify(src/OrbbecSDK_ROS2/orbbec_camera_msgs) by extension 'ignore_ament_install'
[0.536s] colcon.colcon_core.package_identification Level 1 _identify(src/OrbbecSDK_ROS2/orbbec_camera_msgs) by extensions ['colcon_pkg']
[0.536s] colcon.colcon_core.package_identification Level 1 _identify(src/OrbbecSDK_ROS2/orbbec_camera_msgs) by extension 'colcon_pkg'
[0.536s] colcon.colcon_core.package_identification Level 1 _identify(src/OrbbecSDK_ROS2/orbbec_camera_msgs) by extensions ['colcon_meta']
[0.537s] colcon.colcon_core.package_identification Level 1 _identify(src/OrbbecSDK_ROS2/orbbec_camera_msgs) by extension 'colcon_meta'
[0.537s] colcon.colcon_core.package_identification Level 1 _identify(src/OrbbecSDK_ROS2/orbbec_camera_msgs) by extensions ['ros']
[0.537s] colcon.colcon_core.package_identification Level 1 _identify(src/OrbbecSDK_ROS2/orbbec_camera_msgs) by extension 'ros'
[0.538s] colcon.colcon_core.package_identification DEBUG Package 'src/OrbbecSDK_ROS2/orbbec_camera_msgs' with type 'ros.ament_cmake' and name 'orbbec_camera_msgs'
[0.539s] colcon.colcon_core.package_identification Level 1 _identify(src/OrbbecSDK_ROS2/orbbec_description) by extensions ['ignore', 'ignore_ament_install']
[0.539s] colcon.colcon_core.package_identification Level 1 _identify(src/OrbbecSDK_ROS2/orbbec_description) by extension 'ignore'
[0.539s] colcon.colcon_core.package_identification Level 1 _identify(src/OrbbecSDK_ROS2/orbbec_description) by extension 'ignore_ament_install'
[0.539s] colcon.colcon_core.package_identification Level 1 _identify(src/OrbbecSDK_ROS2/orbbec_description) by extensions ['colcon_pkg']
[0.539s] colcon.colcon_core.package_identification Level 1 _identify(src/OrbbecSDK_ROS2/orbbec_description) by extension 'colcon_pkg'
[0.539s] colcon.colcon_core.package_identification Level 1 _identify(src/OrbbecSDK_ROS2/orbbec_description) by extensions ['colcon_meta']
[0.540s] colcon.colcon_core.package_identification Level 1 _identify(src/OrbbecSDK_ROS2/orbbec_description) by extension 'colcon_meta'
[0.540s] colcon.colcon_core.package_identification Level 1 _identify(src/OrbbecSDK_ROS2/orbbec_description) by extensions ['ros']
[0.540s] colcon.colcon_core.package_identification Level 1 _identify(src/OrbbecSDK_ROS2/orbbec_description) by extension 'ros'
[0.541s] colcon.colcon_core.package_identification DEBUG Package 'src/OrbbecSDK_ROS2/orbbec_description' with type 'ros.ament_cmake' and name 'orbbec_description'
[0.541s] colcon.colcon_core.package_identification Level 1 _identify(src/arm_controller) by extensions ['ignore', 'ignore_ament_install']
[0.541s] colcon.colcon_core.package_identification Level 1 _identify(src/arm_controller) by extension 'ignore'
[0.541s] colcon.colcon_core.package_identification Level 1 _identify(src/arm_controller) by extension 'ignore_ament_install'
[0.541s] colcon.colcon_core.package_identification Level 1 _identify(src/arm_controller) by extensions ['colcon_pkg']
[0.542s] colcon.colcon_core.package_identification Level 1 _identify(src/arm_controller) by extension 'colcon_pkg'
[0.542s] colcon.colcon_core.package_identification Level 1 _identify(src/arm_controller) by extensions ['colcon_meta']
[0.542s] colcon.colcon_core.package_identification Level 1 _identify(src/arm_controller) by extension 'colcon_meta'
[0.542s] colcon.colcon_core.package_identification Level 1 _identify(src/arm_controller) by extensions ['ros']
[0.542s] colcon.colcon_core.package_identification Level 1 _identify(src/arm_controller) by extension 'ros'
[0.544s] colcon.colcon_core.package_identification DEBUG Package 'src/arm_controller' with type 'ros.ament_cmake' and name 'arm_controller'
[0.544s] colcon.colcon_core.package_identification Level 1 _identify(src/calibration) by extensions ['ignore', 'ignore_ament_install']
[0.545s] colcon.colcon_core.package_identification Level 1 _identify(src/calibration) by extension 'ignore'
[0.545s] colcon.colcon_core.package_identification Level 1 _identify(src/calibration) by extension 'ignore_ament_install'
[0.545s] colcon.colcon_core.package_identification Level 1 _identify(src/calibration) by extensions ['colcon_pkg']
[0.545s] colcon.colcon_core.package_identification Level 1 _identify(src/calibration) by extension 'colcon_pkg'
[0.545s] colcon.colcon_core.package_identification Level 1 _identify(src/calibration) by extensions ['colcon_meta']
[0.545s] colcon.colcon_core.package_identification Level 1 _identify(src/calibration) by extension 'colcon_meta'
[0.546s] colcon.colcon_core.package_identification Level 1 _identify(src/calibration) by extensions ['ros']
[0.546s] colcon.colcon_core.package_identification Level 1 _identify(src/calibration) by extension 'ros'
[0.546s] colcon.colcon_core.package_identification Level 1 _identify(src/calibration) by extensions ['cmake', 'python']
[0.546s] colcon.colcon_core.package_identification Level 1 _identify(src/calibration) by extension 'cmake'
[0.546s] colcon.colcon_core.package_identification Level 1 _identify(src/calibration) by extension 'python'
[0.546s] colcon.colcon_core.package_identification Level 1 _identify(src/calibration) by extensions ['python_setup_py']
[0.546s] colcon.colcon_core.package_identification Level 1 _identify(src/calibration) by extension 'python_setup_py'
[0.547s] colcon.colcon_core.package_identification Level 1 _identify(src/calibration/Log) by extensions ['ignore', 'ignore_ament_install']
[0.547s] colcon.colcon_core.package_identification Level 1 _identify(src/calibration/Log) by extension 'ignore'
[0.547s] colcon.colcon_core.package_identification Level 1 _identify(src/calibration/Log) by extension 'ignore_ament_install'
[0.547s] colcon.colcon_core.package_identification Level 1 _identify(src/calibration/Log) by extensions ['colcon_pkg']
[0.547s] colcon.colcon_core.package_identification Level 1 _identify(src/calibration/Log) by extension 'colcon_pkg'
[0.547s] colcon.colcon_core.package_identification Level 1 _identify(src/calibration/Log) by extensions ['colcon_meta']
[0.547s] colcon.colcon_core.package_identification Level 1 _identify(src/calibration/Log) by extension 'colcon_meta'
[0.547s] colcon.colcon_core.package_identification Level 1 _identify(src/calibration/Log) by extensions ['ros']
[0.547s] colcon.colcon_core.package_identification Level 1 _identify(src/calibration/Log) by extension 'ros'
[0.548s] colcon.colcon_core.package_identification Level 1 _identify(src/calibration/Log) by extensions ['cmake', 'python']
[0.548s] colcon.colcon_core.package_identification Level 1 _identify(src/calibration/Log) by extension 'cmake'
[0.548s] colcon.colcon_core.package_identification Level 1 _identify(src/calibration/Log) by extension 'python'
[0.548s] colcon.colcon_core.package_identification Level 1 _identify(src/calibration/Log) by extensions ['python_setup_py']
[0.548s] colcon.colcon_core.package_identification Level 1 _identify(src/calibration/Log) by extension 'python_setup_py'
[0.548s] colcon.colcon_core.package_identification Level 1 _identify(src/calibration/__pycache__) by extensions ['ignore', 'ignore_ament_install']
[0.548s] colcon.colcon_core.package_identification Level 1 _identify(src/calibration/__pycache__) by extension 'ignore'
[0.549s] colcon.colcon_core.package_identification Level 1 _identify(src/calibration/__pycache__) by extension 'ignore_ament_install'
[0.549s] colcon.colcon_core.package_identification Level 1 _identify(src/calibration/__pycache__) by extensions ['colcon_pkg']
[0.549s] colcon.colcon_core.package_identification Level 1 _identify(src/calibration/__pycache__) by extension 'colcon_pkg'
[0.549s] colcon.colcon_core.package_identification Level 1 _identify(src/calibration/__pycache__) by extensions ['colcon_meta']
[0.549s] colcon.colcon_core.package_identification Level 1 _identify(src/calibration/__pycache__) by extension 'colcon_meta'
[0.549s] colcon.colcon_core.package_identification Level 1 _identify(src/calibration/__pycache__) by extensions ['ros']
[0.549s] colcon.colcon_core.package_identification Level 1 _identify(src/calibration/__pycache__) by extension 'ros'
[0.549s] colcon.colcon_core.package_identification Level 1 _identify(src/calibration/__pycache__) by extensions ['cmake', 'python']
[0.549s] colcon.colcon_core.package_identification Level 1 _identify(src/calibration/__pycache__) by extension 'cmake'
[0.549s] colcon.colcon_core.package_identification Level 1 _identify(src/calibration/__pycache__) by extension 'python'
[0.550s] colcon.colcon_core.package_identification Level 1 _identify(src/calibration/__pycache__) by extensions ['python_setup_py']
[0.550s] colcon.colcon_core.package_identification Level 1 _identify(src/calibration/__pycache__) by extension 'python_setup_py'
[0.550s] colcon.colcon_core.package_identification Level 1 _identify(src/fox_description_ros2) by extensions ['ignore', 'ignore_ament_install']
[0.550s] colcon.colcon_core.package_identification Level 1 _identify(src/fox_description_ros2) by extension 'ignore'
[0.550s] colcon.colcon_core.package_identification Level 1 _identify(src/fox_description_ros2) by extension 'ignore_ament_install'
[0.550s] colcon.colcon_core.package_identification Level 1 _identify(src/fox_description_ros2) by extensions ['colcon_pkg']
[0.550s] colcon.colcon_core.package_identification Level 1 _identify(src/fox_description_ros2) by extension 'colcon_pkg'
[0.550s] colcon.colcon_core.package_identification Level 1 _identify(src/fox_description_ros2) by extensions ['colcon_meta']
[0.550s] colcon.colcon_core.package_identification Level 1 _identify(src/fox_description_ros2) by extension 'colcon_meta'
[0.551s] colcon.colcon_core.package_identification Level 1 _identify(src/fox_description_ros2) by extensions ['ros']
[0.551s] colcon.colcon_core.package_identification Level 1 _identify(src/fox_description_ros2) by extension 'ros'
[0.552s] colcon.colcon_core.package_identification DEBUG Package 'src/fox_description_ros2' with type 'ros.ament_cmake' and name 'fox_description_ros2'
[0.552s] colcon.colcon_core.package_identification Level 1 _identify(src/fox_grape_harvest) by extensions ['ignore', 'ignore_ament_install']
[0.553s] colcon.colcon_core.package_identification Level 1 _identify(src/fox_grape_harvest) by extension 'ignore'
[0.553s] colcon.colcon_core.package_identification Level 1 _identify(src/fox_grape_harvest) by extension 'ignore_ament_install'
[0.553s] colcon.colcon_core.package_identification Level 1 _identify(src/fox_grape_harvest) by extensions ['colcon_pkg']
[0.553s] colcon.colcon_core.package_identification Level 1 _identify(src/fox_grape_harvest) by extension 'colcon_pkg'
[0.553s] colcon.colcon_core.package_identification Level 1 _identify(src/fox_grape_harvest) by extensions ['colcon_meta']
[0.553s] colcon.colcon_core.package_identification Level 1 _identify(src/fox_grape_harvest) by extension 'colcon_meta'
[0.553s] colcon.colcon_core.package_identification Level 1 _identify(src/fox_grape_harvest) by extensions ['ros']
[0.553s] colcon.colcon_core.package_identification Level 1 _identify(src/fox_grape_harvest) by extension 'ros'
[0.556s] colcon.colcon_core.package_identification DEBUG Package 'src/fox_grape_harvest' with type 'ros.ament_python' and name 'fox_grape_harvest'
[0.556s] colcon.colcon_core.package_identification Level 1 _identify(src/fox_navigation_ros2) by extensions ['ignore', 'ignore_ament_install']
[0.556s] colcon.colcon_core.package_identification Level 1 _identify(src/fox_navigation_ros2) by extension 'ignore'
[0.556s] colcon.colcon_core.package_identification Level 1 _identify(src/fox_navigation_ros2) by extension 'ignore_ament_install'
[0.556s] colcon.colcon_core.package_identification Level 1 _identify(src/fox_navigation_ros2) by extensions ['colcon_pkg']
[0.556s] colcon.colcon_core.package_identification Level 1 _identify(src/fox_navigation_ros2) by extension 'colcon_pkg'
[0.556s] colcon.colcon_core.package_identification Level 1 _identify(src/fox_navigation_ros2) by extensions ['colcon_meta']
[0.557s] colcon.colcon_core.package_identification Level 1 _identify(src/fox_navigation_ros2) by extension 'colcon_meta'
[0.557s] colcon.colcon_core.package_identification Level 1 _identify(src/fox_navigation_ros2) by extensions ['ros']
[0.557s] colcon.colcon_core.package_identification Level 1 _identify(src/fox_navigation_ros2) by extension 'ros'
[0.559s] colcon.colcon_core.package_identification DEBUG Package 'src/fox_navigation_ros2' with type 'ros.ament_cmake' and name 'fox_navigation_ros2'
[0.559s] colcon.colcon_core.package_identification Level 1 _identify(src/fox_slam_ros2) by extensions ['ignore', 'ignore_ament_install']
[0.559s] colcon.colcon_core.package_identification Level 1 _identify(src/fox_slam_ros2) by extension 'ignore'
[0.559s] colcon.colcon_core.package_identification Level 1 _identify(src/fox_slam_ros2) by extension 'ignore_ament_install'
[0.560s] colcon.colcon_core.package_identification Level 1 _identify(src/fox_slam_ros2) by extensions ['colcon_pkg']
[0.560s] colcon.colcon_core.package_identification Level 1 _identify(src/fox_slam_ros2) by extension 'colcon_pkg'
[0.560s] colcon.colcon_core.package_identification Level 1 _identify(src/fox_slam_ros2) by extensions ['colcon_meta']
[0.560s] colcon.colcon_core.package_identification Level 1 _identify(src/fox_slam_ros2) by extension 'colcon_meta'
[0.560s] colcon.colcon_core.package_identification Level 1 _identify(src/fox_slam_ros2) by extensions ['ros']
[0.560s] colcon.colcon_core.package_identification Level 1 _identify(src/fox_slam_ros2) by extension 'ros'
[0.561s] colcon.colcon_core.package_identification DEBUG Package 'src/fox_slam_ros2' with type 'ros.ament_cmake' and name 'fox_slam_ros2'
[0.561s] colcon.colcon_core.package_identification Level 1 _identify(src/fox_webui) by extensions ['ignore', 'ignore_ament_install']
[0.561s] colcon.colcon_core.package_identification Level 1 _identify(src/fox_webui) by extension 'ignore'
[0.562s] colcon.colcon_core.package_identification Level 1 _identify(src/fox_webui) by extension 'ignore_ament_install'
[0.562s] colcon.colcon_core.package_identification Level 1 _identify(src/fox_webui) by extensions ['colcon_pkg']
[0.562s] colcon.colcon_core.package_identification Level 1 _identify(src/fox_webui) by extension 'colcon_pkg'
[0.562s] colcon.colcon_core.package_identification Level 1 _identify(src/fox_webui) by extensions ['colcon_meta']
[0.562s] colcon.colcon_core.package_identification Level 1 _identify(src/fox_webui) by extension 'colcon_meta'
[0.562s] colcon.colcon_core.package_identification Level 1 _identify(src/fox_webui) by extensions ['ros']
[0.562s] colcon.colcon_core.package_identification Level 1 _identify(src/fox_webui) by extension 'ros'
[0.564s] colcon.colcon_core.package_identification DEBUG Package 'src/fox_webui' with type 'ros.ament_python' and name 'fox_webui'
[0.564s] colcon.colcon_core.package_identification Level 1 _identify(src/gripper_control) by extensions ['ignore', 'ignore_ament_install']
[0.564s] colcon.colcon_core.package_identification Level 1 _identify(src/gripper_control) by extension 'ignore'
[0.564s] colcon.colcon_core.package_identification Level 1 _identify(src/gripper_control) by extension 'ignore_ament_install'
[0.564s] colcon.colcon_core.package_identification Level 1 _identify(src/gripper_control) by extensions ['colcon_pkg']
[0.564s] colcon.colcon_core.package_identification Level 1 _identify(src/gripper_control) by extension 'colcon_pkg'
[0.565s] colcon.colcon_core.package_identification Level 1 _identify(src/gripper_control) by extensions ['colcon_meta']
[0.565s] colcon.colcon_core.package_identification Level 1 _identify(src/gripper_control) by extension 'colcon_meta'
[0.565s] colcon.colcon_core.package_identification Level 1 _identify(src/gripper_control) by extensions ['ros']
[0.565s] colcon.colcon_core.package_identification Level 1 _identify(src/gripper_control) by extension 'ros'
[0.566s] colcon.colcon_core.package_identification DEBUG Package 'src/gripper_control' with type 'ros.ament_cmake' and name 'gripper_control'
[0.567s] colcon.colcon_core.package_identification Level 1 _identify(src/jie_ware) by extensions ['ignore', 'ignore_ament_install']
[0.567s] colcon.colcon_core.package_identification Level 1 _identify(src/jie_ware) by extension 'ignore'
[0.567s] colcon.colcon_core.package_identification Level 1 _identify(src/jie_ware) by extension 'ignore_ament_install'
[0.567s] colcon.colcon_core.package_identification Level 1 _identify(src/jie_ware) by extensions ['colcon_pkg']
[0.567s] colcon.colcon_core.package_identification Level 1 _identify(src/jie_ware) by extension 'colcon_pkg'
[0.567s] colcon.colcon_core.package_identification Level 1 _identify(src/jie_ware) by extensions ['colcon_meta']
[0.567s] colcon.colcon_core.package_identification Level 1 _identify(src/jie_ware) by extension 'colcon_meta'
[0.567s] colcon.colcon_core.package_identification Level 1 _identify(src/jie_ware) by extensions ['ros']
[0.568s] colcon.colcon_core.package_identification Level 1 _identify(src/jie_ware) by extension 'ros'
[0.569s] colcon.colcon_core.package_identification DEBUG Package 'src/jie_ware' with type 'ros.catkin' and name 'jie_ware'
[0.570s] colcon.colcon_core.package_identification Level 1 _identify(src/rei_robot_base) by extensions ['ignore', 'ignore_ament_install']
[0.570s] colcon.colcon_core.package_identification Level 1 _identify(src/rei_robot_base) by extension 'ignore'
[0.570s] colcon.colcon_core.package_identification Level 1 _identify(src/rei_robot_base) by extension 'ignore_ament_install'
[0.570s] colcon.colcon_core.package_identification Level 1 _identify(src/rei_robot_base) by extensions ['colcon_pkg']
[0.570s] colcon.colcon_core.package_identification Level 1 _identify(src/rei_robot_base) by extension 'colcon_pkg'
[0.570s] colcon.colcon_core.package_identification Level 1 _identify(src/rei_robot_base) by extensions ['colcon_meta']
[0.570s] colcon.colcon_core.package_identification Level 1 _identify(src/rei_robot_base) by extension 'colcon_meta'
[0.571s] colcon.colcon_core.package_identification Level 1 _identify(src/rei_robot_base) by extensions ['ros']
[0.571s] colcon.colcon_core.package_identification Level 1 _identify(src/rei_robot_base) by extension 'ros'
[0.573s] colcon.colcon_core.package_identification DEBUG Package 'src/rei_robot_base' with type 'ros.ament_cmake' and name 'rei_robot_base'
[0.573s] colcon.colcon_core.package_identification Level 1 _identify(src/ydlidar_ros2_driver) by extensions ['ignore', 'ignore_ament_install']
[0.573s] colcon.colcon_core.package_identification Level 1 _identify(src/ydlidar_ros2_driver) by extension 'ignore'
[0.573s] colcon.colcon_core.package_identification Level 1 _identify(src/ydlidar_ros2_driver) by extension 'ignore_ament_install'
[0.574s] colcon.colcon_core.package_identification Level 1 _identify(src/ydlidar_ros2_driver) by extensions ['colcon_pkg']
[0.574s] colcon.colcon_core.package_identification Level 1 _identify(src/ydlidar_ros2_driver) by extension 'colcon_pkg'
[0.574s] colcon.colcon_core.package_identification Level 1 _identify(src/ydlidar_ros2_driver) by extensions ['colcon_meta']
[0.574s] colcon.colcon_core.package_identification Level 1 _identify(src/ydlidar_ros2_driver) by extension 'colcon_meta'
[0.574s] colcon.colcon_core.package_identification Level 1 _identify(src/ydlidar_ros2_driver) by extensions ['ros']
[0.574s] colcon.colcon_core.package_identification Level 1 _identify(src/ydlidar_ros2_driver) by extension 'ros'
[0.578s] colcon.colcon_core.package_identification DEBUG Package 'src/ydlidar_ros2_driver' with type 'ros.ament_cmake' and name 'ydlidar_ros2_driver'
[0.578s] colcon.colcon_core.package_discovery Level 1 discover_packages(recursive) using defaults
[0.578s] colcon.colcon_core.package_discovery Level 1 discover_packages(ignore) discover
[0.578s] colcon.colcon_core.package_discovery Level 1 discover_packages(ignore) using defaults
[0.578s] colcon.colcon_core.package_discovery Level 1 discover_packages(path) discover
[0.578s] colcon.colcon_core.package_discovery Level 1 discover_packages(path) using defaults
[0.622s] colcon.colcon_core.package_selection INFO Skipping not selected package 'arm_controller' in 'src/arm_controller'
[0.622s] colcon.colcon_core.package_selection INFO Skipping not selected package 'fox_description_ros2' in 'src/fox_description_ros2'
[0.622s] colcon.colcon_core.package_selection INFO Skipping not selected package 'gripper_control' in 'src/gripper_control'
[0.622s] colcon.colcon_core.package_selection INFO Skipping not selected package 'jie_ware' in 'src/jie_ware'
[0.622s] colcon.colcon_core.package_selection INFO Skipping not selected package 'orbbec_camera_msgs' in 'src/OrbbecSDK_ROS2/orbbec_camera_msgs'
[0.622s] colcon.colcon_core.package_selection INFO Skipping not selected package 'orbbec_description' in 'src/OrbbecSDK_ROS2/orbbec_description'
[0.622s] colcon.colcon_core.package_selection INFO Skipping not selected package 'rei_robot_base' in 'src/rei_robot_base'
[0.623s] colcon.colcon_core.package_selection INFO Skipping not selected package 'ydlidar_ros2_driver' in 'src/ydlidar_ros2_driver'
[0.623s] colcon.colcon_core.package_selection INFO Skipping not selected package 'fox_grape_harvest' in 'src/fox_grape_harvest'
[0.623s] colcon.colcon_core.package_selection INFO Skipping not selected package 'fox_slam_ros2' in 'src/fox_slam_ros2'
[0.623s] colcon.colcon_core.package_selection INFO Skipping not selected package 'orbbec_camera' in 'src/OrbbecSDK_ROS2/orbbec_camera'
[0.623s] colcon.colcon_core.package_selection INFO Skipping not selected package 'fox_webui' in 'src/fox_webui'
[0.624s] colcon.colcon_core.package_discovery Level 1 discover_packages(prefix_path) check parameters
[0.624s] colcon.colcon_core.package_discovery Level 1 discover_packages(prefix_path) discover
[0.630s] colcon.colcon_installed_package_information.package_discovery DEBUG Found 12 installed packages in /home/ubuntu/ros2fox/install
[0.633s] colcon.colcon_installed_package_information.package_discovery DEBUG Found 361 installed packages in /opt/ros/humble
[0.636s] colcon.colcon_core.package_discovery Level 1 discover_packages(prefix_path) using defaults
[0.735s] colcon.colcon_core.verb Level 5 set package 'fox_navigation_ros2' build argument 'cmake_args' from command line to 'None'
[0.735s] colcon.colcon_core.verb Level 5 set package 'fox_navigation_ros2' build argument 'cmake_target' from command line to 'None'
[0.735s] colcon.colcon_core.verb Level 5 set package 'fox_navigation_ros2' build argument 'cmake_target_skip_unavailable' from command line to 'False'
[0.735s] colcon.colcon_core.verb Level 5 set package 'fox_navigation_ros2' build argument 'cmake_clean_cache' from command line to 'False'
[0.735s] colcon.colcon_core.verb Level 5 set package 'fox_navigation_ros2' build argument 'cmake_clean_first' from command line to 'False'
[0.735s] colcon.colcon_core.verb Level 5 set package 'fox_navigation_ros2' build argument 'cmake_force_configure' from command line to 'False'
[0.735s] colcon.colcon_core.verb Level 5 set package 'fox_navigation_ros2' build argument 'ament_cmake_args' from command line to 'None'
[0.735s] colcon.colcon_core.verb Level 5 set package 'fox_navigation_ros2' build argument 'catkin_cmake_args' from command line to 'None'
[0.736s] colcon.colcon_core.verb Level 5 set package 'fox_navigation_ros2' build argument 'catkin_skip_building_tests' from command line to 'False'
[0.736s] colcon.colcon_core.verb DEBUG Building package 'fox_navigation_ros2' with the following arguments: {'ament_cmake_args': None, 'build_base': '/home/ubuntu/ros2fox/build/fox_navigation_ros2', 'catkin_cmake_args': None, 'catkin_skip_building_tests': False, 'cmake_args': None, 'cmake_clean_cache': False, 'cmake_clean_first': False, 'cmake_force_configure': False, 'cmake_target': None, 'cmake_target_skip_unavailable': False, 'install_base': '/home/ubuntu/ros2fox/install/fox_navigation_ros2', 'merge_install': False, 'path': '/home/ubuntu/ros2fox/src/fox_navigation_ros2', 'symlink_install': False, 'test_result_base': None}
[0.736s] colcon.colcon_core.executor INFO Executing jobs using 'parallel' executor
[0.738s] colcon.colcon_parallel_executor.executor.parallel DEBUG run_until_complete
[0.739s] colcon.colcon_ros.task.ament_cmake.build INFO Building ROS package in '/home/ubuntu/ros2fox/src/fox_navigation_ros2' with build type 'ament_cmake'
[0.740s] colcon.colcon_cmake.task.cmake.build INFO Building CMake package in '/home/ubuntu/ros2fox/src/fox_navigation_ros2'
[0.747s] colcon.colcon_core.plugin_system INFO Skipping extension 'colcon_core.shell.bat': Not used on non-Windows systems
[0.747s] colcon.colcon_core.shell INFO Skip shell extension 'powershell' for command environment: Not usable outside of PowerShell
[0.747s] colcon.colcon_core.shell DEBUG Skip shell extension 'dsv' for command environment
[0.799s] colcon.colcon_core.event_handler.log_command DEBUG Invoking command in '/home/ubuntu/ros2fox/build/fox_navigation_ros2': CMAKE_PREFIX_PATH=/home/ubuntu/ros2fox/install/ydlidar_ros2_driver:/home/ubuntu/ros2fox/install/rei_robot_base:/home/ubuntu/ros2fox/install/fox_description_ros2:/home/ubuntu/ros2fox/install/fox_slam_ros2:/home/ubuntu/ros2fox/install/fox_navigation_ros2:/home/ubuntu/ros2fox/install/orbbec_description:/home/ubuntu/ros2fox/install/orbbec_camera:/home/ubuntu/ros2fox/install/orbbec_camera_msgs:/home/ubuntu/ros2fox/install/gripper_control:/home/ubuntu/ros2fox/install/arm_controller:/home/ubuntu/ros2fox/install/fox_webui:/home/ubuntu/ros2fox/install/fox_grape_harvest:/opt/ros/humble LD_LIBRARY_PATH=/home/ubuntu/ros2fox/install/rei_robot_base/lib:/home/ubuntu/ros2fox/install/orbbec_camera/lib:/home/ubuntu/ros2fox/install/orbbec_camera_msgs/lib:/opt/ros/humble/opt/rviz_ogre_vendor/lib:/opt/ros/humble/lib/aarch64-linux-gnu:/home/ubuntu/ros2fox/install/arm_controller/lib:/opt/ros/humble/lib:/usr/local/cuda/lib64:/home/ubuntu/ros2fox/install/arm_controller/lib:/opt/ros/humble/lib:/usr/local/cuda/lib64 /usr/bin/cmake --build /home/ubuntu/ros2fox/build/fox_navigation_ros2 -- -j6 -l6
[2.066s] colcon.colcon_core.event_handler.log_command DEBUG Invoked command in '/home/ubuntu/ros2fox/build/fox_navigation_ros2' returned '0': CMAKE_PREFIX_PATH=/home/ubuntu/ros2fox/install/ydlidar_ros2_driver:/home/ubuntu/ros2fox/install/rei_robot_base:/home/ubuntu/ros2fox/install/fox_description_ros2:/home/ubuntu/ros2fox/install/fox_slam_ros2:/home/ubuntu/ros2fox/install/fox_navigation_ros2:/home/ubuntu/ros2fox/install/orbbec_description:/home/ubuntu/ros2fox/install/orbbec_camera:/home/ubuntu/ros2fox/install/orbbec_camera_msgs:/home/ubuntu/ros2fox/install/gripper_control:/home/ubuntu/ros2fox/install/arm_controller:/home/ubuntu/ros2fox/install/fox_webui:/home/ubuntu/ros2fox/install/fox_grape_harvest:/opt/ros/humble LD_LIBRARY_PATH=/home/ubuntu/ros2fox/install/rei_robot_base/lib:/home/ubuntu/ros2fox/install/orbbec_camera/lib:/home/ubuntu/ros2fox/install/orbbec_camera_msgs/lib:/opt/ros/humble/opt/rviz_ogre_vendor/lib:/opt/ros/humble/lib/aarch64-linux-gnu:/home/ubuntu/ros2fox/install/arm_controller/lib:/opt/ros/humble/lib:/usr/local/cuda/lib64:/home/ubuntu/ros2fox/install/arm_controller/lib:/opt/ros/humble/lib:/usr/local/cuda/lib64 /usr/bin/cmake --build /home/ubuntu/ros2fox/build/fox_navigation_ros2 -- -j6 -l6
[2.133s] colcon.colcon_core.event_handler.log_command DEBUG Invoking command in '/home/ubuntu/ros2fox/build/fox_navigation_ros2': CMAKE_PREFIX_PATH=/home/ubuntu/ros2fox/install/ydlidar_ros2_driver:/home/ubuntu/ros2fox/install/rei_robot_base:/home/ubuntu/ros2fox/install/fox_description_ros2:/home/ubuntu/ros2fox/install/fox_slam_ros2:/home/ubuntu/ros2fox/install/fox_navigation_ros2:/home/ubuntu/ros2fox/install/orbbec_description:/home/ubuntu/ros2fox/install/orbbec_camera:/home/ubuntu/ros2fox/install/orbbec_camera_msgs:/home/ubuntu/ros2fox/install/gripper_control:/home/ubuntu/ros2fox/install/arm_controller:/home/ubuntu/ros2fox/install/fox_webui:/home/ubuntu/ros2fox/install/fox_grape_harvest:/opt/ros/humble LD_LIBRARY_PATH=/home/ubuntu/ros2fox/install/rei_robot_base/lib:/home/ubuntu/ros2fox/install/orbbec_camera/lib:/home/ubuntu/ros2fox/install/orbbec_camera_msgs/lib:/opt/ros/humble/opt/rviz_ogre_vendor/lib:/opt/ros/humble/lib/aarch64-linux-gnu:/home/ubuntu/ros2fox/install/arm_controller/lib:/opt/ros/humble/lib:/usr/local/cuda/lib64:/home/ubuntu/ros2fox/install/arm_controller/lib:/opt/ros/humble/lib:/usr/local/cuda/lib64 /usr/bin/cmake --install /home/ubuntu/ros2fox/build/fox_navigation_ros2
[2.154s] colcon.colcon_core.environment Level 1 create_environment_scripts_only(fox_navigation_ros2)
[2.161s] colcon.colcon_core.environment Level 1 checking '/home/ubuntu/ros2fox/install/fox_navigation_ros2' for CMake module files
[2.163s] colcon.colcon_core.event_handler.log_command DEBUG Invoked command in '/home/ubuntu/ros2fox/build/fox_navigation_ros2' returned '0': CMAKE_PREFIX_PATH=/home/ubuntu/ros2fox/install/ydlidar_ros2_driver:/home/ubuntu/ros2fox/install/rei_robot_base:/home/ubuntu/ros2fox/install/fox_description_ros2:/home/ubuntu/ros2fox/install/fox_slam_ros2:/home/ubuntu/ros2fox/install/fox_navigation_ros2:/home/ubuntu/ros2fox/install/orbbec_description:/home/ubuntu/ros2fox/install/orbbec_camera:/home/ubuntu/ros2fox/install/orbbec_camera_msgs:/home/ubuntu/ros2fox/install/gripper_control:/home/ubuntu/ros2fox/install/arm_controller:/home/ubuntu/ros2fox/install/fox_webui:/home/ubuntu/ros2fox/install/fox_grape_harvest:/opt/ros/humble LD_LIBRARY_PATH=/home/ubuntu/ros2fox/install/rei_robot_base/lib:/home/ubuntu/ros2fox/install/orbbec_camera/lib:/home/ubuntu/ros2fox/install/orbbec_camera_msgs/lib:/opt/ros/humble/opt/rviz_ogre_vendor/lib:/opt/ros/humble/lib/aarch64-linux-gnu:/home/ubuntu/ros2fox/install/arm_controller/lib:/opt/ros/humble/lib:/usr/local/cuda/lib64:/home/ubuntu/ros2fox/install/arm_controller/lib:/opt/ros/humble/lib:/usr/local/cuda/lib64 /usr/bin/cmake --install /home/ubuntu/ros2fox/build/fox_navigation_ros2
[2.164s] colcon.colcon_core.environment Level 1 checking '/home/ubuntu/ros2fox/install/fox_navigation_ros2' for CMake config files
[2.165s] colcon.colcon_core.shell Level 1 create_environment_hook('fox_navigation_ros2', 'cmake_prefix_path')
[2.165s] colcon.colcon_core.shell INFO Creating environment hook '/home/ubuntu/ros2fox/install/fox_navigation_ros2/share/fox_navigation_ros2/hook/cmake_prefix_path.ps1'
[2.174s] colcon.colcon_core.shell INFO Creating environment descriptor '/home/ubuntu/ros2fox/install/fox_navigation_ros2/share/fox_navigation_ros2/hook/cmake_prefix_path.dsv'
[2.178s] colcon.colcon_core.shell INFO Creating environment hook '/home/ubuntu/ros2fox/install/fox_navigation_ros2/share/fox_navigation_ros2/hook/cmake_prefix_path.sh'
[2.183s] colcon.colcon_core.environment Level 1 checking '/home/ubuntu/ros2fox/install/fox_navigation_ros2/lib'
[2.184s] colcon.colcon_core.environment Level 1 checking '/home/ubuntu/ros2fox/install/fox_navigation_ros2/bin'
[2.185s] colcon.colcon_core.environment Level 1 checking '/home/ubuntu/ros2fox/install/fox_navigation_ros2/lib/pkgconfig/fox_navigation_ros2.pc'
[2.186s] colcon.colcon_core.environment Level 1 checking '/home/ubuntu/ros2fox/install/fox_navigation_ros2/lib/python3.10/site-packages'
[2.189s] colcon.colcon_core.environment Level 1 checking '/home/ubuntu/ros2fox/install/fox_navigation_ros2/bin'
[2.192s] colcon.colcon_core.shell INFO Creating package script '/home/ubuntu/ros2fox/install/fox_navigation_ros2/share/fox_navigation_ros2/package.ps1'
[2.197s] colcon.colcon_core.shell INFO Creating package descriptor '/home/ubuntu/ros2fox/install/fox_navigation_ros2/share/fox_navigation_ros2/package.dsv'
[2.234s] colcon.colcon_core.shell INFO Creating package script '/home/ubuntu/ros2fox/install/fox_navigation_ros2/share/fox_navigation_ros2/package.sh'
[2.236s] colcon.colcon_core.shell INFO Creating package script '/home/ubuntu/ros2fox/install/fox_navigation_ros2/share/fox_navigation_ros2/package.bash'
[2.238s] colcon.colcon_core.shell INFO Creating package script '/home/ubuntu/ros2fox/install/fox_navigation_ros2/share/fox_navigation_ros2/package.zsh'
[2.239s] colcon.colcon_core.environment Level 1 create_file_with_runtime_dependencies(/home/ubuntu/ros2fox/install/fox_navigation_ros2/share/colcon-core/packages/fox_navigation_ros2)
[2.291s] colcon.colcon_core.environment Level 1 create_environment_scripts_only(fox_navigation_ros2)
[2.292s] colcon.colcon_core.environment Level 1 checking '/home/ubuntu/ros2fox/install/fox_navigation_ros2' for CMake module files
[2.293s] colcon.colcon_core.environment Level 1 checking '/home/ubuntu/ros2fox/install/fox_navigation_ros2' for CMake config files
[2.294s] colcon.colcon_core.shell Level 1 create_environment_hook('fox_navigation_ros2', 'cmake_prefix_path')
[2.294s] colcon.colcon_core.shell INFO Creating environment hook '/home/ubuntu/ros2fox/install/fox_navigation_ros2/share/fox_navigation_ros2/hook/cmake_prefix_path.ps1'
[2.295s] colcon.colcon_core.shell INFO Creating environment descriptor '/home/ubuntu/ros2fox/install/fox_navigation_ros2/share/fox_navigation_ros2/hook/cmake_prefix_path.dsv'
[2.296s] colcon.colcon_core.shell INFO Creating environment hook '/home/ubuntu/ros2fox/install/fox_navigation_ros2/share/fox_navigation_ros2/hook/cmake_prefix_path.sh'
[2.297s] colcon.colcon_core.environment Level 1 checking '/home/ubuntu/ros2fox/install/fox_navigation_ros2/lib'
[2.297s] colcon.colcon_core.environment Level 1 checking '/home/ubuntu/ros2fox/install/fox_navigation_ros2/bin'
[2.297s] colcon.colcon_core.environment Level 1 checking '/home/ubuntu/ros2fox/install/fox_navigation_ros2/lib/pkgconfig/fox_navigation_ros2.pc'
[2.298s] colcon.colcon_core.environment Level 1 checking '/home/ubuntu/ros2fox/install/fox_navigation_ros2/lib/python3.10/site-packages'
[2.298s] colcon.colcon_core.environment Level 1 checking '/home/ubuntu/ros2fox/install/fox_navigation_ros2/bin'
[2.299s] colcon.colcon_core.shell INFO Creating package script '/home/ubuntu/ros2fox/install/fox_navigation_ros2/share/fox_navigation_ros2/package.ps1'
[2.301s] colcon.colcon_core.shell INFO Creating package descriptor '/home/ubuntu/ros2fox/install/fox_navigation_ros2/share/fox_navigation_ros2/package.dsv'
[2.302s] colcon.colcon_core.shell INFO Creating package script '/home/ubuntu/ros2fox/install/fox_navigation_ros2/share/fox_navigation_ros2/package.sh'
[2.303s] colcon.colcon_core.shell INFO Creating package script '/home/ubuntu/ros2fox/install/fox_navigation_ros2/share/fox_navigation_ros2/package.bash'
[2.303s] colcon.colcon_core.shell INFO Creating package script '/home/ubuntu/ros2fox/install/fox_navigation_ros2/share/fox_navigation_ros2/package.zsh'
[2.304s] colcon.colcon_core.environment Level 1 create_file_with_runtime_dependencies(/home/ubuntu/ros2fox/install/fox_navigation_ros2/share/colcon-core/packages/fox_navigation_ros2)
[2.305s] colcon.colcon_parallel_executor.executor.parallel DEBUG closing loop
[2.306s] colcon.colcon_parallel_executor.executor.parallel DEBUG loop closed
[2.306s] colcon.colcon_parallel_executor.executor.parallel DEBUG run_until_complete finished with '0'
[2.306s] colcon.colcon_core.event_reactor DEBUG joining thread
[2.323s] colcon.colcon_core.plugin_system INFO Skipping extension 'colcon_notification.desktop_notification.terminal_notifier': Not used on non-Darwin systems
[2.324s] colcon.colcon_core.plugin_system INFO Skipping extension 'colcon_notification.desktop_notification.win32': Not used on non-Windows systems
[2.324s] colcon.colcon_notification.desktop_notification INFO Sending desktop notification using 'notify2'
[2.350s] colcon.colcon_core.event_reactor DEBUG joined thread
[2.351s] colcon.colcon_core.shell INFO Creating prefix script '/home/ubuntu/ros2fox/install/local_setup.ps1'
[2.353s] colcon.colcon_core.shell INFO Creating prefix util module '/home/ubuntu/ros2fox/install/_local_setup_util_ps1.py'
[2.356s] colcon.colcon_core.shell INFO Creating prefix chain script '/home/ubuntu/ros2fox/install/setup.ps1'
[2.360s] colcon.colcon_core.shell INFO Creating prefix script '/home/ubuntu/ros2fox/install/local_setup.sh'
[2.361s] colcon.colcon_core.shell INFO Creating prefix util module '/home/ubuntu/ros2fox/install/_local_setup_util_sh.py'
[2.362s] colcon.colcon_core.shell INFO Creating prefix chain script '/home/ubuntu/ros2fox/install/setup.sh'
[2.366s] colcon.colcon_core.shell INFO Creating prefix script '/home/ubuntu/ros2fox/install/local_setup.bash'
[2.367s] colcon.colcon_core.shell INFO Creating prefix chain script '/home/ubuntu/ros2fox/install/setup.bash'
[2.371s] colcon.colcon_core.shell INFO Creating prefix script '/home/ubuntu/ros2fox/install/local_setup.zsh'
[2.373s] colcon.colcon_core.shell INFO Creating prefix chain script '/home/ubuntu/ros2fox/install/setup.zsh'
