[3.219s] Invoking command in '/home/ubuntu/ros2fox/src/fox_grape_harvest': CMAKE_PREFIX_PATH=/home/ubuntu/ros2fox/install/arm_controller:/home/ubuntu/ros2fox/install/fox_slam_ros2:/home/ubuntu/ros2fox/install/fox_navigation_ros2:/home/ubuntu/ros2fox/install/ydlidar_ros2_driver:/home/ubuntu/ros2fox/install/rei_robot_base:/home/ubuntu/ros2fox/install/orbbec_description:/home/ubuntu/ros2fox/install/orbbec_camera:/home/ubuntu/ros2fox/install/orbbec_camera_msgs:/home/ubuntu/ros2fox/install/gripper_control:/home/ubuntu/ros2fox/install/fox_description_ros2 LD_LIBRARY_PATH=/home/ubuntu/ros2fox/install/arm_controller/lib:/home/ubuntu/ros2fox/install/rei_robot_base/lib:/home/ubuntu/ros2fox/install/orbbec_camera/lib:/home/ubuntu/ros2fox/install/orbbec_camera_msgs/lib:/opt/ros/humble/opt/rviz_ogre_vendor/lib:/opt/ros/humble/lib/aarch64-linux-gnu:/opt/ros/humble/lib:/usr/local/cuda/lib64:/opt/ros/humble/lib:/usr/local/cuda/lib64 PYTHONPATH=/home/ubuntu/ros2fox/build/fox_grape_harvest/prefix_override:/home/ubuntu/ros2fox/install/fox_grape_harvest/lib/python3.10/site-packages:${PYTHONPATH} /usr/bin/python3 -W ignore:setup.py install is deprecated setup.py egg_info --egg-base ../../build/fox_grape_harvest build --build-base /home/ubuntu/ros2fox/build/fox_grape_harvest/build install --record /home/ubuntu/ros2fox/build/fox_grape_harvest/install.log --single-version-externally-managed install_data
[3.839s] running egg_info
[3.881s] writing ../../build/fox_grape_harvest/fox_grape_harvest.egg-info/PKG-INFO
[3.882s] writing dependency_links to ../../build/fox_grape_harvest/fox_grape_harvest.egg-info/dependency_links.txt
[3.882s] writing entry points to ../../build/fox_grape_harvest/fox_grape_harvest.egg-info/entry_points.txt
[3.883s] writing requirements to ../../build/fox_grape_harvest/fox_grape_harvest.egg-info/requires.txt
[3.883s] writing top-level names to ../../build/fox_grape_harvest/fox_grape_harvest.egg-info/top_level.txt
[3.970s] reading manifest file '../../build/fox_grape_harvest/fox_grape_harvest.egg-info/SOURCES.txt'
[3.978s] writing manifest file '../../build/fox_grape_harvest/fox_grape_harvest.egg-info/SOURCES.txt'
[3.978s] running build
[3.978s] running build_py
[3.979s] copying fox_grape_harvest/wait_utils.py -> /home/ubuntu/ros2fox/build/fox_grape_harvest/build/lib/fox_grape_harvest
[3.979s] copying fox_grape_harvest/depth_utils.py -> /home/ubuntu/ros2fox/build/fox_grape_harvest/build/lib/fox_grape_harvest
[3.979s] copying fox_grape_harvest/yolo_detector.py -> /home/ubuntu/ros2fox/build/fox_grape_harvest/build/lib/fox_grape_harvest
[3.980s] copying fox_grape_harvest/grape_grasp_test.py -> /home/ubuntu/ros2fox/build/fox_grape_harvest/build/lib/fox_grape_harvest
[3.980s] copying fox_grape_harvest/__init__.py -> /home/ubuntu/ros2fox/build/fox_grape_harvest/build/lib/fox_grape_harvest
[3.981s] running install
[3.992s] running install_lib
[4.036s] byte-compiling /home/ubuntu/ros2fox/install/fox_grape_harvest/lib/python3.10/site-packages/fox_grape_harvest/chassis_interface.py to chassis_interface.cpython-310.pyc
[4.041s] byte-compiling /home/ubuntu/ros2fox/install/fox_grape_harvest/lib/python3.10/site-packages/fox_grape_harvest/harvest_node.py to harvest_node.cpython-310.pyc
[4.051s] byte-compiling /home/ubuntu/ros2fox/install/fox_grape_harvest/lib/python3.10/site-packages/fox_grape_harvest/arm_interface.py to arm_interface.cpython-310.pyc
[4.053s] running install_data
[4.054s] copying resource/fox_grape_harvest -> /home/ubuntu/ros2fox/install/fox_grape_harvest/share/ament_index/resource_index/packages
[4.055s] copying package.xml -> /home/ubuntu/ros2fox/install/fox_grape_harvest/share/fox_grape_harvest
[4.055s] copying launch/full_system.launch.py -> /home/ubuntu/ros2fox/install/fox_grape_harvest/share/fox_grape_harvest/launch
[4.058s] copying launch/grape_harvest.launch.py -> /home/ubuntu/ros2fox/install/fox_grape_harvest/share/fox_grape_harvest/launch
[4.058s] running install_egg_info
[4.105s] removing '/home/ubuntu/ros2fox/install/fox_grape_harvest/lib/python3.10/site-packages/fox_grape_harvest-0.1.0-py3.10.egg-info' (and everything under it)
[4.106s] Copying ../../build/fox_grape_harvest/fox_grape_harvest.egg-info to /home/ubuntu/ros2fox/install/fox_grape_harvest/lib/python3.10/site-packages/fox_grape_harvest-0.1.0-py3.10.egg-info
[4.114s] running install_scripts
[4.481s] Installing grape_grasp_test.py script to /home/ubuntu/ros2fox/install/fox_grape_harvest/lib/fox_grape_harvest
[4.485s] Installing grape_harvest_node script to /home/ubuntu/ros2fox/install/fox_grape_harvest/lib/fox_grape_harvest
[4.486s] writing list of installed files to '/home/ubuntu/ros2fox/build/fox_grape_harvest/install.log'
[4.565s] Invoked command in '/home/ubuntu/ros2fox/src/fox_grape_harvest' returned '0': CMAKE_PREFIX_PATH=/home/ubuntu/ros2fox/install/arm_controller:/home/ubuntu/ros2fox/install/fox_slam_ros2:/home/ubuntu/ros2fox/install/fox_navigation_ros2:/home/ubuntu/ros2fox/install/ydlidar_ros2_driver:/home/ubuntu/ros2fox/install/rei_robot_base:/home/ubuntu/ros2fox/install/orbbec_description:/home/ubuntu/ros2fox/install/orbbec_camera:/home/ubuntu/ros2fox/install/orbbec_camera_msgs:/home/ubuntu/ros2fox/install/gripper_control:/home/ubuntu/ros2fox/install/fox_description_ros2 LD_LIBRARY_PATH=/home/ubuntu/ros2fox/install/arm_controller/lib:/home/ubuntu/ros2fox/install/rei_robot_base/lib:/home/ubuntu/ros2fox/install/orbbec_camera/lib:/home/ubuntu/ros2fox/install/orbbec_camera_msgs/lib:/opt/ros/humble/opt/rviz_ogre_vendor/lib:/opt/ros/humble/lib/aarch64-linux-gnu:/opt/ros/humble/lib:/usr/local/cuda/lib64:/opt/ros/humble/lib:/usr/local/cuda/lib64 PYTHONPATH=/home/ubuntu/ros2fox/build/fox_grape_harvest/prefix_override:/home/ubuntu/ros2fox/install/fox_grape_harvest/lib/python3.10/site-packages:${PYTHONPATH} /usr/bin/python3 -W ignore:setup.py install is deprecated setup.py egg_info --egg-base ../../build/fox_grape_harvest build --build-base /home/ubuntu/ros2fox/build/fox_grape_harvest/build install --record /home/ubuntu/ros2fox/build/fox_grape_harvest/install.log --single-version-externally-managed install_data
