[4.116s] Invoking command in '/home/ubuntu/ros2fox/src/fox_webui': AMENT_PREFIX_PATH=/home/ubuntu/ros2fox/install/fox_grape_harvest:/home/ubuntu/ros2fox/install/rei_robot_base:${AMENT_PREFIX_PATH} CMAKE_PREFIX_PATH=/home/ubuntu/ros2fox/install/rei_robot_base:/home/ubuntu/ros2fox/install/arm_controller LD_LIBRARY_PATH=/home/ubuntu/ros2fox/install/rei_robot_base/lib:/home/ubuntu/ros2fox/install/arm_controller/lib:/opt/ros/humble/lib:/usr/local/cuda/lib64 PYTHONPATH=/home/ubuntu/ros2fox/build/fox_webui/prefix_override:/home/ubuntu/ros2fox/install/fox_webui/lib/python3.10/site-packages:/home/ubuntu/ros2fox/install/fox_grape_harvest/lib/python3.10/site-packages:/home/ubuntu/ros2fox/install/rei_robot_base/local/lib/python3.10/dist-packages:/home/ubuntu/ros2fox/install/arm_controller/local/lib/python3.10/dist-packages:${PYTHONPATH} /usr/bin/python3 -W ignore:setup.py install is deprecated setup.py egg_info --egg-base ../../build/fox_webui build --build-base /home/ubuntu/ros2fox/build/fox_webui/build install --record /home/ubuntu/ros2fox/build/fox_webui/install.log --single-version-externally-managed install_data
[4.821s] running egg_info
[4.867s] writing ../../build/fox_webui/fox_webui.egg-info/PKG-INFO
[4.868s] writing dependency_links to ../../build/fox_webui/fox_webui.egg-info/dependency_links.txt
[4.869s] writing entry points to ../../build/fox_webui/fox_webui.egg-info/entry_points.txt
[4.870s] writing requirements to ../../build/fox_webui/fox_webui.egg-info/requires.txt
[4.870s] writing top-level names to ../../build/fox_webui/fox_webui.egg-info/top_level.txt
[4.969s] reading manifest file '../../build/fox_webui/fox_webui.egg-info/SOURCES.txt'
[4.980s] writing manifest file '../../build/fox_webui/fox_webui.egg-info/SOURCES.txt'
[4.980s] running build
[4.981s] running build_py
[4.981s] copying fox_webui/state.py -> /home/ubuntu/ros2fox/build/fox_webui/build/lib/fox_webui
[4.984s] copying fox_webui/preview_detector.py -> /home/ubuntu/ros2fox/build/fox_webui/build/lib/fox_webui
[4.984s] copying fox_webui/mapdata.py -> /home/ubuntu/ros2fox/build/fox_webui/build/lib/fox_webui
[4.986s] copying fox_webui/control.py -> /home/ubuntu/ros2fox/build/fox_webui/build/lib/fox_webui
[4.986s] copying fox_webui/compensation.py -> /home/ubuntu/ros2fox/build/fox_webui/build/lib/fox_webui
[4.987s] copying fox_webui/webapi.py -> /home/ubuntu/ros2fox/build/fox_webui/build/lib/fox_webui
[4.987s] copying fox_webui/agent_node.py -> /home/ubuntu/ros2fox/build/fox_webui/build/lib/fox_webui
[4.988s] copying fox_webui/process_manager.py -> /home/ubuntu/ros2fox/build/fox_webui/build/lib/fox_webui
[4.991s] copying fox_webui/video.py -> /home/ubuntu/ros2fox/build/fox_webui/build/lib/fox_webui
[4.991s] copying fox_webui/__init__.py -> /home/ubuntu/ros2fox/build/fox_webui/build/lib/fox_webui
[4.996s] running install
[5.010s] running install_lib
[5.063s] copying /home/ubuntu/ros2fox/build/fox_webui/build/lib/fox_webui/preview_detector.py -> /home/ubuntu/ros2fox/install/fox_webui/lib/python3.10/site-packages/fox_webui
[5.064s] copying /home/ubuntu/ros2fox/build/fox_webui/build/lib/fox_webui/control.py -> /home/ubuntu/ros2fox/install/fox_webui/lib/python3.10/site-packages/fox_webui
[5.064s] copying /home/ubuntu/ros2fox/build/fox_webui/build/lib/fox_webui/compensation.py -> /home/ubuntu/ros2fox/install/fox_webui/lib/python3.10/site-packages/fox_webui
[5.073s] copying /home/ubuntu/ros2fox/build/fox_webui/build/lib/fox_webui/webapi.py -> /home/ubuntu/ros2fox/install/fox_webui/lib/python3.10/site-packages/fox_webui
[5.077s] byte-compiling /home/ubuntu/ros2fox/install/fox_webui/lib/python3.10/site-packages/fox_webui/control.py to control.cpython-310.pyc
[5.097s] byte-compiling /home/ubuntu/ros2fox/install/fox_webui/lib/python3.10/site-packages/fox_webui/compensation.py to compensation.cpython-310.pyc
[5.099s] byte-compiling /home/ubuntu/ros2fox/install/fox_webui/lib/python3.10/site-packages/fox_webui/webapi.py to webapi.cpython-310.pyc
[5.106s] running install_data
[5.107s] copying resource/fox_webui -> /home/ubuntu/ros2fox/install/fox_webui/share/ament_index/resource_index/packages
[5.107s] copying package.xml -> /home/ubuntu/ros2fox/install/fox_webui/share/fox_webui
[5.107s] copying launch/webui.launch.py -> /home/ubuntu/ros2fox/install/fox_webui/share/fox_webui/launch
[5.110s] copying config/modules.yaml -> /home/ubuntu/ros2fox/install/fox_webui/share/fox_webui/config
[5.111s] copying config/webui.yaml -> /home/ubuntu/ros2fox/install/fox_webui/share/fox_webui/config
[5.112s] copying web/style.css -> /home/ubuntu/ros2fox/install/fox_webui/share/fox_webui/web
[5.113s] copying web/index.html -> /home/ubuntu/ros2fox/install/fox_webui/share/fox_webui/web
[5.114s] copying web/lib/OrbitControls.js -> /home/ubuntu/ros2fox/install/fox_webui/share/fox_webui/web/lib
[5.116s] copying web/lib/vue.esm-browser.prod.js -> /home/ubuntu/ros2fox/install/fox_webui/share/fox_webui/web/lib
[5.117s] copying web/lib/three.module.js -> /home/ubuntu/ros2fox/install/fox_webui/share/fox_webui/web/lib
[5.131s] copying web/build/COLCON_IGNORE -> /home/ubuntu/ros2fox/install/fox_webui/share/fox_webui/web/build
[5.131s] copying web/build/.built_by -> /home/ubuntu/ros2fox/install/fox_webui/share/fox_webui/web/build
[5.132s] copying web/install/_local_setup_util_sh.py -> /home/ubuntu/ros2fox/install/fox_webui/share/fox_webui/web/install
[5.133s] copying web/install/COLCON_IGNORE -> /home/ubuntu/ros2fox/install/fox_webui/share/fox_webui/web/install
[5.134s] copying web/install/local_setup.zsh -> /home/ubuntu/ros2fox/install/fox_webui/share/fox_webui/web/install
[5.135s] copying web/install/setup.zsh -> /home/ubuntu/ros2fox/install/fox_webui/share/fox_webui/web/install
[5.136s] copying web/install/setup.ps1 -> /home/ubuntu/ros2fox/install/fox_webui/share/fox_webui/web/install
[5.137s] copying web/install/local_setup.bash -> /home/ubuntu/ros2fox/install/fox_webui/share/fox_webui/web/install
[5.138s] copying web/install/local_setup.sh -> /home/ubuntu/ros2fox/install/fox_webui/share/fox_webui/web/install
[5.139s] copying web/install/.colcon_install_layout -> /home/ubuntu/ros2fox/install/fox_webui/share/fox_webui/web/install
[5.140s] copying web/install/_local_setup_util_ps1.py -> /home/ubuntu/ros2fox/install/fox_webui/share/fox_webui/web/install
[5.143s] copying web/install/setup.sh -> /home/ubuntu/ros2fox/install/fox_webui/share/fox_webui/web/install
[5.144s] copying web/install/setup.bash -> /home/ubuntu/ros2fox/install/fox_webui/share/fox_webui/web/install
[5.146s] copying web/install/local_setup.ps1 -> /home/ubuntu/ros2fox/install/fox_webui/share/fox_webui/web/install
[5.146s] copying web/log/COLCON_IGNORE -> /home/ubuntu/ros2fox/install/fox_webui/share/fox_webui/web/log
[5.148s] copying web/log/build_2026-09-19_21-33-31/logger_all.log -> /home/ubuntu/ros2fox/install/fox_webui/share/fox_webui/web/log/build_2026-09-19_21-33-31
[5.148s] copying web/log/build_2026-09-19_21-33-31/events.log -> /home/ubuntu/ros2fox/install/fox_webui/share/fox_webui/web/log/build_2026-09-19_21-33-31
[5.149s] copying web/js/main.js -> /home/ubuntu/ros2fox/install/fox_webui/share/fox_webui/web/js
[5.151s] copying web/js/shared.js -> /home/ubuntu/ros2fox/install/fox_webui/share/fox_webui/web/js
[5.152s] copying web/js/components/StatusPanels.js -> /home/ubuntu/ros2fox/install/fox_webui/share/fox_webui/web/js/components
[5.153s] copying web/js/components/VideoPanel.js -> /home/ubuntu/ros2fox/install/fox_webui/share/fox_webui/web/js/components
[5.154s] copying web/js/components/ArmPanel.js -> /home/ubuntu/ros2fox/install/fox_webui/share/fox_webui/web/js/components
[5.155s] copying web/js/components/MapView.js -> /home/ubuntu/ros2fox/install/fox_webui/share/fox_webui/web/js/components
[5.156s] copying web/js/components/NavPanel.js -> /home/ubuntu/ros2fox/install/fox_webui/share/fox_webui/web/js/components
[5.157s] copying web/js/components/LogPanel.js -> /home/ubuntu/ros2fox/install/fox_webui/share/fox_webui/web/js/components
[5.157s] copying web/js/components/TaskPanel.js -> /home/ubuntu/ros2fox/install/fox_webui/share/fox_webui/web/js/components
[5.158s] copying web/js/components/ModulePanel.js -> /home/ubuntu/ros2fox/install/fox_webui/share/fox_webui/web/js/components
[5.159s] copying web/js/components/ManualControl.js -> /home/ubuntu/ros2fox/install/fox_webui/share/fox_webui/web/js/components
[5.159s] running install_egg_info
[5.248s] removing '/home/ubuntu/ros2fox/install/fox_webui/lib/python3.10/site-packages/fox_webui-0.1.0-py3.10.egg-info' (and everything under it)
[5.254s] Copying ../../build/fox_webui/fox_webui.egg-info to /home/ubuntu/ros2fox/install/fox_webui/lib/python3.10/site-packages/fox_webui-0.1.0-py3.10.egg-info
[5.262s] running install_scripts
[5.746s] Installing fox_webui_agent script to /home/ubuntu/ros2fox/install/fox_webui/lib/fox_webui
[5.748s] writing list of installed files to '/home/ubuntu/ros2fox/build/fox_webui/install.log'
[5.858s] Invoked command in '/home/ubuntu/ros2fox/src/fox_webui' returned '0': AMENT_PREFIX_PATH=/home/ubuntu/ros2fox/install/fox_grape_harvest:/home/ubuntu/ros2fox/install/rei_robot_base:${AMENT_PREFIX_PATH} CMAKE_PREFIX_PATH=/home/ubuntu/ros2fox/install/rei_robot_base:/home/ubuntu/ros2fox/install/arm_controller LD_LIBRARY_PATH=/home/ubuntu/ros2fox/install/rei_robot_base/lib:/home/ubuntu/ros2fox/install/arm_controller/lib:/opt/ros/humble/lib:/usr/local/cuda/lib64 PYTHONPATH=/home/ubuntu/ros2fox/build/fox_webui/prefix_override:/home/ubuntu/ros2fox/install/fox_webui/lib/python3.10/site-packages:/home/ubuntu/ros2fox/install/fox_grape_harvest/lib/python3.10/site-packages:/home/ubuntu/ros2fox/install/rei_robot_base/local/lib/python3.10/dist-packages:/home/ubuntu/ros2fox/install/arm_controller/local/lib/python3.10/dist-packages:${PYTHONPATH} /usr/bin/python3 -W ignore:setup.py install is deprecated setup.py egg_info --egg-base ../../build/fox_webui build --build-base /home/ubuntu/ros2fox/build/fox_webui/build install --record /home/ubuntu/ros2fox/build/fox_webui/install.log --single-version-externally-managed install_data
