[0.822s] colcon DEBUG Command line arguments: ['/home/ubuntu/.local/bin/colcon', 'build', '--packages-select', 'fox_webui']
[0.822s] colcon DEBUG Parsed command line arguments: Namespace(log_base=None, log_level=None, verb_name='build', build_base='build', install_base='install', merge_install=False, symlink_install=False, test_result_base=None, continue_on_error=False, executor='parallel', parallel_workers=6, event_handlers=None, ignore_user_meta=False, metas=['./colcon.meta'], base_paths=['.'], packages_ignore=None, packages_ignore_regex=None, paths=None, packages_up_to=None, packages_up_to_regex=None, packages_above=None, packages_above_and_dependencies=None, packages_above_depth=None, packages_select_by_dep=None, packages_skip_by_dep=None, packages_skip_up_to=None, packages_select_build_failed=False, packages_skip_build_finished=False, packages_select_test_failures=False, packages_skip_test_passed=False, packages_select=['fox_webui'], packages_skip=None, packages_select_regex=None, packages_skip_regex=None, packages_start=None, packages_end=None, allow_overriding=[], cmake_args=None, cmake_target=None, cmake_target_skip_unavailable=False, cmake_clean_cache=False, cmake_clean_first=False, cmake_force_configure=False, ament_cmake_args=None, catkin_cmake_args=None, catkin_skip_building_tests=False, verb_parser=<colcon_defaults.argument_parser.defaults.DefaultArgumentsDecorator object at 0xffffa99e4130>, verb_extension=<colcon_core.verb.build.BuildVerb object at 0xffffa9af53f0>, main=<bound method BuildVerb.main of <colcon_core.verb.build.BuildVerb object at 0xffffa9af53f0>>)
[1.318s] colcon.colcon_core.package_discovery Level 1 discover_packages(colcon_meta) check parameters
[1.319s] colcon.colcon_core.package_discovery Level 1 discover_packages(recursive) check parameters
[1.319s] colcon.colcon_core.package_discovery Level 1 discover_packages(ignore) check parameters
[1.319s] colcon.colcon_core.package_discovery Level 1 discover_packages(path) check parameters
[1.320s] colcon.colcon_core.package_discovery Level 1 discover_packages(colcon_meta) discover
[1.321s] colcon.colcon_core.package_discovery Level 1 discover_packages(recursive) discover
[1.322s] colcon.colcon_core.package_discovery INFO Crawling recursively for packages in '/home/ubuntu/ros2fox'
[1.322s] colcon.colcon_core.package_identification Level 1 _identify(.) by extensions ['ignore', 'ignore_ament_install']
[1.323s] colcon.colcon_core.package_identification Level 1 _identify(.) by extension 'ignore'
[1.323s] colcon.colcon_core.package_identification Level 1 _identify(.) by extension 'ignore_ament_install'
[1.324s] colcon.colcon_core.package_identification Level 1 _identify(.) by extensions ['colcon_pkg']
[1.324s] colcon.colcon_core.package_identification Level 1 _identify(.) by extension 'colcon_pkg'
[1.324s] colcon.colcon_core.package_identification Level 1 _identify(.) by extensions ['colcon_meta']
[1.324s] colcon.colcon_core.package_identification Level 1 _identify(.) by extension 'colcon_meta'
[1.324s] colcon.colcon_core.package_identification Level 1 _identify(.) by extensions ['ros']
[1.324s] colcon.colcon_core.package_identification Level 1 _identify(.) by extension 'ros'
[1.409s] colcon.colcon_core.package_identification Level 1 _identify(.) by extensions ['cmake', 'python']
[1.410s] colcon.colcon_core.package_identification Level 1 _identify(.) by extension 'cmake'
[1.410s] colcon.colcon_core.package_identification Level 1 _identify(.) by extension 'python'
[1.410s] colcon.colcon_core.package_identification Level 1 _identify(.) by extensions ['python_setup_py']
[1.410s] colcon.colcon_core.package_identification Level 1 _identify(.) by extension 'python_setup_py'
[1.410s] colcon.colcon_core.package_identification Level 1 _identify(Log) by extensions ['ignore', 'ignore_ament_install']
[1.411s] colcon.colcon_core.package_identification Level 1 _identify(Log) by extension 'ignore'
[1.411s] colcon.colcon_core.package_identification Level 1 _identify(Log) by extension 'ignore_ament_install'
[1.411s] colcon.colcon_core.package_identification Level 1 _identify(Log) by extensions ['colcon_pkg']
[1.411s] colcon.colcon_core.package_identification Level 1 _identify(Log) by extension 'colcon_pkg'
[1.411s] colcon.colcon_core.package_identification Level 1 _identify(Log) by extensions ['colcon_meta']
[1.411s] colcon.colcon_core.package_identification Level 1 _identify(Log) by extension 'colcon_meta'
[1.411s] colcon.colcon_core.package_identification Level 1 _identify(Log) by extensions ['ros']
[1.411s] colcon.colcon_core.package_identification Level 1 _identify(Log) by extension 'ros'
[1.412s] colcon.colcon_core.package_identification Level 1 _identify(Log) by extensions ['cmake', 'python']
[1.412s] colcon.colcon_core.package_identification Level 1 _identify(Log) by extension 'cmake'
[1.412s] colcon.colcon_core.package_identification Level 1 _identify(Log) by extension 'python'
[1.412s] colcon.colcon_core.package_identification Level 1 _identify(Log) by extensions ['python_setup_py']
[1.412s] colcon.colcon_core.package_identification Level 1 _identify(Log) by extension 'python_setup_py'
[1.412s] colcon.colcon_core.package_identification Level 1 _identify(build) by extensions ['ignore', 'ignore_ament_install']
[1.412s] colcon.colcon_core.package_identification Level 1 _identify(build) by extension 'ignore'
[1.412s] colcon.colcon_core.package_identification Level 1 _identify(build) ignored
[1.413s] colcon.colcon_core.package_identification Level 1 _identify(calib_data) by extensions ['ignore', 'ignore_ament_install']
[1.413s] colcon.colcon_core.package_identification Level 1 _identify(calib_data) by extension 'ignore'
[1.413s] colcon.colcon_core.package_identification Level 1 _identify(calib_data) by extension 'ignore_ament_install'
[1.413s] colcon.colcon_core.package_identification Level 1 _identify(calib_data) by extensions ['colcon_pkg']
[1.413s] colcon.colcon_core.package_identification Level 1 _identify(calib_data) by extension 'colcon_pkg'
[1.414s] colcon.colcon_core.package_identification Level 1 _identify(calib_data) by extensions ['colcon_meta']
[1.414s] colcon.colcon_core.package_identification Level 1 _identify(calib_data) by extension 'colcon_meta'
[1.414s] colcon.colcon_core.package_identification Level 1 _identify(calib_data) by extensions ['ros']
[1.414s] colcon.colcon_core.package_identification Level 1 _identify(calib_data) by extension 'ros'
[1.414s] colcon.colcon_core.package_identification Level 1 _identify(calib_data) by extensions ['cmake', 'python']
[1.414s] colcon.colcon_core.package_identification Level 1 _identify(calib_data) by extension 'cmake'
[1.414s] colcon.colcon_core.package_identification Level 1 _identify(calib_data) by extension 'python'
[1.414s] colcon.colcon_core.package_identification Level 1 _identify(calib_data) by extensions ['python_setup_py']
[1.414s] colcon.colcon_core.package_identification Level 1 _identify(calib_data) by extension 'python_setup_py'
[1.415s] colcon.colcon_core.package_identification Level 1 _identify(calib_data/color) by extensions ['ignore', 'ignore_ament_install']
[1.415s] colcon.colcon_core.package_identification Level 1 _identify(calib_data/color) by extension 'ignore'
[1.415s] colcon.colcon_core.package_identification Level 1 _identify(calib_data/color) by extension 'ignore_ament_install'
[1.415s] colcon.colcon_core.package_identification Level 1 _identify(calib_data/color) by extensions ['colcon_pkg']
[1.415s] colcon.colcon_core.package_identification Level 1 _identify(calib_data/color) by extension 'colcon_pkg'
[1.415s] colcon.colcon_core.package_identification Level 1 _identify(calib_data/color) by extensions ['colcon_meta']
[1.415s] colcon.colcon_core.package_identification Level 1 _identify(calib_data/color) by extension 'colcon_meta'
[1.415s] colcon.colcon_core.package_identification Level 1 _identify(calib_data/color) by extensions ['ros']
[1.415s] colcon.colcon_core.package_identification Level 1 _identify(calib_data/color) by extension 'ros'
[1.416s] colcon.colcon_core.package_identification Level 1 _identify(calib_data/color) by extensions ['cmake', 'python']
[1.416s] colcon.colcon_core.package_identification Level 1 _identify(calib_data/color) by extension 'cmake'
[1.416s] colcon.colcon_core.package_identification Level 1 _identify(calib_data/color) by extension 'python'
[1.416s] colcon.colcon_core.package_identification Level 1 _identify(calib_data/color) by extensions ['python_setup_py']
[1.416s] colcon.colcon_core.package_identification Level 1 _identify(calib_data/color) by extension 'python_setup_py'
[1.416s] colcon.colcon_core.package_identification Level 1 _identify(calib_data/color_old) by extensions ['ignore', 'ignore_ament_install']
[1.416s] colcon.colcon_core.package_identification Level 1 _identify(calib_data/color_old) by extension 'ignore'
[1.416s] colcon.colcon_core.package_identification Level 1 _identify(calib_data/color_old) by extension 'ignore_ament_install'
[1.417s] colcon.colcon_core.package_identification Level 1 _identify(calib_data/color_old) by extensions ['colcon_pkg']
[1.417s] colcon.colcon_core.package_identification Level 1 _identify(calib_data/color_old) by extension 'colcon_pkg'
[1.417s] colcon.colcon_core.package_identification Level 1 _identify(calib_data/color_old) by extensions ['colcon_meta']
[1.417s] colcon.colcon_core.package_identification Level 1 _identify(calib_data/color_old) by extension 'colcon_meta'
[1.417s] colcon.colcon_core.package_identification Level 1 _identify(calib_data/color_old) by extensions ['ros']
[1.417s] colcon.colcon_core.package_identification Level 1 _identify(calib_data/color_old) by extension 'ros'
[1.417s] colcon.colcon_core.package_identification Level 1 _identify(calib_data/color_old) by extensions ['cmake', 'python']
[1.417s] colcon.colcon_core.package_identification Level 1 _identify(calib_data/color_old) by extension 'cmake'
[1.417s] colcon.colcon_core.package_identification Level 1 _identify(calib_data/color_old) by extension 'python'
[1.417s] colcon.colcon_core.package_identification Level 1 _identify(calib_data/color_old) by extensions ['python_setup_py']
[1.417s] colcon.colcon_core.package_identification Level 1 _identify(calib_data/color_old) by extension 'python_setup_py'
[1.418s] colcon.colcon_core.package_identification Level 1 _identify(calib_data/ir) by extensions ['ignore', 'ignore_ament_install']
[1.418s] colcon.colcon_core.package_identification Level 1 _identify(calib_data/ir) by extension 'ignore'
[1.418s] colcon.colcon_core.package_identification Level 1 _identify(calib_data/ir) by extension 'ignore_ament_install'
[1.418s] colcon.colcon_core.package_identification Level 1 _identify(calib_data/ir) by extensions ['colcon_pkg']
[1.418s] colcon.colcon_core.package_identification Level 1 _identify(calib_data/ir) by extension 'colcon_pkg'
[1.418s] colcon.colcon_core.package_identification Level 1 _identify(calib_data/ir) by extensions ['colcon_meta']
[1.418s] colcon.colcon_core.package_identification Level 1 _identify(calib_data/ir) by extension 'colcon_meta'
[1.419s] colcon.colcon_core.package_identification Level 1 _identify(calib_data/ir) by extensions ['ros']
[1.419s] colcon.colcon_core.package_identification Level 1 _identify(calib_data/ir) by extension 'ros'
[1.419s] colcon.colcon_core.package_identification Level 1 _identify(calib_data/ir) by extensions ['cmake', 'python']
[1.419s] colcon.colcon_core.package_identification Level 1 _identify(calib_data/ir) by extension 'cmake'
[1.419s] colcon.colcon_core.package_identification Level 1 _identify(calib_data/ir) by extension 'python'
[1.419s] colcon.colcon_core.package_identification Level 1 _identify(calib_data/ir) by extensions ['python_setup_py']
[1.419s] colcon.colcon_core.package_identification Level 1 _identify(calib_data/ir) by extension 'python_setup_py'
[1.419s] colcon.colcon_core.package_identification Level 1 _identify(calib_data/ir_old) by extensions ['ignore', 'ignore_ament_install']
[1.420s] colcon.colcon_core.package_identification Level 1 _identify(calib_data/ir_old) by extension 'ignore'
[1.420s] colcon.colcon_core.package_identification Level 1 _identify(calib_data/ir_old) by extension 'ignore_ament_install'
[1.420s] colcon.colcon_core.package_identification Level 1 _identify(calib_data/ir_old) by extensions ['colcon_pkg']
[1.420s] colcon.colcon_core.package_identification Level 1 _identify(calib_data/ir_old) by extension 'colcon_pkg'
[1.420s] colcon.colcon_core.package_identification Level 1 _identify(calib_data/ir_old) by extensions ['colcon_meta']
[1.420s] colcon.colcon_core.package_identification Level 1 _identify(calib_data/ir_old) by extension 'colcon_meta'
[1.420s] colcon.colcon_core.package_identification Level 1 _identify(calib_data/ir_old) by extensions ['ros']
[1.420s] colcon.colcon_core.package_identification Level 1 _identify(calib_data/ir_old) by extension 'ros'
[1.420s] colcon.colcon_core.package_identification Level 1 _identify(calib_data/ir_old) by extensions ['cmake', 'python']
[1.421s] colcon.colcon_core.package_identification Level 1 _identify(calib_data/ir_old) by extension 'cmake'
[1.421s] colcon.colcon_core.package_identification Level 1 _identify(calib_data/ir_old) by extension 'python'
[1.421s] colcon.colcon_core.package_identification Level 1 _identify(calib_data/ir_old) by extensions ['python_setup_py']
[1.421s] colcon.colcon_core.package_identification Level 1 _identify(calib_data/ir_old) by extension 'python_setup_py'
[1.421s] colcon.colcon_core.package_identification Level 1 _identify(calib_result) by extensions ['ignore', 'ignore_ament_install']
[1.421s] colcon.colcon_core.package_identification Level 1 _identify(calib_result) by extension 'ignore'
[1.422s] colcon.colcon_core.package_identification Level 1 _identify(calib_result) by extension 'ignore_ament_install'
[1.422s] colcon.colcon_core.package_identification Level 1 _identify(calib_result) by extensions ['colcon_pkg']
[1.422s] colcon.colcon_core.package_identification Level 1 _identify(calib_result) by extension 'colcon_pkg'
[1.422s] colcon.colcon_core.package_identification Level 1 _identify(calib_result) by extensions ['colcon_meta']
[1.422s] colcon.colcon_core.package_identification Level 1 _identify(calib_result) by extension 'colcon_meta'
[1.422s] colcon.colcon_core.package_identification Level 1 _identify(calib_result) by extensions ['ros']
[1.422s] colcon.colcon_core.package_identification Level 1 _identify(calib_result) by extension 'ros'
[1.422s] colcon.colcon_core.package_identification Level 1 _identify(calib_result) by extensions ['cmake', 'python']
[1.422s] colcon.colcon_core.package_identification Level 1 _identify(calib_result) by extension 'cmake'
[1.423s] colcon.colcon_core.package_identification Level 1 _identify(calib_result) by extension 'python'
[1.423s] colcon.colcon_core.package_identification Level 1 _identify(calib_result) by extensions ['python_setup_py']
[1.423s] colcon.colcon_core.package_identification Level 1 _identify(calib_result) by extension 'python_setup_py'
[1.423s] colcon.colcon_core.package_identification Level 1 _identify(docs) by extensions ['ignore', 'ignore_ament_install']
[1.423s] colcon.colcon_core.package_identification Level 1 _identify(docs) by extension 'ignore'
[1.424s] colcon.colcon_core.package_identification Level 1 _identify(docs) by extension 'ignore_ament_install'
[1.424s] colcon.colcon_core.package_identification Level 1 _identify(docs) by extensions ['colcon_pkg']
[1.424s] colcon.colcon_core.package_identification Level 1 _identify(docs) by extension 'colcon_pkg'
[1.424s] colcon.colcon_core.package_identification Level 1 _identify(docs) by extensions ['colcon_meta']
[1.424s] colcon.colcon_core.package_identification Level 1 _identify(docs) by extension 'colcon_meta'
[1.424s] colcon.colcon_core.package_identification Level 1 _identify(docs) by extensions ['ros']
[1.424s] colcon.colcon_core.package_identification Level 1 _identify(docs) by extension 'ros'
[1.424s] colcon.colcon_core.package_identification Level 1 _identify(docs) by extensions ['cmake', 'python']
[1.424s] colcon.colcon_core.package_identification Level 1 _identify(docs) by extension 'cmake'
[1.425s] colcon.colcon_core.package_identification Level 1 _identify(docs) by extension 'python'
[1.425s] colcon.colcon_core.package_identification Level 1 _identify(docs) by extensions ['python_setup_py']
[1.425s] colcon.colcon_core.package_identification Level 1 _identify(docs) by extension 'python_setup_py'
[1.425s] colcon.colcon_core.package_identification Level 1 _identify(install) by extensions ['ignore', 'ignore_ament_install']
[1.425s] colcon.colcon_core.package_identification Level 1 _identify(install) by extension 'ignore'
[1.425s] colcon.colcon_core.package_identification Level 1 _identify(install) ignored
[1.426s] colcon.colcon_core.package_identification Level 1 _identify(log) by extensions ['ignore', 'ignore_ament_install']
[1.426s] colcon.colcon_core.package_identification Level 1 _identify(log) by extension 'ignore'
[1.426s] colcon.colcon_core.package_identification Level 1 _identify(log) ignored
[1.426s] colcon.colcon_core.package_identification Level 1 _identify(maps) by extensions ['ignore', 'ignore_ament_install']
[1.426s] colcon.colcon_core.package_identification Level 1 _identify(maps) by extension 'ignore'
[1.426s] colcon.colcon_core.package_identification Level 1 _identify(maps) by extension 'ignore_ament_install'
[1.427s] colcon.colcon_core.package_identification Level 1 _identify(maps) by extensions ['colcon_pkg']
[1.427s] colcon.colcon_core.package_identification Level 1 _identify(maps) by extension 'colcon_pkg'
[1.427s] colcon.colcon_core.package_identification Level 1 _identify(maps) by extensions ['colcon_meta']
[1.427s] colcon.colcon_core.package_identification Level 1 _identify(maps) by extension 'colcon_meta'
[1.427s] colcon.colcon_core.package_identification Level 1 _identify(maps) by extensions ['ros']
[1.427s] colcon.colcon_core.package_identification Level 1 _identify(maps) by extension 'ros'
[1.427s] colcon.colcon_core.package_identification Level 1 _identify(maps) by extensions ['cmake', 'python']
[1.427s] colcon.colcon_core.package_identification Level 1 _identify(maps) by extension 'cmake'
[1.427s] colcon.colcon_core.package_identification Level 1 _identify(maps) by extension 'python'
[1.427s] colcon.colcon_core.package_identification Level 1 _identify(maps) by extensions ['python_setup_py']
[1.427s] colcon.colcon_core.package_identification Level 1 _identify(maps) by extension 'python_setup_py'
[1.428s] colcon.colcon_core.package_identification Level 1 _identify(models) by extensions ['ignore', 'ignore_ament_install']
[1.428s] colcon.colcon_core.package_identification Level 1 _identify(models) by extension 'ignore'
[1.428s] colcon.colcon_core.package_identification Level 1 _identify(models) by extension 'ignore_ament_install'
[1.428s] colcon.colcon_core.package_identification Level 1 _identify(models) by extensions ['colcon_pkg']
[1.428s] colcon.colcon_core.package_identification Level 1 _identify(models) by extension 'colcon_pkg'
[1.428s] colcon.colcon_core.package_identification Level 1 _identify(models) by extensions ['colcon_meta']
[1.428s] colcon.colcon_core.package_identification Level 1 _identify(models) by extension 'colcon_meta'
[1.428s] colcon.colcon_core.package_identification Level 1 _identify(models) by extensions ['ros']
[1.428s] colcon.colcon_core.package_identification Level 1 _identify(models) by extension 'ros'
[1.429s] colcon.colcon_core.package_identification Level 1 _identify(models) by extensions ['cmake', 'python']
[1.429s] colcon.colcon_core.package_identification Level 1 _identify(models) by extension 'cmake'
[1.429s] colcon.colcon_core.package_identification Level 1 _identify(models) by extension 'python'
[1.429s] colcon.colcon_core.package_identification Level 1 _identify(models) by extensions ['python_setup_py']
[1.429s] colcon.colcon_core.package_identification Level 1 _identify(models) by extension 'python_setup_py'
[1.429s] colcon.colcon_core.package_identification Level 1 _identify(pic) by extensions ['ignore', 'ignore_ament_install']
[1.429s] colcon.colcon_core.package_identification Level 1 _identify(pic) by extension 'ignore'
[1.430s] colcon.colcon_core.package_identification Level 1 _identify(pic) by extension 'ignore_ament_install'
[1.430s] colcon.colcon_core.package_identification Level 1 _identify(pic) by extensions ['colcon_pkg']
[1.430s] colcon.colcon_core.package_identification Level 1 _identify(pic) by extension 'colcon_pkg'
[1.430s] colcon.colcon_core.package_identification Level 1 _identify(pic) by extensions ['colcon_meta']
[1.430s] colcon.colcon_core.package_identification Level 1 _identify(pic) by extension 'colcon_meta'
[1.430s] colcon.colcon_core.package_identification Level 1 _identify(pic) by extensions ['ros']
[1.430s] colcon.colcon_core.package_identification Level 1 _identify(pic) by extension 'ros'
[1.430s] colcon.colcon_core.package_identification Level 1 _identify(pic) by extensions ['cmake', 'python']
[1.430s] colcon.colcon_core.package_identification Level 1 _identify(pic) by extension 'cmake'
[1.430s] colcon.colcon_core.package_identification Level 1 _identify(pic) by extension 'python'
[1.431s] colcon.colcon_core.package_identification Level 1 _identify(pic) by extensions ['python_setup_py']
[1.431s] colcon.colcon_core.package_identification Level 1 _identify(pic) by extension 'python_setup_py'
[1.431s] colcon.colcon_core.package_identification Level 1 _identify(src) by extensions ['ignore', 'ignore_ament_install']
[1.431s] colcon.colcon_core.package_identification Level 1 _identify(src) by extension 'ignore'
[1.431s] colcon.colcon_core.package_identification Level 1 _identify(src) by extension 'ignore_ament_install'
[1.431s] colcon.colcon_core.package_identification Level 1 _identify(src) by extensions ['colcon_pkg']
[1.431s] colcon.colcon_core.package_identification Level 1 _identify(src) by extension 'colcon_pkg'
[1.431s] colcon.colcon_core.package_identification Level 1 _identify(src) by extensions ['colcon_meta']
[1.432s] colcon.colcon_core.package_identification Level 1 _identify(src) by extension 'colcon_meta'
[1.432s] colcon.colcon_core.package_identification Level 1 _identify(src) by extensions ['ros']
[1.432s] colcon.colcon_core.package_identification Level 1 _identify(src) by extension 'ros'
[1.432s] colcon.colcon_core.package_identification Level 1 _identify(src) by extensions ['cmake', 'python']
[1.432s] colcon.colcon_core.package_identification Level 1 _identify(src) by extension 'cmake'
[1.432s] colcon.colcon_core.package_identification Level 1 _identify(src) by extension 'python'
[1.432s] colcon.colcon_core.package_identification Level 1 _identify(src) by extensions ['python_setup_py']
[1.432s] colcon.colcon_core.package_identification Level 1 _identify(src) by extension 'python_setup_py'
[1.432s] colcon.colcon_core.package_identification Level 1 _identify(src/OrbbecSDK_ROS2) by extensions ['ignore', 'ignore_ament_install']
[1.433s] colcon.colcon_core.package_identification Level 1 _identify(src/OrbbecSDK_ROS2) by extension 'ignore'
[1.433s] colcon.colcon_core.package_identification Level 1 _identify(src/OrbbecSDK_ROS2) by extension 'ignore_ament_install'
[1.433s] colcon.colcon_core.package_identification Level 1 _identify(src/OrbbecSDK_ROS2) by extensions ['colcon_pkg']
[1.433s] colcon.colcon_core.package_identification Level 1 _identify(src/OrbbecSDK_ROS2) by extension 'colcon_pkg'
[1.433s] colcon.colcon_core.package_identification Level 1 _identify(src/OrbbecSDK_ROS2) by extensions ['colcon_meta']
[1.433s] colcon.colcon_core.package_identification Level 1 _identify(src/OrbbecSDK_ROS2) by extension 'colcon_meta'
[1.433s] colcon.colcon_core.package_identification Level 1 _identify(src/OrbbecSDK_ROS2) by extensions ['ros']
[1.433s] colcon.colcon_core.package_identification Level 1 _identify(src/OrbbecSDK_ROS2) by extension 'ros'
[1.434s] colcon.colcon_core.package_identification Level 1 _identify(src/OrbbecSDK_ROS2) by extensions ['cmake', 'python']
[1.434s] colcon.colcon_core.package_identification Level 1 _identify(src/OrbbecSDK_ROS2) by extension 'cmake'
[1.434s] colcon.colcon_core.package_identification Level 1 _identify(src/OrbbecSDK_ROS2) by extension 'python'
[1.434s] colcon.colcon_core.package_identification Level 1 _identify(src/OrbbecSDK_ROS2) by extensions ['python_setup_py']
[1.434s] colcon.colcon_core.package_identification Level 1 _identify(src/OrbbecSDK_ROS2) by extension 'python_setup_py'
[1.434s] colcon.colcon_core.package_identification Level 1 _identify(src/OrbbecSDK_ROS2/docs) by extensions ['ignore', 'ignore_ament_install']
[1.434s] colcon.colcon_core.package_identification Level 1 _identify(src/OrbbecSDK_ROS2/docs) by extension 'ignore'
[1.435s] colcon.colcon_core.package_identification Level 1 _identify(src/OrbbecSDK_ROS2/docs) by extension 'ignore_ament_install'
[1.435s] colcon.colcon_core.package_identification Level 1 _identify(src/OrbbecSDK_ROS2/docs) by extensions ['colcon_pkg']
[1.435s] colcon.colcon_core.package_identification Level 1 _identify(src/OrbbecSDK_ROS2/docs) by extension 'colcon_pkg'
[1.435s] colcon.colcon_core.package_identification Level 1 _identify(src/OrbbecSDK_ROS2/docs) by extensions ['colcon_meta']
[1.435s] colcon.colcon_core.package_identification Level 1 _identify(src/OrbbecSDK_ROS2/docs) by extension 'colcon_meta'
[1.435s] colcon.colcon_core.package_identification Level 1 _identify(src/OrbbecSDK_ROS2/docs) by extensions ['ros']
[1.435s] colcon.colcon_core.package_identification Level 1 _identify(src/OrbbecSDK_ROS2/docs) by extension 'ros'
[1.435s] colcon.colcon_core.package_identification Level 1 _identify(src/OrbbecSDK_ROS2/docs) by extensions ['cmake', 'python']
[1.435s] colcon.colcon_core.package_identification Level 1 _identify(src/OrbbecSDK_ROS2/docs) by extension 'cmake'
[1.435s] colcon.colcon_core.package_identification Level 1 _identify(src/OrbbecSDK_ROS2/docs) by extension 'python'
[1.435s] colcon.colcon_core.package_identification Level 1 _identify(src/OrbbecSDK_ROS2/docs) by extensions ['python_setup_py']
[1.436s] colcon.colcon_core.package_identification Level 1 _identify(src/OrbbecSDK_ROS2/docs) by extension 'python_setup_py'
[1.436s] colcon.colcon_core.package_identification Level 1 _identify(src/OrbbecSDK_ROS2/docs/images) by extensions ['ignore', 'ignore_ament_install']
[1.436s] colcon.colcon_core.package_identification Level 1 _identify(src/OrbbecSDK_ROS2/docs/images) by extension 'ignore'
[1.436s] colcon.colcon_core.package_identification Level 1 _identify(src/OrbbecSDK_ROS2/docs/images) by extension 'ignore_ament_install'
[1.436s] colcon.colcon_core.package_identification Level 1 _identify(src/OrbbecSDK_ROS2/docs/images) by extensions ['colcon_pkg']
[1.436s] colcon.colcon_core.package_identification Level 1 _identify(src/OrbbecSDK_ROS2/docs/images) by extension 'colcon_pkg'
[1.436s] colcon.colcon_core.package_identification Level 1 _identify(src/OrbbecSDK_ROS2/docs/images) by extensions ['colcon_meta']
[1.436s] colcon.colcon_core.package_identification Level 1 _identify(src/OrbbecSDK_ROS2/docs/images) by extension 'colcon_meta'
[1.437s] colcon.colcon_core.package_identification Level 1 _identify(src/OrbbecSDK_ROS2/docs/images) by extensions ['ros']
[1.437s] colcon.colcon_core.package_identification Level 1 _identify(src/OrbbecSDK_ROS2/docs/images) by extension 'ros'
[1.437s] colcon.colcon_core.package_identification Level 1 _identify(src/OrbbecSDK_ROS2/docs/images) by extensions ['cmake', 'python']
[1.437s] colcon.colcon_core.package_identification Level 1 _identify(src/OrbbecSDK_ROS2/docs/images) by extension 'cmake'
[1.437s] colcon.colcon_core.package_identification Level 1 _identify(src/OrbbecSDK_ROS2/docs/images) by extension 'python'
[1.437s] colcon.colcon_core.package_identification Level 1 _identify(src/OrbbecSDK_ROS2/docs/images) by extensions ['python_setup_py']
[1.437s] colcon.colcon_core.package_identification Level 1 _identify(src/OrbbecSDK_ROS2/docs/images) by extension 'python_setup_py'
[1.437s] colcon.colcon_core.package_identification Level 1 _identify(src/OrbbecSDK_ROS2/orbbec_camera) by extensions ['ignore', 'ignore_ament_install']
[1.437s] colcon.colcon_core.package_identification Level 1 _identify(src/OrbbecSDK_ROS2/orbbec_camera) by extension 'ignore'
[1.438s] colcon.colcon_core.package_identification Level 1 _identify(src/OrbbecSDK_ROS2/orbbec_camera) by extension 'ignore_ament_install'
[1.438s] colcon.colcon_core.package_identification Level 1 _identify(src/OrbbecSDK_ROS2/orbbec_camera) by extensions ['colcon_pkg']
[1.438s] colcon.colcon_core.package_identification Level 1 _identify(src/OrbbecSDK_ROS2/orbbec_camera) by extension 'colcon_pkg'
[1.438s] colcon.colcon_core.package_identification Level 1 _identify(src/OrbbecSDK_ROS2/orbbec_camera) by extensions ['colcon_meta']
[1.438s] colcon.colcon_core.package_identification Level 1 _identify(src/OrbbecSDK_ROS2/orbbec_camera) by extension 'colcon_meta'
[1.438s] colcon.colcon_core.package_identification Level 1 _identify(src/OrbbecSDK_ROS2/orbbec_camera) by extensions ['ros']
[1.438s] colcon.colcon_core.package_identification Level 1 _identify(src/OrbbecSDK_ROS2/orbbec_camera) by extension 'ros'
[1.459s] colcon.colcon_core.package_identification DEBUG Package 'src/OrbbecSDK_ROS2/orbbec_camera' with type 'ros.ament_cmake' and name 'orbbec_camera'
[1.460s] colcon.colcon_core.package_identification Level 1 _identify(src/OrbbecSDK_ROS2/orbbec_camera_msgs) by extensions ['ignore', 'ignore_ament_install']
[1.460s] colcon.colcon_core.package_identification Level 1 _identify(src/OrbbecSDK_ROS2/orbbec_camera_msgs) by extension 'ignore'
[1.460s] colcon.colcon_core.package_identification Level 1 _identify(src/OrbbecSDK_ROS2/orbbec_camera_msgs) by extension 'ignore_ament_install'
[1.461s] colcon.colcon_core.package_identification Level 1 _identify(src/OrbbecSDK_ROS2/orbbec_camera_msgs) by extensions ['colcon_pkg']
[1.461s] colcon.colcon_core.package_identification Level 1 _identify(src/OrbbecSDK_ROS2/orbbec_camera_msgs) by extension 'colcon_pkg'
[1.461s] colcon.colcon_core.package_identification Level 1 _identify(src/OrbbecSDK_ROS2/orbbec_camera_msgs) by extensions ['colcon_meta']
[1.461s] colcon.colcon_core.package_identification Level 1 _identify(src/OrbbecSDK_ROS2/orbbec_camera_msgs) by extension 'colcon_meta'
[1.461s] colcon.colcon_core.package_identification Level 1 _identify(src/OrbbecSDK_ROS2/orbbec_camera_msgs) by extensions ['ros']
[1.461s] colcon.colcon_core.package_identification Level 1 _identify(src/OrbbecSDK_ROS2/orbbec_camera_msgs) by extension 'ros'
[1.463s] colcon.colcon_core.package_identification DEBUG Package 'src/OrbbecSDK_ROS2/orbbec_camera_msgs' with type 'ros.ament_cmake' and name 'orbbec_camera_msgs'
[1.463s] colcon.colcon_core.package_identification Level 1 _identify(src/OrbbecSDK_ROS2/orbbec_description) by extensions ['ignore', 'ignore_ament_install']
[1.464s] colcon.colcon_core.package_identification Level 1 _identify(src/OrbbecSDK_ROS2/orbbec_description) by extension 'ignore'
[1.464s] colcon.colcon_core.package_identification Level 1 _identify(src/OrbbecSDK_ROS2/orbbec_description) by extension 'ignore_ament_install'
[1.465s] colcon.colcon_core.package_identification Level 1 _identify(src/OrbbecSDK_ROS2/orbbec_description) by extensions ['colcon_pkg']
[1.465s] colcon.colcon_core.package_identification Level 1 _identify(src/OrbbecSDK_ROS2/orbbec_description) by extension 'colcon_pkg'
[1.465s] colcon.colcon_core.package_identification Level 1 _identify(src/OrbbecSDK_ROS2/orbbec_description) by extensions ['colcon_meta']
[1.465s] colcon.colcon_core.package_identification Level 1 _identify(src/OrbbecSDK_ROS2/orbbec_description) by extension 'colcon_meta'
[1.465s] colcon.colcon_core.package_identification Level 1 _identify(src/OrbbecSDK_ROS2/orbbec_description) by extensions ['ros']
[1.465s] colcon.colcon_core.package_identification Level 1 _identify(src/OrbbecSDK_ROS2/orbbec_description) by extension 'ros'
[1.467s] colcon.colcon_core.package_identification DEBUG Package 'src/OrbbecSDK_ROS2/orbbec_description' with type 'ros.ament_cmake' and name 'orbbec_description'
[1.468s] colcon.colcon_core.package_identification Level 1 _identify(src/arm_controller) by extensions ['ignore', 'ignore_ament_install']
[1.468s] colcon.colcon_core.package_identification Level 1 _identify(src/arm_controller) by extension 'ignore'
[1.468s] colcon.colcon_core.package_identification Level 1 _identify(src/arm_controller) by extension 'ignore_ament_install'
[1.468s] colcon.colcon_core.package_identification Level 1 _identify(src/arm_controller) by extensions ['colcon_pkg']
[1.468s] colcon.colcon_core.package_identification Level 1 _identify(src/arm_controller) by extension 'colcon_pkg'
[1.469s] colcon.colcon_core.package_identification Level 1 _identify(src/arm_controller) by extensions ['colcon_meta']
[1.469s] colcon.colcon_core.package_identification Level 1 _identify(src/arm_controller) by extension 'colcon_meta'
[1.469s] colcon.colcon_core.package_identification Level 1 _identify(src/arm_controller) by extensions ['ros']
[1.469s] colcon.colcon_core.package_identification Level 1 _identify(src/arm_controller) by extension 'ros'
[1.473s] colcon.colcon_core.package_identification DEBUG Package 'src/arm_controller' with type 'ros.ament_cmake' and name 'arm_controller'
[1.473s] colcon.colcon_core.package_identification Level 1 _identify(src/calibration) by extensions ['ignore', 'ignore_ament_install']
[1.474s] colcon.colcon_core.package_identification Level 1 _identify(src/calibration) by extension 'ignore'
[1.474s] colcon.colcon_core.package_identification Level 1 _identify(src/calibration) by extension 'ignore_ament_install'
[1.474s] colcon.colcon_core.package_identification Level 1 _identify(src/calibration) by extensions ['colcon_pkg']
[1.474s] colcon.colcon_core.package_identification Level 1 _identify(src/calibration) by extension 'colcon_pkg'
[1.474s] colcon.colcon_core.package_identification Level 1 _identify(src/calibration) by extensions ['colcon_meta']
[1.474s] colcon.colcon_core.package_identification Level 1 _identify(src/calibration) by extension 'colcon_meta'
[1.475s] colcon.colcon_core.package_identification Level 1 _identify(src/calibration) by extensions ['ros']
[1.475s] colcon.colcon_core.package_identification Level 1 _identify(src/calibration) by extension 'ros'
[1.475s] colcon.colcon_core.package_identification Level 1 _identify(src/calibration) by extensions ['cmake', 'python']
[1.475s] colcon.colcon_core.package_identification Level 1 _identify(src/calibration) by extension 'cmake'
[1.475s] colcon.colcon_core.package_identification Level 1 _identify(src/calibration) by extension 'python'
[1.475s] colcon.colcon_core.package_identification Level 1 _identify(src/calibration) by extensions ['python_setup_py']
[1.476s] colcon.colcon_core.package_identification Level 1 _identify(src/calibration) by extension 'python_setup_py'
[1.476s] colcon.colcon_core.package_identification Level 1 _identify(src/calibration/Log) by extensions ['ignore', 'ignore_ament_install']
[1.476s] colcon.colcon_core.package_identification Level 1 _identify(src/calibration/Log) by extension 'ignore'
[1.476s] colcon.colcon_core.package_identification Level 1 _identify(src/calibration/Log) by extension 'ignore_ament_install'
[1.477s] colcon.colcon_core.package_identification Level 1 _identify(src/calibration/Log) by extensions ['colcon_pkg']
[1.477s] colcon.colcon_core.package_identification Level 1 _identify(src/calibration/Log) by extension 'colcon_pkg'
[1.477s] colcon.colcon_core.package_identification Level 1 _identify(src/calibration/Log) by extensions ['colcon_meta']
[1.477s] colcon.colcon_core.package_identification Level 1 _identify(src/calibration/Log) by extension 'colcon_meta'
[1.477s] colcon.colcon_core.package_identification Level 1 _identify(src/calibration/Log) by extensions ['ros']
[1.477s] colcon.colcon_core.package_identification Level 1 _identify(src/calibration/Log) by extension 'ros'
[1.478s] colcon.colcon_core.package_identification Level 1 _identify(src/calibration/Log) by extensions ['cmake', 'python']
[1.478s] colcon.colcon_core.package_identification Level 1 _identify(src/calibration/Log) by extension 'cmake'
[1.478s] colcon.colcon_core.package_identification Level 1 _identify(src/calibration/Log) by extension 'python'
[1.479s] colcon.colcon_core.package_identification Level 1 _identify(src/calibration/Log) by extensions ['python_setup_py']
[1.479s] colcon.colcon_core.package_identification Level 1 _identify(src/calibration/Log) by extension 'python_setup_py'
[1.479s] colcon.colcon_core.package_identification Level 1 _identify(src/calibration/__pycache__) by extensions ['ignore', 'ignore_ament_install']
[1.479s] colcon.colcon_core.package_identification Level 1 _identify(src/calibration/__pycache__) by extension 'ignore'
[1.480s] colcon.colcon_core.package_identification Level 1 _identify(src/calibration/__pycache__) by extension 'ignore_ament_install'
[1.480s] colcon.colcon_core.package_identification Level 1 _identify(src/calibration/__pycache__) by extensions ['colcon_pkg']
[1.480s] colcon.colcon_core.package_identification Level 1 _identify(src/calibration/__pycache__) by extension 'colcon_pkg'
[1.481s] colcon.colcon_core.package_identification Level 1 _identify(src/calibration/__pycache__) by extensions ['colcon_meta']
[1.481s] colcon.colcon_core.package_identification Level 1 _identify(src/calibration/__pycache__) by extension 'colcon_meta'
[1.481s] colcon.colcon_core.package_identification Level 1 _identify(src/calibration/__pycache__) by extensions ['ros']
[1.481s] colcon.colcon_core.package_identification Level 1 _identify(src/calibration/__pycache__) by extension 'ros'
[1.481s] colcon.colcon_core.package_identification Level 1 _identify(src/calibration/__pycache__) by extensions ['cmake', 'python']
[1.481s] colcon.colcon_core.package_identification Level 1 _identify(src/calibration/__pycache__) by extension 'cmake'
[1.481s] colcon.colcon_core.package_identification Level 1 _identify(src/calibration/__pycache__) by extension 'python'
[1.481s] colcon.colcon_core.package_identification Level 1 _identify(src/calibration/__pycache__) by extensions ['python_setup_py']
[1.482s] colcon.colcon_core.package_identification Level 1 _identify(src/calibration/__pycache__) by extension 'python_setup_py'
[1.482s] colcon.colcon_core.package_identification Level 1 _identify(src/fox_description_ros2) by extensions ['ignore', 'ignore_ament_install']
[1.482s] colcon.colcon_core.package_identification Level 1 _identify(src/fox_description_ros2) by extension 'ignore'
[1.482s] colcon.colcon_core.package_identification Level 1 _identify(src/fox_description_ros2) by extension 'ignore_ament_install'
[1.482s] colcon.colcon_core.package_identification Level 1 _identify(src/fox_description_ros2) by extensions ['colcon_pkg']
[1.483s] colcon.colcon_core.package_identification Level 1 _identify(src/fox_description_ros2) by extension 'colcon_pkg'
[1.483s] colcon.colcon_core.package_identification Level 1 _identify(src/fox_description_ros2) by extensions ['colcon_meta']
[1.483s] colcon.colcon_core.package_identification Level 1 _identify(src/fox_description_ros2) by extension 'colcon_meta'
[1.484s] colcon.colcon_core.package_identification Level 1 _identify(src/fox_description_ros2) by extensions ['ros']
[1.484s] colcon.colcon_core.package_identification Level 1 _identify(src/fox_description_ros2) by extension 'ros'
[1.492s] colcon.colcon_core.package_identification DEBUG Package 'src/fox_description_ros2' with type 'ros.ament_cmake' and name 'fox_description_ros2'
[1.492s] colcon.colcon_core.package_identification Level 1 _identify(src/fox_grape_harvest) by extensions ['ignore', 'ignore_ament_install']
[1.493s] colcon.colcon_core.package_identification Level 1 _identify(src/fox_grape_harvest) by extension 'ignore'
[1.493s] colcon.colcon_core.package_identification Level 1 _identify(src/fox_grape_harvest) by extension 'ignore_ament_install'
[1.493s] colcon.colcon_core.package_identification Level 1 _identify(src/fox_grape_harvest) by extensions ['colcon_pkg']
[1.493s] colcon.colcon_core.package_identification Level 1 _identify(src/fox_grape_harvest) by extension 'colcon_pkg'
[1.493s] colcon.colcon_core.package_identification Level 1 _identify(src/fox_grape_harvest) by extensions ['colcon_meta']
[1.494s] colcon.colcon_core.package_identification Level 1 _identify(src/fox_grape_harvest) by extension 'colcon_meta'
[1.494s] colcon.colcon_core.package_identification Level 1 _identify(src/fox_grape_harvest) by extensions ['ros']
[1.494s] colcon.colcon_core.package_identification Level 1 _identify(src/fox_grape_harvest) by extension 'ros'
[1.498s] colcon.colcon_core.package_identification DEBUG Package 'src/fox_grape_harvest' with type 'ros.ament_python' and name 'fox_grape_harvest'
[1.498s] colcon.colcon_core.package_identification Level 1 _identify(src/fox_navigation_ros2) by extensions ['ignore', 'ignore_ament_install']
[1.498s] colcon.colcon_core.package_identification Level 1 _identify(src/fox_navigation_ros2) by extension 'ignore'
[1.499s] colcon.colcon_core.package_identification Level 1 _identify(src/fox_navigation_ros2) by extension 'ignore_ament_install'
[1.499s] colcon.colcon_core.package_identification Level 1 _identify(src/fox_navigation_ros2) by extensions ['colcon_pkg']
[1.499s] colcon.colcon_core.package_identification Level 1 _identify(src/fox_navigation_ros2) by extension 'colcon_pkg'
[1.499s] colcon.colcon_core.package_identification Level 1 _identify(src/fox_navigation_ros2) by extensions ['colcon_meta']
[1.499s] colcon.colcon_core.package_identification Level 1 _identify(src/fox_navigation_ros2) by extension 'colcon_meta'
[1.500s] colcon.colcon_core.package_identification Level 1 _identify(src/fox_navigation_ros2) by extensions ['ros']
[1.500s] colcon.colcon_core.package_identification Level 1 _identify(src/fox_navigation_ros2) by extension 'ros'
[1.503s] colcon.colcon_core.package_identification DEBUG Package 'src/fox_navigation_ros2' with type 'ros.ament_cmake' and name 'fox_navigation_ros2'
[1.503s] colcon.colcon_core.package_identification Level 1 _identify(src/fox_slam_ros2) by extensions ['ignore', 'ignore_ament_install']
[1.503s] colcon.colcon_core.package_identification Level 1 _identify(src/fox_slam_ros2) by extension 'ignore'
[1.503s] colcon.colcon_core.package_identification Level 1 _identify(src/fox_slam_ros2) by extension 'ignore_ament_install'
[1.504s] colcon.colcon_core.package_identification Level 1 _identify(src/fox_slam_ros2) by extensions ['colcon_pkg']
[1.504s] colcon.colcon_core.package_identification Level 1 _identify(src/fox_slam_ros2) by extension 'colcon_pkg'
[1.504s] colcon.colcon_core.package_identification Level 1 _identify(src/fox_slam_ros2) by extensions ['colcon_meta']
[1.504s] colcon.colcon_core.package_identification Level 1 _identify(src/fox_slam_ros2) by extension 'colcon_meta'
[1.504s] colcon.colcon_core.package_identification Level 1 _identify(src/fox_slam_ros2) by extensions ['ros']
[1.504s] colcon.colcon_core.package_identification Level 1 _identify(src/fox_slam_ros2) by extension 'ros'
[1.506s] colcon.colcon_core.package_identification DEBUG Package 'src/fox_slam_ros2' with type 'ros.ament_cmake' and name 'fox_slam_ros2'
[1.506s] colcon.colcon_core.package_identification Level 1 _identify(src/fox_webui) by extensions ['ignore', 'ignore_ament_install']
[1.506s] colcon.colcon_core.package_identification Level 1 _identify(src/fox_webui) by extension 'ignore'
[1.507s] colcon.colcon_core.package_identification Level 1 _identify(src/fox_webui) by extension 'ignore_ament_install'
[1.507s] colcon.colcon_core.package_identification Level 1 _identify(src/fox_webui) by extensions ['colcon_pkg']
[1.507s] colcon.colcon_core.package_identification Level 1 _identify(src/fox_webui) by extension 'colcon_pkg'
[1.507s] colcon.colcon_core.package_identification Level 1 _identify(src/fox_webui) by extensions ['colcon_meta']
[1.507s] colcon.colcon_core.package_identification Level 1 _identify(src/fox_webui) by extension 'colcon_meta'
[1.507s] colcon.colcon_core.package_identification Level 1 _identify(src/fox_webui) by extensions ['ros']
[1.507s] colcon.colcon_core.package_identification Level 1 _identify(src/fox_webui) by extension 'ros'
[1.510s] colcon.colcon_core.package_identification DEBUG Package 'src/fox_webui' with type 'ros.ament_python' and name 'fox_webui'
[1.510s] colcon.colcon_core.package_identification Level 1 _identify(src/gripper_control) by extensions ['ignore', 'ignore_ament_install']
[1.510s] colcon.colcon_core.package_identification Level 1 _identify(src/gripper_control) by extension 'ignore'
[1.511s] colcon.colcon_core.package_identification Level 1 _identify(src/gripper_control) by extension 'ignore_ament_install'
[1.511s] colcon.colcon_core.package_identification Level 1 _identify(src/gripper_control) by extensions ['colcon_pkg']
[1.511s] colcon.colcon_core.package_identification Level 1 _identify(src/gripper_control) by extension 'colcon_pkg'
[1.511s] colcon.colcon_core.package_identification Level 1 _identify(src/gripper_control) by extensions ['colcon_meta']
[1.511s] colcon.colcon_core.package_identification Level 1 _identify(src/gripper_control) by extension 'colcon_meta'
[1.511s] colcon.colcon_core.package_identification Level 1 _identify(src/gripper_control) by extensions ['ros']
[1.511s] colcon.colcon_core.package_identification Level 1 _identify(src/gripper_control) by extension 'ros'
[1.514s] colcon.colcon_core.package_identification DEBUG Package 'src/gripper_control' with type 'ros.ament_cmake' and name 'gripper_control'
[1.514s] colcon.colcon_core.package_identification Level 1 _identify(src/jie_ware) by extensions ['ignore', 'ignore_ament_install']
[1.514s] colcon.colcon_core.package_identification Level 1 _identify(src/jie_ware) by extension 'ignore'
[1.514s] colcon.colcon_core.package_identification Level 1 _identify(src/jie_ware) by extension 'ignore_ament_install'
[1.515s] colcon.colcon_core.package_identification Level 1 _identify(src/jie_ware) by extensions ['colcon_pkg']
[1.515s] colcon.colcon_core.package_identification Level 1 _identify(src/jie_ware) by extension 'colcon_pkg'
[1.515s] colcon.colcon_core.package_identification Level 1 _identify(src/jie_ware) by extensions ['colcon_meta']
[1.515s] colcon.colcon_core.package_identification Level 1 _identify(src/jie_ware) by extension 'colcon_meta'
[1.515s] colcon.colcon_core.package_identification Level 1 _identify(src/jie_ware) by extensions ['ros']
[1.515s] colcon.colcon_core.package_identification Level 1 _identify(src/jie_ware) by extension 'ros'
[1.518s] colcon.colcon_core.package_identification DEBUG Package 'src/jie_ware' with type 'ros.catkin' and name 'jie_ware'
[1.518s] colcon.colcon_core.package_identification Level 1 _identify(src/rei_robot_base) by extensions ['ignore', 'ignore_ament_install']
[1.519s] colcon.colcon_core.package_identification Level 1 _identify(src/rei_robot_base) by extension 'ignore'
[1.519s] colcon.colcon_core.package_identification Level 1 _identify(src/rei_robot_base) by extension 'ignore_ament_install'
[1.519s] colcon.colcon_core.package_identification Level 1 _identify(src/rei_robot_base) by extensions ['colcon_pkg']
[1.519s] colcon.colcon_core.package_identification Level 1 _identify(src/rei_robot_base) by extension 'colcon_pkg'
[1.519s] colcon.colcon_core.package_identification Level 1 _identify(src/rei_robot_base) by extensions ['colcon_meta']
[1.519s] colcon.colcon_core.package_identification Level 1 _identify(src/rei_robot_base) by extension 'colcon_meta'
[1.519s] colcon.colcon_core.package_identification Level 1 _identify(src/rei_robot_base) by extensions ['ros']
[1.519s] colcon.colcon_core.package_identification Level 1 _identify(src/rei_robot_base) by extension 'ros'
[1.523s] colcon.colcon_core.package_identification DEBUG Package 'src/rei_robot_base' with type 'ros.ament_cmake' and name 'rei_robot_base'
[1.523s] colcon.colcon_core.package_identification Level 1 _identify(src/ydlidar_ros2_driver) by extensions ['ignore', 'ignore_ament_install']
[1.523s] colcon.colcon_core.package_identification Level 1 _identify(src/ydlidar_ros2_driver) by extension 'ignore'
[1.523s] colcon.colcon_core.package_identification Level 1 _identify(src/ydlidar_ros2_driver) by extension 'ignore_ament_install'
[1.524s] colcon.colcon_core.package_identification Level 1 _identify(src/ydlidar_ros2_driver) by extensions ['colcon_pkg']
[1.524s] colcon.colcon_core.package_identification Level 1 _identify(src/ydlidar_ros2_driver) by extension 'colcon_pkg'
[1.524s] colcon.colcon_core.package_identification Level 1 _identify(src/ydlidar_ros2_driver) by extensions ['colcon_meta']
[1.524s] colcon.colcon_core.package_identification Level 1 _identify(src/ydlidar_ros2_driver) by extension 'colcon_meta'
[1.524s] colcon.colcon_core.package_identification Level 1 _identify(src/ydlidar_ros2_driver) by extensions ['ros']
[1.524s] colcon.colcon_core.package_identification Level 1 _identify(src/ydlidar_ros2_driver) by extension 'ros'
[1.526s] colcon.colcon_core.package_identification DEBUG Package 'src/ydlidar_ros2_driver' with type 'ros.ament_cmake' and name 'ydlidar_ros2_driver'
[1.526s] colcon.colcon_core.package_discovery Level 1 discover_packages(recursive) using defaults
[1.532s] colcon.colcon_core.package_discovery Level 1 discover_packages(ignore) discover
[1.532s] colcon.colcon_core.package_discovery Level 1 discover_packages(ignore) using defaults
[1.532s] colcon.colcon_core.package_discovery Level 1 discover_packages(path) discover
[1.532s] colcon.colcon_core.package_discovery Level 1 discover_packages(path) using defaults
[1.670s] colcon.colcon_core.package_selection INFO Skipping not selected package 'arm_controller' in 'src/arm_controller'
[1.670s] colcon.colcon_core.package_selection INFO Skipping not selected package 'fox_description_ros2' in 'src/fox_description_ros2'
[1.670s] colcon.colcon_core.package_selection INFO Skipping not selected package 'gripper_control' in 'src/gripper_control'
[1.670s] colcon.colcon_core.package_selection INFO Skipping not selected package 'jie_ware' in 'src/jie_ware'
[1.670s] colcon.colcon_core.package_selection INFO Skipping not selected package 'orbbec_camera_msgs' in 'src/OrbbecSDK_ROS2/orbbec_camera_msgs'
[1.671s] colcon.colcon_core.package_selection INFO Skipping not selected package 'orbbec_description' in 'src/OrbbecSDK_ROS2/orbbec_description'
[1.671s] colcon.colcon_core.package_selection INFO Skipping not selected package 'rei_robot_base' in 'src/rei_robot_base'
[1.671s] colcon.colcon_core.package_selection INFO Skipping not selected package 'ydlidar_ros2_driver' in 'src/ydlidar_ros2_driver'
[1.671s] colcon.colcon_core.package_selection INFO Skipping not selected package 'fox_grape_harvest' in 'src/fox_grape_harvest'
[1.671s] colcon.colcon_core.package_selection INFO Skipping not selected package 'fox_navigation_ros2' in 'src/fox_navigation_ros2'
[1.671s] colcon.colcon_core.package_selection INFO Skipping not selected package 'fox_slam_ros2' in 'src/fox_slam_ros2'
[1.671s] colcon.colcon_core.package_selection INFO Skipping not selected package 'orbbec_camera' in 'src/OrbbecSDK_ROS2/orbbec_camera'
[1.680s] colcon.colcon_core.package_discovery Level 1 discover_packages(prefix_path) check parameters
[1.681s] colcon.colcon_core.package_discovery Level 1 discover_packages(prefix_path) discover
[1.695s] colcon.colcon_installed_package_information.package_discovery DEBUG Found 361 installed packages in /opt/ros/humble
[1.701s] colcon.colcon_installed_package_information.package_discovery DEBUG Found 12 installed packages in /home/ubuntu/ros2fox/install
[1.701s] colcon.colcon_core.package_discovery Level 1 discover_packages(prefix_path) using defaults
[2.255s] colcon.colcon_core.verb Level 5 set package 'fox_webui' build argument 'cmake_args' from command line to 'None'
[2.255s] colcon.colcon_core.verb Level 5 set package 'fox_webui' build argument 'cmake_target' from command line to 'None'
[2.255s] colcon.colcon_core.verb Level 5 set package 'fox_webui' build argument 'cmake_target_skip_unavailable' from command line to 'False'
[2.256s] colcon.colcon_core.verb Level 5 set package 'fox_webui' build argument 'cmake_clean_cache' from command line to 'False'
[2.256s] colcon.colcon_core.verb Level 5 set package 'fox_webui' build argument 'cmake_clean_first' from command line to 'False'
[2.256s] colcon.colcon_core.verb Level 5 set package 'fox_webui' build argument 'cmake_force_configure' from command line to 'False'
[2.256s] colcon.colcon_core.verb Level 5 set package 'fox_webui' build argument 'ament_cmake_args' from command line to 'None'
[2.256s] colcon.colcon_core.verb Level 5 set package 'fox_webui' build argument 'catkin_cmake_args' from command line to 'None'
[2.256s] colcon.colcon_core.verb Level 5 set package 'fox_webui' build argument 'catkin_skip_building_tests' from command line to 'False'
[2.256s] colcon.colcon_core.verb DEBUG Building package 'fox_webui' with the following arguments: {'ament_cmake_args': None, 'build_base': '/home/ubuntu/ros2fox/build/fox_webui', 'catkin_cmake_args': None, 'catkin_skip_building_tests': False, 'cmake_args': None, 'cmake_clean_cache': False, 'cmake_clean_first': False, 'cmake_force_configure': False, 'cmake_target': None, 'cmake_target_skip_unavailable': False, 'install_base': '/home/ubuntu/ros2fox/install/fox_webui', 'merge_install': False, 'path': '/home/ubuntu/ros2fox/src/fox_webui', 'symlink_install': False, 'test_result_base': None}
[2.257s] colcon.colcon_core.executor INFO Executing jobs using 'parallel' executor
[2.259s] colcon.colcon_parallel_executor.executor.parallel DEBUG run_until_complete
[2.260s] colcon.colcon_ros.task.ament_python.build INFO Building ROS package in '/home/ubuntu/ros2fox/src/fox_webui' with build type 'ament_python'
[2.260s] colcon.colcon_core.shell Level 1 create_environment_hook('fox_webui', 'ament_prefix_path')
[2.285s] colcon.colcon_core.plugin_system INFO Skipping extension 'colcon_core.shell.bat': Not used on non-Windows systems
[2.285s] colcon.colcon_core.shell INFO Creating environment hook '/home/ubuntu/ros2fox/install/fox_webui/share/fox_webui/hook/ament_prefix_path.ps1'
[2.288s] colcon.colcon_core.shell INFO Creating environment descriptor '/home/ubuntu/ros2fox/install/fox_webui/share/fox_webui/hook/ament_prefix_path.dsv'
[2.299s] colcon.colcon_core.shell INFO Creating environment hook '/home/ubuntu/ros2fox/install/fox_webui/share/fox_webui/hook/ament_prefix_path.sh'
[2.302s] colcon.colcon_core.shell INFO Skip shell extension 'powershell' for command environment: Not usable outside of PowerShell
[2.302s] colcon.colcon_core.shell DEBUG Skip shell extension 'dsv' for command environment
[2.953s] colcon.colcon_core.task.python.build INFO Building Python package in '/home/ubuntu/ros2fox/src/fox_webui'
[2.954s] colcon.colcon_core.shell INFO Skip shell extension 'powershell' for command environment: Not usable outside of PowerShell
[2.954s] colcon.colcon_core.shell DEBUG Skip shell extension 'dsv' for command environment
[6.200s] colcon.colcon_core.event_handler.log_command DEBUG Invoking command in '/home/ubuntu/ros2fox/src/fox_webui': AMENT_PREFIX_PATH=/home/ubuntu/ros2fox/install/fox_grape_harvest:/home/ubuntu/ros2fox/install/rei_robot_base:${AMENT_PREFIX_PATH} CMAKE_PREFIX_PATH=/home/ubuntu/ros2fox/install/rei_robot_base:/home/ubuntu/ros2fox/install/arm_controller LD_LIBRARY_PATH=/home/ubuntu/ros2fox/install/rei_robot_base/lib:/home/ubuntu/ros2fox/install/arm_controller/lib:/opt/ros/humble/lib:/usr/local/cuda/lib64:/opt/ros/humble/lib:/usr/local/cuda/lib64 PYTHONPATH=/home/ubuntu/ros2fox/build/fox_webui/prefix_override:/home/ubuntu/ros2fox/install/fox_webui/lib/python3.10/site-packages:/home/ubuntu/ros2fox/install/fox_grape_harvest/lib/python3.10/site-packages:/home/ubuntu/ros2fox/install/rei_robot_base/local/lib/python3.10/dist-packages:/home/ubuntu/ros2fox/install/arm_controller/local/lib/python3.10/dist-packages:${PYTHONPATH} /usr/bin/python3 -W ignore:setup.py install is deprecated setup.py egg_info --egg-base ../../build/fox_webui build --build-base /home/ubuntu/ros2fox/build/fox_webui/build install --record /home/ubuntu/ros2fox/build/fox_webui/install.log --single-version-externally-managed install_data
[7.800s] colcon.colcon_core.event_handler.log_command DEBUG Invoked command in '/home/ubuntu/ros2fox/src/fox_webui' returned '0': AMENT_PREFIX_PATH=/home/ubuntu/ros2fox/install/fox_grape_harvest:/home/ubuntu/ros2fox/install/rei_robot_base:${AMENT_PREFIX_PATH} CMAKE_PREFIX_PATH=/home/ubuntu/ros2fox/install/rei_robot_base:/home/ubuntu/ros2fox/install/arm_controller LD_LIBRARY_PATH=/home/ubuntu/ros2fox/install/rei_robot_base/lib:/home/ubuntu/ros2fox/install/arm_controller/lib:/opt/ros/humble/lib:/usr/local/cuda/lib64:/opt/ros/humble/lib:/usr/local/cuda/lib64 PYTHONPATH=/home/ubuntu/ros2fox/build/fox_webui/prefix_override:/home/ubuntu/ros2fox/install/fox_webui/lib/python3.10/site-packages:/home/ubuntu/ros2fox/install/fox_grape_harvest/lib/python3.10/site-packages:/home/ubuntu/ros2fox/install/rei_robot_base/local/lib/python3.10/dist-packages:/home/ubuntu/ros2fox/install/arm_controller/local/lib/python3.10/dist-packages:${PYTHONPATH} /usr/bin/python3 -W ignore:setup.py install is deprecated setup.py egg_info --egg-base ../../build/fox_webui build --build-base /home/ubuntu/ros2fox/build/fox_webui/build install --record /home/ubuntu/ros2fox/build/fox_webui/install.log --single-version-externally-managed install_data
[7.900s] colcon.colcon_core.environment Level 1 checking '/home/ubuntu/ros2fox/install/fox_webui' for CMake module files
[7.902s] colcon.colcon_core.environment Level 1 checking '/home/ubuntu/ros2fox/install/fox_webui' for CMake config files
[7.905s] colcon.colcon_core.environment Level 1 checking '/home/ubuntu/ros2fox/install/fox_webui/lib'
[7.905s] colcon.colcon_core.environment Level 1 checking '/home/ubuntu/ros2fox/install/fox_webui/bin'
[7.906s] colcon.colcon_core.environment Level 1 checking '/home/ubuntu/ros2fox/install/fox_webui/lib/pkgconfig/fox_webui.pc'
[7.906s] colcon.colcon_core.environment Level 1 checking '/home/ubuntu/ros2fox/install/fox_webui/lib/python3.10/site-packages'
[7.907s] colcon.colcon_core.shell Level 1 create_environment_hook('fox_webui', 'pythonpath')
[7.908s] colcon.colcon_core.shell INFO Creating environment hook '/home/ubuntu/ros2fox/install/fox_webui/share/fox_webui/hook/pythonpath.ps1'
[7.909s] colcon.colcon_core.shell INFO Creating environment descriptor '/home/ubuntu/ros2fox/install/fox_webui/share/fox_webui/hook/pythonpath.dsv'
[7.911s] colcon.colcon_core.shell INFO Creating environment hook '/home/ubuntu/ros2fox/install/fox_webui/share/fox_webui/hook/pythonpath.sh'
[7.912s] colcon.colcon_core.environment Level 1 checking '/home/ubuntu/ros2fox/install/fox_webui/bin'
[7.912s] colcon.colcon_core.environment Level 1 create_environment_scripts_only(fox_webui)
[7.913s] colcon.colcon_core.shell INFO Creating package script '/home/ubuntu/ros2fox/install/fox_webui/share/fox_webui/package.ps1'
[7.920s] colcon.colcon_core.shell INFO Creating package descriptor '/home/ubuntu/ros2fox/install/fox_webui/share/fox_webui/package.dsv'
[7.934s] colcon.colcon_core.shell INFO Creating package script '/home/ubuntu/ros2fox/install/fox_webui/share/fox_webui/package.sh'
[7.944s] colcon.colcon_core.shell INFO Creating package script '/home/ubuntu/ros2fox/install/fox_webui/share/fox_webui/package.bash'
[7.954s] colcon.colcon_core.shell INFO Creating package script '/home/ubuntu/ros2fox/install/fox_webui/share/fox_webui/package.zsh'
[7.966s] colcon.colcon_core.environment Level 1 create_file_with_runtime_dependencies(/home/ubuntu/ros2fox/install/fox_webui/share/colcon-core/packages/fox_webui)
[7.970s] colcon.colcon_parallel_executor.executor.parallel DEBUG closing loop
[7.972s] colcon.colcon_parallel_executor.executor.parallel DEBUG loop closed
[7.972s] colcon.colcon_parallel_executor.executor.parallel DEBUG run_until_complete finished with '0'
[7.973s] colcon.colcon_core.event_reactor DEBUG joining thread
[8.022s] colcon.colcon_core.plugin_system INFO Skipping extension 'colcon_notification.desktop_notification.terminal_notifier': Not used on non-Darwin systems
[8.023s] colcon.colcon_core.plugin_system INFO Skipping extension 'colcon_notification.desktop_notification.win32': Not used on non-Windows systems
[8.023s] colcon.colcon_notification.desktop_notification INFO Sending desktop notification using 'notify2'
[8.361s] colcon.colcon_core.event_reactor DEBUG joined thread
[8.363s] colcon.colcon_core.shell INFO Creating prefix script '/home/ubuntu/ros2fox/install/local_setup.ps1'
[8.368s] colcon.colcon_core.shell INFO Creating prefix util module '/home/ubuntu/ros2fox/install/_local_setup_util_ps1.py'
[8.381s] colcon.colcon_core.shell INFO Creating prefix chain script '/home/ubuntu/ros2fox/install/setup.ps1'
[8.400s] colcon.colcon_core.shell INFO Creating prefix script '/home/ubuntu/ros2fox/install/local_setup.sh'
[8.405s] colcon.colcon_core.shell INFO Creating prefix util module '/home/ubuntu/ros2fox/install/_local_setup_util_sh.py'
[8.407s] colcon.colcon_core.shell INFO Creating prefix chain script '/home/ubuntu/ros2fox/install/setup.sh'
[8.416s] colcon.colcon_core.shell INFO Creating prefix script '/home/ubuntu/ros2fox/install/local_setup.bash'
[8.428s] colcon.colcon_core.shell INFO Creating prefix chain script '/home/ubuntu/ros2fox/install/setup.bash'
[8.435s] colcon.colcon_core.shell INFO Creating prefix script '/home/ubuntu/ros2fox/install/local_setup.zsh'
[8.443s] colcon.colcon_core.shell INFO Creating prefix chain script '/home/ubuntu/ros2fox/install/setup.zsh'
