running egg_info
writing ../../build/fox_grape_harvest/fox_grape_harvest.egg-info/PKG-INFO
writing dependency_links to ../../build/fox_grape_harvest/fox_grape_harvest.egg-info/dependency_links.txt
writing entry points to ../../build/fox_grape_harvest/fox_grape_harvest.egg-info/entry_points.txt
writing requirements to ../../build/fox_grape_harvest/fox_grape_harvest.egg-info/requires.txt
writing top-level names to ../../build/fox_grape_harvest/fox_grape_harvest.egg-info/top_level.txt
reading manifest file '../../build/fox_grape_harvest/fox_grape_harvest.egg-info/SOURCES.txt'
writing manifest file '../../build/fox_grape_harvest/fox_grape_harvest.egg-info/SOURCES.txt'
running build
running build_py
copying fox_grape_harvest/chassis_interface.py -> /home/ubuntu/ros2fox/build/fox_grape_harvest/build/lib/fox_grape_harvest
copying fox_grape_harvest/wait_utils.py -> /home/ubuntu/ros2fox/build/fox_grape_harvest/build/lib/fox_grape_harvest
copying fox_grape_harvest/harvest_node.py -> /home/ubuntu/ros2fox/build/fox_grape_harvest/build/lib/fox_grape_harvest
copying fox_grape_harvest/arm_interface.py -> /home/ubuntu/ros2fox/build/fox_grape_harvest/build/lib/fox_grape_harvest
copying fox_grape_harvest/depth_utils.py -> /home/ubuntu/ros2fox/build/fox_grape_harvest/build/lib/fox_grape_harvest
copying fox_grape_harvest/yolo_detector.py -> /home/ubuntu/ros2fox/build/fox_grape_harvest/build/lib/fox_grape_harvest
copying fox_grape_harvest/grape_grasp_test.py -> /home/ubuntu/ros2fox/build/fox_grape_harvest/build/lib/fox_grape_harvest
copying fox_grape_harvest/__init__.py -> /home/ubuntu/ros2fox/build/fox_grape_harvest/build/lib/fox_grape_harvest
running install
running install_lib
copying /home/ubuntu/ros2fox/build/fox_grape_harvest/build/lib/fox_grape_harvest/harvest_node.py -> /home/ubuntu/ros2fox/install/fox_grape_harvest/lib/python3.10/site-packages/fox_grape_harvest
copying /home/ubuntu/ros2fox/build/fox_grape_harvest/build/lib/fox_grape_harvest/arm_interface.py -> /home/ubuntu/ros2fox/install/fox_grape_harvest/lib/python3.10/site-packages/fox_grape_harvest
byte-compiling /home/ubuntu/ros2fox/install/fox_grape_harvest/lib/python3.10/site-packages/fox_grape_harvest/harvest_node.py to harvest_node.cpython-310.pyc
byte-compiling /home/ubuntu/ros2fox/install/fox_grape_harvest/lib/python3.10/site-packages/fox_grape_harvest/arm_interface.py to arm_interface.cpython-310.pyc
running install_data
copying resource/fox_grape_harvest -> /home/ubuntu/ros2fox/install/fox_grape_harvest/share/ament_index/resource_index/packages
copying package.xml -> /home/ubuntu/ros2fox/install/fox_grape_harvest/share/fox_grape_harvest
copying launch/full_system.launch.py -> /home/ubuntu/ros2fox/install/fox_grape_harvest/share/fox_grape_harvest/launch
copying launch/grape_harvest.launch.py -> /home/ubuntu/ros2fox/install/fox_grape_harvest/share/fox_grape_harvest/launch
copying scripts/test_detection.py -> /home/ubuntu/ros2fox/install/fox_grape_harvest/share/fox_grape_harvest/scripts
copying scripts/grape_grasp_test.py -> /home/ubuntu/ros2fox/install/fox_grape_harvest/share/fox_grape_harvest/scripts
running install_egg_info
removing '/home/ubuntu/ros2fox/install/fox_grape_harvest/lib/python3.10/site-packages/fox_grape_harvest-0.1.0-py3.10.egg-info' (and everything under it)
Copying ../../build/fox_grape_harvest/fox_grape_harvest.egg-info to /home/ubuntu/ros2fox/install/fox_grape_harvest/lib/python3.10/site-packages/fox_grape_harvest-0.1.0-py3.10.egg-info
running install_scripts
Installing grape_grasp_test.py script to /home/ubuntu/ros2fox/install/fox_grape_harvest/lib/fox_grape_harvest
Installing grape_harvest_node script to /home/ubuntu/ros2fox/install/fox_grape_harvest/lib/fox_grape_harvest
writing list of installed files to '/home/ubuntu/ros2fox/build/fox_grape_harvest/install.log'
