[0.695s] colcon DEBUG Command line arguments: ['/home/ubuntu/.local/bin/colcon', 'build', '--packages-select', 'fox_webui']
[0.696s] colcon DEBUG Parsed command line arguments: Namespace(log_base=None, log_level=None, verb_name='build', build_base='build', install_base='install', merge_install=False, symlink_install=False, test_result_base=None, continue_on_error=False, executor='parallel', parallel_workers=6, event_handlers=None, ignore_user_meta=False, metas=['./colcon.meta'], base_paths=['.'], packages_ignore=None, packages_ignore_regex=None, paths=None, packages_up_to=None, packages_up_to_regex=None, packages_above=None, packages_above_and_dependencies=None, packages_above_depth=None, packages_select_by_dep=None, packages_skip_by_dep=None, packages_skip_up_to=None, packages_select_build_failed=False, packages_skip_build_finished=False, packages_select_test_failures=False, packages_skip_test_passed=False, packages_select=['fox_webui'], packages_skip=None, packages_select_regex=None, packages_skip_regex=None, packages_start=None, packages_end=None, allow_overriding=[], cmake_args=None, cmake_target=None, cmake_target_skip_unavailable=False, cmake_clean_cache=False, cmake_clean_first=False, cmake_force_configure=False, ament_cmake_args=None, catkin_cmake_args=None, catkin_skip_building_tests=False, verb_parser=<colcon_defaults.argument_parser.defaults.DefaultArgumentsDecorator object at 0xffffacc84130>, verb_extension=<colcon_core.verb.build.BuildVerb object at 0xffffacd953f0>, main=<bound method BuildVerb.main of <colcon_core.verb.build.BuildVerb object at 0xffffacd953f0>>)
[1.067s] colcon.colcon_core.package_discovery Level 1 discover_packages(colcon_meta) check parameters
[1.067s] colcon.colcon_core.package_discovery Level 1 discover_packages(recursive) check parameters
[1.067s] colcon.colcon_core.package_discovery Level 1 discover_packages(ignore) check parameters
[1.067s] colcon.colcon_core.package_discovery Level 1 discover_packages(path) check parameters
[1.067s] colcon.colcon_core.package_discovery Level 1 discover_packages(colcon_meta) discover
[1.068s] colcon.colcon_core.package_discovery Level 1 discover_packages(recursive) discover
[1.068s] colcon.colcon_core.package_discovery INFO Crawling recursively for packages in '/home/ubuntu/ros2fox'
[1.068s] colcon.colcon_core.package_identification Level 1 _identify(.) by extensions ['ignore', 'ignore_ament_install']
[1.069s] colcon.colcon_core.package_identification Level 1 _identify(.) by extension 'ignore'
[1.069s] colcon.colcon_core.package_identification Level 1 _identify(.) by extension 'ignore_ament_install'
[1.069s] colcon.colcon_core.package_identification Level 1 _identify(.) by extensions ['colcon_pkg']
[1.069s] colcon.colcon_core.package_identification Level 1 _identify(.) by extension 'colcon_pkg'
[1.069s] colcon.colcon_core.package_identification Level 1 _identify(.) by extensions ['colcon_meta']
[1.069s] colcon.colcon_core.package_identification Level 1 _identify(.) by extension 'colcon_meta'
[1.069s] colcon.colcon_core.package_identification Level 1 _identify(.) by extensions ['ros']
[1.069s] colcon.colcon_core.package_identification Level 1 _identify(.) by extension 'ros'
[1.106s] colcon.colcon_core.package_identification Level 1 _identify(.) by extensions ['cmake', 'python']
[1.106s] colcon.colcon_core.package_identification Level 1 _identify(.) by extension 'cmake'
[1.106s] colcon.colcon_core.package_identification Level 1 _identify(.) by extension 'python'
[1.106s] colcon.colcon_core.package_identification Level 1 _identify(.) by extensions ['python_setup_py']
[1.106s] colcon.colcon_core.package_identification Level 1 _identify(.) by extension 'python_setup_py'
[1.107s] colcon.colcon_core.package_identification Level 1 _identify(Log) by extensions ['ignore', 'ignore_ament_install']
[1.107s] colcon.colcon_core.package_identification Level 1 _identify(Log) by extension 'ignore'
[1.107s] colcon.colcon_core.package_identification Level 1 _identify(Log) by extension 'ignore_ament_install'
[1.107s] colcon.colcon_core.package_identification Level 1 _identify(Log) by extensions ['colcon_pkg']
[1.107s] colcon.colcon_core.package_identification Level 1 _identify(Log) by extension 'colcon_pkg'
[1.107s] colcon.colcon_core.package_identification Level 1 _identify(Log) by extensions ['colcon_meta']
[1.107s] colcon.colcon_core.package_identification Level 1 _identify(Log) by extension 'colcon_meta'
[1.108s] colcon.colcon_core.package_identification Level 1 _identify(Log) by extensions ['ros']
[1.108s] colcon.colcon_core.package_identification Level 1 _identify(Log) by extension 'ros'
[1.108s] colcon.colcon_core.package_identification Level 1 _identify(Log) by extensions ['cmake', 'python']
[1.108s] colcon.colcon_core.package_identification Level 1 _identify(Log) by extension 'cmake'
[1.108s] colcon.colcon_core.package_identification Level 1 _identify(Log) by extension 'python'
[1.108s] colcon.colcon_core.package_identification Level 1 _identify(Log) by extensions ['python_setup_py']
[1.108s] colcon.colcon_core.package_identification Level 1 _identify(Log) by extension 'python_setup_py'
[1.108s] colcon.colcon_core.package_identification Level 1 _identify(build) by extensions ['ignore', 'ignore_ament_install']
[1.109s] colcon.colcon_core.package_identification Level 1 _identify(build) by extension 'ignore'
[1.109s] colcon.colcon_core.package_identification Level 1 _identify(build) ignored
[1.109s] colcon.colcon_core.package_identification Level 1 _identify(calib_data) by extensions ['ignore', 'ignore_ament_install']
[1.109s] colcon.colcon_core.package_identification Level 1 _identify(calib_data) by extension 'ignore'
[1.109s] colcon.colcon_core.package_identification Level 1 _identify(calib_data) by extension 'ignore_ament_install'
[1.110s] colcon.colcon_core.package_identification Level 1 _identify(calib_data) by extensions ['colcon_pkg']
[1.110s] colcon.colcon_core.package_identification Level 1 _identify(calib_data) by extension 'colcon_pkg'
[1.110s] colcon.colcon_core.package_identification Level 1 _identify(calib_data) by extensions ['colcon_meta']
[1.110s] colcon.colcon_core.package_identification Level 1 _identify(calib_data) by extension 'colcon_meta'
[1.110s] colcon.colcon_core.package_identification Level 1 _identify(calib_data) by extensions ['ros']
[1.110s] colcon.colcon_core.package_identification Level 1 _identify(calib_data) by extension 'ros'
[1.110s] colcon.colcon_core.package_identification Level 1 _identify(calib_data) by extensions ['cmake', 'python']
[1.110s] colcon.colcon_core.package_identification Level 1 _identify(calib_data) by extension 'cmake'
[1.110s] colcon.colcon_core.package_identification Level 1 _identify(calib_data) by extension 'python'
[1.111s] colcon.colcon_core.package_identification Level 1 _identify(calib_data) by extensions ['python_setup_py']
[1.111s] colcon.colcon_core.package_identification Level 1 _identify(calib_data) by extension 'python_setup_py'
[1.111s] colcon.colcon_core.package_identification Level 1 _identify(calib_data/color) by extensions ['ignore', 'ignore_ament_install']
[1.111s] colcon.colcon_core.package_identification Level 1 _identify(calib_data/color) by extension 'ignore'
[1.111s] colcon.colcon_core.package_identification Level 1 _identify(calib_data/color) by extension 'ignore_ament_install'
[1.111s] colcon.colcon_core.package_identification Level 1 _identify(calib_data/color) by extensions ['colcon_pkg']
[1.111s] colcon.colcon_core.package_identification Level 1 _identify(calib_data/color) by extension 'colcon_pkg'
[1.111s] colcon.colcon_core.package_identification Level 1 _identify(calib_data/color) by extensions ['colcon_meta']
[1.112s] colcon.colcon_core.package_identification Level 1 _identify(calib_data/color) by extension 'colcon_meta'
[1.112s] colcon.colcon_core.package_identification Level 1 _identify(calib_data/color) by extensions ['ros']
[1.112s] colcon.colcon_core.package_identification Level 1 _identify(calib_data/color) by extension 'ros'
[1.112s] colcon.colcon_core.package_identification Level 1 _identify(calib_data/color) by extensions ['cmake', 'python']
[1.112s] colcon.colcon_core.package_identification Level 1 _identify(calib_data/color) by extension 'cmake'
[1.112s] colcon.colcon_core.package_identification Level 1 _identify(calib_data/color) by extension 'python'
[1.112s] colcon.colcon_core.package_identification Level 1 _identify(calib_data/color) by extensions ['python_setup_py']
[1.112s] colcon.colcon_core.package_identification Level 1 _identify(calib_data/color) by extension 'python_setup_py'
[1.113s] colcon.colcon_core.package_identification Level 1 _identify(calib_data/color_old) by extensions ['ignore', 'ignore_ament_install']
[1.113s] colcon.colcon_core.package_identification Level 1 _identify(calib_data/color_old) by extension 'ignore'
[1.113s] colcon.colcon_core.package_identification Level 1 _identify(calib_data/color_old) by extension 'ignore_ament_install'
[1.113s] colcon.colcon_core.package_identification Level 1 _identify(calib_data/color_old) by extensions ['colcon_pkg']
[1.113s] colcon.colcon_core.package_identification Level 1 _identify(calib_data/color_old) by extension 'colcon_pkg'
[1.113s] colcon.colcon_core.package_identification Level 1 _identify(calib_data/color_old) by extensions ['colcon_meta']
[1.113s] colcon.colcon_core.package_identification Level 1 _identify(calib_data/color_old) by extension 'colcon_meta'
[1.114s] colcon.colcon_core.package_identification Level 1 _identify(calib_data/color_old) by extensions ['ros']
[1.114s] colcon.colcon_core.package_identification Level 1 _identify(calib_data/color_old) by extension 'ros'
[1.114s] colcon.colcon_core.package_identification Level 1 _identify(calib_data/color_old) by extensions ['cmake', 'python']
[1.114s] colcon.colcon_core.package_identification Level 1 _identify(calib_data/color_old) by extension 'cmake'
[1.114s] colcon.colcon_core.package_identification Level 1 _identify(calib_data/color_old) by extension 'python'
[1.114s] colcon.colcon_core.package_identification Level 1 _identify(calib_data/color_old) by extensions ['python_setup_py']
[1.114s] colcon.colcon_core.package_identification Level 1 _identify(calib_data/color_old) by extension 'python_setup_py'
[1.114s] colcon.colcon_core.package_identification Level 1 _identify(calib_data/ir) by extensions ['ignore', 'ignore_ament_install']
[1.115s] colcon.colcon_core.package_identification Level 1 _identify(calib_data/ir) by extension 'ignore'
[1.115s] colcon.colcon_core.package_identification Level 1 _identify(calib_data/ir) by extension 'ignore_ament_install'
[1.115s] colcon.colcon_core.package_identification Level 1 _identify(calib_data/ir) by extensions ['colcon_pkg']
[1.115s] colcon.colcon_core.package_identification Level 1 _identify(calib_data/ir) by extension 'colcon_pkg'
[1.115s] colcon.colcon_core.package_identification Level 1 _identify(calib_data/ir) by extensions ['colcon_meta']
[1.115s] colcon.colcon_core.package_identification Level 1 _identify(calib_data/ir) by extension 'colcon_meta'
[1.115s] colcon.colcon_core.package_identification Level 1 _identify(calib_data/ir) by extensions ['ros']
[1.115s] colcon.colcon_core.package_identification Level 1 _identify(calib_data/ir) by extension 'ros'
[1.116s] colcon.colcon_core.package_identification Level 1 _identify(calib_data/ir) by extensions ['cmake', 'python']
[1.116s] colcon.colcon_core.package_identification Level 1 _identify(calib_data/ir) by extension 'cmake'
[1.116s] colcon.colcon_core.package_identification Level 1 _identify(calib_data/ir) by extension 'python'
[1.116s] colcon.colcon_core.package_identification Level 1 _identify(calib_data/ir) by extensions ['python_setup_py']
[1.116s] colcon.colcon_core.package_identification Level 1 _identify(calib_data/ir) by extension 'python_setup_py'
[1.116s] colcon.colcon_core.package_identification Level 1 _identify(calib_data/ir_old) by extensions ['ignore', 'ignore_ament_install']
[1.116s] colcon.colcon_core.package_identification Level 1 _identify(calib_data/ir_old) by extension 'ignore'
[1.116s] colcon.colcon_core.package_identification Level 1 _identify(calib_data/ir_old) by extension 'ignore_ament_install'
[1.117s] colcon.colcon_core.package_identification Level 1 _identify(calib_data/ir_old) by extensions ['colcon_pkg']
[1.117s] colcon.colcon_core.package_identification Level 1 _identify(calib_data/ir_old) by extension 'colcon_pkg'
[1.117s] colcon.colcon_core.package_identification Level 1 _identify(calib_data/ir_old) by extensions ['colcon_meta']
[1.117s] colcon.colcon_core.package_identification Level 1 _identify(calib_data/ir_old) by extension 'colcon_meta'
[1.117s] colcon.colcon_core.package_identification Level 1 _identify(calib_data/ir_old) by extensions ['ros']
[1.117s] colcon.colcon_core.package_identification Level 1 _identify(calib_data/ir_old) by extension 'ros'
[1.117s] colcon.colcon_core.package_identification Level 1 _identify(calib_data/ir_old) by extensions ['cmake', 'python']
[1.117s] colcon.colcon_core.package_identification Level 1 _identify(calib_data/ir_old) by extension 'cmake'
[1.117s] colcon.colcon_core.package_identification Level 1 _identify(calib_data/ir_old) by extension 'python'
[1.118s] colcon.colcon_core.package_identification Level 1 _identify(calib_data/ir_old) by extensions ['python_setup_py']
[1.118s] colcon.colcon_core.package_identification Level 1 _identify(calib_data/ir_old) by extension 'python_setup_py'
[1.118s] colcon.colcon_core.package_identification Level 1 _identify(calib_result) by extensions ['ignore', 'ignore_ament_install']
[1.118s] colcon.colcon_core.package_identification Level 1 _identify(calib_result) by extension 'ignore'
[1.118s] colcon.colcon_core.package_identification Level 1 _identify(calib_result) by extension 'ignore_ament_install'
[1.118s] colcon.colcon_core.package_identification Level 1 _identify(calib_result) by extensions ['colcon_pkg']
[1.118s] colcon.colcon_core.package_identification Level 1 _identify(calib_result) by extension 'colcon_pkg'
[1.118s] colcon.colcon_core.package_identification Level 1 _identify(calib_result) by extensions ['colcon_meta']
[1.119s] colcon.colcon_core.package_identification Level 1 _identify(calib_result) by extension 'colcon_meta'
[1.119s] colcon.colcon_core.package_identification Level 1 _identify(calib_result) by extensions ['ros']
[1.119s] colcon.colcon_core.package_identification Level 1 _identify(calib_result) by extension 'ros'
[1.119s] colcon.colcon_core.package_identification Level 1 _identify(calib_result) by extensions ['cmake', 'python']
[1.119s] colcon.colcon_core.package_identification Level 1 _identify(calib_result) by extension 'cmake'
[1.119s] colcon.colcon_core.package_identification Level 1 _identify(calib_result) by extension 'python'
[1.119s] colcon.colcon_core.package_identification Level 1 _identify(calib_result) by extensions ['python_setup_py']
[1.119s] colcon.colcon_core.package_identification Level 1 _identify(calib_result) by extension 'python_setup_py'
[1.119s] colcon.colcon_core.package_identification Level 1 _identify(docs) by extensions ['ignore', 'ignore_ament_install']
[1.120s] colcon.colcon_core.package_identification Level 1 _identify(docs) by extension 'ignore'
[1.120s] colcon.colcon_core.package_identification Level 1 _identify(docs) by extension 'ignore_ament_install'
[1.120s] colcon.colcon_core.package_identification Level 1 _identify(docs) by extensions ['colcon_pkg']
[1.120s] colcon.colcon_core.package_identification Level 1 _identify(docs) by extension 'colcon_pkg'
[1.120s] colcon.colcon_core.package_identification Level 1 _identify(docs) by extensions ['colcon_meta']
[1.120s] colcon.colcon_core.package_identification Level 1 _identify(docs) by extension 'colcon_meta'
[1.120s] colcon.colcon_core.package_identification Level 1 _identify(docs) by extensions ['ros']
[1.120s] colcon.colcon_core.package_identification Level 1 _identify(docs) by extension 'ros'
[1.121s] colcon.colcon_core.package_identification Level 1 _identify(docs) by extensions ['cmake', 'python']
[1.121s] colcon.colcon_core.package_identification Level 1 _identify(docs) by extension 'cmake'
[1.121s] colcon.colcon_core.package_identification Level 1 _identify(docs) by extension 'python'
[1.121s] colcon.colcon_core.package_identification Level 1 _identify(docs) by extensions ['python_setup_py']
[1.121s] colcon.colcon_core.package_identification Level 1 _identify(docs) by extension 'python_setup_py'
[1.121s] colcon.colcon_core.package_identification Level 1 _identify(install) by extensions ['ignore', 'ignore_ament_install']
[1.121s] colcon.colcon_core.package_identification Level 1 _identify(install) by extension 'ignore'
[1.121s] colcon.colcon_core.package_identification Level 1 _identify(install) ignored
[1.122s] colcon.colcon_core.package_identification Level 1 _identify(log) by extensions ['ignore', 'ignore_ament_install']
[1.122s] colcon.colcon_core.package_identification Level 1 _identify(log) by extension 'ignore'
[1.122s] colcon.colcon_core.package_identification Level 1 _identify(log) ignored
[1.122s] colcon.colcon_core.package_identification Level 1 _identify(maps) by extensions ['ignore', 'ignore_ament_install']
[1.122s] colcon.colcon_core.package_identification Level 1 _identify(maps) by extension 'ignore'
[1.123s] colcon.colcon_core.package_identification Level 1 _identify(maps) by extension 'ignore_ament_install'
[1.123s] colcon.colcon_core.package_identification Level 1 _identify(maps) by extensions ['colcon_pkg']
[1.123s] colcon.colcon_core.package_identification Level 1 _identify(maps) by extension 'colcon_pkg'
[1.123s] colcon.colcon_core.package_identification Level 1 _identify(maps) by extensions ['colcon_meta']
[1.123s] colcon.colcon_core.package_identification Level 1 _identify(maps) by extension 'colcon_meta'
[1.123s] colcon.colcon_core.package_identification Level 1 _identify(maps) by extensions ['ros']
[1.123s] colcon.colcon_core.package_identification Level 1 _identify(maps) by extension 'ros'
[1.123s] colcon.colcon_core.package_identification Level 1 _identify(maps) by extensions ['cmake', 'python']
[1.123s] colcon.colcon_core.package_identification Level 1 _identify(maps) by extension 'cmake'
[1.123s] colcon.colcon_core.package_identification Level 1 _identify(maps) by extension 'python'
[1.124s] colcon.colcon_core.package_identification Level 1 _identify(maps) by extensions ['python_setup_py']
[1.124s] colcon.colcon_core.package_identification Level 1 _identify(maps) by extension 'python_setup_py'
[1.124s] colcon.colcon_core.package_identification Level 1 _identify(models) by extensions ['ignore', 'ignore_ament_install']
[1.124s] colcon.colcon_core.package_identification Level 1 _identify(models) by extension 'ignore'
[1.124s] colcon.colcon_core.package_identification Level 1 _identify(models) by extension 'ignore_ament_install'
[1.124s] colcon.colcon_core.package_identification Level 1 _identify(models) by extensions ['colcon_pkg']
[1.124s] colcon.colcon_core.package_identification Level 1 _identify(models) by extension 'colcon_pkg'
[1.124s] colcon.colcon_core.package_identification Level 1 _identify(models) by extensions ['colcon_meta']
[1.125s] colcon.colcon_core.package_identification Level 1 _identify(models) by extension 'colcon_meta'
[1.125s] colcon.colcon_core.package_identification Level 1 _identify(models) by extensions ['ros']
[1.125s] colcon.colcon_core.package_identification Level 1 _identify(models) by extension 'ros'
[1.125s] colcon.colcon_core.package_identification Level 1 _identify(models) by extensions ['cmake', 'python']
[1.125s] colcon.colcon_core.package_identification Level 1 _identify(models) by extension 'cmake'
[1.125s] colcon.colcon_core.package_identification Level 1 _identify(models) by extension 'python'
[1.125s] colcon.colcon_core.package_identification Level 1 _identify(models) by extensions ['python_setup_py']
[1.125s] colcon.colcon_core.package_identification Level 1 _identify(models) by extension 'python_setup_py'
[1.125s] colcon.colcon_core.package_identification Level 1 _identify(pic) by extensions ['ignore', 'ignore_ament_install']
[1.126s] colcon.colcon_core.package_identification Level 1 _identify(pic) by extension 'ignore'
[1.126s] colcon.colcon_core.package_identification Level 1 _identify(pic) by extension 'ignore_ament_install'
[1.126s] colcon.colcon_core.package_identification Level 1 _identify(pic) by extensions ['colcon_pkg']
[1.126s] colcon.colcon_core.package_identification Level 1 _identify(pic) by extension 'colcon_pkg'
[1.126s] colcon.colcon_core.package_identification Level 1 _identify(pic) by extensions ['colcon_meta']
[1.126s] colcon.colcon_core.package_identification Level 1 _identify(pic) by extension 'colcon_meta'
[1.126s] colcon.colcon_core.package_identification Level 1 _identify(pic) by extensions ['ros']
[1.126s] colcon.colcon_core.package_identification Level 1 _identify(pic) by extension 'ros'
[1.126s] colcon.colcon_core.package_identification Level 1 _identify(pic) by extensions ['cmake', 'python']
[1.127s] colcon.colcon_core.package_identification Level 1 _identify(pic) by extension 'cmake'
[1.127s] colcon.colcon_core.package_identification Level 1 _identify(pic) by extension 'python'
[1.127s] colcon.colcon_core.package_identification Level 1 _identify(pic) by extensions ['python_setup_py']
[1.127s] colcon.colcon_core.package_identification Level 1 _identify(pic) by extension 'python_setup_py'
[1.127s] colcon.colcon_core.package_identification Level 1 _identify(src) by extensions ['ignore', 'ignore_ament_install']
[1.127s] colcon.colcon_core.package_identification Level 1 _identify(src) by extension 'ignore'
[1.127s] colcon.colcon_core.package_identification Level 1 _identify(src) by extension 'ignore_ament_install'
[1.127s] colcon.colcon_core.package_identification Level 1 _identify(src) by extensions ['colcon_pkg']
[1.128s] colcon.colcon_core.package_identification Level 1 _identify(src) by extension 'colcon_pkg'
[1.128s] colcon.colcon_core.package_identification Level 1 _identify(src) by extensions ['colcon_meta']
[1.128s] colcon.colcon_core.package_identification Level 1 _identify(src) by extension 'colcon_meta'
[1.128s] colcon.colcon_core.package_identification Level 1 _identify(src) by extensions ['ros']
[1.128s] colcon.colcon_core.package_identification Level 1 _identify(src) by extension 'ros'
[1.128s] colcon.colcon_core.package_identification Level 1 _identify(src) by extensions ['cmake', 'python']
[1.128s] colcon.colcon_core.package_identification Level 1 _identify(src) by extension 'cmake'
[1.128s] colcon.colcon_core.package_identification Level 1 _identify(src) by extension 'python'
[1.128s] colcon.colcon_core.package_identification Level 1 _identify(src) by extensions ['python_setup_py']
[1.128s] colcon.colcon_core.package_identification Level 1 _identify(src) by extension 'python_setup_py'
[1.129s] colcon.colcon_core.package_identification Level 1 _identify(src/OrbbecSDK_ROS2) by extensions ['ignore', 'ignore_ament_install']
[1.129s] colcon.colcon_core.package_identification Level 1 _identify(src/OrbbecSDK_ROS2) by extension 'ignore'
[1.129s] colcon.colcon_core.package_identification Level 1 _identify(src/OrbbecSDK_ROS2) by extension 'ignore_ament_install'
[1.129s] colcon.colcon_core.package_identification Level 1 _identify(src/OrbbecSDK_ROS2) by extensions ['colcon_pkg']
[1.129s] colcon.colcon_core.package_identification Level 1 _identify(src/OrbbecSDK_ROS2) by extension 'colcon_pkg'
[1.129s] colcon.colcon_core.package_identification Level 1 _identify(src/OrbbecSDK_ROS2) by extensions ['colcon_meta']
[1.129s] colcon.colcon_core.package_identification Level 1 _identify(src/OrbbecSDK_ROS2) by extension 'colcon_meta'
[1.129s] colcon.colcon_core.package_identification Level 1 _identify(src/OrbbecSDK_ROS2) by extensions ['ros']
[1.129s] colcon.colcon_core.package_identification Level 1 _identify(src/OrbbecSDK_ROS2) by extension 'ros'
[1.130s] colcon.colcon_core.package_identification Level 1 _identify(src/OrbbecSDK_ROS2) by extensions ['cmake', 'python']
[1.130s] colcon.colcon_core.package_identification Level 1 _identify(src/OrbbecSDK_ROS2) by extension 'cmake'
[1.130s] colcon.colcon_core.package_identification Level 1 _identify(src/OrbbecSDK_ROS2) by extension 'python'
[1.130s] colcon.colcon_core.package_identification Level 1 _identify(src/OrbbecSDK_ROS2) by extensions ['python_setup_py']
[1.130s] colcon.colcon_core.package_identification Level 1 _identify(src/OrbbecSDK_ROS2) by extension 'python_setup_py'
[1.130s] colcon.colcon_core.package_identification Level 1 _identify(src/OrbbecSDK_ROS2/docs) by extensions ['ignore', 'ignore_ament_install']
[1.130s] colcon.colcon_core.package_identification Level 1 _identify(src/OrbbecSDK_ROS2/docs) by extension 'ignore'
[1.131s] colcon.colcon_core.package_identification Level 1 _identify(src/OrbbecSDK_ROS2/docs) by extension 'ignore_ament_install'
[1.131s] colcon.colcon_core.package_identification Level 1 _identify(src/OrbbecSDK_ROS2/docs) by extensions ['colcon_pkg']
[1.131s] colcon.colcon_core.package_identification Level 1 _identify(src/OrbbecSDK_ROS2/docs) by extension 'colcon_pkg'
[1.131s] colcon.colcon_core.package_identification Level 1 _identify(src/OrbbecSDK_ROS2/docs) by extensions ['colcon_meta']
[1.131s] colcon.colcon_core.package_identification Level 1 _identify(src/OrbbecSDK_ROS2/docs) by extension 'colcon_meta'
[1.131s] colcon.colcon_core.package_identification Level 1 _identify(src/OrbbecSDK_ROS2/docs) by extensions ['ros']
[1.131s] colcon.colcon_core.package_identification Level 1 _identify(src/OrbbecSDK_ROS2/docs) by extension 'ros'
[1.131s] colcon.colcon_core.package_identification Level 1 _identify(src/OrbbecSDK_ROS2/docs) by extensions ['cmake', 'python']
[1.131s] colcon.colcon_core.package_identification Level 1 _identify(src/OrbbecSDK_ROS2/docs) by extension 'cmake'
[1.131s] colcon.colcon_core.package_identification Level 1 _identify(src/OrbbecSDK_ROS2/docs) by extension 'python'
[1.132s] colcon.colcon_core.package_identification Level 1 _identify(src/OrbbecSDK_ROS2/docs) by extensions ['python_setup_py']
[1.132s] colcon.colcon_core.package_identification Level 1 _identify(src/OrbbecSDK_ROS2/docs) by extension 'python_setup_py'
[1.132s] colcon.colcon_core.package_identification Level 1 _identify(src/OrbbecSDK_ROS2/docs/images) by extensions ['ignore', 'ignore_ament_install']
[1.132s] colcon.colcon_core.package_identification Level 1 _identify(src/OrbbecSDK_ROS2/docs/images) by extension 'ignore'
[1.132s] colcon.colcon_core.package_identification Level 1 _identify(src/OrbbecSDK_ROS2/docs/images) by extension 'ignore_ament_install'
[1.132s] colcon.colcon_core.package_identification Level 1 _identify(src/OrbbecSDK_ROS2/docs/images) by extensions ['colcon_pkg']
[1.132s] colcon.colcon_core.package_identification Level 1 _identify(src/OrbbecSDK_ROS2/docs/images) by extension 'colcon_pkg'
[1.133s] colcon.colcon_core.package_identification Level 1 _identify(src/OrbbecSDK_ROS2/docs/images) by extensions ['colcon_meta']
[1.133s] colcon.colcon_core.package_identification Level 1 _identify(src/OrbbecSDK_ROS2/docs/images) by extension 'colcon_meta'
[1.133s] colcon.colcon_core.package_identification Level 1 _identify(src/OrbbecSDK_ROS2/docs/images) by extensions ['ros']
[1.133s] colcon.colcon_core.package_identification Level 1 _identify(src/OrbbecSDK_ROS2/docs/images) by extension 'ros'
[1.133s] colcon.colcon_core.package_identification Level 1 _identify(src/OrbbecSDK_ROS2/docs/images) by extensions ['cmake', 'python']
[1.133s] colcon.colcon_core.package_identification Level 1 _identify(src/OrbbecSDK_ROS2/docs/images) by extension 'cmake'
[1.133s] colcon.colcon_core.package_identification Level 1 _identify(src/OrbbecSDK_ROS2/docs/images) by extension 'python'
[1.133s] colcon.colcon_core.package_identification Level 1 _identify(src/OrbbecSDK_ROS2/docs/images) by extensions ['python_setup_py']
[1.133s] colcon.colcon_core.package_identification Level 1 _identify(src/OrbbecSDK_ROS2/docs/images) by extension 'python_setup_py'
[1.134s] colcon.colcon_core.package_identification Level 1 _identify(src/OrbbecSDK_ROS2/orbbec_camera) by extensions ['ignore', 'ignore_ament_install']
[1.134s] colcon.colcon_core.package_identification Level 1 _identify(src/OrbbecSDK_ROS2/orbbec_camera) by extension 'ignore'
[1.134s] colcon.colcon_core.package_identification Level 1 _identify(src/OrbbecSDK_ROS2/orbbec_camera) by extension 'ignore_ament_install'
[1.134s] colcon.colcon_core.package_identification Level 1 _identify(src/OrbbecSDK_ROS2/orbbec_camera) by extensions ['colcon_pkg']
[1.134s] colcon.colcon_core.package_identification Level 1 _identify(src/OrbbecSDK_ROS2/orbbec_camera) by extension 'colcon_pkg'
[1.134s] colcon.colcon_core.package_identification Level 1 _identify(src/OrbbecSDK_ROS2/orbbec_camera) by extensions ['colcon_meta']
[1.134s] colcon.colcon_core.package_identification Level 1 _identify(src/OrbbecSDK_ROS2/orbbec_camera) by extension 'colcon_meta'
[1.134s] colcon.colcon_core.package_identification Level 1 _identify(src/OrbbecSDK_ROS2/orbbec_camera) by extensions ['ros']
[1.134s] colcon.colcon_core.package_identification Level 1 _identify(src/OrbbecSDK_ROS2/orbbec_camera) by extension 'ros'
[1.152s] colcon.colcon_core.package_identification DEBUG Package 'src/OrbbecSDK_ROS2/orbbec_camera' with type 'ros.ament_cmake' and name 'orbbec_camera'
[1.153s] colcon.colcon_core.package_identification Level 1 _identify(src/OrbbecSDK_ROS2/orbbec_camera_msgs) by extensions ['ignore', 'ignore_ament_install']
[1.153s] colcon.colcon_core.package_identification Level 1 _identify(src/OrbbecSDK_ROS2/orbbec_camera_msgs) by extension 'ignore'
[1.153s] colcon.colcon_core.package_identification Level 1 _identify(src/OrbbecSDK_ROS2/orbbec_camera_msgs) by extension 'ignore_ament_install'
[1.153s] colcon.colcon_core.package_identification Level 1 _identify(src/OrbbecSDK_ROS2/orbbec_camera_msgs) by extensions ['colcon_pkg']
[1.153s] colcon.colcon_core.package_identification Level 1 _identify(src/OrbbecSDK_ROS2/orbbec_camera_msgs) by extension 'colcon_pkg'
[1.154s] colcon.colcon_core.package_identification Level 1 _identify(src/OrbbecSDK_ROS2/orbbec_camera_msgs) by extensions ['colcon_meta']
[1.154s] colcon.colcon_core.package_identification Level 1 _identify(src/OrbbecSDK_ROS2/orbbec_camera_msgs) by extension 'colcon_meta'
[1.154s] colcon.colcon_core.package_identification Level 1 _identify(src/OrbbecSDK_ROS2/orbbec_camera_msgs) by extensions ['ros']
[1.154s] colcon.colcon_core.package_identification Level 1 _identify(src/OrbbecSDK_ROS2/orbbec_camera_msgs) by extension 'ros'
[1.156s] colcon.colcon_core.package_identification DEBUG Package 'src/OrbbecSDK_ROS2/orbbec_camera_msgs' with type 'ros.ament_cmake' and name 'orbbec_camera_msgs'
[1.156s] colcon.colcon_core.package_identification Level 1 _identify(src/OrbbecSDK_ROS2/orbbec_description) by extensions ['ignore', 'ignore_ament_install']
[1.156s] colcon.colcon_core.package_identification Level 1 _identify(src/OrbbecSDK_ROS2/orbbec_description) by extension 'ignore'
[1.156s] colcon.colcon_core.package_identification Level 1 _identify(src/OrbbecSDK_ROS2/orbbec_description) by extension 'ignore_ament_install'
[1.157s] colcon.colcon_core.package_identification Level 1 _identify(src/OrbbecSDK_ROS2/orbbec_description) by extensions ['colcon_pkg']
[1.157s] colcon.colcon_core.package_identification Level 1 _identify(src/OrbbecSDK_ROS2/orbbec_description) by extension 'colcon_pkg'
[1.157s] colcon.colcon_core.package_identification Level 1 _identify(src/OrbbecSDK_ROS2/orbbec_description) by extensions ['colcon_meta']
[1.157s] colcon.colcon_core.package_identification Level 1 _identify(src/OrbbecSDK_ROS2/orbbec_description) by extension 'colcon_meta'
[1.157s] colcon.colcon_core.package_identification Level 1 _identify(src/OrbbecSDK_ROS2/orbbec_description) by extensions ['ros']
[1.157s] colcon.colcon_core.package_identification Level 1 _identify(src/OrbbecSDK_ROS2/orbbec_description) by extension 'ros'
[1.159s] colcon.colcon_core.package_identification DEBUG Package 'src/OrbbecSDK_ROS2/orbbec_description' with type 'ros.ament_cmake' and name 'orbbec_description'
[1.159s] colcon.colcon_core.package_identification Level 1 _identify(src/arm_controller) by extensions ['ignore', 'ignore_ament_install']
[1.159s] colcon.colcon_core.package_identification Level 1 _identify(src/arm_controller) by extension 'ignore'
[1.160s] colcon.colcon_core.package_identification Level 1 _identify(src/arm_controller) by extension 'ignore_ament_install'
[1.160s] colcon.colcon_core.package_identification Level 1 _identify(src/arm_controller) by extensions ['colcon_pkg']
[1.160s] colcon.colcon_core.package_identification Level 1 _identify(src/arm_controller) by extension 'colcon_pkg'
[1.160s] colcon.colcon_core.package_identification Level 1 _identify(src/arm_controller) by extensions ['colcon_meta']
[1.160s] colcon.colcon_core.package_identification Level 1 _identify(src/arm_controller) by extension 'colcon_meta'
[1.160s] colcon.colcon_core.package_identification Level 1 _identify(src/arm_controller) by extensions ['ros']
[1.160s] colcon.colcon_core.package_identification Level 1 _identify(src/arm_controller) by extension 'ros'
[1.163s] colcon.colcon_core.package_identification DEBUG Package 'src/arm_controller' with type 'ros.ament_cmake' and name 'arm_controller'
[1.163s] colcon.colcon_core.package_identification Level 1 _identify(src/calibration) by extensions ['ignore', 'ignore_ament_install']
[1.163s] colcon.colcon_core.package_identification Level 1 _identify(src/calibration) by extension 'ignore'
[1.164s] colcon.colcon_core.package_identification Level 1 _identify(src/calibration) by extension 'ignore_ament_install'
[1.164s] colcon.colcon_core.package_identification Level 1 _identify(src/calibration) by extensions ['colcon_pkg']
[1.164s] colcon.colcon_core.package_identification Level 1 _identify(src/calibration) by extension 'colcon_pkg'
[1.164s] colcon.colcon_core.package_identification Level 1 _identify(src/calibration) by extensions ['colcon_meta']
[1.164s] colcon.colcon_core.package_identification Level 1 _identify(src/calibration) by extension 'colcon_meta'
[1.164s] colcon.colcon_core.package_identification Level 1 _identify(src/calibration) by extensions ['ros']
[1.164s] colcon.colcon_core.package_identification Level 1 _identify(src/calibration) by extension 'ros'
[1.165s] colcon.colcon_core.package_identification Level 1 _identify(src/calibration) by extensions ['cmake', 'python']
[1.165s] colcon.colcon_core.package_identification Level 1 _identify(src/calibration) by extension 'cmake'
[1.165s] colcon.colcon_core.package_identification Level 1 _identify(src/calibration) by extension 'python'
[1.165s] colcon.colcon_core.package_identification Level 1 _identify(src/calibration) by extensions ['python_setup_py']
[1.165s] colcon.colcon_core.package_identification Level 1 _identify(src/calibration) by extension 'python_setup_py'
[1.165s] colcon.colcon_core.package_identification Level 1 _identify(src/calibration/Log) by extensions ['ignore', 'ignore_ament_install']
[1.165s] colcon.colcon_core.package_identification Level 1 _identify(src/calibration/Log) by extension 'ignore'
[1.165s] colcon.colcon_core.package_identification Level 1 _identify(src/calibration/Log) by extension 'ignore_ament_install'
[1.166s] colcon.colcon_core.package_identification Level 1 _identify(src/calibration/Log) by extensions ['colcon_pkg']
[1.166s] colcon.colcon_core.package_identification Level 1 _identify(src/calibration/Log) by extension 'colcon_pkg'
[1.166s] colcon.colcon_core.package_identification Level 1 _identify(src/calibration/Log) by extensions ['colcon_meta']
[1.166s] colcon.colcon_core.package_identification Level 1 _identify(src/calibration/Log) by extension 'colcon_meta'
[1.166s] colcon.colcon_core.package_identification Level 1 _identify(src/calibration/Log) by extensions ['ros']
[1.166s] colcon.colcon_core.package_identification Level 1 _identify(src/calibration/Log) by extension 'ros'
[1.166s] colcon.colcon_core.package_identification Level 1 _identify(src/calibration/Log) by extensions ['cmake', 'python']
[1.166s] colcon.colcon_core.package_identification Level 1 _identify(src/calibration/Log) by extension 'cmake'
[1.166s] colcon.colcon_core.package_identification Level 1 _identify(src/calibration/Log) by extension 'python'
[1.167s] colcon.colcon_core.package_identification Level 1 _identify(src/calibration/Log) by extensions ['python_setup_py']
[1.167s] colcon.colcon_core.package_identification Level 1 _identify(src/calibration/Log) by extension 'python_setup_py'
[1.167s] colcon.colcon_core.package_identification Level 1 _identify(src/calibration/__pycache__) by extensions ['ignore', 'ignore_ament_install']
[1.167s] colcon.colcon_core.package_identification Level 1 _identify(src/calibration/__pycache__) by extension 'ignore'
[1.167s] colcon.colcon_core.package_identification Level 1 _identify(src/calibration/__pycache__) by extension 'ignore_ament_install'
[1.167s] colcon.colcon_core.package_identification Level 1 _identify(src/calibration/__pycache__) by extensions ['colcon_pkg']
[1.167s] colcon.colcon_core.package_identification Level 1 _identify(src/calibration/__pycache__) by extension 'colcon_pkg'
[1.167s] colcon.colcon_core.package_identification Level 1 _identify(src/calibration/__pycache__) by extensions ['colcon_meta']
[1.168s] colcon.colcon_core.package_identification Level 1 _identify(src/calibration/__pycache__) by extension 'colcon_meta'
[1.168s] colcon.colcon_core.package_identification Level 1 _identify(src/calibration/__pycache__) by extensions ['ros']
[1.168s] colcon.colcon_core.package_identification Level 1 _identify(src/calibration/__pycache__) by extension 'ros'
[1.168s] colcon.colcon_core.package_identification Level 1 _identify(src/calibration/__pycache__) by extensions ['cmake', 'python']
[1.168s] colcon.colcon_core.package_identification Level 1 _identify(src/calibration/__pycache__) by extension 'cmake'
[1.168s] colcon.colcon_core.package_identification Level 1 _identify(src/calibration/__pycache__) by extension 'python'
[1.168s] colcon.colcon_core.package_identification Level 1 _identify(src/calibration/__pycache__) by extensions ['python_setup_py']
[1.168s] colcon.colcon_core.package_identification Level 1 _identify(src/calibration/__pycache__) by extension 'python_setup_py'
[1.169s] colcon.colcon_core.package_identification Level 1 _identify(src/fox_description_ros2) by extensions ['ignore', 'ignore_ament_install']
[1.169s] colcon.colcon_core.package_identification Level 1 _identify(src/fox_description_ros2) by extension 'ignore'
[1.169s] colcon.colcon_core.package_identification Level 1 _identify(src/fox_description_ros2) by extension 'ignore_ament_install'
[1.169s] colcon.colcon_core.package_identification Level 1 _identify(src/fox_description_ros2) by extensions ['colcon_pkg']
[1.169s] colcon.colcon_core.package_identification Level 1 _identify(src/fox_description_ros2) by extension 'colcon_pkg'
[1.169s] colcon.colcon_core.package_identification Level 1 _identify(src/fox_description_ros2) by extensions ['colcon_meta']
[1.169s] colcon.colcon_core.package_identification Level 1 _identify(src/fox_description_ros2) by extension 'colcon_meta'
[1.169s] colcon.colcon_core.package_identification Level 1 _identify(src/fox_description_ros2) by extensions ['ros']
[1.169s] colcon.colcon_core.package_identification Level 1 _identify(src/fox_description_ros2) by extension 'ros'
[1.171s] colcon.colcon_core.package_identification DEBUG Package 'src/fox_description_ros2' with type 'ros.ament_cmake' and name 'fox_description_ros2'
[1.171s] colcon.colcon_core.package_identification Level 1 _identify(src/fox_grape_harvest) by extensions ['ignore', 'ignore_ament_install']
[1.171s] colcon.colcon_core.package_identification Level 1 _identify(src/fox_grape_harvest) by extension 'ignore'
[1.172s] colcon.colcon_core.package_identification Level 1 _identify(src/fox_grape_harvest) by extension 'ignore_ament_install'
[1.172s] colcon.colcon_core.package_identification Level 1 _identify(src/fox_grape_harvest) by extensions ['colcon_pkg']
[1.172s] colcon.colcon_core.package_identification Level 1 _identify(src/fox_grape_harvest) by extension 'colcon_pkg'
[1.172s] colcon.colcon_core.package_identification Level 1 _identify(src/fox_grape_harvest) by extensions ['colcon_meta']
[1.172s] colcon.colcon_core.package_identification Level 1 _identify(src/fox_grape_harvest) by extension 'colcon_meta'
[1.172s] colcon.colcon_core.package_identification Level 1 _identify(src/fox_grape_harvest) by extensions ['ros']
[1.172s] colcon.colcon_core.package_identification Level 1 _identify(src/fox_grape_harvest) by extension 'ros'
[1.175s] colcon.colcon_core.package_identification DEBUG Package 'src/fox_grape_harvest' with type 'ros.ament_python' and name 'fox_grape_harvest'
[1.176s] colcon.colcon_core.package_identification Level 1 _identify(src/fox_navigation_ros2) by extensions ['ignore', 'ignore_ament_install']
[1.176s] colcon.colcon_core.package_identification Level 1 _identify(src/fox_navigation_ros2) by extension 'ignore'
[1.176s] colcon.colcon_core.package_identification Level 1 _identify(src/fox_navigation_ros2) by extension 'ignore_ament_install'
[1.176s] colcon.colcon_core.package_identification Level 1 _identify(src/fox_navigation_ros2) by extensions ['colcon_pkg']
[1.176s] colcon.colcon_core.package_identification Level 1 _identify(src/fox_navigation_ros2) by extension 'colcon_pkg'
[1.176s] colcon.colcon_core.package_identification Level 1 _identify(src/fox_navigation_ros2) by extensions ['colcon_meta']
[1.177s] colcon.colcon_core.package_identification Level 1 _identify(src/fox_navigation_ros2) by extension 'colcon_meta'
[1.177s] colcon.colcon_core.package_identification Level 1 _identify(src/fox_navigation_ros2) by extensions ['ros']
[1.177s] colcon.colcon_core.package_identification Level 1 _identify(src/fox_navigation_ros2) by extension 'ros'
[1.179s] colcon.colcon_core.package_identification DEBUG Package 'src/fox_navigation_ros2' with type 'ros.ament_cmake' and name 'fox_navigation_ros2'
[1.180s] colcon.colcon_core.package_identification Level 1 _identify(src/fox_slam_ros2) by extensions ['ignore', 'ignore_ament_install']
[1.180s] colcon.colcon_core.package_identification Level 1 _identify(src/fox_slam_ros2) by extension 'ignore'
[1.180s] colcon.colcon_core.package_identification Level 1 _identify(src/fox_slam_ros2) by extension 'ignore_ament_install'
[1.180s] colcon.colcon_core.package_identification Level 1 _identify(src/fox_slam_ros2) by extensions ['colcon_pkg']
[1.180s] colcon.colcon_core.package_identification Level 1 _identify(src/fox_slam_ros2) by extension 'colcon_pkg'
[1.180s] colcon.colcon_core.package_identification Level 1 _identify(src/fox_slam_ros2) by extensions ['colcon_meta']
[1.180s] colcon.colcon_core.package_identification Level 1 _identify(src/fox_slam_ros2) by extension 'colcon_meta'
[1.181s] colcon.colcon_core.package_identification Level 1 _identify(src/fox_slam_ros2) by extensions ['ros']
[1.181s] colcon.colcon_core.package_identification Level 1 _identify(src/fox_slam_ros2) by extension 'ros'
[1.183s] colcon.colcon_core.package_identification DEBUG Package 'src/fox_slam_ros2' with type 'ros.ament_cmake' and name 'fox_slam_ros2'
[1.184s] colcon.colcon_core.package_identification Level 1 _identify(src/fox_webui) by extensions ['ignore', 'ignore_ament_install']
[1.184s] colcon.colcon_core.package_identification Level 1 _identify(src/fox_webui) by extension 'ignore'
[1.184s] colcon.colcon_core.package_identification Level 1 _identify(src/fox_webui) by extension 'ignore_ament_install'
[1.184s] colcon.colcon_core.package_identification Level 1 _identify(src/fox_webui) by extensions ['colcon_pkg']
[1.184s] colcon.colcon_core.package_identification Level 1 _identify(src/fox_webui) by extension 'colcon_pkg'
[1.184s] colcon.colcon_core.package_identification Level 1 _identify(src/fox_webui) by extensions ['colcon_meta']
[1.184s] colcon.colcon_core.package_identification Level 1 _identify(src/fox_webui) by extension 'colcon_meta'
[1.185s] colcon.colcon_core.package_identification Level 1 _identify(src/fox_webui) by extensions ['ros']
[1.185s] colcon.colcon_core.package_identification Level 1 _identify(src/fox_webui) by extension 'ros'
[1.187s] colcon.colcon_core.package_identification DEBUG Package 'src/fox_webui' with type 'ros.ament_python' and name 'fox_webui'
[1.187s] colcon.colcon_core.package_identification Level 1 _identify(src/gripper_control) by extensions ['ignore', 'ignore_ament_install']
[1.187s] colcon.colcon_core.package_identification Level 1 _identify(src/gripper_control) by extension 'ignore'
[1.187s] colcon.colcon_core.package_identification Level 1 _identify(src/gripper_control) by extension 'ignore_ament_install'
[1.187s] colcon.colcon_core.package_identification Level 1 _identify(src/gripper_control) by extensions ['colcon_pkg']
[1.187s] colcon.colcon_core.package_identification Level 1 _identify(src/gripper_control) by extension 'colcon_pkg'
[1.188s] colcon.colcon_core.package_identification Level 1 _identify(src/gripper_control) by extensions ['colcon_meta']
[1.188s] colcon.colcon_core.package_identification Level 1 _identify(src/gripper_control) by extension 'colcon_meta'
[1.188s] colcon.colcon_core.package_identification Level 1 _identify(src/gripper_control) by extensions ['ros']
[1.188s] colcon.colcon_core.package_identification Level 1 _identify(src/gripper_control) by extension 'ros'
[1.190s] colcon.colcon_core.package_identification DEBUG Package 'src/gripper_control' with type 'ros.ament_cmake' and name 'gripper_control'
[1.190s] colcon.colcon_core.package_identification Level 1 _identify(src/jie_ware) by extensions ['ignore', 'ignore_ament_install']
[1.191s] colcon.colcon_core.package_identification Level 1 _identify(src/jie_ware) by extension 'ignore'
[1.191s] colcon.colcon_core.package_identification Level 1 _identify(src/jie_ware) by extension 'ignore_ament_install'
[1.191s] colcon.colcon_core.package_identification Level 1 _identify(src/jie_ware) by extensions ['colcon_pkg']
[1.191s] colcon.colcon_core.package_identification Level 1 _identify(src/jie_ware) by extension 'colcon_pkg'
[1.191s] colcon.colcon_core.package_identification Level 1 _identify(src/jie_ware) by extensions ['colcon_meta']
[1.191s] colcon.colcon_core.package_identification Level 1 _identify(src/jie_ware) by extension 'colcon_meta'
[1.191s] colcon.colcon_core.package_identification Level 1 _identify(src/jie_ware) by extensions ['ros']
[1.192s] colcon.colcon_core.package_identification Level 1 _identify(src/jie_ware) by extension 'ros'
[1.194s] colcon.colcon_core.package_identification DEBUG Package 'src/jie_ware' with type 'ros.catkin' and name 'jie_ware'
[1.194s] colcon.colcon_core.package_identification Level 1 _identify(src/rei_robot_base) by extensions ['ignore', 'ignore_ament_install']
[1.194s] colcon.colcon_core.package_identification Level 1 _identify(src/rei_robot_base) by extension 'ignore'
[1.194s] colcon.colcon_core.package_identification Level 1 _identify(src/rei_robot_base) by extension 'ignore_ament_install'
[1.195s] colcon.colcon_core.package_identification Level 1 _identify(src/rei_robot_base) by extensions ['colcon_pkg']
[1.195s] colcon.colcon_core.package_identification Level 1 _identify(src/rei_robot_base) by extension 'colcon_pkg'
[1.195s] colcon.colcon_core.package_identification Level 1 _identify(src/rei_robot_base) by extensions ['colcon_meta']
[1.195s] colcon.colcon_core.package_identification Level 1 _identify(src/rei_robot_base) by extension 'colcon_meta'
[1.195s] colcon.colcon_core.package_identification Level 1 _identify(src/rei_robot_base) by extensions ['ros']
[1.195s] colcon.colcon_core.package_identification Level 1 _identify(src/rei_robot_base) by extension 'ros'
[1.198s] colcon.colcon_core.package_identification DEBUG Package 'src/rei_robot_base' with type 'ros.ament_cmake' and name 'rei_robot_base'
[1.198s] colcon.colcon_core.package_identification Level 1 _identify(src/ydlidar_ros2_driver) by extensions ['ignore', 'ignore_ament_install']
[1.199s] colcon.colcon_core.package_identification Level 1 _identify(src/ydlidar_ros2_driver) by extension 'ignore'
[1.199s] colcon.colcon_core.package_identification Level 1 _identify(src/ydlidar_ros2_driver) by extension 'ignore_ament_install'
[1.199s] colcon.colcon_core.package_identification Level 1 _identify(src/ydlidar_ros2_driver) by extensions ['colcon_pkg']
[1.199s] colcon.colcon_core.package_identification Level 1 _identify(src/ydlidar_ros2_driver) by extension 'colcon_pkg'
[1.199s] colcon.colcon_core.package_identification Level 1 _identify(src/ydlidar_ros2_driver) by extensions ['colcon_meta']
[1.199s] colcon.colcon_core.package_identification Level 1 _identify(src/ydlidar_ros2_driver) by extension 'colcon_meta'
[1.199s] colcon.colcon_core.package_identification Level 1 _identify(src/ydlidar_ros2_driver) by extensions ['ros']
[1.199s] colcon.colcon_core.package_identification Level 1 _identify(src/ydlidar_ros2_driver) by extension 'ros'
[1.201s] colcon.colcon_core.package_identification DEBUG Package 'src/ydlidar_ros2_driver' with type 'ros.ament_cmake' and name 'ydlidar_ros2_driver'
[1.201s] colcon.colcon_core.package_discovery Level 1 discover_packages(recursive) using defaults
[1.203s] colcon.colcon_core.package_discovery Level 1 discover_packages(ignore) discover
[1.204s] colcon.colcon_core.package_discovery Level 1 discover_packages(ignore) using defaults
[1.204s] colcon.colcon_core.package_discovery Level 1 discover_packages(path) discover
[1.204s] colcon.colcon_core.package_discovery Level 1 discover_packages(path) using defaults
[1.283s] colcon.colcon_core.package_selection INFO Skipping not selected package 'arm_controller' in 'src/arm_controller'
[1.283s] colcon.colcon_core.package_selection INFO Skipping not selected package 'fox_description_ros2' in 'src/fox_description_ros2'
[1.284s] colcon.colcon_core.package_selection INFO Skipping not selected package 'gripper_control' in 'src/gripper_control'
[1.284s] colcon.colcon_core.package_selection INFO Skipping not selected package 'jie_ware' in 'src/jie_ware'
[1.284s] colcon.colcon_core.package_selection INFO Skipping not selected package 'orbbec_camera_msgs' in 'src/OrbbecSDK_ROS2/orbbec_camera_msgs'
[1.284s] colcon.colcon_core.package_selection INFO Skipping not selected package 'orbbec_description' in 'src/OrbbecSDK_ROS2/orbbec_description'
[1.284s] colcon.colcon_core.package_selection INFO Skipping not selected package 'rei_robot_base' in 'src/rei_robot_base'
[1.284s] colcon.colcon_core.package_selection INFO Skipping not selected package 'ydlidar_ros2_driver' in 'src/ydlidar_ros2_driver'
[1.284s] colcon.colcon_core.package_selection INFO Skipping not selected package 'fox_grape_harvest' in 'src/fox_grape_harvest'
[1.284s] colcon.colcon_core.package_selection INFO Skipping not selected package 'fox_navigation_ros2' in 'src/fox_navigation_ros2'
[1.284s] colcon.colcon_core.package_selection INFO Skipping not selected package 'fox_slam_ros2' in 'src/fox_slam_ros2'
[1.284s] colcon.colcon_core.package_selection INFO Skipping not selected package 'orbbec_camera' in 'src/OrbbecSDK_ROS2/orbbec_camera'
[1.287s] colcon.colcon_core.package_discovery Level 1 discover_packages(prefix_path) check parameters
[1.287s] colcon.colcon_core.package_discovery Level 1 discover_packages(prefix_path) discover
[1.299s] colcon.colcon_installed_package_information.package_discovery DEBUG Found 361 installed packages in /opt/ros/humble
[1.305s] colcon.colcon_installed_package_information.package_discovery DEBUG Found 12 installed packages in /home/ubuntu/ros2fox/install
[1.305s] colcon.colcon_core.package_discovery Level 1 discover_packages(prefix_path) using defaults
[1.420s] colcon.colcon_core.verb Level 5 set package 'fox_webui' build argument 'cmake_args' from command line to 'None'
[1.421s] colcon.colcon_core.verb Level 5 set package 'fox_webui' build argument 'cmake_target' from command line to 'None'
[1.421s] colcon.colcon_core.verb Level 5 set package 'fox_webui' build argument 'cmake_target_skip_unavailable' from command line to 'False'
[1.421s] colcon.colcon_core.verb Level 5 set package 'fox_webui' build argument 'cmake_clean_cache' from command line to 'False'
[1.421s] colcon.colcon_core.verb Level 5 set package 'fox_webui' build argument 'cmake_clean_first' from command line to 'False'
[1.421s] colcon.colcon_core.verb Level 5 set package 'fox_webui' build argument 'cmake_force_configure' from command line to 'False'
[1.421s] colcon.colcon_core.verb Level 5 set package 'fox_webui' build argument 'ament_cmake_args' from command line to 'None'
[1.421s] colcon.colcon_core.verb Level 5 set package 'fox_webui' build argument 'catkin_cmake_args' from command line to 'None'
[1.421s] colcon.colcon_core.verb Level 5 set package 'fox_webui' build argument 'catkin_skip_building_tests' from command line to 'False'
[1.421s] colcon.colcon_core.verb DEBUG Building package 'fox_webui' with the following arguments: {'ament_cmake_args': None, 'build_base': '/home/ubuntu/ros2fox/build/fox_webui', 'catkin_cmake_args': None, 'catkin_skip_building_tests': False, 'cmake_args': None, 'cmake_clean_cache': False, 'cmake_clean_first': False, 'cmake_force_configure': False, 'cmake_target': None, 'cmake_target_skip_unavailable': False, 'install_base': '/home/ubuntu/ros2fox/install/fox_webui', 'merge_install': False, 'path': '/home/ubuntu/ros2fox/src/fox_webui', 'symlink_install': False, 'test_result_base': None}
[1.422s] colcon.colcon_core.executor INFO Executing jobs using 'parallel' executor
[1.424s] colcon.colcon_parallel_executor.executor.parallel DEBUG run_until_complete
[1.425s] colcon.colcon_ros.task.ament_python.build INFO Building ROS package in '/home/ubuntu/ros2fox/src/fox_webui' with build type 'ament_python'
[1.425s] colcon.colcon_core.shell Level 1 create_environment_hook('fox_webui', 'ament_prefix_path')
[1.442s] colcon.colcon_core.plugin_system INFO Skipping extension 'colcon_core.shell.bat': Not used on non-Windows systems
[1.443s] colcon.colcon_core.shell INFO Creating environment hook '/home/ubuntu/ros2fox/install/fox_webui/share/fox_webui/hook/ament_prefix_path.ps1'
[1.445s] colcon.colcon_core.shell INFO Creating environment descriptor '/home/ubuntu/ros2fox/install/fox_webui/share/fox_webui/hook/ament_prefix_path.dsv'
[1.453s] colcon.colcon_core.shell INFO Creating environment hook '/home/ubuntu/ros2fox/install/fox_webui/share/fox_webui/hook/ament_prefix_path.sh'
[1.462s] colcon.colcon_core.shell INFO Skip shell extension 'powershell' for command environment: Not usable outside of PowerShell
[1.463s] colcon.colcon_core.shell DEBUG Skip shell extension 'dsv' for command environment
[2.103s] colcon.colcon_core.task.python.build INFO Building Python package in '/home/ubuntu/ros2fox/src/fox_webui'
[2.104s] colcon.colcon_core.shell INFO Skip shell extension 'powershell' for command environment: Not usable outside of PowerShell
[2.104s] colcon.colcon_core.shell DEBUG Skip shell extension 'dsv' for command environment
[4.720s] colcon.colcon_core.event_handler.log_command DEBUG Invoking command in '/home/ubuntu/ros2fox/src/fox_webui': AMENT_PREFIX_PATH=/home/ubuntu/ros2fox/install/fox_grape_harvest:/home/ubuntu/ros2fox/install/rei_robot_base:${AMENT_PREFIX_PATH} CMAKE_PREFIX_PATH=/home/ubuntu/ros2fox/install/rei_robot_base:/home/ubuntu/ros2fox/install/arm_controller LD_LIBRARY_PATH=/home/ubuntu/ros2fox/install/rei_robot_base/lib:/home/ubuntu/ros2fox/install/arm_controller/lib:/opt/ros/humble/lib:/usr/local/cuda/lib64:/opt/ros/humble/lib:/usr/local/cuda/lib64 PYTHONPATH=/home/ubuntu/ros2fox/build/fox_webui/prefix_override:/home/ubuntu/ros2fox/install/fox_webui/lib/python3.10/site-packages:/home/ubuntu/ros2fox/install/fox_grape_harvest/lib/python3.10/site-packages:/home/ubuntu/ros2fox/install/rei_robot_base/local/lib/python3.10/dist-packages:/home/ubuntu/ros2fox/install/arm_controller/local/lib/python3.10/dist-packages:${PYTHONPATH} /usr/bin/python3 -W ignore:setup.py install is deprecated setup.py egg_info --egg-base ../../build/fox_webui build --build-base /home/ubuntu/ros2fox/build/fox_webui/build install --record /home/ubuntu/ros2fox/build/fox_webui/install.log --single-version-externally-managed install_data
[6.260s] colcon.colcon_core.event_handler.log_command DEBUG Invoked command in '/home/ubuntu/ros2fox/src/fox_webui' returned '0': AMENT_PREFIX_PATH=/home/ubuntu/ros2fox/install/fox_grape_harvest:/home/ubuntu/ros2fox/install/rei_robot_base:${AMENT_PREFIX_PATH} CMAKE_PREFIX_PATH=/home/ubuntu/ros2fox/install/rei_robot_base:/home/ubuntu/ros2fox/install/arm_controller LD_LIBRARY_PATH=/home/ubuntu/ros2fox/install/rei_robot_base/lib:/home/ubuntu/ros2fox/install/arm_controller/lib:/opt/ros/humble/lib:/usr/local/cuda/lib64:/opt/ros/humble/lib:/usr/local/cuda/lib64 PYTHONPATH=/home/ubuntu/ros2fox/build/fox_webui/prefix_override:/home/ubuntu/ros2fox/install/fox_webui/lib/python3.10/site-packages:/home/ubuntu/ros2fox/install/fox_grape_harvest/lib/python3.10/site-packages:/home/ubuntu/ros2fox/install/rei_robot_base/local/lib/python3.10/dist-packages:/home/ubuntu/ros2fox/install/arm_controller/local/lib/python3.10/dist-packages:${PYTHONPATH} /usr/bin/python3 -W ignore:setup.py install is deprecated setup.py egg_info --egg-base ../../build/fox_webui build --build-base /home/ubuntu/ros2fox/build/fox_webui/build install --record /home/ubuntu/ros2fox/build/fox_webui/install.log --single-version-externally-managed install_data
[6.339s] colcon.colcon_core.environment Level 1 checking '/home/ubuntu/ros2fox/install/fox_webui' for CMake module files
[6.341s] colcon.colcon_core.environment Level 1 checking '/home/ubuntu/ros2fox/install/fox_webui' for CMake config files
[6.345s] colcon.colcon_core.environment Level 1 checking '/home/ubuntu/ros2fox/install/fox_webui/lib'
[6.351s] colcon.colcon_core.environment Level 1 checking '/home/ubuntu/ros2fox/install/fox_webui/bin'
[6.352s] colcon.colcon_core.environment Level 1 checking '/home/ubuntu/ros2fox/install/fox_webui/lib/pkgconfig/fox_webui.pc'
[6.353s] colcon.colcon_core.environment Level 1 checking '/home/ubuntu/ros2fox/install/fox_webui/lib/python3.10/site-packages'
[6.357s] colcon.colcon_core.shell Level 1 create_environment_hook('fox_webui', 'pythonpath')
[6.359s] colcon.colcon_core.shell INFO Creating environment hook '/home/ubuntu/ros2fox/install/fox_webui/share/fox_webui/hook/pythonpath.ps1'
[6.361s] colcon.colcon_core.shell INFO Creating environment descriptor '/home/ubuntu/ros2fox/install/fox_webui/share/fox_webui/hook/pythonpath.dsv'
[6.366s] colcon.colcon_core.shell INFO Creating environment hook '/home/ubuntu/ros2fox/install/fox_webui/share/fox_webui/hook/pythonpath.sh'
[6.369s] colcon.colcon_core.environment Level 1 checking '/home/ubuntu/ros2fox/install/fox_webui/bin'
[6.369s] colcon.colcon_core.environment Level 1 create_environment_scripts_only(fox_webui)
[6.371s] colcon.colcon_core.shell INFO Creating package script '/home/ubuntu/ros2fox/install/fox_webui/share/fox_webui/package.ps1'
[6.375s] colcon.colcon_core.shell INFO Creating package descriptor '/home/ubuntu/ros2fox/install/fox_webui/share/fox_webui/package.dsv'
[6.386s] colcon.colcon_core.shell INFO Creating package script '/home/ubuntu/ros2fox/install/fox_webui/share/fox_webui/package.sh'
[6.397s] colcon.colcon_core.shell INFO Creating package script '/home/ubuntu/ros2fox/install/fox_webui/share/fox_webui/package.bash'
[6.402s] colcon.colcon_core.shell INFO Creating package script '/home/ubuntu/ros2fox/install/fox_webui/share/fox_webui/package.zsh'
[6.405s] colcon.colcon_core.environment Level 1 create_file_with_runtime_dependencies(/home/ubuntu/ros2fox/install/fox_webui/share/colcon-core/packages/fox_webui)
[6.407s] colcon.colcon_parallel_executor.executor.parallel DEBUG closing loop
[6.409s] colcon.colcon_parallel_executor.executor.parallel DEBUG loop closed
[6.409s] colcon.colcon_parallel_executor.executor.parallel DEBUG run_until_complete finished with '0'
[6.409s] colcon.colcon_core.event_reactor DEBUG joining thread
[6.449s] colcon.colcon_core.plugin_system INFO Skipping extension 'colcon_notification.desktop_notification.terminal_notifier': Not used on non-Darwin systems
[6.450s] colcon.colcon_core.plugin_system INFO Skipping extension 'colcon_notification.desktop_notification.win32': Not used on non-Windows systems
[6.450s] colcon.colcon_notification.desktop_notification INFO Sending desktop notification using 'notify2'
[6.504s] colcon.colcon_core.event_reactor DEBUG joined thread
[6.506s] colcon.colcon_core.shell INFO Creating prefix script '/home/ubuntu/ros2fox/install/local_setup.ps1'
[6.518s] colcon.colcon_core.shell INFO Creating prefix util module '/home/ubuntu/ros2fox/install/_local_setup_util_ps1.py'
[6.528s] colcon.colcon_core.shell INFO Creating prefix chain script '/home/ubuntu/ros2fox/install/setup.ps1'
[6.544s] colcon.colcon_core.shell INFO Creating prefix script '/home/ubuntu/ros2fox/install/local_setup.sh'
[6.547s] colcon.colcon_core.shell INFO Creating prefix util module '/home/ubuntu/ros2fox/install/_local_setup_util_sh.py'
[6.549s] colcon.colcon_core.shell INFO Creating prefix chain script '/home/ubuntu/ros2fox/install/setup.sh'
[6.560s] colcon.colcon_core.shell INFO Creating prefix script '/home/ubuntu/ros2fox/install/local_setup.bash'
[6.565s] colcon.colcon_core.shell INFO Creating prefix chain script '/home/ubuntu/ros2fox/install/setup.bash'
[6.572s] colcon.colcon_core.shell INFO Creating prefix script '/home/ubuntu/ros2fox/install/local_setup.zsh'
[6.575s] colcon.colcon_core.shell INFO Creating prefix chain script '/home/ubuntu/ros2fox/install/setup.zsh'
