[2.129s] colcon DEBUG Command line arguments: ['/home/ubuntu/.local/bin/colcon', 'build', '--packages-select', 'fox_grape_harvest']
[2.129s] colcon DEBUG Parsed command line arguments: Namespace(log_base=None, log_level=None, verb_name='build', build_base='build', install_base='install', merge_install=False, symlink_install=False, test_result_base=None, continue_on_error=False, executor='parallel', parallel_workers=6, event_handlers=None, ignore_user_meta=False, metas=['./colcon.meta'], base_paths=['.'], packages_ignore=None, packages_ignore_regex=None, paths=None, packages_up_to=None, packages_up_to_regex=None, packages_above=None, packages_above_and_dependencies=None, packages_above_depth=None, packages_select_by_dep=None, packages_skip_by_dep=None, packages_skip_up_to=None, packages_select_build_failed=False, packages_skip_build_finished=False, packages_select_test_failures=False, packages_skip_test_passed=False, packages_select=['fox_grape_harvest'], packages_skip=None, packages_select_regex=None, packages_skip_regex=None, packages_start=None, packages_end=None, allow_overriding=[], cmake_args=None, cmake_target=None, cmake_target_skip_unavailable=False, cmake_clean_cache=False, cmake_clean_first=False, cmake_force_configure=False, ament_cmake_args=None, catkin_cmake_args=None, catkin_skip_building_tests=False, verb_parser=<colcon_defaults.argument_parser.defaults.DefaultArgumentsDecorator object at 0xffffb9407fd0>, verb_extension=<colcon_core.verb.build.BuildVerb object at 0xffffb93352d0>, main=<bound method BuildVerb.main of <colcon_core.verb.build.BuildVerb object at 0xffffb93352d0>>)
[2.637s] colcon.colcon_core.package_discovery Level 1 discover_packages(colcon_meta) check parameters
[2.637s] colcon.colcon_core.package_discovery Level 1 discover_packages(recursive) check parameters
[2.637s] colcon.colcon_core.package_discovery Level 1 discover_packages(ignore) check parameters
[2.638s] colcon.colcon_core.package_discovery Level 1 discover_packages(path) check parameters
[2.638s] colcon.colcon_core.package_discovery Level 1 discover_packages(colcon_meta) discover
[2.638s] colcon.colcon_core.package_discovery Level 1 discover_packages(recursive) discover
[2.638s] colcon.colcon_core.package_discovery INFO Crawling recursively for packages in '/home/ubuntu/ros2fox'
[2.639s] colcon.colcon_core.package_identification Level 1 _identify(.) by extensions ['ignore', 'ignore_ament_install']
[2.639s] colcon.colcon_core.package_identification Level 1 _identify(.) by extension 'ignore'
[2.639s] colcon.colcon_core.package_identification Level 1 _identify(.) by extension 'ignore_ament_install'
[2.639s] colcon.colcon_core.package_identification Level 1 _identify(.) by extensions ['colcon_pkg']
[2.640s] colcon.colcon_core.package_identification Level 1 _identify(.) by extension 'colcon_pkg'
[2.640s] colcon.colcon_core.package_identification Level 1 _identify(.) by extensions ['colcon_meta']
[2.640s] colcon.colcon_core.package_identification Level 1 _identify(.) by extension 'colcon_meta'
[2.640s] colcon.colcon_core.package_identification Level 1 _identify(.) by extensions ['ros']
[2.640s] colcon.colcon_core.package_identification Level 1 _identify(.) by extension 'ros'
[2.729s] colcon.colcon_core.package_identification Level 1 _identify(.) by extensions ['cmake', 'python']
[2.729s] colcon.colcon_core.package_identification Level 1 _identify(.) by extension 'cmake'
[2.730s] colcon.colcon_core.package_identification Level 1 _identify(.) by extension 'python'
[2.730s] colcon.colcon_core.package_identification Level 1 _identify(.) by extensions ['python_setup_py']
[2.730s] colcon.colcon_core.package_identification Level 1 _identify(.) by extension 'python_setup_py'
[2.730s] colcon.colcon_core.package_identification Level 1 _identify(Log) by extensions ['ignore', 'ignore_ament_install']
[2.730s] colcon.colcon_core.package_identification Level 1 _identify(Log) by extension 'ignore'
[2.731s] colcon.colcon_core.package_identification Level 1 _identify(Log) by extension 'ignore_ament_install'
[2.731s] colcon.colcon_core.package_identification Level 1 _identify(Log) by extensions ['colcon_pkg']
[2.731s] colcon.colcon_core.package_identification Level 1 _identify(Log) by extension 'colcon_pkg'
[2.731s] colcon.colcon_core.package_identification Level 1 _identify(Log) by extensions ['colcon_meta']
[2.731s] colcon.colcon_core.package_identification Level 1 _identify(Log) by extension 'colcon_meta'
[2.731s] colcon.colcon_core.package_identification Level 1 _identify(Log) by extensions ['ros']
[2.731s] colcon.colcon_core.package_identification Level 1 _identify(Log) by extension 'ros'
[2.732s] colcon.colcon_core.package_identification Level 1 _identify(Log) by extensions ['cmake', 'python']
[2.732s] colcon.colcon_core.package_identification Level 1 _identify(Log) by extension 'cmake'
[2.732s] colcon.colcon_core.package_identification Level 1 _identify(Log) by extension 'python'
[2.732s] colcon.colcon_core.package_identification Level 1 _identify(Log) by extensions ['python_setup_py']
[2.732s] colcon.colcon_core.package_identification Level 1 _identify(Log) by extension 'python_setup_py'
[2.732s] colcon.colcon_core.package_identification Level 1 _identify(build) by extensions ['ignore', 'ignore_ament_install']
[2.732s] colcon.colcon_core.package_identification Level 1 _identify(build) by extension 'ignore'
[2.733s] colcon.colcon_core.package_identification Level 1 _identify(build) ignored
[2.733s] colcon.colcon_core.package_identification Level 1 _identify(calib_data) by extensions ['ignore', 'ignore_ament_install']
[2.733s] colcon.colcon_core.package_identification Level 1 _identify(calib_data) by extension 'ignore'
[2.733s] colcon.colcon_core.package_identification Level 1 _identify(calib_data) by extension 'ignore_ament_install'
[2.733s] colcon.colcon_core.package_identification Level 1 _identify(calib_data) by extensions ['colcon_pkg']
[2.733s] colcon.colcon_core.package_identification Level 1 _identify(calib_data) by extension 'colcon_pkg'
[2.734s] colcon.colcon_core.package_identification Level 1 _identify(calib_data) by extensions ['colcon_meta']
[2.734s] colcon.colcon_core.package_identification Level 1 _identify(calib_data) by extension 'colcon_meta'
[2.734s] colcon.colcon_core.package_identification Level 1 _identify(calib_data) by extensions ['ros']
[2.734s] colcon.colcon_core.package_identification Level 1 _identify(calib_data) by extension 'ros'
[2.734s] colcon.colcon_core.package_identification Level 1 _identify(calib_data) by extensions ['cmake', 'python']
[2.734s] colcon.colcon_core.package_identification Level 1 _identify(calib_data) by extension 'cmake'
[2.734s] colcon.colcon_core.package_identification Level 1 _identify(calib_data) by extension 'python'
[2.734s] colcon.colcon_core.package_identification Level 1 _identify(calib_data) by extensions ['python_setup_py']
[2.734s] colcon.colcon_core.package_identification Level 1 _identify(calib_data) by extension 'python_setup_py'
[2.735s] colcon.colcon_core.package_identification Level 1 _identify(calib_data/color) by extensions ['ignore', 'ignore_ament_install']
[2.735s] colcon.colcon_core.package_identification Level 1 _identify(calib_data/color) by extension 'ignore'
[2.735s] colcon.colcon_core.package_identification Level 1 _identify(calib_data/color) by extension 'ignore_ament_install'
[2.735s] colcon.colcon_core.package_identification Level 1 _identify(calib_data/color) by extensions ['colcon_pkg']
[2.735s] colcon.colcon_core.package_identification Level 1 _identify(calib_data/color) by extension 'colcon_pkg'
[2.735s] colcon.colcon_core.package_identification Level 1 _identify(calib_data/color) by extensions ['colcon_meta']
[2.735s] colcon.colcon_core.package_identification Level 1 _identify(calib_data/color) by extension 'colcon_meta'
[2.736s] colcon.colcon_core.package_identification Level 1 _identify(calib_data/color) by extensions ['ros']
[2.736s] colcon.colcon_core.package_identification Level 1 _identify(calib_data/color) by extension 'ros'
[2.736s] colcon.colcon_core.package_identification Level 1 _identify(calib_data/color) by extensions ['cmake', 'python']
[2.736s] colcon.colcon_core.package_identification Level 1 _identify(calib_data/color) by extension 'cmake'
[2.736s] colcon.colcon_core.package_identification Level 1 _identify(calib_data/color) by extension 'python'
[2.736s] colcon.colcon_core.package_identification Level 1 _identify(calib_data/color) by extensions ['python_setup_py']
[2.736s] colcon.colcon_core.package_identification Level 1 _identify(calib_data/color) by extension 'python_setup_py'
[2.737s] colcon.colcon_core.package_identification Level 1 _identify(calib_data/color_old) by extensions ['ignore', 'ignore_ament_install']
[2.737s] colcon.colcon_core.package_identification Level 1 _identify(calib_data/color_old) by extension 'ignore'
[2.737s] colcon.colcon_core.package_identification Level 1 _identify(calib_data/color_old) by extension 'ignore_ament_install'
[2.737s] colcon.colcon_core.package_identification Level 1 _identify(calib_data/color_old) by extensions ['colcon_pkg']
[2.737s] colcon.colcon_core.package_identification Level 1 _identify(calib_data/color_old) by extension 'colcon_pkg'
[2.737s] colcon.colcon_core.package_identification Level 1 _identify(calib_data/color_old) by extensions ['colcon_meta']
[2.737s] colcon.colcon_core.package_identification Level 1 _identify(calib_data/color_old) by extension 'colcon_meta'
[2.738s] colcon.colcon_core.package_identification Level 1 _identify(calib_data/color_old) by extensions ['ros']
[2.738s] colcon.colcon_core.package_identification Level 1 _identify(calib_data/color_old) by extension 'ros'
[2.738s] colcon.colcon_core.package_identification Level 1 _identify(calib_data/color_old) by extensions ['cmake', 'python']
[2.739s] colcon.colcon_core.package_identification Level 1 _identify(calib_data/color_old) by extension 'cmake'
[2.739s] colcon.colcon_core.package_identification Level 1 _identify(calib_data/color_old) by extension 'python'
[2.739s] colcon.colcon_core.package_identification Level 1 _identify(calib_data/color_old) by extensions ['python_setup_py']
[2.739s] colcon.colcon_core.package_identification Level 1 _identify(calib_data/color_old) by extension 'python_setup_py'
[2.740s] colcon.colcon_core.package_identification Level 1 _identify(calib_data/ir) by extensions ['ignore', 'ignore_ament_install']
[2.740s] colcon.colcon_core.package_identification Level 1 _identify(calib_data/ir) by extension 'ignore'
[2.741s] colcon.colcon_core.package_identification Level 1 _identify(calib_data/ir) by extension 'ignore_ament_install'
[2.741s] colcon.colcon_core.package_identification Level 1 _identify(calib_data/ir) by extensions ['colcon_pkg']
[2.741s] colcon.colcon_core.package_identification Level 1 _identify(calib_data/ir) by extension 'colcon_pkg'
[2.741s] colcon.colcon_core.package_identification Level 1 _identify(calib_data/ir) by extensions ['colcon_meta']
[2.741s] colcon.colcon_core.package_identification Level 1 _identify(calib_data/ir) by extension 'colcon_meta'
[2.741s] colcon.colcon_core.package_identification Level 1 _identify(calib_data/ir) by extensions ['ros']
[2.741s] colcon.colcon_core.package_identification Level 1 _identify(calib_data/ir) by extension 'ros'
[2.742s] colcon.colcon_core.package_identification Level 1 _identify(calib_data/ir) by extensions ['cmake', 'python']
[2.742s] colcon.colcon_core.package_identification Level 1 _identify(calib_data/ir) by extension 'cmake'
[2.742s] colcon.colcon_core.package_identification Level 1 _identify(calib_data/ir) by extension 'python'
[2.742s] colcon.colcon_core.package_identification Level 1 _identify(calib_data/ir) by extensions ['python_setup_py']
[2.742s] colcon.colcon_core.package_identification Level 1 _identify(calib_data/ir) by extension 'python_setup_py'
[2.742s] colcon.colcon_core.package_identification Level 1 _identify(calib_data/ir_old) by extensions ['ignore', 'ignore_ament_install']
[2.743s] colcon.colcon_core.package_identification Level 1 _identify(calib_data/ir_old) by extension 'ignore'
[2.743s] colcon.colcon_core.package_identification Level 1 _identify(calib_data/ir_old) by extension 'ignore_ament_install'
[2.743s] colcon.colcon_core.package_identification Level 1 _identify(calib_data/ir_old) by extensions ['colcon_pkg']
[2.743s] colcon.colcon_core.package_identification Level 1 _identify(calib_data/ir_old) by extension 'colcon_pkg'
[2.743s] colcon.colcon_core.package_identification Level 1 _identify(calib_data/ir_old) by extensions ['colcon_meta']
[2.743s] colcon.colcon_core.package_identification Level 1 _identify(calib_data/ir_old) by extension 'colcon_meta'
[2.743s] colcon.colcon_core.package_identification Level 1 _identify(calib_data/ir_old) by extensions ['ros']
[2.743s] colcon.colcon_core.package_identification Level 1 _identify(calib_data/ir_old) by extension 'ros'
[2.744s] colcon.colcon_core.package_identification Level 1 _identify(calib_data/ir_old) by extensions ['cmake', 'python']
[2.744s] colcon.colcon_core.package_identification Level 1 _identify(calib_data/ir_old) by extension 'cmake'
[2.744s] colcon.colcon_core.package_identification Level 1 _identify(calib_data/ir_old) by extension 'python'
[2.744s] colcon.colcon_core.package_identification Level 1 _identify(calib_data/ir_old) by extensions ['python_setup_py']
[2.744s] colcon.colcon_core.package_identification Level 1 _identify(calib_data/ir_old) by extension 'python_setup_py'
[2.744s] colcon.colcon_core.package_identification Level 1 _identify(calib_result) by extensions ['ignore', 'ignore_ament_install']
[2.744s] colcon.colcon_core.package_identification Level 1 _identify(calib_result) by extension 'ignore'
[2.745s] colcon.colcon_core.package_identification Level 1 _identify(calib_result) by extension 'ignore_ament_install'
[2.745s] colcon.colcon_core.package_identification Level 1 _identify(calib_result) by extensions ['colcon_pkg']
[2.745s] colcon.colcon_core.package_identification Level 1 _identify(calib_result) by extension 'colcon_pkg'
[2.745s] colcon.colcon_core.package_identification Level 1 _identify(calib_result) by extensions ['colcon_meta']
[2.745s] colcon.colcon_core.package_identification Level 1 _identify(calib_result) by extension 'colcon_meta'
[2.745s] colcon.colcon_core.package_identification Level 1 _identify(calib_result) by extensions ['ros']
[2.745s] colcon.colcon_core.package_identification Level 1 _identify(calib_result) by extension 'ros'
[2.745s] colcon.colcon_core.package_identification Level 1 _identify(calib_result) by extensions ['cmake', 'python']
[2.745s] colcon.colcon_core.package_identification Level 1 _identify(calib_result) by extension 'cmake'
[2.746s] colcon.colcon_core.package_identification Level 1 _identify(calib_result) by extension 'python'
[2.746s] colcon.colcon_core.package_identification Level 1 _identify(calib_result) by extensions ['python_setup_py']
[2.746s] colcon.colcon_core.package_identification Level 1 _identify(calib_result) by extension 'python_setup_py'
[2.746s] colcon.colcon_core.package_identification Level 1 _identify(dairy) by extensions ['ignore', 'ignore_ament_install']
[2.746s] colcon.colcon_core.package_identification Level 1 _identify(dairy) by extension 'ignore'
[2.746s] colcon.colcon_core.package_identification Level 1 _identify(dairy) by extension 'ignore_ament_install'
[2.746s] colcon.colcon_core.package_identification Level 1 _identify(dairy) by extensions ['colcon_pkg']
[2.748s] colcon.colcon_core.package_identification Level 1 _identify(dairy) by extension 'colcon_pkg'
[2.748s] colcon.colcon_core.package_identification Level 1 _identify(dairy) by extensions ['colcon_meta']
[2.748s] colcon.colcon_core.package_identification Level 1 _identify(dairy) by extension 'colcon_meta'
[2.748s] colcon.colcon_core.package_identification Level 1 _identify(dairy) by extensions ['ros']
[2.749s] colcon.colcon_core.package_identification Level 1 _identify(dairy) by extension 'ros'
[2.750s] colcon.colcon_core.package_identification Level 1 _identify(dairy) by extensions ['cmake', 'python']
[2.750s] colcon.colcon_core.package_identification Level 1 _identify(dairy) by extension 'cmake'
[2.750s] colcon.colcon_core.package_identification Level 1 _identify(dairy) by extension 'python'
[2.750s] colcon.colcon_core.package_identification Level 1 _identify(dairy) by extensions ['python_setup_py']
[2.750s] colcon.colcon_core.package_identification Level 1 _identify(dairy) by extension 'python_setup_py'
[2.751s] colcon.colcon_core.package_identification Level 1 _identify(docs) by extensions ['ignore', 'ignore_ament_install']
[2.751s] colcon.colcon_core.package_identification Level 1 _identify(docs) by extension 'ignore'
[2.751s] colcon.colcon_core.package_identification Level 1 _identify(docs) by extension 'ignore_ament_install'
[2.751s] colcon.colcon_core.package_identification Level 1 _identify(docs) by extensions ['colcon_pkg']
[2.751s] colcon.colcon_core.package_identification Level 1 _identify(docs) by extension 'colcon_pkg'
[2.751s] colcon.colcon_core.package_identification Level 1 _identify(docs) by extensions ['colcon_meta']
[2.751s] colcon.colcon_core.package_identification Level 1 _identify(docs) by extension 'colcon_meta'
[2.752s] colcon.colcon_core.package_identification Level 1 _identify(docs) by extensions ['ros']
[2.752s] colcon.colcon_core.package_identification Level 1 _identify(docs) by extension 'ros'
[2.752s] colcon.colcon_core.package_identification Level 1 _identify(docs) by extensions ['cmake', 'python']
[2.752s] colcon.colcon_core.package_identification Level 1 _identify(docs) by extension 'cmake'
[2.752s] colcon.colcon_core.package_identification Level 1 _identify(docs) by extension 'python'
[2.752s] colcon.colcon_core.package_identification Level 1 _identify(docs) by extensions ['python_setup_py']
[2.752s] colcon.colcon_core.package_identification Level 1 _identify(docs) by extension 'python_setup_py'
[2.752s] colcon.colcon_core.package_identification Level 1 _identify(install) by extensions ['ignore', 'ignore_ament_install']
[2.753s] colcon.colcon_core.package_identification Level 1 _identify(install) by extension 'ignore'
[2.753s] colcon.colcon_core.package_identification Level 1 _identify(install) ignored
[2.753s] colcon.colcon_core.package_identification Level 1 _identify(log) by extensions ['ignore', 'ignore_ament_install']
[2.753s] colcon.colcon_core.package_identification Level 1 _identify(log) by extension 'ignore'
[2.753s] colcon.colcon_core.package_identification Level 1 _identify(log) ignored
[2.754s] colcon.colcon_core.package_identification Level 1 _identify(maps) by extensions ['ignore', 'ignore_ament_install']
[2.754s] colcon.colcon_core.package_identification Level 1 _identify(maps) by extension 'ignore'
[2.754s] colcon.colcon_core.package_identification Level 1 _identify(maps) by extension 'ignore_ament_install'
[2.754s] colcon.colcon_core.package_identification Level 1 _identify(maps) by extensions ['colcon_pkg']
[2.754s] colcon.colcon_core.package_identification Level 1 _identify(maps) by extension 'colcon_pkg'
[2.754s] colcon.colcon_core.package_identification Level 1 _identify(maps) by extensions ['colcon_meta']
[2.754s] colcon.colcon_core.package_identification Level 1 _identify(maps) by extension 'colcon_meta'
[2.755s] colcon.colcon_core.package_identification Level 1 _identify(maps) by extensions ['ros']
[2.755s] colcon.colcon_core.package_identification Level 1 _identify(maps) by extension 'ros'
[2.755s] colcon.colcon_core.package_identification Level 1 _identify(maps) by extensions ['cmake', 'python']
[2.755s] colcon.colcon_core.package_identification Level 1 _identify(maps) by extension 'cmake'
[2.755s] colcon.colcon_core.package_identification Level 1 _identify(maps) by extension 'python'
[2.755s] colcon.colcon_core.package_identification Level 1 _identify(maps) by extensions ['python_setup_py']
[2.755s] colcon.colcon_core.package_identification Level 1 _identify(maps) by extension 'python_setup_py'
[2.755s] colcon.colcon_core.package_identification Level 1 _identify(models) by extensions ['ignore', 'ignore_ament_install']
[2.756s] colcon.colcon_core.package_identification Level 1 _identify(models) by extension 'ignore'
[2.756s] colcon.colcon_core.package_identification Level 1 _identify(models) by extension 'ignore_ament_install'
[2.756s] colcon.colcon_core.package_identification Level 1 _identify(models) by extensions ['colcon_pkg']
[2.756s] colcon.colcon_core.package_identification Level 1 _identify(models) by extension 'colcon_pkg'
[2.756s] colcon.colcon_core.package_identification Level 1 _identify(models) by extensions ['colcon_meta']
[2.756s] colcon.colcon_core.package_identification Level 1 _identify(models) by extension 'colcon_meta'
[2.759s] colcon.colcon_core.package_identification Level 1 _identify(models) by extensions ['ros']
[2.759s] colcon.colcon_core.package_identification Level 1 _identify(models) by extension 'ros'
[2.759s] colcon.colcon_core.package_identification Level 1 _identify(models) by extensions ['cmake', 'python']
[2.759s] colcon.colcon_core.package_identification Level 1 _identify(models) by extension 'cmake'
[2.768s] colcon.colcon_core.package_identification Level 1 _identify(models) by extension 'python'
[2.768s] colcon.colcon_core.package_identification Level 1 _identify(models) by extensions ['python_setup_py']
[2.768s] colcon.colcon_core.package_identification Level 1 _identify(models) by extension 'python_setup_py'
[2.769s] colcon.colcon_core.package_identification Level 1 _identify(pic) by extensions ['ignore', 'ignore_ament_install']
[2.769s] colcon.colcon_core.package_identification Level 1 _identify(pic) by extension 'ignore'
[2.770s] colcon.colcon_core.package_identification Level 1 _identify(pic) by extension 'ignore_ament_install'
[2.770s] colcon.colcon_core.package_identification Level 1 _identify(pic) by extensions ['colcon_pkg']
[2.772s] colcon.colcon_core.package_identification Level 1 _identify(pic) by extension 'colcon_pkg'
[2.772s] colcon.colcon_core.package_identification Level 1 _identify(pic) by extensions ['colcon_meta']
[2.772s] colcon.colcon_core.package_identification Level 1 _identify(pic) by extension 'colcon_meta'
[2.772s] colcon.colcon_core.package_identification Level 1 _identify(pic) by extensions ['ros']
[2.772s] colcon.colcon_core.package_identification Level 1 _identify(pic) by extension 'ros'
[2.773s] colcon.colcon_core.package_identification Level 1 _identify(pic) by extensions ['cmake', 'python']
[2.773s] colcon.colcon_core.package_identification Level 1 _identify(pic) by extension 'cmake'
[2.773s] colcon.colcon_core.package_identification Level 1 _identify(pic) by extension 'python'
[2.773s] colcon.colcon_core.package_identification Level 1 _identify(pic) by extensions ['python_setup_py']
[2.773s] colcon.colcon_core.package_identification Level 1 _identify(pic) by extension 'python_setup_py'
[2.775s] colcon.colcon_core.package_identification Level 1 _identify(src) by extensions ['ignore', 'ignore_ament_install']
[2.775s] colcon.colcon_core.package_identification Level 1 _identify(src) by extension 'ignore'
[2.775s] colcon.colcon_core.package_identification Level 1 _identify(src) by extension 'ignore_ament_install'
[2.776s] colcon.colcon_core.package_identification Level 1 _identify(src) by extensions ['colcon_pkg']
[2.776s] colcon.colcon_core.package_identification Level 1 _identify(src) by extension 'colcon_pkg'
[2.776s] colcon.colcon_core.package_identification Level 1 _identify(src) by extensions ['colcon_meta']
[2.776s] colcon.colcon_core.package_identification Level 1 _identify(src) by extension 'colcon_meta'
[2.776s] colcon.colcon_core.package_identification Level 1 _identify(src) by extensions ['ros']
[2.776s] colcon.colcon_core.package_identification Level 1 _identify(src) by extension 'ros'
[2.777s] colcon.colcon_core.package_identification Level 1 _identify(src) by extensions ['cmake', 'python']
[2.777s] colcon.colcon_core.package_identification Level 1 _identify(src) by extension 'cmake'
[2.777s] colcon.colcon_core.package_identification Level 1 _identify(src) by extension 'python'
[2.777s] colcon.colcon_core.package_identification Level 1 _identify(src) by extensions ['python_setup_py']
[2.777s] colcon.colcon_core.package_identification Level 1 _identify(src) by extension 'python_setup_py'
[2.778s] colcon.colcon_core.package_identification Level 1 _identify(src/OrbbecSDK_ROS2) by extensions ['ignore', 'ignore_ament_install']
[2.778s] colcon.colcon_core.package_identification Level 1 _identify(src/OrbbecSDK_ROS2) by extension 'ignore'
[2.778s] colcon.colcon_core.package_identification Level 1 _identify(src/OrbbecSDK_ROS2) by extension 'ignore_ament_install'
[2.778s] colcon.colcon_core.package_identification Level 1 _identify(src/OrbbecSDK_ROS2) by extensions ['colcon_pkg']
[2.778s] colcon.colcon_core.package_identification Level 1 _identify(src/OrbbecSDK_ROS2) by extension 'colcon_pkg'
[2.778s] colcon.colcon_core.package_identification Level 1 _identify(src/OrbbecSDK_ROS2) by extensions ['colcon_meta']
[2.778s] colcon.colcon_core.package_identification Level 1 _identify(src/OrbbecSDK_ROS2) by extension 'colcon_meta'
[2.779s] colcon.colcon_core.package_identification Level 1 _identify(src/OrbbecSDK_ROS2) by extensions ['ros']
[2.779s] colcon.colcon_core.package_identification Level 1 _identify(src/OrbbecSDK_ROS2) by extension 'ros'
[2.779s] colcon.colcon_core.package_identification Level 1 _identify(src/OrbbecSDK_ROS2) by extensions ['cmake', 'python']
[2.779s] colcon.colcon_core.package_identification Level 1 _identify(src/OrbbecSDK_ROS2) by extension 'cmake'
[2.779s] colcon.colcon_core.package_identification Level 1 _identify(src/OrbbecSDK_ROS2) by extension 'python'
[2.779s] colcon.colcon_core.package_identification Level 1 _identify(src/OrbbecSDK_ROS2) by extensions ['python_setup_py']
[2.779s] colcon.colcon_core.package_identification Level 1 _identify(src/OrbbecSDK_ROS2) by extension 'python_setup_py'
[2.779s] colcon.colcon_core.package_identification Level 1 _identify(src/OrbbecSDK_ROS2/docs) by extensions ['ignore', 'ignore_ament_install']
[2.780s] colcon.colcon_core.package_identification Level 1 _identify(src/OrbbecSDK_ROS2/docs) by extension 'ignore'
[2.780s] colcon.colcon_core.package_identification Level 1 _identify(src/OrbbecSDK_ROS2/docs) by extension 'ignore_ament_install'
[2.781s] colcon.colcon_core.package_identification Level 1 _identify(src/OrbbecSDK_ROS2/docs) by extensions ['colcon_pkg']
[2.781s] colcon.colcon_core.package_identification Level 1 _identify(src/OrbbecSDK_ROS2/docs) by extension 'colcon_pkg'
[2.781s] colcon.colcon_core.package_identification Level 1 _identify(src/OrbbecSDK_ROS2/docs) by extensions ['colcon_meta']
[2.781s] colcon.colcon_core.package_identification Level 1 _identify(src/OrbbecSDK_ROS2/docs) by extension 'colcon_meta'
[2.782s] colcon.colcon_core.package_identification Level 1 _identify(src/OrbbecSDK_ROS2/docs) by extensions ['ros']
[2.782s] colcon.colcon_core.package_identification Level 1 _identify(src/OrbbecSDK_ROS2/docs) by extension 'ros'
[2.782s] colcon.colcon_core.package_identification Level 1 _identify(src/OrbbecSDK_ROS2/docs) by extensions ['cmake', 'python']
[2.783s] colcon.colcon_core.package_identification Level 1 _identify(src/OrbbecSDK_ROS2/docs) by extension 'cmake'
[2.783s] colcon.colcon_core.package_identification Level 1 _identify(src/OrbbecSDK_ROS2/docs) by extension 'python'
[2.783s] colcon.colcon_core.package_identification Level 1 _identify(src/OrbbecSDK_ROS2/docs) by extensions ['python_setup_py']
[2.783s] colcon.colcon_core.package_identification Level 1 _identify(src/OrbbecSDK_ROS2/docs) by extension 'python_setup_py'
[2.783s] colcon.colcon_core.package_identification Level 1 _identify(src/OrbbecSDK_ROS2/docs/images) by extensions ['ignore', 'ignore_ament_install']
[2.784s] colcon.colcon_core.package_identification Level 1 _identify(src/OrbbecSDK_ROS2/docs/images) by extension 'ignore'
[2.784s] colcon.colcon_core.package_identification Level 1 _identify(src/OrbbecSDK_ROS2/docs/images) by extension 'ignore_ament_install'
[2.784s] colcon.colcon_core.package_identification Level 1 _identify(src/OrbbecSDK_ROS2/docs/images) by extensions ['colcon_pkg']
[2.784s] colcon.colcon_core.package_identification Level 1 _identify(src/OrbbecSDK_ROS2/docs/images) by extension 'colcon_pkg'
[2.784s] colcon.colcon_core.package_identification Level 1 _identify(src/OrbbecSDK_ROS2/docs/images) by extensions ['colcon_meta']
[2.784s] colcon.colcon_core.package_identification Level 1 _identify(src/OrbbecSDK_ROS2/docs/images) by extension 'colcon_meta'
[2.784s] colcon.colcon_core.package_identification Level 1 _identify(src/OrbbecSDK_ROS2/docs/images) by extensions ['ros']
[2.784s] colcon.colcon_core.package_identification Level 1 _identify(src/OrbbecSDK_ROS2/docs/images) by extension 'ros'
[2.785s] colcon.colcon_core.package_identification Level 1 _identify(src/OrbbecSDK_ROS2/docs/images) by extensions ['cmake', 'python']
[2.785s] colcon.colcon_core.package_identification Level 1 _identify(src/OrbbecSDK_ROS2/docs/images) by extension 'cmake'
[2.785s] colcon.colcon_core.package_identification Level 1 _identify(src/OrbbecSDK_ROS2/docs/images) by extension 'python'
[2.785s] colcon.colcon_core.package_identification Level 1 _identify(src/OrbbecSDK_ROS2/docs/images) by extensions ['python_setup_py']
[2.785s] colcon.colcon_core.package_identification Level 1 _identify(src/OrbbecSDK_ROS2/docs/images) by extension 'python_setup_py'
[2.786s] colcon.colcon_core.package_identification Level 1 _identify(src/OrbbecSDK_ROS2/orbbec_camera) by extensions ['ignore', 'ignore_ament_install']
[2.788s] colcon.colcon_core.package_identification Level 1 _identify(src/OrbbecSDK_ROS2/orbbec_camera) by extension 'ignore'
[2.788s] colcon.colcon_core.package_identification Level 1 _identify(src/OrbbecSDK_ROS2/orbbec_camera) by extension 'ignore_ament_install'
[2.788s] colcon.colcon_core.package_identification Level 1 _identify(src/OrbbecSDK_ROS2/orbbec_camera) by extensions ['colcon_pkg']
[2.788s] colcon.colcon_core.package_identification Level 1 _identify(src/OrbbecSDK_ROS2/orbbec_camera) by extension 'colcon_pkg'
[2.789s] colcon.colcon_core.package_identification Level 1 _identify(src/OrbbecSDK_ROS2/orbbec_camera) by extensions ['colcon_meta']
[2.789s] colcon.colcon_core.package_identification Level 1 _identify(src/OrbbecSDK_ROS2/orbbec_camera) by extension 'colcon_meta'
[2.789s] colcon.colcon_core.package_identification Level 1 _identify(src/OrbbecSDK_ROS2/orbbec_camera) by extensions ['ros']
[2.789s] colcon.colcon_core.package_identification Level 1 _identify(src/OrbbecSDK_ROS2/orbbec_camera) by extension 'ros'
[2.833s] colcon.colcon_core.package_identification DEBUG Package 'src/OrbbecSDK_ROS2/orbbec_camera' with type 'ros.ament_cmake' and name 'orbbec_camera'
[2.834s] colcon.colcon_core.package_identification Level 1 _identify(src/OrbbecSDK_ROS2/orbbec_camera_msgs) by extensions ['ignore', 'ignore_ament_install']
[2.834s] colcon.colcon_core.package_identification Level 1 _identify(src/OrbbecSDK_ROS2/orbbec_camera_msgs) by extension 'ignore'
[2.834s] colcon.colcon_core.package_identification Level 1 _identify(src/OrbbecSDK_ROS2/orbbec_camera_msgs) by extension 'ignore_ament_install'
[2.834s] colcon.colcon_core.package_identification Level 1 _identify(src/OrbbecSDK_ROS2/orbbec_camera_msgs) by extensions ['colcon_pkg']
[2.835s] colcon.colcon_core.package_identification Level 1 _identify(src/OrbbecSDK_ROS2/orbbec_camera_msgs) by extension 'colcon_pkg'
[2.835s] colcon.colcon_core.package_identification Level 1 _identify(src/OrbbecSDK_ROS2/orbbec_camera_msgs) by extensions ['colcon_meta']
[2.836s] colcon.colcon_core.package_identification Level 1 _identify(src/OrbbecSDK_ROS2/orbbec_camera_msgs) by extension 'colcon_meta'
[2.836s] colcon.colcon_core.package_identification Level 1 _identify(src/OrbbecSDK_ROS2/orbbec_camera_msgs) by extensions ['ros']
[2.836s] colcon.colcon_core.package_identification Level 1 _identify(src/OrbbecSDK_ROS2/orbbec_camera_msgs) by extension 'ros'
[2.838s] colcon.colcon_core.package_identification DEBUG Package 'src/OrbbecSDK_ROS2/orbbec_camera_msgs' with type 'ros.ament_cmake' and name 'orbbec_camera_msgs'
[2.839s] colcon.colcon_core.package_identification Level 1 _identify(src/OrbbecSDK_ROS2/orbbec_description) by extensions ['ignore', 'ignore_ament_install']
[2.840s] colcon.colcon_core.package_identification Level 1 _identify(src/OrbbecSDK_ROS2/orbbec_description) by extension 'ignore'
[2.840s] colcon.colcon_core.package_identification Level 1 _identify(src/OrbbecSDK_ROS2/orbbec_description) by extension 'ignore_ament_install'
[2.840s] colcon.colcon_core.package_identification Level 1 _identify(src/OrbbecSDK_ROS2/orbbec_description) by extensions ['colcon_pkg']
[2.840s] colcon.colcon_core.package_identification Level 1 _identify(src/OrbbecSDK_ROS2/orbbec_description) by extension 'colcon_pkg'
[2.840s] colcon.colcon_core.package_identification Level 1 _identify(src/OrbbecSDK_ROS2/orbbec_description) by extensions ['colcon_meta']
[2.840s] colcon.colcon_core.package_identification Level 1 _identify(src/OrbbecSDK_ROS2/orbbec_description) by extension 'colcon_meta'
[2.841s] colcon.colcon_core.package_identification Level 1 _identify(src/OrbbecSDK_ROS2/orbbec_description) by extensions ['ros']
[2.841s] colcon.colcon_core.package_identification Level 1 _identify(src/OrbbecSDK_ROS2/orbbec_description) by extension 'ros'
[2.842s] colcon.colcon_core.package_identification DEBUG Package 'src/OrbbecSDK_ROS2/orbbec_description' with type 'ros.ament_cmake' and name 'orbbec_description'
[2.843s] colcon.colcon_core.package_identification Level 1 _identify(src/arm_controller) by extensions ['ignore', 'ignore_ament_install']
[2.843s] colcon.colcon_core.package_identification Level 1 _identify(src/arm_controller) by extension 'ignore'
[2.843s] colcon.colcon_core.package_identification Level 1 _identify(src/arm_controller) by extension 'ignore_ament_install'
[2.843s] colcon.colcon_core.package_identification Level 1 _identify(src/arm_controller) by extensions ['colcon_pkg']
[2.843s] colcon.colcon_core.package_identification Level 1 _identify(src/arm_controller) by extension 'colcon_pkg'
[2.844s] colcon.colcon_core.package_identification Level 1 _identify(src/arm_controller) by extensions ['colcon_meta']
[2.844s] colcon.colcon_core.package_identification Level 1 _identify(src/arm_controller) by extension 'colcon_meta'
[2.844s] colcon.colcon_core.package_identification Level 1 _identify(src/arm_controller) by extensions ['ros']
[2.844s] colcon.colcon_core.package_identification Level 1 _identify(src/arm_controller) by extension 'ros'
[2.850s] colcon.colcon_core.package_identification DEBUG Package 'src/arm_controller' with type 'ros.ament_cmake' and name 'arm_controller'
[2.852s] colcon.colcon_core.package_identification Level 1 _identify(src/calibration) by extensions ['ignore', 'ignore_ament_install']
[2.852s] colcon.colcon_core.package_identification Level 1 _identify(src/calibration) by extension 'ignore'
[2.852s] colcon.colcon_core.package_identification Level 1 _identify(src/calibration) by extension 'ignore_ament_install'
[2.852s] colcon.colcon_core.package_identification Level 1 _identify(src/calibration) by extensions ['colcon_pkg']
[2.852s] colcon.colcon_core.package_identification Level 1 _identify(src/calibration) by extension 'colcon_pkg'
[2.853s] colcon.colcon_core.package_identification Level 1 _identify(src/calibration) by extensions ['colcon_meta']
[2.853s] colcon.colcon_core.package_identification Level 1 _identify(src/calibration) by extension 'colcon_meta'
[2.853s] colcon.colcon_core.package_identification Level 1 _identify(src/calibration) by extensions ['ros']
[2.853s] colcon.colcon_core.package_identification Level 1 _identify(src/calibration) by extension 'ros'
[2.853s] colcon.colcon_core.package_identification Level 1 _identify(src/calibration) by extensions ['cmake', 'python']
[2.853s] colcon.colcon_core.package_identification Level 1 _identify(src/calibration) by extension 'cmake'
[2.853s] colcon.colcon_core.package_identification Level 1 _identify(src/calibration) by extension 'python'
[2.853s] colcon.colcon_core.package_identification Level 1 _identify(src/calibration) by extensions ['python_setup_py']
[2.854s] colcon.colcon_core.package_identification Level 1 _identify(src/calibration) by extension 'python_setup_py'
[2.854s] colcon.colcon_core.package_identification Level 1 _identify(src/calibration/Log) by extensions ['ignore', 'ignore_ament_install']
[2.854s] colcon.colcon_core.package_identification Level 1 _identify(src/calibration/Log) by extension 'ignore'
[2.854s] colcon.colcon_core.package_identification Level 1 _identify(src/calibration/Log) by extension 'ignore_ament_install'
[2.854s] colcon.colcon_core.package_identification Level 1 _identify(src/calibration/Log) by extensions ['colcon_pkg']
[2.854s] colcon.colcon_core.package_identification Level 1 _identify(src/calibration/Log) by extension 'colcon_pkg'
[2.854s] colcon.colcon_core.package_identification Level 1 _identify(src/calibration/Log) by extensions ['colcon_meta']
[2.855s] colcon.colcon_core.package_identification Level 1 _identify(src/calibration/Log) by extension 'colcon_meta'
[2.855s] colcon.colcon_core.package_identification Level 1 _identify(src/calibration/Log) by extensions ['ros']
[2.855s] colcon.colcon_core.package_identification Level 1 _identify(src/calibration/Log) by extension 'ros'
[2.855s] colcon.colcon_core.package_identification Level 1 _identify(src/calibration/Log) by extensions ['cmake', 'python']
[2.855s] colcon.colcon_core.package_identification Level 1 _identify(src/calibration/Log) by extension 'cmake'
[2.855s] colcon.colcon_core.package_identification Level 1 _identify(src/calibration/Log) by extension 'python'
[2.855s] colcon.colcon_core.package_identification Level 1 _identify(src/calibration/Log) by extensions ['python_setup_py']
[2.855s] colcon.colcon_core.package_identification Level 1 _identify(src/calibration/Log) by extension 'python_setup_py'
[2.856s] colcon.colcon_core.package_identification Level 1 _identify(src/calibration/__pycache__) by extensions ['ignore', 'ignore_ament_install']
[2.856s] colcon.colcon_core.package_identification Level 1 _identify(src/calibration/__pycache__) by extension 'ignore'
[2.856s] colcon.colcon_core.package_identification Level 1 _identify(src/calibration/__pycache__) by extension 'ignore_ament_install'
[2.856s] colcon.colcon_core.package_identification Level 1 _identify(src/calibration/__pycache__) by extensions ['colcon_pkg']
[2.856s] colcon.colcon_core.package_identification Level 1 _identify(src/calibration/__pycache__) by extension 'colcon_pkg'
[2.856s] colcon.colcon_core.package_identification Level 1 _identify(src/calibration/__pycache__) by extensions ['colcon_meta']
[2.856s] colcon.colcon_core.package_identification Level 1 _identify(src/calibration/__pycache__) by extension 'colcon_meta'
[2.857s] colcon.colcon_core.package_identification Level 1 _identify(src/calibration/__pycache__) by extensions ['ros']
[2.857s] colcon.colcon_core.package_identification Level 1 _identify(src/calibration/__pycache__) by extension 'ros'
[2.857s] colcon.colcon_core.package_identification Level 1 _identify(src/calibration/__pycache__) by extensions ['cmake', 'python']
[2.857s] colcon.colcon_core.package_identification Level 1 _identify(src/calibration/__pycache__) by extension 'cmake'
[2.857s] colcon.colcon_core.package_identification Level 1 _identify(src/calibration/__pycache__) by extension 'python'
[2.857s] colcon.colcon_core.package_identification Level 1 _identify(src/calibration/__pycache__) by extensions ['python_setup_py']
[2.857s] colcon.colcon_core.package_identification Level 1 _identify(src/calibration/__pycache__) by extension 'python_setup_py'
[2.857s] colcon.colcon_core.package_identification Level 1 _identify(src/fox_description_ros2) by extensions ['ignore', 'ignore_ament_install']
[2.858s] colcon.colcon_core.package_identification Level 1 _identify(src/fox_description_ros2) by extension 'ignore'
[2.858s] colcon.colcon_core.package_identification Level 1 _identify(src/fox_description_ros2) by extension 'ignore_ament_install'
[2.858s] colcon.colcon_core.package_identification Level 1 _identify(src/fox_description_ros2) by extensions ['colcon_pkg']
[2.858s] colcon.colcon_core.package_identification Level 1 _identify(src/fox_description_ros2) by extension 'colcon_pkg'
[2.858s] colcon.colcon_core.package_identification Level 1 _identify(src/fox_description_ros2) by extensions ['colcon_meta']
[2.858s] colcon.colcon_core.package_identification Level 1 _identify(src/fox_description_ros2) by extension 'colcon_meta'
[2.858s] colcon.colcon_core.package_identification Level 1 _identify(src/fox_description_ros2) by extensions ['ros']
[2.858s] colcon.colcon_core.package_identification Level 1 _identify(src/fox_description_ros2) by extension 'ros'
[2.860s] colcon.colcon_core.package_identification DEBUG Package 'src/fox_description_ros2' with type 'ros.ament_cmake' and name 'fox_description_ros2'
[2.860s] colcon.colcon_core.package_identification Level 1 _identify(src/fox_grape_harvest) by extensions ['ignore', 'ignore_ament_install']
[2.860s] colcon.colcon_core.package_identification Level 1 _identify(src/fox_grape_harvest) by extension 'ignore'
[2.861s] colcon.colcon_core.package_identification Level 1 _identify(src/fox_grape_harvest) by extension 'ignore_ament_install'
[2.861s] colcon.colcon_core.package_identification Level 1 _identify(src/fox_grape_harvest) by extensions ['colcon_pkg']
[2.861s] colcon.colcon_core.package_identification Level 1 _identify(src/fox_grape_harvest) by extension 'colcon_pkg'
[2.861s] colcon.colcon_core.package_identification Level 1 _identify(src/fox_grape_harvest) by extensions ['colcon_meta']
[2.861s] colcon.colcon_core.package_identification Level 1 _identify(src/fox_grape_harvest) by extension 'colcon_meta'
[2.861s] colcon.colcon_core.package_identification Level 1 _identify(src/fox_grape_harvest) by extensions ['ros']
[2.862s] colcon.colcon_core.package_identification Level 1 _identify(src/fox_grape_harvest) by extension 'ros'
[2.864s] colcon.colcon_core.package_identification DEBUG Package 'src/fox_grape_harvest' with type 'ros.ament_python' and name 'fox_grape_harvest'
[2.866s] colcon.colcon_core.package_identification Level 1 _identify(src/fox_navigation_ros2) by extensions ['ignore', 'ignore_ament_install']
[2.866s] colcon.colcon_core.package_identification Level 1 _identify(src/fox_navigation_ros2) by extension 'ignore'
[2.866s] colcon.colcon_core.package_identification Level 1 _identify(src/fox_navigation_ros2) by extension 'ignore_ament_install'
[2.866s] colcon.colcon_core.package_identification Level 1 _identify(src/fox_navigation_ros2) by extensions ['colcon_pkg']
[2.866s] colcon.colcon_core.package_identification Level 1 _identify(src/fox_navigation_ros2) by extension 'colcon_pkg'
[2.866s] colcon.colcon_core.package_identification Level 1 _identify(src/fox_navigation_ros2) by extensions ['colcon_meta']
[2.867s] colcon.colcon_core.package_identification Level 1 _identify(src/fox_navigation_ros2) by extension 'colcon_meta'
[2.867s] colcon.colcon_core.package_identification Level 1 _identify(src/fox_navigation_ros2) by extensions ['ros']
[2.867s] colcon.colcon_core.package_identification Level 1 _identify(src/fox_navigation_ros2) by extension 'ros'
[2.876s] colcon.colcon_core.package_identification DEBUG Package 'src/fox_navigation_ros2' with type 'ros.ament_cmake' and name 'fox_navigation_ros2'
[2.877s] colcon.colcon_core.package_identification Level 1 _identify(src/fox_slam_ros2) by extensions ['ignore', 'ignore_ament_install']
[2.877s] colcon.colcon_core.package_identification Level 1 _identify(src/fox_slam_ros2) by extension 'ignore'
[2.878s] colcon.colcon_core.package_identification Level 1 _identify(src/fox_slam_ros2) by extension 'ignore_ament_install'
[2.878s] colcon.colcon_core.package_identification Level 1 _identify(src/fox_slam_ros2) by extensions ['colcon_pkg']
[2.878s] colcon.colcon_core.package_identification Level 1 _identify(src/fox_slam_ros2) by extension 'colcon_pkg'
[2.878s] colcon.colcon_core.package_identification Level 1 _identify(src/fox_slam_ros2) by extensions ['colcon_meta']
[2.878s] colcon.colcon_core.package_identification Level 1 _identify(src/fox_slam_ros2) by extension 'colcon_meta'
[2.878s] colcon.colcon_core.package_identification Level 1 _identify(src/fox_slam_ros2) by extensions ['ros']
[2.878s] colcon.colcon_core.package_identification Level 1 _identify(src/fox_slam_ros2) by extension 'ros'
[2.880s] colcon.colcon_core.package_identification DEBUG Package 'src/fox_slam_ros2' with type 'ros.ament_cmake' and name 'fox_slam_ros2'
[2.880s] colcon.colcon_core.package_identification Level 1 _identify(src/fox_webui) by extensions ['ignore', 'ignore_ament_install']
[2.880s] colcon.colcon_core.package_identification Level 1 _identify(src/fox_webui) by extension 'ignore'
[2.881s] colcon.colcon_core.package_identification Level 1 _identify(src/fox_webui) by extension 'ignore_ament_install'
[2.881s] colcon.colcon_core.package_identification Level 1 _identify(src/fox_webui) by extensions ['colcon_pkg']
[2.881s] colcon.colcon_core.package_identification Level 1 _identify(src/fox_webui) by extension 'colcon_pkg'
[2.882s] colcon.colcon_core.package_identification Level 1 _identify(src/fox_webui) by extensions ['colcon_meta']
[2.883s] colcon.colcon_core.package_identification Level 1 _identify(src/fox_webui) by extension 'colcon_meta'
[2.883s] colcon.colcon_core.package_identification Level 1 _identify(src/fox_webui) by extensions ['ros']
[2.883s] colcon.colcon_core.package_identification Level 1 _identify(src/fox_webui) by extension 'ros'
[2.885s] colcon.colcon_core.package_identification DEBUG Package 'src/fox_webui' with type 'ros.ament_python' and name 'fox_webui'
[2.887s] colcon.colcon_core.package_identification Level 1 _identify(src/gripper_control) by extensions ['ignore', 'ignore_ament_install']
[2.897s] colcon.colcon_core.package_identification Level 1 _identify(src/gripper_control) by extension 'ignore'
[2.898s] colcon.colcon_core.package_identification Level 1 _identify(src/gripper_control) by extension 'ignore_ament_install'
[2.899s] colcon.colcon_core.package_identification Level 1 _identify(src/gripper_control) by extensions ['colcon_pkg']
[2.899s] colcon.colcon_core.package_identification Level 1 _identify(src/gripper_control) by extension 'colcon_pkg'
[2.899s] colcon.colcon_core.package_identification Level 1 _identify(src/gripper_control) by extensions ['colcon_meta']
[2.899s] colcon.colcon_core.package_identification Level 1 _identify(src/gripper_control) by extension 'colcon_meta'
[2.899s] colcon.colcon_core.package_identification Level 1 _identify(src/gripper_control) by extensions ['ros']
[2.899s] colcon.colcon_core.package_identification Level 1 _identify(src/gripper_control) by extension 'ros'
[2.906s] colcon.colcon_core.package_identification DEBUG Package 'src/gripper_control' with type 'ros.ament_cmake' and name 'gripper_control'
[2.907s] colcon.colcon_core.package_identification Level 1 _identify(src/jie_ware) by extensions ['ignore', 'ignore_ament_install']
[2.907s] colcon.colcon_core.package_identification Level 1 _identify(src/jie_ware) by extension 'ignore'
[2.907s] colcon.colcon_core.package_identification Level 1 _identify(src/jie_ware) by extension 'ignore_ament_install'
[2.907s] colcon.colcon_core.package_identification Level 1 _identify(src/jie_ware) by extensions ['colcon_pkg']
[2.908s] colcon.colcon_core.package_identification Level 1 _identify(src/jie_ware) by extension 'colcon_pkg'
[2.908s] colcon.colcon_core.package_identification Level 1 _identify(src/jie_ware) by extensions ['colcon_meta']
[2.908s] colcon.colcon_core.package_identification Level 1 _identify(src/jie_ware) by extension 'colcon_meta'
[2.908s] colcon.colcon_core.package_identification Level 1 _identify(src/jie_ware) by extensions ['ros']
[2.908s] colcon.colcon_core.package_identification Level 1 _identify(src/jie_ware) by extension 'ros'
[2.910s] colcon.colcon_core.package_identification DEBUG Package 'src/jie_ware' with type 'ros.catkin' and name 'jie_ware'
[2.911s] colcon.colcon_core.package_identification Level 1 _identify(src/rei_robot_base) by extensions ['ignore', 'ignore_ament_install']
[2.911s] colcon.colcon_core.package_identification Level 1 _identify(src/rei_robot_base) by extension 'ignore'
[2.911s] colcon.colcon_core.package_identification Level 1 _identify(src/rei_robot_base) by extension 'ignore_ament_install'
[2.911s] colcon.colcon_core.package_identification Level 1 _identify(src/rei_robot_base) by extensions ['colcon_pkg']
[2.911s] colcon.colcon_core.package_identification Level 1 _identify(src/rei_robot_base) by extension 'colcon_pkg'
[2.911s] colcon.colcon_core.package_identification Level 1 _identify(src/rei_robot_base) by extensions ['colcon_meta']
[2.911s] colcon.colcon_core.package_identification Level 1 _identify(src/rei_robot_base) by extension 'colcon_meta'
[2.912s] colcon.colcon_core.package_identification Level 1 _identify(src/rei_robot_base) by extensions ['ros']
[2.912s] colcon.colcon_core.package_identification Level 1 _identify(src/rei_robot_base) by extension 'ros'
[2.916s] colcon.colcon_core.package_identification DEBUG Package 'src/rei_robot_base' with type 'ros.ament_cmake' and name 'rei_robot_base'
[2.916s] colcon.colcon_core.package_identification Level 1 _identify(src/ydlidar_ros2_driver) by extensions ['ignore', 'ignore_ament_install']
[2.917s] colcon.colcon_core.package_identification Level 1 _identify(src/ydlidar_ros2_driver) by extension 'ignore'
[2.917s] colcon.colcon_core.package_identification Level 1 _identify(src/ydlidar_ros2_driver) by extension 'ignore_ament_install'
[2.917s] colcon.colcon_core.package_identification Level 1 _identify(src/ydlidar_ros2_driver) by extensions ['colcon_pkg']
[2.918s] colcon.colcon_core.package_identification Level 1 _identify(src/ydlidar_ros2_driver) by extension 'colcon_pkg'
[2.918s] colcon.colcon_core.package_identification Level 1 _identify(src/ydlidar_ros2_driver) by extensions ['colcon_meta']
[2.918s] colcon.colcon_core.package_identification Level 1 _identify(src/ydlidar_ros2_driver) by extension 'colcon_meta'
[2.918s] colcon.colcon_core.package_identification Level 1 _identify(src/ydlidar_ros2_driver) by extensions ['ros']
[2.918s] colcon.colcon_core.package_identification Level 1 _identify(src/ydlidar_ros2_driver) by extension 'ros'
[2.922s] colcon.colcon_core.package_identification DEBUG Package 'src/ydlidar_ros2_driver' with type 'ros.ament_cmake' and name 'ydlidar_ros2_driver'
[2.924s] colcon.colcon_core.package_discovery Level 1 discover_packages(recursive) using defaults
[2.928s] colcon.colcon_core.package_discovery Level 1 discover_packages(ignore) discover
[2.928s] colcon.colcon_core.package_discovery Level 1 discover_packages(ignore) using defaults
[2.928s] colcon.colcon_core.package_discovery Level 1 discover_packages(path) discover
[2.928s] colcon.colcon_core.package_discovery Level 1 discover_packages(path) using defaults
[3.108s] colcon.colcon_core.package_selection INFO Skipping not selected package 'arm_controller' in 'src/arm_controller'
[3.108s] colcon.colcon_core.package_selection INFO Skipping not selected package 'fox_description_ros2' in 'src/fox_description_ros2'
[3.108s] colcon.colcon_core.package_selection INFO Skipping not selected package 'gripper_control' in 'src/gripper_control'
[3.108s] colcon.colcon_core.package_selection INFO Skipping not selected package 'jie_ware' in 'src/jie_ware'
[3.108s] colcon.colcon_core.package_selection INFO Skipping not selected package 'orbbec_camera_msgs' in 'src/OrbbecSDK_ROS2/orbbec_camera_msgs'
[3.108s] colcon.colcon_core.package_selection INFO Skipping not selected package 'orbbec_description' in 'src/OrbbecSDK_ROS2/orbbec_description'
[3.108s] colcon.colcon_core.package_selection INFO Skipping not selected package 'rei_robot_base' in 'src/rei_robot_base'
[3.108s] colcon.colcon_core.package_selection INFO Skipping not selected package 'ydlidar_ros2_driver' in 'src/ydlidar_ros2_driver'
[3.109s] colcon.colcon_core.package_selection INFO Skipping not selected package 'fox_navigation_ros2' in 'src/fox_navigation_ros2'
[3.109s] colcon.colcon_core.package_selection INFO Skipping not selected package 'fox_slam_ros2' in 'src/fox_slam_ros2'
[3.109s] colcon.colcon_core.package_selection INFO Skipping not selected package 'orbbec_camera' in 'src/OrbbecSDK_ROS2/orbbec_camera'
[3.109s] colcon.colcon_core.package_selection INFO Skipping not selected package 'fox_webui' in 'src/fox_webui'
[3.117s] colcon.colcon_core.package_discovery Level 1 discover_packages(prefix_path) check parameters
[3.118s] colcon.colcon_core.package_discovery Level 1 discover_packages(prefix_path) discover
[3.155s] colcon.colcon_installed_package_information.package_discovery DEBUG Found 361 installed packages in /opt/ros/humble
[3.162s] colcon.colcon_installed_package_information.package_discovery DEBUG Found 12 installed packages in /home/ubuntu/ros2fox/install
[3.162s] colcon.colcon_core.package_discovery Level 1 discover_packages(prefix_path) using defaults
[3.896s] colcon.colcon_core.package_selection WARNING Some selected packages are already built in one or more underlay workspaces:
	'fox_grape_harvest' is in: /home/ubuntu/ros2fox/install/fox_grape_harvest
If a package in a merged underlay workspace is overridden and it installs headers, then all packages in the overlay must sort their include directories by workspace order. Failure to do so may result in build failures or undefined behavior at run time.
If the overridden package is used by another package in any underlay, then the overriding package in the overlay must be API and ABI compatible or undefined behavior at run time may occur.

If you understand the risks and want to override a package anyways, add the following to the command line:
	--allow-overriding fox_grape_harvest

This may be promoted to an error in a future release of colcon-override-check.
[3.899s] colcon.colcon_core.verb Level 5 set package 'fox_grape_harvest' build argument 'cmake_args' from command line to 'None'
[3.899s] colcon.colcon_core.verb Level 5 set package 'fox_grape_harvest' build argument 'cmake_target' from command line to 'None'
[3.899s] colcon.colcon_core.verb Level 5 set package 'fox_grape_harvest' build argument 'cmake_target_skip_unavailable' from command line to 'False'
[3.899s] colcon.colcon_core.verb Level 5 set package 'fox_grape_harvest' build argument 'cmake_clean_cache' from command line to 'False'
[3.899s] colcon.colcon_core.verb Level 5 set package 'fox_grape_harvest' build argument 'cmake_clean_first' from command line to 'False'
[3.899s] colcon.colcon_core.verb Level 5 set package 'fox_grape_harvest' build argument 'cmake_force_configure' from command line to 'False'
[3.899s] colcon.colcon_core.verb Level 5 set package 'fox_grape_harvest' build argument 'ament_cmake_args' from command line to 'None'
[3.899s] colcon.colcon_core.verb Level 5 set package 'fox_grape_harvest' build argument 'catkin_cmake_args' from command line to 'None'
[3.899s] colcon.colcon_core.verb Level 5 set package 'fox_grape_harvest' build argument 'catkin_skip_building_tests' from command line to 'False'
[3.900s] colcon.colcon_core.verb DEBUG Building package 'fox_grape_harvest' with the following arguments: {'ament_cmake_args': None, 'build_base': '/home/ubuntu/ros2fox/build/fox_grape_harvest', 'catkin_cmake_args': None, 'catkin_skip_building_tests': False, 'cmake_args': None, 'cmake_clean_cache': False, 'cmake_clean_first': False, 'cmake_force_configure': False, 'cmake_target': None, 'cmake_target_skip_unavailable': False, 'install_base': '/home/ubuntu/ros2fox/install/fox_grape_harvest', 'merge_install': False, 'path': '/home/ubuntu/ros2fox/src/fox_grape_harvest', 'symlink_install': False, 'test_result_base': None}
[3.900s] colcon.colcon_core.executor INFO Executing jobs using 'parallel' executor
[3.903s] colcon.colcon_parallel_executor.executor.parallel DEBUG run_until_complete
[3.903s] colcon.colcon_ros.task.ament_python.build INFO Building ROS package in '/home/ubuntu/ros2fox/src/fox_grape_harvest' with build type 'ament_python'
[3.904s] colcon.colcon_core.shell Level 1 create_environment_hook('fox_grape_harvest', 'ament_prefix_path')
[3.959s] colcon.colcon_core.plugin_system INFO Skipping extension 'colcon_core.shell.bat': Not used on non-Windows systems
[3.960s] colcon.colcon_core.shell INFO Creating environment hook '/home/ubuntu/ros2fox/install/fox_grape_harvest/share/fox_grape_harvest/hook/ament_prefix_path.ps1'
[3.963s] colcon.colcon_core.shell INFO Creating environment descriptor '/home/ubuntu/ros2fox/install/fox_grape_harvest/share/fox_grape_harvest/hook/ament_prefix_path.dsv'
[3.973s] colcon.colcon_core.shell INFO Creating environment hook '/home/ubuntu/ros2fox/install/fox_grape_harvest/share/fox_grape_harvest/hook/ament_prefix_path.sh'
[3.984s] colcon.colcon_core.shell INFO Skip shell extension 'powershell' for command environment: Not usable outside of PowerShell
[3.985s] colcon.colcon_core.shell DEBUG Skip shell extension 'dsv' for command environment
[4.684s] colcon.colcon_core.task.python.build INFO Building Python package in '/home/ubuntu/ros2fox/src/fox_grape_harvest'
[4.685s] colcon.colcon_core.shell INFO Skip shell extension 'powershell' for command environment: Not usable outside of PowerShell
[4.685s] colcon.colcon_core.shell DEBUG Skip shell extension 'dsv' for command environment
[9.923s] colcon.colcon_core.event_handler.log_command DEBUG Invoking command in '/home/ubuntu/ros2fox/src/fox_grape_harvest': CMAKE_PREFIX_PATH=/home/ubuntu/ros2fox/install/arm_controller LD_LIBRARY_PATH=/home/ubuntu/ros2fox/install/arm_controller/lib:/opt/ros/humble/lib:/usr/local/cuda/lib64 PYTHONPATH=/home/ubuntu/ros2fox/build/fox_grape_harvest/prefix_override:/home/ubuntu/ros2fox/install/fox_grape_harvest/lib/python3.10/site-packages:/home/ubuntu/ros2fox/install/arm_controller/local/lib/python3.10/dist-packages:${PYTHONPATH} /usr/bin/python3 -W ignore:setup.py install is deprecated setup.py egg_info --egg-base ../../build/fox_grape_harvest build --build-base /home/ubuntu/ros2fox/build/fox_grape_harvest/build install --record /home/ubuntu/ros2fox/build/fox_grape_harvest/install.log --single-version-externally-managed install_data
[13.236s] colcon.colcon_core.event_handler.log_command DEBUG Invoked command in '/home/ubuntu/ros2fox/src/fox_grape_harvest' returned '0': CMAKE_PREFIX_PATH=/home/ubuntu/ros2fox/install/arm_controller LD_LIBRARY_PATH=/home/ubuntu/ros2fox/install/arm_controller/lib:/opt/ros/humble/lib:/usr/local/cuda/lib64 PYTHONPATH=/home/ubuntu/ros2fox/build/fox_grape_harvest/prefix_override:/home/ubuntu/ros2fox/install/fox_grape_harvest/lib/python3.10/site-packages:/home/ubuntu/ros2fox/install/arm_controller/local/lib/python3.10/dist-packages:${PYTHONPATH} /usr/bin/python3 -W ignore:setup.py install is deprecated setup.py egg_info --egg-base ../../build/fox_grape_harvest build --build-base /home/ubuntu/ros2fox/build/fox_grape_harvest/build install --record /home/ubuntu/ros2fox/build/fox_grape_harvest/install.log --single-version-externally-managed install_data
[13.417s] colcon.colcon_core.environment Level 1 checking '/home/ubuntu/ros2fox/install/fox_grape_harvest' for CMake module files
[13.419s] colcon.colcon_core.environment Level 1 checking '/home/ubuntu/ros2fox/install/fox_grape_harvest' for CMake config files
[13.422s] colcon.colcon_core.environment Level 1 checking '/home/ubuntu/ros2fox/install/fox_grape_harvest/lib'
[13.422s] colcon.colcon_core.environment Level 1 checking '/home/ubuntu/ros2fox/install/fox_grape_harvest/bin'
[13.423s] colcon.colcon_core.environment Level 1 checking '/home/ubuntu/ros2fox/install/fox_grape_harvest/lib/pkgconfig/fox_grape_harvest.pc'
[13.423s] colcon.colcon_core.environment Level 1 checking '/home/ubuntu/ros2fox/install/fox_grape_harvest/lib/python3.10/site-packages'
[13.423s] colcon.colcon_core.shell Level 1 create_environment_hook('fox_grape_harvest', 'pythonpath')
[13.424s] colcon.colcon_core.shell INFO Creating environment hook '/home/ubuntu/ros2fox/install/fox_grape_harvest/share/fox_grape_harvest/hook/pythonpath.ps1'
[13.431s] colcon.colcon_core.shell INFO Creating environment descriptor '/home/ubuntu/ros2fox/install/fox_grape_harvest/share/fox_grape_harvest/hook/pythonpath.dsv'
[13.433s] colcon.colcon_core.shell INFO Creating environment hook '/home/ubuntu/ros2fox/install/fox_grape_harvest/share/fox_grape_harvest/hook/pythonpath.sh'
[13.434s] colcon.colcon_core.environment Level 1 checking '/home/ubuntu/ros2fox/install/fox_grape_harvest/bin'
[13.434s] colcon.colcon_core.environment Level 1 create_environment_scripts_only(fox_grape_harvest)
[13.435s] colcon.colcon_core.shell INFO Creating package script '/home/ubuntu/ros2fox/install/fox_grape_harvest/share/fox_grape_harvest/package.ps1'
[13.446s] colcon.colcon_core.shell INFO Creating package descriptor '/home/ubuntu/ros2fox/install/fox_grape_harvest/share/fox_grape_harvest/package.dsv'
[13.459s] colcon.colcon_core.shell INFO Creating package script '/home/ubuntu/ros2fox/install/fox_grape_harvest/share/fox_grape_harvest/package.sh'
[13.473s] colcon.colcon_core.shell INFO Creating package script '/home/ubuntu/ros2fox/install/fox_grape_harvest/share/fox_grape_harvest/package.bash'
[13.497s] colcon.colcon_core.shell INFO Creating package script '/home/ubuntu/ros2fox/install/fox_grape_harvest/share/fox_grape_harvest/package.zsh'
[13.506s] colcon.colcon_core.environment Level 1 create_file_with_runtime_dependencies(/home/ubuntu/ros2fox/install/fox_grape_harvest/share/colcon-core/packages/fox_grape_harvest)
[13.508s] colcon.colcon_parallel_executor.executor.parallel DEBUG closing loop
[13.511s] colcon.colcon_parallel_executor.executor.parallel DEBUG loop closed
[13.527s] colcon.colcon_parallel_executor.executor.parallel DEBUG run_until_complete finished with '0'
[13.528s] colcon.colcon_core.event_reactor DEBUG joining thread
[14.000s] colcon.colcon_core.plugin_system INFO Skipping extension 'colcon_notification.desktop_notification.terminal_notifier': Not used on non-Darwin systems
[14.000s] colcon.colcon_core.plugin_system INFO Skipping extension 'colcon_notification.desktop_notification.win32': Not used on non-Windows systems
[14.001s] colcon.colcon_notification.desktop_notification INFO Sending desktop notification using 'notify2'
[15.470s] colcon.colcon_core.event_reactor DEBUG joined thread
[15.471s] colcon.colcon_core.shell INFO Creating prefix script '/home/ubuntu/ros2fox/install/local_setup.ps1'
[15.478s] colcon.colcon_core.shell INFO Creating prefix util module '/home/ubuntu/ros2fox/install/_local_setup_util_ps1.py'
[15.509s] colcon.colcon_core.shell INFO Creating prefix chain script '/home/ubuntu/ros2fox/install/setup.ps1'
[15.519s] colcon.colcon_core.shell INFO Creating prefix script '/home/ubuntu/ros2fox/install/local_setup.sh'
[15.530s] colcon.colcon_core.shell INFO Creating prefix util module '/home/ubuntu/ros2fox/install/_local_setup_util_sh.py'
[15.531s] colcon.colcon_core.shell INFO Creating prefix chain script '/home/ubuntu/ros2fox/install/setup.sh'
[15.589s] colcon.colcon_core.shell INFO Creating prefix script '/home/ubuntu/ros2fox/install/local_setup.bash'
[15.605s] colcon.colcon_core.shell INFO Creating prefix chain script '/home/ubuntu/ros2fox/install/setup.bash'
[15.626s] colcon.colcon_core.shell INFO Creating prefix script '/home/ubuntu/ros2fox/install/local_setup.zsh'
[15.643s] colcon.colcon_core.shell INFO Creating prefix chain script '/home/ubuntu/ros2fox/install/setup.zsh'
