[0.316s] colcon DEBUG Command line arguments: ['/home/ubuntu/.local/bin/colcon', 'build', '--packages-select', 'fox_webui']
[0.316s] colcon DEBUG Parsed command line arguments: Namespace(log_base=None, log_level=None, verb_name='build', build_base='build', install_base='install', merge_install=False, symlink_install=False, test_result_base=None, continue_on_error=False, executor='parallel', parallel_workers=6, event_handlers=None, ignore_user_meta=False, metas=['./colcon.meta'], base_paths=['.'], packages_ignore=None, packages_ignore_regex=None, paths=None, packages_up_to=None, packages_up_to_regex=None, packages_above=None, packages_above_and_dependencies=None, packages_above_depth=None, packages_select_by_dep=None, packages_skip_by_dep=None, packages_skip_up_to=None, packages_select_build_failed=False, packages_skip_build_finished=False, packages_select_test_failures=False, packages_skip_test_passed=False, packages_select=['fox_webui'], packages_skip=None, packages_select_regex=None, packages_skip_regex=None, packages_start=None, packages_end=None, allow_overriding=[], cmake_args=None, cmake_target=None, cmake_target_skip_unavailable=False, cmake_clean_cache=False, cmake_clean_first=False, cmake_force_configure=False, ament_cmake_args=None, catkin_cmake_args=None, catkin_skip_building_tests=False, verb_parser=<colcon_defaults.argument_parser.defaults.DefaultArgumentsDecorator object at 0xffffbb594160>, verb_extension=<colcon_core.verb.build.BuildVerb object at 0xffffbb6a5420>, main=<bound method BuildVerb.main of <colcon_core.verb.build.BuildVerb object at 0xffffbb6a5420>>)
[0.400s] colcon.colcon_core.package_discovery Level 1 discover_packages(colcon_meta) check parameters
[0.401s] colcon.colcon_core.package_discovery Level 1 discover_packages(recursive) check parameters
[0.401s] colcon.colcon_core.package_discovery Level 1 discover_packages(ignore) check parameters
[0.401s] colcon.colcon_core.package_discovery Level 1 discover_packages(path) check parameters
[0.401s] colcon.colcon_core.package_discovery Level 1 discover_packages(colcon_meta) discover
[0.401s] colcon.colcon_core.package_discovery Level 1 discover_packages(recursive) discover
[0.401s] colcon.colcon_core.package_discovery INFO Crawling recursively for packages in '/home/ubuntu/ros2fox/src/fox_webui/web'
[0.402s] colcon.colcon_core.package_identification Level 1 _identify(.) by extensions ['ignore', 'ignore_ament_install']
[0.402s] colcon.colcon_core.package_identification Level 1 _identify(.) by extension 'ignore'
[0.402s] colcon.colcon_core.package_identification Level 1 _identify(.) by extension 'ignore_ament_install'
[0.402s] colcon.colcon_core.package_identification Level 1 _identify(.) by extensions ['colcon_pkg']
[0.402s] colcon.colcon_core.package_identification Level 1 _identify(.) by extension 'colcon_pkg'
[0.402s] colcon.colcon_core.package_identification Level 1 _identify(.) by extensions ['colcon_meta']
[0.402s] colcon.colcon_core.package_identification Level 1 _identify(.) by extension 'colcon_meta'
[0.402s] colcon.colcon_core.package_identification Level 1 _identify(.) by extensions ['ros']
[0.403s] colcon.colcon_core.package_identification Level 1 _identify(.) by extension 'ros'
[0.435s] colcon.colcon_core.package_identification Level 1 _identify(.) by extensions ['cmake', 'python']
[0.435s] colcon.colcon_core.package_identification Level 1 _identify(.) by extension 'cmake'
[0.435s] colcon.colcon_core.package_identification Level 1 _identify(.) by extension 'python'
[0.435s] colcon.colcon_core.package_identification Level 1 _identify(.) by extensions ['python_setup_py']
[0.435s] colcon.colcon_core.package_identification Level 1 _identify(.) by extension 'python_setup_py'
[0.435s] colcon.colcon_core.package_identification Level 1 _identify(build) by extensions ['ignore', 'ignore_ament_install']
[0.436s] colcon.colcon_core.package_identification Level 1 _identify(build) by extension 'ignore'
[0.436s] colcon.colcon_core.package_identification Level 1 _identify(build) ignored
[0.436s] colcon.colcon_core.package_identification Level 1 _identify(install) by extensions ['ignore', 'ignore_ament_install']
[0.436s] colcon.colcon_core.package_identification Level 1 _identify(install) by extension 'ignore'
[0.436s] colcon.colcon_core.package_identification Level 1 _identify(install) ignored
[0.437s] colcon.colcon_core.package_identification Level 1 _identify(js) by extensions ['ignore', 'ignore_ament_install']
[0.437s] colcon.colcon_core.package_identification Level 1 _identify(js) by extension 'ignore'
[0.437s] colcon.colcon_core.package_identification Level 1 _identify(js) by extension 'ignore_ament_install'
[0.437s] colcon.colcon_core.package_identification Level 1 _identify(js) by extensions ['colcon_pkg']
[0.437s] colcon.colcon_core.package_identification Level 1 _identify(js) by extension 'colcon_pkg'
[0.437s] colcon.colcon_core.package_identification Level 1 _identify(js) by extensions ['colcon_meta']
[0.437s] colcon.colcon_core.package_identification Level 1 _identify(js) by extension 'colcon_meta'
[0.437s] colcon.colcon_core.package_identification Level 1 _identify(js) by extensions ['ros']
[0.437s] colcon.colcon_core.package_identification Level 1 _identify(js) by extension 'ros'
[0.438s] colcon.colcon_core.package_identification Level 1 _identify(js) by extensions ['cmake', 'python']
[0.438s] colcon.colcon_core.package_identification Level 1 _identify(js) by extension 'cmake'
[0.438s] colcon.colcon_core.package_identification Level 1 _identify(js) by extension 'python'
[0.438s] colcon.colcon_core.package_identification Level 1 _identify(js) by extensions ['python_setup_py']
[0.438s] colcon.colcon_core.package_identification Level 1 _identify(js) by extension 'python_setup_py'
[0.438s] colcon.colcon_core.package_identification Level 1 _identify(js/components) by extensions ['ignore', 'ignore_ament_install']
[0.438s] colcon.colcon_core.package_identification Level 1 _identify(js/components) by extension 'ignore'
[0.438s] colcon.colcon_core.package_identification Level 1 _identify(js/components) by extension 'ignore_ament_install'
[0.439s] colcon.colcon_core.package_identification Level 1 _identify(js/components) by extensions ['colcon_pkg']
[0.439s] colcon.colcon_core.package_identification Level 1 _identify(js/components) by extension 'colcon_pkg'
[0.439s] colcon.colcon_core.package_identification Level 1 _identify(js/components) by extensions ['colcon_meta']
[0.439s] colcon.colcon_core.package_identification Level 1 _identify(js/components) by extension 'colcon_meta'
[0.439s] colcon.colcon_core.package_identification Level 1 _identify(js/components) by extensions ['ros']
[0.439s] colcon.colcon_core.package_identification Level 1 _identify(js/components) by extension 'ros'
[0.439s] colcon.colcon_core.package_identification Level 1 _identify(js/components) by extensions ['cmake', 'python']
[0.445s] colcon.colcon_core.package_identification Level 1 _identify(js/components) by extension 'cmake'
[0.445s] colcon.colcon_core.package_identification Level 1 _identify(js/components) by extension 'python'
[0.445s] colcon.colcon_core.package_identification Level 1 _identify(js/components) by extensions ['python_setup_py']
[0.445s] colcon.colcon_core.package_identification Level 1 _identify(js/components) by extension 'python_setup_py'
[0.446s] colcon.colcon_core.package_identification Level 1 _identify(lib) by extensions ['ignore', 'ignore_ament_install']
[0.446s] colcon.colcon_core.package_identification Level 1 _identify(lib) by extension 'ignore'
[0.446s] colcon.colcon_core.package_identification Level 1 _identify(lib) by extension 'ignore_ament_install'
[0.446s] colcon.colcon_core.package_identification Level 1 _identify(lib) by extensions ['colcon_pkg']
[0.446s] colcon.colcon_core.package_identification Level 1 _identify(lib) by extension 'colcon_pkg'
[0.446s] colcon.colcon_core.package_identification Level 1 _identify(lib) by extensions ['colcon_meta']
[0.446s] colcon.colcon_core.package_identification Level 1 _identify(lib) by extension 'colcon_meta'
[0.446s] colcon.colcon_core.package_identification Level 1 _identify(lib) by extensions ['ros']
[0.446s] colcon.colcon_core.package_identification Level 1 _identify(lib) by extension 'ros'
[0.447s] colcon.colcon_core.package_identification Level 1 _identify(lib) by extensions ['cmake', 'python']
[0.449s] colcon.colcon_core.package_identification Level 1 _identify(lib) by extension 'cmake'
[0.449s] colcon.colcon_core.package_identification Level 1 _identify(lib) by extension 'python'
[0.449s] colcon.colcon_core.package_identification Level 1 _identify(lib) by extensions ['python_setup_py']
[0.449s] colcon.colcon_core.package_identification Level 1 _identify(lib) by extension 'python_setup_py'
[0.449s] colcon.colcon_core.package_identification Level 1 _identify(log) by extensions ['ignore', 'ignore_ament_install']
[0.449s] colcon.colcon_core.package_identification Level 1 _identify(log) by extension 'ignore'
[0.449s] colcon.colcon_core.package_identification Level 1 _identify(log) ignored
[0.449s] colcon.colcon_core.package_discovery Level 1 discover_packages(recursive) using defaults
[0.450s] colcon.colcon_core.package_discovery Level 1 discover_packages(ignore) discover
[0.450s] colcon.colcon_core.package_discovery Level 1 discover_packages(ignore) using defaults
[0.450s] colcon.colcon_core.package_discovery Level 1 discover_packages(path) discover
[0.450s] colcon.colcon_core.package_discovery Level 1 discover_packages(path) using defaults
[0.450s] colcon.colcon_core.package_selection WARNING ignoring unknown package 'fox_webui' in --packages-select
[0.484s] colcon.colcon_core.package_discovery Level 1 discover_packages(prefix_path) check parameters
[0.484s] colcon.colcon_core.package_discovery Level 1 discover_packages(prefix_path) discover
[0.489s] colcon.colcon_installed_package_information.package_discovery DEBUG Found 361 installed packages in /opt/ros/humble
[0.494s] colcon.colcon_installed_package_information.package_discovery DEBUG Found 12 installed packages in /home/ubuntu/ros2fox/install
[0.494s] colcon.colcon_core.package_discovery Level 1 discover_packages(prefix_path) using defaults
[0.590s] colcon.colcon_core.executor INFO Executing jobs using 'parallel' executor
[0.593s] colcon.colcon_parallel_executor.executor.parallel DEBUG run_until_complete
[0.593s] colcon.colcon_parallel_executor.executor.parallel DEBUG closing loop
[0.593s] colcon.colcon_parallel_executor.executor.parallel DEBUG loop closed
[0.593s] colcon.colcon_parallel_executor.executor.parallel DEBUG run_until_complete finished with '0'
[0.593s] colcon.colcon_core.event_reactor DEBUG joining thread
[0.604s] colcon.colcon_core.plugin_system INFO Skipping extension 'colcon_notification.desktop_notification.terminal_notifier': Not used on non-Darwin systems
[0.604s] colcon.colcon_core.plugin_system INFO Skipping extension 'colcon_notification.desktop_notification.win32': Not used on non-Windows systems
[0.604s] colcon.colcon_notification.desktop_notification INFO Sending desktop notification using 'notify2'
[0.627s] colcon.colcon_core.event_reactor DEBUG joined thread
[0.632s] colcon.colcon_core.plugin_system INFO Skipping extension 'colcon_core.shell.bat': Not used on non-Windows systems
[0.632s] colcon.colcon_core.shell INFO Creating prefix script '/home/ubuntu/ros2fox/src/fox_webui/web/install/local_setup.ps1'
[0.634s] colcon.colcon_core.shell INFO Creating prefix util module '/home/ubuntu/ros2fox/src/fox_webui/web/install/_local_setup_util_ps1.py'
[0.637s] colcon.colcon_core.shell INFO Creating prefix chain script '/home/ubuntu/ros2fox/src/fox_webui/web/install/setup.ps1'
[0.639s] colcon.colcon_core.shell INFO Creating prefix script '/home/ubuntu/ros2fox/src/fox_webui/web/install/local_setup.sh'
[0.640s] colcon.colcon_core.shell INFO Creating prefix util module '/home/ubuntu/ros2fox/src/fox_webui/web/install/_local_setup_util_sh.py'
[0.641s] colcon.colcon_core.shell INFO Creating prefix chain script '/home/ubuntu/ros2fox/src/fox_webui/web/install/setup.sh'
[0.643s] colcon.colcon_core.shell INFO Creating prefix script '/home/ubuntu/ros2fox/src/fox_webui/web/install/local_setup.bash'
[0.643s] colcon.colcon_core.shell INFO Creating prefix chain script '/home/ubuntu/ros2fox/src/fox_webui/web/install/setup.bash'
[0.645s] colcon.colcon_core.shell INFO Creating prefix script '/home/ubuntu/ros2fox/src/fox_webui/web/install/local_setup.zsh'
[0.646s] colcon.colcon_core.shell INFO Creating prefix chain script '/home/ubuntu/ros2fox/src/fox_webui/web/install/setup.zsh'
