[100%] Built target lidar_loc
-- Install configuration: ""
-- Up-to-date: /home/ubuntu/ros2fox/install/fox_navigation_ros2/lib/fox_navigation_ros2/lidar_loc
-- Up-to-date: /home/ubuntu/ros2fox/install/fox_navigation_ros2/share/fox_navigation_ros2/launch
-- Up-to-date: /home/ubuntu/ros2fox/install/fox_navigation_ros2/share/fox_navigation_ros2/launch/fox_navigation.launch.py
-- Up-to-date: /home/ubuntu/ros2fox/install/fox_navigation_ros2/share/fox_navigation_ros2/launch/map_server.launch.py
-- Up-to-date: /home/ubuntu/ros2fox/install/fox_navigation_ros2/share/fox_navigation_ros2/param
-- Up-to-date: /home/ubuntu/ros2fox/install/fox_navigation_ros2/share/fox_navigation_ros2/param/fox_lidar_params.yaml
-- Installing: /home/ubuntu/ros2fox/install/fox_navigation_ros2/share/fox_navigation_ros2/param/nav2_params.yaml
-- Up-to-date: /home/ubuntu/ros2fox/install/fox_navigation_ros2/share/fox_navigation_ros2/param/amcl_diff_params.yaml
-- Up-to-date: /home/ubuntu/ros2fox/install/fox_navigation_ros2/share/fox_navigation_ros2/rviz
-- Up-to-date: /home/ubuntu/ros2fox/install/fox_navigation_ros2/share/fox_navigation_ros2/rviz/nav.rviz
-- Up-to-date: /home/ubuntu/ros2fox/install/fox_navigation_ros2/share/ament_index/resource_index/package_run_dependencies/fox_navigation_ros2
-- Up-to-date: /home/ubuntu/ros2fox/install/fox_navigation_ros2/share/ament_index/resource_index/parent_prefix_path/fox_navigation_ros2
-- Up-to-date: /home/ubuntu/ros2fox/install/fox_navigation_ros2/share/fox_navigation_ros2/environment/ament_prefix_path.sh
-- Up-to-date: /home/ubuntu/ros2fox/install/fox_navigation_ros2/share/fox_navigation_ros2/environment/ament_prefix_path.dsv
-- Up-to-date: /home/ubuntu/ros2fox/install/fox_navigation_ros2/share/fox_navigation_ros2/environment/path.sh
-- Up-to-date: /home/ubuntu/ros2fox/install/fox_navigation_ros2/share/fox_navigation_ros2/environment/path.dsv
-- Up-to-date: /home/ubuntu/ros2fox/install/fox_navigation_ros2/share/fox_navigation_ros2/local_setup.bash
-- Up-to-date: /home/ubuntu/ros2fox/install/fox_navigation_ros2/share/fox_navigation_ros2/local_setup.sh
-- Up-to-date: /home/ubuntu/ros2fox/install/fox_navigation_ros2/share/fox_navigation_ros2/local_setup.zsh
-- Up-to-date: /home/ubuntu/ros2fox/install/fox_navigation_ros2/share/fox_navigation_ros2/local_setup.dsv
-- Installing: /home/ubuntu/ros2fox/install/fox_navigation_ros2/share/fox_navigation_ros2/package.dsv
-- Up-to-date: /home/ubuntu/ros2fox/install/fox_navigation_ros2/share/ament_index/resource_index/packages/fox_navigation_ros2
-- Up-to-date: /home/ubuntu/ros2fox/install/fox_navigation_ros2/share/fox_navigation_ros2/cmake/fox_navigation_ros2Config.cmake
-- Up-to-date: /home/ubuntu/ros2fox/install/fox_navigation_ros2/share/fox_navigation_ros2/cmake/fox_navigation_ros2Config-version.cmake
-- Up-to-date: /home/ubuntu/ros2fox/install/fox_navigation_ros2/share/fox_navigation_ros2/package.xml
