[0.044s] Invoking command in '/home/ubuntu/ros2fox/build/fox_navigation_ros2': CMAKE_PREFIX_PATH=/home/ubuntu/ros2fox/install/ydlidar_ros2_driver:/home/ubuntu/ros2fox/install/rei_robot_base:/home/ubuntu/ros2fox/install/fox_description_ros2:/home/ubuntu/ros2fox/install/fox_slam_ros2:/home/ubuntu/ros2fox/install/fox_navigation_ros2:/home/ubuntu/ros2fox/install/orbbec_description:/home/ubuntu/ros2fox/install/orbbec_camera:/home/ubuntu/ros2fox/install/orbbec_camera_msgs:/home/ubuntu/ros2fox/install/gripper_control:/home/ubuntu/ros2fox/install/arm_controller:/home/ubuntu/ros2fox/install/fox_webui:/home/ubuntu/ros2fox/install/fox_grape_harvest:/opt/ros/humble LD_LIBRARY_PATH=/home/ubuntu/ros2fox/install/rei_robot_base/lib:/home/ubuntu/ros2fox/install/orbbec_camera/lib:/home/ubuntu/ros2fox/install/orbbec_camera_msgs/lib:/opt/ros/humble/opt/rviz_ogre_vendor/lib:/opt/ros/humble/lib/aarch64-linux-gnu:/home/ubuntu/ros2fox/install/arm_controller/lib:/opt/ros/humble/lib:/usr/local/cuda/lib64:/home/ubuntu/ros2fox/install/arm_controller/lib:/opt/ros/humble/lib:/usr/local/cuda/lib64 /usr/bin/cmake --build /home/ubuntu/ros2fox/build/fox_navigation_ros2 -- -j6 -l6
[0.165s] [100%] Built target lidar_loc
[0.186s] Invoked command in '/home/ubuntu/ros2fox/build/fox_navigation_ros2' returned '0': CMAKE_PREFIX_PATH=/home/ubuntu/ros2fox/install/ydlidar_ros2_driver:/home/ubuntu/ros2fox/install/rei_robot_base:/home/ubuntu/ros2fox/install/fox_description_ros2:/home/ubuntu/ros2fox/install/fox_slam_ros2:/home/ubuntu/ros2fox/install/fox_navigation_ros2:/home/ubuntu/ros2fox/install/orbbec_description:/home/ubuntu/ros2fox/install/orbbec_camera:/home/ubuntu/ros2fox/install/orbbec_camera_msgs:/home/ubuntu/ros2fox/install/gripper_control:/home/ubuntu/ros2fox/install/arm_controller:/home/ubuntu/ros2fox/install/fox_webui:/home/ubuntu/ros2fox/install/fox_grape_harvest:/opt/ros/humble LD_LIBRARY_PATH=/home/ubuntu/ros2fox/install/rei_robot_base/lib:/home/ubuntu/ros2fox/install/orbbec_camera/lib:/home/ubuntu/ros2fox/install/orbbec_camera_msgs/lib:/opt/ros/humble/opt/rviz_ogre_vendor/lib:/opt/ros/humble/lib/aarch64-linux-gnu:/home/ubuntu/ros2fox/install/arm_controller/lib:/opt/ros/humble/lib:/usr/local/cuda/lib64:/home/ubuntu/ros2fox/install/arm_controller/lib:/opt/ros/humble/lib:/usr/local/cuda/lib64 /usr/bin/cmake --build /home/ubuntu/ros2fox/build/fox_navigation_ros2 -- -j6 -l6
[0.257s] Invoking command in '/home/ubuntu/ros2fox/build/fox_navigation_ros2': CMAKE_PREFIX_PATH=/home/ubuntu/ros2fox/install/ydlidar_ros2_driver:/home/ubuntu/ros2fox/install/rei_robot_base:/home/ubuntu/ros2fox/install/fox_description_ros2:/home/ubuntu/ros2fox/install/fox_slam_ros2:/home/ubuntu/ros2fox/install/fox_navigation_ros2:/home/ubuntu/ros2fox/install/orbbec_description:/home/ubuntu/ros2fox/install/orbbec_camera:/home/ubuntu/ros2fox/install/orbbec_camera_msgs:/home/ubuntu/ros2fox/install/gripper_control:/home/ubuntu/ros2fox/install/arm_controller:/home/ubuntu/ros2fox/install/fox_webui:/home/ubuntu/ros2fox/install/fox_grape_harvest:/opt/ros/humble LD_LIBRARY_PATH=/home/ubuntu/ros2fox/install/rei_robot_base/lib:/home/ubuntu/ros2fox/install/orbbec_camera/lib:/home/ubuntu/ros2fox/install/orbbec_camera_msgs/lib:/opt/ros/humble/opt/rviz_ogre_vendor/lib:/opt/ros/humble/lib/aarch64-linux-gnu:/home/ubuntu/ros2fox/install/arm_controller/lib:/opt/ros/humble/lib:/usr/local/cuda/lib64:/home/ubuntu/ros2fox/install/arm_controller/lib:/opt/ros/humble/lib:/usr/local/cuda/lib64 /usr/bin/cmake --install /home/ubuntu/ros2fox/build/fox_navigation_ros2
[0.269s] -- Install configuration: ""
[0.271s] -- Up-to-date: /home/ubuntu/ros2fox/install/fox_navigation_ros2/lib/fox_navigation_ros2/lidar_loc
[0.272s] -- Up-to-date: /home/ubuntu/ros2fox/install/fox_navigation_ros2/share/fox_navigation_ros2/launch
[0.272s] -- Up-to-date: /home/ubuntu/ros2fox/install/fox_navigation_ros2/share/fox_navigation_ros2/launch/fox_navigation.launch.py
[0.272s] -- Up-to-date: /home/ubuntu/ros2fox/install/fox_navigation_ros2/share/fox_navigation_ros2/launch/map_server.launch.py
[0.272s] -- Up-to-date: /home/ubuntu/ros2fox/install/fox_navigation_ros2/share/fox_navigation_ros2/param
[0.273s] -- Up-to-date: /home/ubuntu/ros2fox/install/fox_navigation_ros2/share/fox_navigation_ros2/param/fox_lidar_params.yaml
[0.273s] -- Installing: /home/ubuntu/ros2fox/install/fox_navigation_ros2/share/fox_navigation_ros2/param/nav2_params.yaml
[0.274s] -- Up-to-date: /home/ubuntu/ros2fox/install/fox_navigation_ros2/share/fox_navigation_ros2/param/amcl_diff_params.yaml
[0.274s] -- Up-to-date: /home/ubuntu/ros2fox/install/fox_navigation_ros2/share/fox_navigation_ros2/rviz
[0.275s] -- Up-to-date: /home/ubuntu/ros2fox/install/fox_navigation_ros2/share/fox_navigation_ros2/rviz/nav.rviz
[0.275s] -- Up-to-date: /home/ubuntu/ros2fox/install/fox_navigation_ros2/share/ament_index/resource_index/package_run_dependencies/fox_navigation_ros2
[0.276s] -- Up-to-date: /home/ubuntu/ros2fox/install/fox_navigation_ros2/share/ament_index/resource_index/parent_prefix_path/fox_navigation_ros2
[0.276s] -- Up-to-date: /home/ubuntu/ros2fox/install/fox_navigation_ros2/share/fox_navigation_ros2/environment/ament_prefix_path.sh
[0.276s] -- Up-to-date: /home/ubuntu/ros2fox/install/fox_navigation_ros2/share/fox_navigation_ros2/environment/ament_prefix_path.dsv
[0.276s] -- Up-to-date: /home/ubuntu/ros2fox/install/fox_navigation_ros2/share/fox_navigation_ros2/environment/path.sh
[0.276s] -- Up-to-date: /home/ubuntu/ros2fox/install/fox_navigation_ros2/share/fox_navigation_ros2/environment/path.dsv
[0.276s] -- Up-to-date: /home/ubuntu/ros2fox/install/fox_navigation_ros2/share/fox_navigation_ros2/local_setup.bash
[0.276s] -- Up-to-date: /home/ubuntu/ros2fox/install/fox_navigation_ros2/share/fox_navigation_ros2/local_setup.sh
[0.277s] -- Up-to-date: /home/ubuntu/ros2fox/install/fox_navigation_ros2/share/fox_navigation_ros2/local_setup.zsh
[0.277s] -- Up-to-date: /home/ubuntu/ros2fox/install/fox_navigation_ros2/share/fox_navigation_ros2/local_setup.dsv
[0.277s] -- Installing: /home/ubuntu/ros2fox/install/fox_navigation_ros2/share/fox_navigation_ros2/package.dsv
[0.280s] -- Up-to-date: /home/ubuntu/ros2fox/install/fox_navigation_ros2/share/ament_index/resource_index/packages/fox_navigation_ros2
[0.280s] -- Up-to-date: /home/ubuntu/ros2fox/install/fox_navigation_ros2/share/fox_navigation_ros2/cmake/fox_navigation_ros2Config.cmake
[0.281s] -- Up-to-date: /home/ubuntu/ros2fox/install/fox_navigation_ros2/share/fox_navigation_ros2/cmake/fox_navigation_ros2Config-version.cmake
[0.281s] -- Up-to-date: /home/ubuntu/ros2fox/install/fox_navigation_ros2/share/fox_navigation_ros2/package.xml
[0.288s] Invoked command in '/home/ubuntu/ros2fox/build/fox_navigation_ros2' returned '0': CMAKE_PREFIX_PATH=/home/ubuntu/ros2fox/install/ydlidar_ros2_driver:/home/ubuntu/ros2fox/install/rei_robot_base:/home/ubuntu/ros2fox/install/fox_description_ros2:/home/ubuntu/ros2fox/install/fox_slam_ros2:/home/ubuntu/ros2fox/install/fox_navigation_ros2:/home/ubuntu/ros2fox/install/orbbec_description:/home/ubuntu/ros2fox/install/orbbec_camera:/home/ubuntu/ros2fox/install/orbbec_camera_msgs:/home/ubuntu/ros2fox/install/gripper_control:/home/ubuntu/ros2fox/install/arm_controller:/home/ubuntu/ros2fox/install/fox_webui:/home/ubuntu/ros2fox/install/fox_grape_harvest:/opt/ros/humble LD_LIBRARY_PATH=/home/ubuntu/ros2fox/install/rei_robot_base/lib:/home/ubuntu/ros2fox/install/orbbec_camera/lib:/home/ubuntu/ros2fox/install/orbbec_camera_msgs/lib:/opt/ros/humble/opt/rviz_ogre_vendor/lib:/opt/ros/humble/lib/aarch64-linux-gnu:/home/ubuntu/ros2fox/install/arm_controller/lib:/opt/ros/humble/lib:/usr/local/cuda/lib64:/home/ubuntu/ros2fox/install/arm_controller/lib:/opt/ros/humble/lib:/usr/local/cuda/lib64 /usr/bin/cmake --install /home/ubuntu/ros2fox/build/fox_navigation_ros2
