[2.005s] Invoking command in '/home/ubuntu/ros2fox/src/fox_webui': AMENT_PREFIX_PATH=/home/ubuntu/ros2fox/install/fox_grape_harvest:/home/ubuntu/ros2fox/install/arm_controller:/home/ubuntu/ros2fox/install/fox_description_ros2:/home/ubuntu/ros2fox/install/fox_navigation_ros2:/home/ubuntu/ros2fox/install/fox_slam_ros2:/home/ubuntu/ros2fox/install/fox_webui:/home/ubuntu/ros2fox/install/gripper_control:/home/ubuntu/ros2fox/install/orbbec_camera:/home/ubuntu/ros2fox/install/orbbec_camera_msgs:/home/ubuntu/ros2fox/install/orbbec_description:/home/ubuntu/ros2fox/install/rei_robot_base:/home/ubuntu/ros2fox/install/ydlidar_ros2_driver:/opt/ros/humble:/home/ubuntu/ros2fox/install/arm_controller:/opt/ros/humble:/home/ubuntu/ros2fox/install/arm_controller CMAKE_PREFIX_PATH=/home/ubuntu/ros2fox/install/rei_robot_base:/home/ubuntu/ros2fox/install/arm_controller LD_LIBRARY_PATH=/home/ubuntu/ros2fox/install/rei_robot_base/lib:/home/ubuntu/ros2fox/install/arm_controller/lib:/home/ubuntu/ros2fox/install/fox_grape_harvest/lib:/home/ubuntu/ros2fox/install/fox_navigation_ros2/lib:/home/ubuntu/ros2fox/install/fox_slam_ros2/lib:/home/ubuntu/ros2fox/install/fox_webui/lib:/home/ubuntu/ros2fox/install/gripper_control/lib:/home/ubuntu/ros2fox/install/orbbec_camera/lib:/home/ubuntu/ros2fox/install/orbbec_camera_msgs/lib:/home/ubuntu/ros2fox/install/ydlidar_ros2_driver/lib:/home/ubuntu/ros2fox/install/arm_controller/local/lib:/home/ubuntu/ros2fox/install/orbbec_camera_msgs/local/lib:/home/ubuntu/ros2fox/install/rei_robot_base/local/lib:/opt/ros/humble/lib:/usr/local/cuda/lib64:/opt/ros/humble/lib:/usr/local/cuda/lib64 PYTHONPATH=/home/ubuntu/ros2fox/build/fox_webui/prefix_override:/home/ubuntu/ros2fox/install/fox_webui/lib/python3.10/site-packages:${PYTHONPATH} /usr/bin/python3 -W ignore:setup.py install is deprecated setup.py egg_info --egg-base ../../build/fox_webui build --build-base /home/ubuntu/ros2fox/build/fox_webui/build install --record /home/ubuntu/ros2fox/build/fox_webui/install.log --single-version-externally-managed install_data
[2.637s] running egg_info
[2.680s] writing ../../build/fox_webui/fox_webui.egg-info/PKG-INFO
[2.681s] writing dependency_links to ../../build/fox_webui/fox_webui.egg-info/dependency_links.txt
[2.681s] writing entry points to ../../build/fox_webui/fox_webui.egg-info/entry_points.txt
[2.682s] writing requirements to ../../build/fox_webui/fox_webui.egg-info/requires.txt
[2.682s] writing top-level names to ../../build/fox_webui/fox_webui.egg-info/top_level.txt
[2.772s] reading manifest file '../../build/fox_webui/fox_webui.egg-info/SOURCES.txt'
[2.775s] writing manifest file '../../build/fox_webui/fox_webui.egg-info/SOURCES.txt'
[2.775s] running build
[2.775s] running build_py
[2.776s] copying fox_webui/state.py -> /home/ubuntu/ros2fox/build/fox_webui/build/lib/fox_webui
[2.776s] copying fox_webui/preview_detector.py -> /home/ubuntu/ros2fox/build/fox_webui/build/lib/fox_webui
[2.777s] copying fox_webui/mapdata.py -> /home/ubuntu/ros2fox/build/fox_webui/build/lib/fox_webui
[2.777s] copying fox_webui/control.py -> /home/ubuntu/ros2fox/build/fox_webui/build/lib/fox_webui
[2.778s] copying fox_webui/webapi.py -> /home/ubuntu/ros2fox/build/fox_webui/build/lib/fox_webui
[2.778s] copying fox_webui/agent_node.py -> /home/ubuntu/ros2fox/build/fox_webui/build/lib/fox_webui
[2.778s] copying fox_webui/video.py -> /home/ubuntu/ros2fox/build/fox_webui/build/lib/fox_webui
[2.779s] copying fox_webui/__init__.py -> /home/ubuntu/ros2fox/build/fox_webui/build/lib/fox_webui
[2.780s] running install
[2.792s] running install_lib
[2.837s] running install_data
[2.837s] copying resource/fox_webui -> /home/ubuntu/ros2fox/install/fox_webui/share/ament_index/resource_index/packages
[2.837s] copying package.xml -> /home/ubuntu/ros2fox/install/fox_webui/share/fox_webui
[2.837s] copying launch/webui.launch.py -> /home/ubuntu/ros2fox/install/fox_webui/share/fox_webui/launch
[2.838s] copying config/webui.yaml -> /home/ubuntu/ros2fox/install/fox_webui/share/fox_webui/config
[2.838s] copying web/style.css -> /home/ubuntu/ros2fox/install/fox_webui/share/fox_webui/web
[2.838s] copying web/index.html -> /home/ubuntu/ros2fox/install/fox_webui/share/fox_webui/web
[2.839s] copying web/lib/OrbitControls.js -> /home/ubuntu/ros2fox/install/fox_webui/share/fox_webui/web/lib
[2.839s] copying web/lib/vue.esm-browser.prod.js -> /home/ubuntu/ros2fox/install/fox_webui/share/fox_webui/web/lib
[2.840s] copying web/lib/three.module.js -> /home/ubuntu/ros2fox/install/fox_webui/share/fox_webui/web/lib
[2.843s] copying web/build/COLCON_IGNORE -> /home/ubuntu/ros2fox/install/fox_webui/share/fox_webui/web/build
[2.843s] copying web/build/.built_by -> /home/ubuntu/ros2fox/install/fox_webui/share/fox_webui/web/build
[2.843s] copying web/install/_local_setup_util_sh.py -> /home/ubuntu/ros2fox/install/fox_webui/share/fox_webui/web/install
[2.844s] copying web/install/COLCON_IGNORE -> /home/ubuntu/ros2fox/install/fox_webui/share/fox_webui/web/install
[2.844s] copying web/install/local_setup.zsh -> /home/ubuntu/ros2fox/install/fox_webui/share/fox_webui/web/install
[2.845s] copying web/install/setup.zsh -> /home/ubuntu/ros2fox/install/fox_webui/share/fox_webui/web/install
[2.845s] copying web/install/setup.ps1 -> /home/ubuntu/ros2fox/install/fox_webui/share/fox_webui/web/install
[2.845s] copying web/install/local_setup.bash -> /home/ubuntu/ros2fox/install/fox_webui/share/fox_webui/web/install
[2.846s] copying web/install/local_setup.sh -> /home/ubuntu/ros2fox/install/fox_webui/share/fox_webui/web/install
[2.846s] copying web/install/.colcon_install_layout -> /home/ubuntu/ros2fox/install/fox_webui/share/fox_webui/web/install
[2.846s] copying web/install/_local_setup_util_ps1.py -> /home/ubuntu/ros2fox/install/fox_webui/share/fox_webui/web/install
[2.847s] copying web/install/setup.sh -> /home/ubuntu/ros2fox/install/fox_webui/share/fox_webui/web/install
[2.850s] copying web/install/setup.bash -> /home/ubuntu/ros2fox/install/fox_webui/share/fox_webui/web/install
[2.853s] copying web/install/local_setup.ps1 -> /home/ubuntu/ros2fox/install/fox_webui/share/fox_webui/web/install
[2.853s] copying web/log/COLCON_IGNORE -> /home/ubuntu/ros2fox/install/fox_webui/share/fox_webui/web/log
[2.853s] copying web/log/build_2026-09-19_21-33-31/logger_all.log -> /home/ubuntu/ros2fox/install/fox_webui/share/fox_webui/web/log/build_2026-09-19_21-33-31
[2.853s] copying web/log/build_2026-09-19_21-33-31/events.log -> /home/ubuntu/ros2fox/install/fox_webui/share/fox_webui/web/log/build_2026-09-19_21-33-31
[2.853s] copying web/js/main.js -> /home/ubuntu/ros2fox/install/fox_webui/share/fox_webui/web/js
[2.854s] copying web/js/shared.js -> /home/ubuntu/ros2fox/install/fox_webui/share/fox_webui/web/js
[2.854s] copying web/js/components/StatusPanels.js -> /home/ubuntu/ros2fox/install/fox_webui/share/fox_webui/web/js/components
[2.854s] copying web/js/components/VideoPanel.js -> /home/ubuntu/ros2fox/install/fox_webui/share/fox_webui/web/js/components
[2.854s] copying web/js/components/ArmPanel.js -> /home/ubuntu/ros2fox/install/fox_webui/share/fox_webui/web/js/components
[2.854s] copying web/js/components/MapView.js -> /home/ubuntu/ros2fox/install/fox_webui/share/fox_webui/web/js/components
[2.854s] copying web/js/components/NavPanel.js -> /home/ubuntu/ros2fox/install/fox_webui/share/fox_webui/web/js/components
[2.854s] copying web/js/components/LogPanel.js -> /home/ubuntu/ros2fox/install/fox_webui/share/fox_webui/web/js/components
[2.855s] copying web/js/components/ManualControl.js -> /home/ubuntu/ros2fox/install/fox_webui/share/fox_webui/web/js/components
[2.855s] running install_egg_info
[2.899s] removing '/home/ubuntu/ros2fox/install/fox_webui/lib/python3.10/site-packages/fox_webui-0.1.0-py3.10.egg-info' (and everything under it)
[2.899s] Copying ../../build/fox_webui/fox_webui.egg-info to /home/ubuntu/ros2fox/install/fox_webui/lib/python3.10/site-packages/fox_webui-0.1.0-py3.10.egg-info
[2.901s] running install_scripts
[3.269s] Installing fox_webui_agent script to /home/ubuntu/ros2fox/install/fox_webui/lib/fox_webui
[3.270s] writing list of installed files to '/home/ubuntu/ros2fox/build/fox_webui/install.log'
[3.353s] Invoked command in '/home/ubuntu/ros2fox/src/fox_webui' returned '0': AMENT_PREFIX_PATH=/home/ubuntu/ros2fox/install/fox_grape_harvest:/home/ubuntu/ros2fox/install/arm_controller:/home/ubuntu/ros2fox/install/fox_description_ros2:/home/ubuntu/ros2fox/install/fox_navigation_ros2:/home/ubuntu/ros2fox/install/fox_slam_ros2:/home/ubuntu/ros2fox/install/fox_webui:/home/ubuntu/ros2fox/install/gripper_control:/home/ubuntu/ros2fox/install/orbbec_camera:/home/ubuntu/ros2fox/install/orbbec_camera_msgs:/home/ubuntu/ros2fox/install/orbbec_description:/home/ubuntu/ros2fox/install/rei_robot_base:/home/ubuntu/ros2fox/install/ydlidar_ros2_driver:/opt/ros/humble:/home/ubuntu/ros2fox/install/arm_controller:/opt/ros/humble:/home/ubuntu/ros2fox/install/arm_controller CMAKE_PREFIX_PATH=/home/ubuntu/ros2fox/install/rei_robot_base:/home/ubuntu/ros2fox/install/arm_controller LD_LIBRARY_PATH=/home/ubuntu/ros2fox/install/rei_robot_base/lib:/home/ubuntu/ros2fox/install/arm_controller/lib:/home/ubuntu/ros2fox/install/fox_grape_harvest/lib:/home/ubuntu/ros2fox/install/fox_navigation_ros2/lib:/home/ubuntu/ros2fox/install/fox_slam_ros2/lib:/home/ubuntu/ros2fox/install/fox_webui/lib:/home/ubuntu/ros2fox/install/gripper_control/lib:/home/ubuntu/ros2fox/install/orbbec_camera/lib:/home/ubuntu/ros2fox/install/orbbec_camera_msgs/lib:/home/ubuntu/ros2fox/install/ydlidar_ros2_driver/lib:/home/ubuntu/ros2fox/install/arm_controller/local/lib:/home/ubuntu/ros2fox/install/orbbec_camera_msgs/local/lib:/home/ubuntu/ros2fox/install/rei_robot_base/local/lib:/opt/ros/humble/lib:/usr/local/cuda/lib64:/opt/ros/humble/lib:/usr/local/cuda/lib64 PYTHONPATH=/home/ubuntu/ros2fox/build/fox_webui/prefix_override:/home/ubuntu/ros2fox/install/fox_webui/lib/python3.10/site-packages:${PYTHONPATH} /usr/bin/python3 -W ignore:setup.py install is deprecated setup.py egg_info --egg-base ../../build/fox_webui build --build-base /home/ubuntu/ros2fox/build/fox_webui/build install --record /home/ubuntu/ros2fox/build/fox_webui/install.log --single-version-externally-managed install_data
