/home/ubuntu/ros2fox/install/fox_webui/lib/python3.10/site-packages/fox_webui/state.py
/home/ubuntu/ros2fox/install/fox_webui/lib/python3.10/site-packages/fox_webui/preview_detector.py
/home/ubuntu/ros2fox/install/fox_webui/lib/python3.10/site-packages/fox_webui/mapdata.py
/home/ubuntu/ros2fox/install/fox_webui/lib/python3.10/site-packages/fox_webui/peers.py
/home/ubuntu/ros2fox/install/fox_webui/lib/python3.10/site-packages/fox_webui/control.py
/home/ubuntu/ros2fox/install/fox_webui/lib/python3.10/site-packages/fox_webui/compensation.py
/home/ubuntu/ros2fox/install/fox_webui/lib/python3.10/site-packages/fox_webui/webapi.py
/home/ubuntu/ros2fox/install/fox_webui/lib/python3.10/site-packages/fox_webui/agent_node.py
/home/ubuntu/ros2fox/install/fox_webui/lib/python3.10/site-packages/fox_webui/process_manager.py
/home/ubuntu/ros2fox/install/fox_webui/lib/python3.10/site-packages/fox_webui/video.py
/home/ubuntu/ros2fox/install/fox_webui/lib/python3.10/site-packages/fox_webui/__init__.py
/home/ubuntu/ros2fox/install/fox_webui/lib/python3.10/site-packages/fox_webui/__pycache__/state.cpython-310.pyc
/home/ubuntu/ros2fox/install/fox_webui/lib/python3.10/site-packages/fox_webui/__pycache__/preview_detector.cpython-310.pyc
/home/ubuntu/ros2fox/install/fox_webui/lib/python3.10/site-packages/fox_webui/__pycache__/mapdata.cpython-310.pyc
/home/ubuntu/ros2fox/install/fox_webui/lib/python3.10/site-packages/fox_webui/__pycache__/peers.cpython-310.pyc
/home/ubuntu/ros2fox/install/fox_webui/lib/python3.10/site-packages/fox_webui/__pycache__/control.cpython-310.pyc
/home/ubuntu/ros2fox/install/fox_webui/lib/python3.10/site-packages/fox_webui/__pycache__/compensation.cpython-310.pyc
/home/ubuntu/ros2fox/install/fox_webui/lib/python3.10/site-packages/fox_webui/__pycache__/webapi.cpython-310.pyc
/home/ubuntu/ros2fox/install/fox_webui/lib/python3.10/site-packages/fox_webui/__pycache__/agent_node.cpython-310.pyc
/home/ubuntu/ros2fox/install/fox_webui/lib/python3.10/site-packages/fox_webui/__pycache__/process_manager.cpython-310.pyc
/home/ubuntu/ros2fox/install/fox_webui/lib/python3.10/site-packages/fox_webui/__pycache__/video.cpython-310.pyc
/home/ubuntu/ros2fox/install/fox_webui/lib/python3.10/site-packages/fox_webui/__pycache__/__init__.cpython-310.pyc
/home/ubuntu/ros2fox/install/fox_webui/share/ament_index/resource_index/packages/fox_webui
/home/ubuntu/ros2fox/install/fox_webui/share/fox_webui/package.xml
/home/ubuntu/ros2fox/install/fox_webui/share/fox_webui/launch/webui.launch.py
/home/ubuntu/ros2fox/install/fox_webui/share/fox_webui/config/modules.yaml
/home/ubuntu/ros2fox/install/fox_webui/share/fox_webui/config/webui.yaml
/home/ubuntu/ros2fox/install/fox_webui/share/fox_webui/config
/home/ubuntu/ros2fox/install/fox_webui/share/fox_webui/web/style.css
/home/ubuntu/ros2fox/install/fox_webui/share/fox_webui/web/index.html
/home/ubuntu/ros2fox/install/fox_webui/share/fox_webui/web/lib/OrbitControls.js
/home/ubuntu/ros2fox/install/fox_webui/share/fox_webui/web/lib/vue.esm-browser.prod.js
/home/ubuntu/ros2fox/install/fox_webui/share/fox_webui/web/lib/three.module.js
/home/ubuntu/ros2fox/install/fox_webui/share/fox_webui/web/build/COLCON_IGNORE
/home/ubuntu/ros2fox/install/fox_webui/share/fox_webui/web/build/.built_by
/home/ubuntu/ros2fox/install/fox_webui/share/fox_webui/web/install/_local_setup_util_sh.py
/home/ubuntu/ros2fox/install/fox_webui/share/fox_webui/web/install/COLCON_IGNORE
/home/ubuntu/ros2fox/install/fox_webui/share/fox_webui/web/install/local_setup.zsh
/home/ubuntu/ros2fox/install/fox_webui/share/fox_webui/web/install/setup.zsh
/home/ubuntu/ros2fox/install/fox_webui/share/fox_webui/web/install/setup.ps1
/home/ubuntu/ros2fox/install/fox_webui/share/fox_webui/web/install/local_setup.bash
/home/ubuntu/ros2fox/install/fox_webui/share/fox_webui/web/install/local_setup.sh
/home/ubuntu/ros2fox/install/fox_webui/share/fox_webui/web/install/.colcon_install_layout
/home/ubuntu/ros2fox/install/fox_webui/share/fox_webui/web/install/_local_setup_util_ps1.py
/home/ubuntu/ros2fox/install/fox_webui/share/fox_webui/web/install/setup.sh
/home/ubuntu/ros2fox/install/fox_webui/share/fox_webui/web/install/setup.bash
/home/ubuntu/ros2fox/install/fox_webui/share/fox_webui/web/install/local_setup.ps1
/home/ubuntu/ros2fox/install/fox_webui/share/fox_webui/web/log/COLCON_IGNORE
/home/ubuntu/ros2fox/install/fox_webui/share/fox_webui/web/log/build_2026-09-19_21-33-31/logger_all.log
/home/ubuntu/ros2fox/install/fox_webui/share/fox_webui/web/log/build_2026-09-19_21-33-31/events.log
/home/ubuntu/ros2fox/install/fox_webui/share/fox_webui/web/js/main.js
/home/ubuntu/ros2fox/install/fox_webui/share/fox_webui/web/js/shared.js
/home/ubuntu/ros2fox/install/fox_webui/share/fox_webui/web/js/components/StatusPanels.js
/home/ubuntu/ros2fox/install/fox_webui/share/fox_webui/web/js/components/RobotPicker.js
/home/ubuntu/ros2fox/install/fox_webui/share/fox_webui/web/js/components/VideoPanel.js
/home/ubuntu/ros2fox/install/fox_webui/share/fox_webui/web/js/components/ArmPanel.js
/home/ubuntu/ros2fox/install/fox_webui/share/fox_webui/web/js/components/MapView.js
/home/ubuntu/ros2fox/install/fox_webui/share/fox_webui/web/js/components/NavPanel.js
/home/ubuntu/ros2fox/install/fox_webui/share/fox_webui/web/js/components/LogPanel.js
/home/ubuntu/ros2fox/install/fox_webui/share/fox_webui/web/js/components/TaskPanel.js
/home/ubuntu/ros2fox/install/fox_webui/share/fox_webui/web/js/components/ModulePanel.js
/home/ubuntu/ros2fox/install/fox_webui/share/fox_webui/web/js/components/ManualControl.js
/home/ubuntu/ros2fox/install/fox_webui/lib/python3.10/site-packages/fox_webui-0.1.0-py3.10.egg-info/not-zip-safe
/home/ubuntu/ros2fox/install/fox_webui/lib/python3.10/site-packages/fox_webui-0.1.0-py3.10.egg-info/dependency_links.txt
/home/ubuntu/ros2fox/install/fox_webui/lib/python3.10/site-packages/fox_webui-0.1.0-py3.10.egg-info/requires.txt
/home/ubuntu/ros2fox/install/fox_webui/lib/python3.10/site-packages/fox_webui-0.1.0-py3.10.egg-info/top_level.txt
/home/ubuntu/ros2fox/install/fox_webui/lib/python3.10/site-packages/fox_webui-0.1.0-py3.10.egg-info/PKG-INFO
/home/ubuntu/ros2fox/install/fox_webui/lib/python3.10/site-packages/fox_webui-0.1.0-py3.10.egg-info/entry_points.txt
/home/ubuntu/ros2fox/install/fox_webui/lib/python3.10/site-packages/fox_webui-0.1.0-py3.10.egg-info/SOURCES.txt
/home/ubuntu/ros2fox/install/fox_webui/lib/fox_webui/fox_webui_agent
