[0.115s] Invoking command in '/home/ubuntu/ros2fox/build/fox_navigation_ros2': CMAKE_PREFIX_PATH=/home/ubuntu/ros2fox/install/ydlidar_ros2_driver:/home/ubuntu/ros2fox/install/rei_robot_base:/home/ubuntu/ros2fox/install/fox_description_ros2:/home/ubuntu/ros2fox/install/fox_slam_ros2:/home/ubuntu/ros2fox/install/fox_navigation_ros2:/home/ubuntu/ros2fox/install/orbbec_description:/home/ubuntu/ros2fox/install/orbbec_camera:/home/ubuntu/ros2fox/install/orbbec_camera_msgs:/home/ubuntu/ros2fox/install/gripper_control:/home/ubuntu/ros2fox/install/arm_controller:/home/ubuntu/ros2fox/install/fox_webui:/home/ubuntu/ros2fox/install/fox_grape_harvest:/opt/ros/humble LD_LIBRARY_PATH=/home/ubuntu/ros2fox/install/rei_robot_base/lib:/home/ubuntu/ros2fox/install/orbbec_camera/lib:/home/ubuntu/ros2fox/install/orbbec_camera_msgs/lib:/opt/ros/humble/opt/rviz_ogre_vendor/lib:/opt/ros/humble/lib/aarch64-linux-gnu:/home/ubuntu/ros2fox/install/arm_controller/lib:/opt/ros/humble/lib:/usr/local/cuda/lib64:/home/ubuntu/ros2fox/install/arm_controller/lib:/opt/ros/humble/lib:/usr/local/cuda/lib64 /usr/bin/cmake --build /home/ubuntu/ros2fox/build/fox_navigation_ros2 -- -j6 -l6
[2.376s] [100%] Built target lidar_loc
[2.393s] Invoked command in '/home/ubuntu/ros2fox/build/fox_navigation_ros2' returned '0': CMAKE_PREFIX_PATH=/home/ubuntu/ros2fox/install/ydlidar_ros2_driver:/home/ubuntu/ros2fox/install/rei_robot_base:/home/ubuntu/ros2fox/install/fox_description_ros2:/home/ubuntu/ros2fox/install/fox_slam_ros2:/home/ubuntu/ros2fox/install/fox_navigation_ros2:/home/ubuntu/ros2fox/install/orbbec_description:/home/ubuntu/ros2fox/install/orbbec_camera:/home/ubuntu/ros2fox/install/orbbec_camera_msgs:/home/ubuntu/ros2fox/install/gripper_control:/home/ubuntu/ros2fox/install/arm_controller:/home/ubuntu/ros2fox/install/fox_webui:/home/ubuntu/ros2fox/install/fox_grape_harvest:/opt/ros/humble LD_LIBRARY_PATH=/home/ubuntu/ros2fox/install/rei_robot_base/lib:/home/ubuntu/ros2fox/install/orbbec_camera/lib:/home/ubuntu/ros2fox/install/orbbec_camera_msgs/lib:/opt/ros/humble/opt/rviz_ogre_vendor/lib:/opt/ros/humble/lib/aarch64-linux-gnu:/home/ubuntu/ros2fox/install/arm_controller/lib:/opt/ros/humble/lib:/usr/local/cuda/lib64:/home/ubuntu/ros2fox/install/arm_controller/lib:/opt/ros/humble/lib:/usr/local/cuda/lib64 /usr/bin/cmake --build /home/ubuntu/ros2fox/build/fox_navigation_ros2 -- -j6 -l6
[2.531s] Invoking command in '/home/ubuntu/ros2fox/build/fox_navigation_ros2': CMAKE_PREFIX_PATH=/home/ubuntu/ros2fox/install/ydlidar_ros2_driver:/home/ubuntu/ros2fox/install/rei_robot_base:/home/ubuntu/ros2fox/install/fox_description_ros2:/home/ubuntu/ros2fox/install/fox_slam_ros2:/home/ubuntu/ros2fox/install/fox_navigation_ros2:/home/ubuntu/ros2fox/install/orbbec_description:/home/ubuntu/ros2fox/install/orbbec_camera:/home/ubuntu/ros2fox/install/orbbec_camera_msgs:/home/ubuntu/ros2fox/install/gripper_control:/home/ubuntu/ros2fox/install/arm_controller:/home/ubuntu/ros2fox/install/fox_webui:/home/ubuntu/ros2fox/install/fox_grape_harvest:/opt/ros/humble LD_LIBRARY_PATH=/home/ubuntu/ros2fox/install/rei_robot_base/lib:/home/ubuntu/ros2fox/install/orbbec_camera/lib:/home/ubuntu/ros2fox/install/orbbec_camera_msgs/lib:/opt/ros/humble/opt/rviz_ogre_vendor/lib:/opt/ros/humble/lib/aarch64-linux-gnu:/home/ubuntu/ros2fox/install/arm_controller/lib:/opt/ros/humble/lib:/usr/local/cuda/lib64:/home/ubuntu/ros2fox/install/arm_controller/lib:/opt/ros/humble/lib:/usr/local/cuda/lib64 /usr/bin/cmake --install /home/ubuntu/ros2fox/build/fox_navigation_ros2
[2.582s] -- Install configuration: ""
[2.587s] -- Up-to-date: /home/ubuntu/ros2fox/install/fox_navigation_ros2/lib/fox_navigation_ros2/lidar_loc
[2.587s] -- Up-to-date: /home/ubuntu/ros2fox/install/fox_navigation_ros2/share/fox_navigation_ros2/launch
[2.587s] -- Up-to-date: /home/ubuntu/ros2fox/install/fox_navigation_ros2/share/fox_navigation_ros2/launch/fox_navigation.launch.py
[2.588s] -- Up-to-date: /home/ubuntu/ros2fox/install/fox_navigation_ros2/share/fox_navigation_ros2/launch/map_server.launch.py
[2.588s] -- Up-to-date: /home/ubuntu/ros2fox/install/fox_navigation_ros2/share/fox_navigation_ros2/param
[2.588s] -- Up-to-date: /home/ubuntu/ros2fox/install/fox_navigation_ros2/share/fox_navigation_ros2/param/fox_lidar_params.yaml
[2.588s] -- Installing: /home/ubuntu/ros2fox/install/fox_navigation_ros2/share/fox_navigation_ros2/param/nav2_params.yaml
[2.591s] -- Up-to-date: /home/ubuntu/ros2fox/install/fox_navigation_ros2/share/fox_navigation_ros2/param/amcl_diff_params.yaml
[2.592s] -- Up-to-date: /home/ubuntu/ros2fox/install/fox_navigation_ros2/share/fox_navigation_ros2/rviz
[2.592s] -- Up-to-date: /home/ubuntu/ros2fox/install/fox_navigation_ros2/share/fox_navigation_ros2/rviz/nav.rviz
[2.592s] -- Up-to-date: /home/ubuntu/ros2fox/install/fox_navigation_ros2/share/ament_index/resource_index/package_run_dependencies/fox_navigation_ros2
[2.592s] -- Up-to-date: /home/ubuntu/ros2fox/install/fox_navigation_ros2/share/ament_index/resource_index/parent_prefix_path/fox_navigation_ros2
[2.592s] -- Up-to-date: /home/ubuntu/ros2fox/install/fox_navigation_ros2/share/fox_navigation_ros2/environment/ament_prefix_path.sh
[2.592s] -- Up-to-date: /home/ubuntu/ros2fox/install/fox_navigation_ros2/share/fox_navigation_ros2/environment/ament_prefix_path.dsv
[2.593s] -- Up-to-date: /home/ubuntu/ros2fox/install/fox_navigation_ros2/share/fox_navigation_ros2/environment/path.sh
[2.593s] -- Up-to-date: /home/ubuntu/ros2fox/install/fox_navigation_ros2/share/fox_navigation_ros2/environment/path.dsv
[2.593s] -- Up-to-date: /home/ubuntu/ros2fox/install/fox_navigation_ros2/share/fox_navigation_ros2/local_setup.bash
[2.593s] -- Up-to-date: /home/ubuntu/ros2fox/install/fox_navigation_ros2/share/fox_navigation_ros2/local_setup.sh
[2.593s] -- Up-to-date: /home/ubuntu/ros2fox/install/fox_navigation_ros2/share/fox_navigation_ros2/local_setup.zsh
[2.593s] -- Up-to-date: /home/ubuntu/ros2fox/install/fox_navigation_ros2/share/fox_navigation_ros2/local_setup.dsv
[2.593s] -- Installing: /home/ubuntu/ros2fox/install/fox_navigation_ros2/share/fox_navigation_ros2/package.dsv
[2.594s] -- Up-to-date: /home/ubuntu/ros2fox/install/fox_navigation_ros2/share/ament_index/resource_index/packages/fox_navigation_ros2
[2.595s] -- Up-to-date: /home/ubuntu/ros2fox/install/fox_navigation_ros2/share/fox_navigation_ros2/cmake/fox_navigation_ros2Config.cmake
[2.596s] -- Up-to-date: /home/ubuntu/ros2fox/install/fox_navigation_ros2/share/fox_navigation_ros2/cmake/fox_navigation_ros2Config-version.cmake
[2.596s] -- Up-to-date: /home/ubuntu/ros2fox/install/fox_navigation_ros2/share/fox_navigation_ros2/package.xml
[2.601s] Invoked command in '/home/ubuntu/ros2fox/build/fox_navigation_ros2' returned '0': CMAKE_PREFIX_PATH=/home/ubuntu/ros2fox/install/ydlidar_ros2_driver:/home/ubuntu/ros2fox/install/rei_robot_base:/home/ubuntu/ros2fox/install/fox_description_ros2:/home/ubuntu/ros2fox/install/fox_slam_ros2:/home/ubuntu/ros2fox/install/fox_navigation_ros2:/home/ubuntu/ros2fox/install/orbbec_description:/home/ubuntu/ros2fox/install/orbbec_camera:/home/ubuntu/ros2fox/install/orbbec_camera_msgs:/home/ubuntu/ros2fox/install/gripper_control:/home/ubuntu/ros2fox/install/arm_controller:/home/ubuntu/ros2fox/install/fox_webui:/home/ubuntu/ros2fox/install/fox_grape_harvest:/opt/ros/humble LD_LIBRARY_PATH=/home/ubuntu/ros2fox/install/rei_robot_base/lib:/home/ubuntu/ros2fox/install/orbbec_camera/lib:/home/ubuntu/ros2fox/install/orbbec_camera_msgs/lib:/opt/ros/humble/opt/rviz_ogre_vendor/lib:/opt/ros/humble/lib/aarch64-linux-gnu:/home/ubuntu/ros2fox/install/arm_controller/lib:/opt/ros/humble/lib:/usr/local/cuda/lib64:/home/ubuntu/ros2fox/install/arm_controller/lib:/opt/ros/humble/lib:/usr/local/cuda/lib64 /usr/bin/cmake --install /home/ubuntu/ros2fox/build/fox_navigation_ros2
