[0.536s] colcon DEBUG Command line arguments: ['/home/ubuntu/.local/bin/colcon', 'build', '--packages-select', 'fox_webui']
[0.536s] colcon DEBUG Parsed command line arguments: Namespace(log_base=None, log_level=None, verb_name='build', build_base='build', install_base='install', merge_install=False, symlink_install=False, test_result_base=None, continue_on_error=False, executor='parallel', parallel_workers=6, event_handlers=None, ignore_user_meta=False, metas=['./colcon.meta'], base_paths=['.'], packages_ignore=None, packages_ignore_regex=None, paths=None, packages_up_to=None, packages_up_to_regex=None, packages_above=None, packages_above_and_dependencies=None, packages_above_depth=None, packages_select_by_dep=None, packages_skip_by_dep=None, packages_skip_up_to=None, packages_select_build_failed=False, packages_skip_build_finished=False, packages_select_test_failures=False, packages_skip_test_passed=False, packages_select=['fox_webui'], packages_skip=None, packages_select_regex=None, packages_skip_regex=None, packages_start=None, packages_end=None, allow_overriding=[], cmake_args=None, cmake_target=None, cmake_target_skip_unavailable=False, cmake_clean_cache=False, cmake_clean_first=False, cmake_force_configure=False, ament_cmake_args=None, catkin_cmake_args=None, catkin_skip_building_tests=False, verb_parser=<colcon_defaults.argument_parser.defaults.DefaultArgumentsDecorator object at 0xffff854f7fa0>, verb_extension=<colcon_core.verb.build.BuildVerb object at 0xffff854252a0>, main=<bound method BuildVerb.main of <colcon_core.verb.build.BuildVerb object at 0xffff854252a0>>)
[0.655s] colcon.colcon_core.package_discovery Level 1 discover_packages(colcon_meta) check parameters
[0.655s] colcon.colcon_core.package_discovery Level 1 discover_packages(recursive) check parameters
[0.656s] colcon.colcon_core.package_discovery Level 1 discover_packages(ignore) check parameters
[0.656s] colcon.colcon_core.package_discovery Level 1 discover_packages(path) check parameters
[0.656s] colcon.colcon_core.package_discovery Level 1 discover_packages(colcon_meta) discover
[0.656s] colcon.colcon_core.package_discovery Level 1 discover_packages(recursive) discover
[0.657s] colcon.colcon_core.package_discovery INFO Crawling recursively for packages in '/home/ubuntu/ros2fox'
[0.657s] colcon.colcon_core.package_identification Level 1 _identify(.) by extensions ['ignore', 'ignore_ament_install']
[0.657s] colcon.colcon_core.package_identification Level 1 _identify(.) by extension 'ignore'
[0.658s] colcon.colcon_core.package_identification Level 1 _identify(.) by extension 'ignore_ament_install'
[0.658s] colcon.colcon_core.package_identification Level 1 _identify(.) by extensions ['colcon_pkg']
[0.658s] colcon.colcon_core.package_identification Level 1 _identify(.) by extension 'colcon_pkg'
[0.658s] colcon.colcon_core.package_identification Level 1 _identify(.) by extensions ['colcon_meta']
[0.658s] colcon.colcon_core.package_identification Level 1 _identify(.) by extension 'colcon_meta'
[0.659s] colcon.colcon_core.package_identification Level 1 _identify(.) by extensions ['ros']
[0.659s] colcon.colcon_core.package_identification Level 1 _identify(.) by extension 'ros'
[0.722s] colcon.colcon_core.package_identification Level 1 _identify(.) by extensions ['cmake', 'python']
[0.723s] colcon.colcon_core.package_identification Level 1 _identify(.) by extension 'cmake'
[0.723s] colcon.colcon_core.package_identification Level 1 _identify(.) by extension 'python'
[0.723s] colcon.colcon_core.package_identification Level 1 _identify(.) by extensions ['python_setup_py']
[0.723s] colcon.colcon_core.package_identification Level 1 _identify(.) by extension 'python_setup_py'
[0.724s] colcon.colcon_core.package_identification Level 1 _identify(Log) by extensions ['ignore', 'ignore_ament_install']
[0.724s] colcon.colcon_core.package_identification Level 1 _identify(Log) by extension 'ignore'
[0.724s] colcon.colcon_core.package_identification Level 1 _identify(Log) by extension 'ignore_ament_install'
[0.725s] colcon.colcon_core.package_identification Level 1 _identify(Log) by extensions ['colcon_pkg']
[0.725s] colcon.colcon_core.package_identification Level 1 _identify(Log) by extension 'colcon_pkg'
[0.725s] colcon.colcon_core.package_identification Level 1 _identify(Log) by extensions ['colcon_meta']
[0.725s] colcon.colcon_core.package_identification Level 1 _identify(Log) by extension 'colcon_meta'
[0.725s] colcon.colcon_core.package_identification Level 1 _identify(Log) by extensions ['ros']
[0.725s] colcon.colcon_core.package_identification Level 1 _identify(Log) by extension 'ros'
[0.725s] colcon.colcon_core.package_identification Level 1 _identify(Log) by extensions ['cmake', 'python']
[0.725s] colcon.colcon_core.package_identification Level 1 _identify(Log) by extension 'cmake'
[0.725s] colcon.colcon_core.package_identification Level 1 _identify(Log) by extension 'python'
[0.726s] colcon.colcon_core.package_identification Level 1 _identify(Log) by extensions ['python_setup_py']
[0.726s] colcon.colcon_core.package_identification Level 1 _identify(Log) by extension 'python_setup_py'
[0.726s] colcon.colcon_core.package_identification Level 1 _identify(build) by extensions ['ignore', 'ignore_ament_install']
[0.726s] colcon.colcon_core.package_identification Level 1 _identify(build) by extension 'ignore'
[0.726s] colcon.colcon_core.package_identification Level 1 _identify(build) ignored
[0.726s] colcon.colcon_core.package_identification Level 1 _identify(calib_data) by extensions ['ignore', 'ignore_ament_install']
[0.727s] colcon.colcon_core.package_identification Level 1 _identify(calib_data) by extension 'ignore'
[0.727s] colcon.colcon_core.package_identification Level 1 _identify(calib_data) by extension 'ignore_ament_install'
[0.727s] colcon.colcon_core.package_identification Level 1 _identify(calib_data) by extensions ['colcon_pkg']
[0.727s] colcon.colcon_core.package_identification Level 1 _identify(calib_data) by extension 'colcon_pkg'
[0.727s] colcon.colcon_core.package_identification Level 1 _identify(calib_data) by extensions ['colcon_meta']
[0.727s] colcon.colcon_core.package_identification Level 1 _identify(calib_data) by extension 'colcon_meta'
[0.727s] colcon.colcon_core.package_identification Level 1 _identify(calib_data) by extensions ['ros']
[0.727s] colcon.colcon_core.package_identification Level 1 _identify(calib_data) by extension 'ros'
[0.727s] colcon.colcon_core.package_identification Level 1 _identify(calib_data) by extensions ['cmake', 'python']
[0.728s] colcon.colcon_core.package_identification Level 1 _identify(calib_data) by extension 'cmake'
[0.728s] colcon.colcon_core.package_identification Level 1 _identify(calib_data) by extension 'python'
[0.728s] colcon.colcon_core.package_identification Level 1 _identify(calib_data) by extensions ['python_setup_py']
[0.728s] colcon.colcon_core.package_identification Level 1 _identify(calib_data) by extension 'python_setup_py'
[0.728s] colcon.colcon_core.package_identification Level 1 _identify(calib_data/color) by extensions ['ignore', 'ignore_ament_install']
[0.728s] colcon.colcon_core.package_identification Level 1 _identify(calib_data/color) by extension 'ignore'
[0.728s] colcon.colcon_core.package_identification Level 1 _identify(calib_data/color) by extension 'ignore_ament_install'
[0.728s] colcon.colcon_core.package_identification Level 1 _identify(calib_data/color) by extensions ['colcon_pkg']
[0.728s] colcon.colcon_core.package_identification Level 1 _identify(calib_data/color) by extension 'colcon_pkg'
[0.729s] colcon.colcon_core.package_identification Level 1 _identify(calib_data/color) by extensions ['colcon_meta']
[0.729s] colcon.colcon_core.package_identification Level 1 _identify(calib_data/color) by extension 'colcon_meta'
[0.729s] colcon.colcon_core.package_identification Level 1 _identify(calib_data/color) by extensions ['ros']
[0.729s] colcon.colcon_core.package_identification Level 1 _identify(calib_data/color) by extension 'ros'
[0.729s] colcon.colcon_core.package_identification Level 1 _identify(calib_data/color) by extensions ['cmake', 'python']
[0.729s] colcon.colcon_core.package_identification Level 1 _identify(calib_data/color) by extension 'cmake'
[0.729s] colcon.colcon_core.package_identification Level 1 _identify(calib_data/color) by extension 'python'
[0.729s] colcon.colcon_core.package_identification Level 1 _identify(calib_data/color) by extensions ['python_setup_py']
[0.729s] colcon.colcon_core.package_identification Level 1 _identify(calib_data/color) by extension 'python_setup_py'
[0.730s] colcon.colcon_core.package_identification Level 1 _identify(calib_data/color_old) by extensions ['ignore', 'ignore_ament_install']
[0.730s] colcon.colcon_core.package_identification Level 1 _identify(calib_data/color_old) by extension 'ignore'
[0.730s] colcon.colcon_core.package_identification Level 1 _identify(calib_data/color_old) by extension 'ignore_ament_install'
[0.730s] colcon.colcon_core.package_identification Level 1 _identify(calib_data/color_old) by extensions ['colcon_pkg']
[0.730s] colcon.colcon_core.package_identification Level 1 _identify(calib_data/color_old) by extension 'colcon_pkg'
[0.730s] colcon.colcon_core.package_identification Level 1 _identify(calib_data/color_old) by extensions ['colcon_meta']
[0.730s] colcon.colcon_core.package_identification Level 1 _identify(calib_data/color_old) by extension 'colcon_meta'
[0.730s] colcon.colcon_core.package_identification Level 1 _identify(calib_data/color_old) by extensions ['ros']
[0.730s] colcon.colcon_core.package_identification Level 1 _identify(calib_data/color_old) by extension 'ros'
[0.731s] colcon.colcon_core.package_identification Level 1 _identify(calib_data/color_old) by extensions ['cmake', 'python']
[0.731s] colcon.colcon_core.package_identification Level 1 _identify(calib_data/color_old) by extension 'cmake'
[0.731s] colcon.colcon_core.package_identification Level 1 _identify(calib_data/color_old) by extension 'python'
[0.731s] colcon.colcon_core.package_identification Level 1 _identify(calib_data/color_old) by extensions ['python_setup_py']
[0.731s] colcon.colcon_core.package_identification Level 1 _identify(calib_data/color_old) by extension 'python_setup_py'
[0.731s] colcon.colcon_core.package_identification Level 1 _identify(calib_data/ir) by extensions ['ignore', 'ignore_ament_install']
[0.731s] colcon.colcon_core.package_identification Level 1 _identify(calib_data/ir) by extension 'ignore'
[0.731s] colcon.colcon_core.package_identification Level 1 _identify(calib_data/ir) by extension 'ignore_ament_install'
[0.732s] colcon.colcon_core.package_identification Level 1 _identify(calib_data/ir) by extensions ['colcon_pkg']
[0.732s] colcon.colcon_core.package_identification Level 1 _identify(calib_data/ir) by extension 'colcon_pkg'
[0.732s] colcon.colcon_core.package_identification Level 1 _identify(calib_data/ir) by extensions ['colcon_meta']
[0.732s] colcon.colcon_core.package_identification Level 1 _identify(calib_data/ir) by extension 'colcon_meta'
[0.732s] colcon.colcon_core.package_identification Level 1 _identify(calib_data/ir) by extensions ['ros']
[0.732s] colcon.colcon_core.package_identification Level 1 _identify(calib_data/ir) by extension 'ros'
[0.732s] colcon.colcon_core.package_identification Level 1 _identify(calib_data/ir) by extensions ['cmake', 'python']
[0.732s] colcon.colcon_core.package_identification Level 1 _identify(calib_data/ir) by extension 'cmake'
[0.732s] colcon.colcon_core.package_identification Level 1 _identify(calib_data/ir) by extension 'python'
[0.732s] colcon.colcon_core.package_identification Level 1 _identify(calib_data/ir) by extensions ['python_setup_py']
[0.732s] colcon.colcon_core.package_identification Level 1 _identify(calib_data/ir) by extension 'python_setup_py'
[0.733s] colcon.colcon_core.package_identification Level 1 _identify(calib_data/ir_old) by extensions ['ignore', 'ignore_ament_install']
[0.733s] colcon.colcon_core.package_identification Level 1 _identify(calib_data/ir_old) by extension 'ignore'
[0.733s] colcon.colcon_core.package_identification Level 1 _identify(calib_data/ir_old) by extension 'ignore_ament_install'
[0.733s] colcon.colcon_core.package_identification Level 1 _identify(calib_data/ir_old) by extensions ['colcon_pkg']
[0.733s] colcon.colcon_core.package_identification Level 1 _identify(calib_data/ir_old) by extension 'colcon_pkg'
[0.733s] colcon.colcon_core.package_identification Level 1 _identify(calib_data/ir_old) by extensions ['colcon_meta']
[0.733s] colcon.colcon_core.package_identification Level 1 _identify(calib_data/ir_old) by extension 'colcon_meta'
[0.734s] colcon.colcon_core.package_identification Level 1 _identify(calib_data/ir_old) by extensions ['ros']
[0.734s] colcon.colcon_core.package_identification Level 1 _identify(calib_data/ir_old) by extension 'ros'
[0.734s] colcon.colcon_core.package_identification Level 1 _identify(calib_data/ir_old) by extensions ['cmake', 'python']
[0.734s] colcon.colcon_core.package_identification Level 1 _identify(calib_data/ir_old) by extension 'cmake'
[0.734s] colcon.colcon_core.package_identification Level 1 _identify(calib_data/ir_old) by extension 'python'
[0.734s] colcon.colcon_core.package_identification Level 1 _identify(calib_data/ir_old) by extensions ['python_setup_py']
[0.734s] colcon.colcon_core.package_identification Level 1 _identify(calib_data/ir_old) by extension 'python_setup_py'
[0.734s] colcon.colcon_core.package_identification Level 1 _identify(calib_result) by extensions ['ignore', 'ignore_ament_install']
[0.735s] colcon.colcon_core.package_identification Level 1 _identify(calib_result) by extension 'ignore'
[0.735s] colcon.colcon_core.package_identification Level 1 _identify(calib_result) by extension 'ignore_ament_install'
[0.735s] colcon.colcon_core.package_identification Level 1 _identify(calib_result) by extensions ['colcon_pkg']
[0.735s] colcon.colcon_core.package_identification Level 1 _identify(calib_result) by extension 'colcon_pkg'
[0.735s] colcon.colcon_core.package_identification Level 1 _identify(calib_result) by extensions ['colcon_meta']
[0.735s] colcon.colcon_core.package_identification Level 1 _identify(calib_result) by extension 'colcon_meta'
[0.735s] colcon.colcon_core.package_identification Level 1 _identify(calib_result) by extensions ['ros']
[0.735s] colcon.colcon_core.package_identification Level 1 _identify(calib_result) by extension 'ros'
[0.735s] colcon.colcon_core.package_identification Level 1 _identify(calib_result) by extensions ['cmake', 'python']
[0.735s] colcon.colcon_core.package_identification Level 1 _identify(calib_result) by extension 'cmake'
[0.736s] colcon.colcon_core.package_identification Level 1 _identify(calib_result) by extension 'python'
[0.736s] colcon.colcon_core.package_identification Level 1 _identify(calib_result) by extensions ['python_setup_py']
[0.736s] colcon.colcon_core.package_identification Level 1 _identify(calib_result) by extension 'python_setup_py'
[0.736s] colcon.colcon_core.package_identification Level 1 _identify(docs) by extensions ['ignore', 'ignore_ament_install']
[0.736s] colcon.colcon_core.package_identification Level 1 _identify(docs) by extension 'ignore'
[0.736s] colcon.colcon_core.package_identification Level 1 _identify(docs) by extension 'ignore_ament_install'
[0.736s] colcon.colcon_core.package_identification Level 1 _identify(docs) by extensions ['colcon_pkg']
[0.736s] colcon.colcon_core.package_identification Level 1 _identify(docs) by extension 'colcon_pkg'
[0.736s] colcon.colcon_core.package_identification Level 1 _identify(docs) by extensions ['colcon_meta']
[0.737s] colcon.colcon_core.package_identification Level 1 _identify(docs) by extension 'colcon_meta'
[0.737s] colcon.colcon_core.package_identification Level 1 _identify(docs) by extensions ['ros']
[0.737s] colcon.colcon_core.package_identification Level 1 _identify(docs) by extension 'ros'
[0.737s] colcon.colcon_core.package_identification Level 1 _identify(docs) by extensions ['cmake', 'python']
[0.737s] colcon.colcon_core.package_identification Level 1 _identify(docs) by extension 'cmake'
[0.737s] colcon.colcon_core.package_identification Level 1 _identify(docs) by extension 'python'
[0.737s] colcon.colcon_core.package_identification Level 1 _identify(docs) by extensions ['python_setup_py']
[0.737s] colcon.colcon_core.package_identification Level 1 _identify(docs) by extension 'python_setup_py'
[0.738s] colcon.colcon_core.package_identification Level 1 _identify(install) by extensions ['ignore', 'ignore_ament_install']
[0.738s] colcon.colcon_core.package_identification Level 1 _identify(install) by extension 'ignore'
[0.738s] colcon.colcon_core.package_identification Level 1 _identify(install) ignored
[0.738s] colcon.colcon_core.package_identification Level 1 _identify(log) by extensions ['ignore', 'ignore_ament_install']
[0.739s] colcon.colcon_core.package_identification Level 1 _identify(log) by extension 'ignore'
[0.739s] colcon.colcon_core.package_identification Level 1 _identify(log) ignored
[0.739s] colcon.colcon_core.package_identification Level 1 _identify(maps) by extensions ['ignore', 'ignore_ament_install']
[0.739s] colcon.colcon_core.package_identification Level 1 _identify(maps) by extension 'ignore'
[0.739s] colcon.colcon_core.package_identification Level 1 _identify(maps) by extension 'ignore_ament_install'
[0.739s] colcon.colcon_core.package_identification Level 1 _identify(maps) by extensions ['colcon_pkg']
[0.739s] colcon.colcon_core.package_identification Level 1 _identify(maps) by extension 'colcon_pkg'
[0.740s] colcon.colcon_core.package_identification Level 1 _identify(maps) by extensions ['colcon_meta']
[0.740s] colcon.colcon_core.package_identification Level 1 _identify(maps) by extension 'colcon_meta'
[0.740s] colcon.colcon_core.package_identification Level 1 _identify(maps) by extensions ['ros']
[0.740s] colcon.colcon_core.package_identification Level 1 _identify(maps) by extension 'ros'
[0.740s] colcon.colcon_core.package_identification Level 1 _identify(maps) by extensions ['cmake', 'python']
[0.740s] colcon.colcon_core.package_identification Level 1 _identify(maps) by extension 'cmake'
[0.740s] colcon.colcon_core.package_identification Level 1 _identify(maps) by extension 'python'
[0.740s] colcon.colcon_core.package_identification Level 1 _identify(maps) by extensions ['python_setup_py']
[0.740s] colcon.colcon_core.package_identification Level 1 _identify(maps) by extension 'python_setup_py'
[0.741s] colcon.colcon_core.package_identification Level 1 _identify(models) by extensions ['ignore', 'ignore_ament_install']
[0.741s] colcon.colcon_core.package_identification Level 1 _identify(models) by extension 'ignore'
[0.741s] colcon.colcon_core.package_identification Level 1 _identify(models) by extension 'ignore_ament_install'
[0.741s] colcon.colcon_core.package_identification Level 1 _identify(models) by extensions ['colcon_pkg']
[0.741s] colcon.colcon_core.package_identification Level 1 _identify(models) by extension 'colcon_pkg'
[0.741s] colcon.colcon_core.package_identification Level 1 _identify(models) by extensions ['colcon_meta']
[0.741s] colcon.colcon_core.package_identification Level 1 _identify(models) by extension 'colcon_meta'
[0.741s] colcon.colcon_core.package_identification Level 1 _identify(models) by extensions ['ros']
[0.741s] colcon.colcon_core.package_identification Level 1 _identify(models) by extension 'ros'
[0.742s] colcon.colcon_core.package_identification Level 1 _identify(models) by extensions ['cmake', 'python']
[0.742s] colcon.colcon_core.package_identification Level 1 _identify(models) by extension 'cmake'
[0.742s] colcon.colcon_core.package_identification Level 1 _identify(models) by extension 'python'
[0.742s] colcon.colcon_core.package_identification Level 1 _identify(models) by extensions ['python_setup_py']
[0.742s] colcon.colcon_core.package_identification Level 1 _identify(models) by extension 'python_setup_py'
[0.742s] colcon.colcon_core.package_identification Level 1 _identify(pic) by extensions ['ignore', 'ignore_ament_install']
[0.742s] colcon.colcon_core.package_identification Level 1 _identify(pic) by extension 'ignore'
[0.742s] colcon.colcon_core.package_identification Level 1 _identify(pic) by extension 'ignore_ament_install'
[0.743s] colcon.colcon_core.package_identification Level 1 _identify(pic) by extensions ['colcon_pkg']
[0.743s] colcon.colcon_core.package_identification Level 1 _identify(pic) by extension 'colcon_pkg'
[0.743s] colcon.colcon_core.package_identification Level 1 _identify(pic) by extensions ['colcon_meta']
[0.743s] colcon.colcon_core.package_identification Level 1 _identify(pic) by extension 'colcon_meta'
[0.743s] colcon.colcon_core.package_identification Level 1 _identify(pic) by extensions ['ros']
[0.743s] colcon.colcon_core.package_identification Level 1 _identify(pic) by extension 'ros'
[0.743s] colcon.colcon_core.package_identification Level 1 _identify(pic) by extensions ['cmake', 'python']
[0.743s] colcon.colcon_core.package_identification Level 1 _identify(pic) by extension 'cmake'
[0.743s] colcon.colcon_core.package_identification Level 1 _identify(pic) by extension 'python'
[0.743s] colcon.colcon_core.package_identification Level 1 _identify(pic) by extensions ['python_setup_py']
[0.743s] colcon.colcon_core.package_identification Level 1 _identify(pic) by extension 'python_setup_py'
[0.744s] colcon.colcon_core.package_identification Level 1 _identify(src) by extensions ['ignore', 'ignore_ament_install']
[0.744s] colcon.colcon_core.package_identification Level 1 _identify(src) by extension 'ignore'
[0.744s] colcon.colcon_core.package_identification Level 1 _identify(src) by extension 'ignore_ament_install'
[0.744s] colcon.colcon_core.package_identification Level 1 _identify(src) by extensions ['colcon_pkg']
[0.744s] colcon.colcon_core.package_identification Level 1 _identify(src) by extension 'colcon_pkg'
[0.744s] colcon.colcon_core.package_identification Level 1 _identify(src) by extensions ['colcon_meta']
[0.744s] colcon.colcon_core.package_identification Level 1 _identify(src) by extension 'colcon_meta'
[0.744s] colcon.colcon_core.package_identification Level 1 _identify(src) by extensions ['ros']
[0.745s] colcon.colcon_core.package_identification Level 1 _identify(src) by extension 'ros'
[0.745s] colcon.colcon_core.package_identification Level 1 _identify(src) by extensions ['cmake', 'python']
[0.745s] colcon.colcon_core.package_identification Level 1 _identify(src) by extension 'cmake'
[0.745s] colcon.colcon_core.package_identification Level 1 _identify(src) by extension 'python'
[0.745s] colcon.colcon_core.package_identification Level 1 _identify(src) by extensions ['python_setup_py']
[0.745s] colcon.colcon_core.package_identification Level 1 _identify(src) by extension 'python_setup_py'
[0.745s] colcon.colcon_core.package_identification Level 1 _identify(src/OrbbecSDK_ROS2) by extensions ['ignore', 'ignore_ament_install']
[0.747s] colcon.colcon_core.package_identification Level 1 _identify(src/OrbbecSDK_ROS2) by extension 'ignore'
[0.747s] colcon.colcon_core.package_identification Level 1 _identify(src/OrbbecSDK_ROS2) by extension 'ignore_ament_install'
[0.747s] colcon.colcon_core.package_identification Level 1 _identify(src/OrbbecSDK_ROS2) by extensions ['colcon_pkg']
[0.748s] colcon.colcon_core.package_identification Level 1 _identify(src/OrbbecSDK_ROS2) by extension 'colcon_pkg'
[0.748s] colcon.colcon_core.package_identification Level 1 _identify(src/OrbbecSDK_ROS2) by extensions ['colcon_meta']
[0.748s] colcon.colcon_core.package_identification Level 1 _identify(src/OrbbecSDK_ROS2) by extension 'colcon_meta'
[0.748s] colcon.colcon_core.package_identification Level 1 _identify(src/OrbbecSDK_ROS2) by extensions ['ros']
[0.748s] colcon.colcon_core.package_identification Level 1 _identify(src/OrbbecSDK_ROS2) by extension 'ros'
[0.748s] colcon.colcon_core.package_identification Level 1 _identify(src/OrbbecSDK_ROS2) by extensions ['cmake', 'python']
[0.748s] colcon.colcon_core.package_identification Level 1 _identify(src/OrbbecSDK_ROS2) by extension 'cmake'
[0.748s] colcon.colcon_core.package_identification Level 1 _identify(src/OrbbecSDK_ROS2) by extension 'python'
[0.748s] colcon.colcon_core.package_identification Level 1 _identify(src/OrbbecSDK_ROS2) by extensions ['python_setup_py']
[0.748s] colcon.colcon_core.package_identification Level 1 _identify(src/OrbbecSDK_ROS2) by extension 'python_setup_py'
[0.749s] colcon.colcon_core.package_identification Level 1 _identify(src/OrbbecSDK_ROS2/docs) by extensions ['ignore', 'ignore_ament_install']
[0.749s] colcon.colcon_core.package_identification Level 1 _identify(src/OrbbecSDK_ROS2/docs) by extension 'ignore'
[0.749s] colcon.colcon_core.package_identification Level 1 _identify(src/OrbbecSDK_ROS2/docs) by extension 'ignore_ament_install'
[0.749s] colcon.colcon_core.package_identification Level 1 _identify(src/OrbbecSDK_ROS2/docs) by extensions ['colcon_pkg']
[0.749s] colcon.colcon_core.package_identification Level 1 _identify(src/OrbbecSDK_ROS2/docs) by extension 'colcon_pkg'
[0.749s] colcon.colcon_core.package_identification Level 1 _identify(src/OrbbecSDK_ROS2/docs) by extensions ['colcon_meta']
[0.749s] colcon.colcon_core.package_identification Level 1 _identify(src/OrbbecSDK_ROS2/docs) by extension 'colcon_meta'
[0.749s] colcon.colcon_core.package_identification Level 1 _identify(src/OrbbecSDK_ROS2/docs) by extensions ['ros']
[0.753s] colcon.colcon_core.package_identification Level 1 _identify(src/OrbbecSDK_ROS2/docs) by extension 'ros'
[0.753s] colcon.colcon_core.package_identification Level 1 _identify(src/OrbbecSDK_ROS2/docs) by extensions ['cmake', 'python']
[0.753s] colcon.colcon_core.package_identification Level 1 _identify(src/OrbbecSDK_ROS2/docs) by extension 'cmake'
[0.753s] colcon.colcon_core.package_identification Level 1 _identify(src/OrbbecSDK_ROS2/docs) by extension 'python'
[0.753s] colcon.colcon_core.package_identification Level 1 _identify(src/OrbbecSDK_ROS2/docs) by extensions ['python_setup_py']
[0.753s] colcon.colcon_core.package_identification Level 1 _identify(src/OrbbecSDK_ROS2/docs) by extension 'python_setup_py'
[0.754s] colcon.colcon_core.package_identification Level 1 _identify(src/OrbbecSDK_ROS2/docs/images) by extensions ['ignore', 'ignore_ament_install']
[0.754s] colcon.colcon_core.package_identification Level 1 _identify(src/OrbbecSDK_ROS2/docs/images) by extension 'ignore'
[0.754s] colcon.colcon_core.package_identification Level 1 _identify(src/OrbbecSDK_ROS2/docs/images) by extension 'ignore_ament_install'
[0.754s] colcon.colcon_core.package_identification Level 1 _identify(src/OrbbecSDK_ROS2/docs/images) by extensions ['colcon_pkg']
[0.754s] colcon.colcon_core.package_identification Level 1 _identify(src/OrbbecSDK_ROS2/docs/images) by extension 'colcon_pkg'
[0.754s] colcon.colcon_core.package_identification Level 1 _identify(src/OrbbecSDK_ROS2/docs/images) by extensions ['colcon_meta']
[0.754s] colcon.colcon_core.package_identification Level 1 _identify(src/OrbbecSDK_ROS2/docs/images) by extension 'colcon_meta'
[0.754s] colcon.colcon_core.package_identification Level 1 _identify(src/OrbbecSDK_ROS2/docs/images) by extensions ['ros']
[0.754s] colcon.colcon_core.package_identification Level 1 _identify(src/OrbbecSDK_ROS2/docs/images) by extension 'ros'
[0.755s] colcon.colcon_core.package_identification Level 1 _identify(src/OrbbecSDK_ROS2/docs/images) by extensions ['cmake', 'python']
[0.755s] colcon.colcon_core.package_identification Level 1 _identify(src/OrbbecSDK_ROS2/docs/images) by extension 'cmake'
[0.755s] colcon.colcon_core.package_identification Level 1 _identify(src/OrbbecSDK_ROS2/docs/images) by extension 'python'
[0.755s] colcon.colcon_core.package_identification Level 1 _identify(src/OrbbecSDK_ROS2/docs/images) by extensions ['python_setup_py']
[0.755s] colcon.colcon_core.package_identification Level 1 _identify(src/OrbbecSDK_ROS2/docs/images) by extension 'python_setup_py'
[0.755s] colcon.colcon_core.package_identification Level 1 _identify(src/OrbbecSDK_ROS2/orbbec_camera) by extensions ['ignore', 'ignore_ament_install']
[0.755s] colcon.colcon_core.package_identification Level 1 _identify(src/OrbbecSDK_ROS2/orbbec_camera) by extension 'ignore'
[0.756s] colcon.colcon_core.package_identification Level 1 _identify(src/OrbbecSDK_ROS2/orbbec_camera) by extension 'ignore_ament_install'
[0.756s] colcon.colcon_core.package_identification Level 1 _identify(src/OrbbecSDK_ROS2/orbbec_camera) by extensions ['colcon_pkg']
[0.756s] colcon.colcon_core.package_identification Level 1 _identify(src/OrbbecSDK_ROS2/orbbec_camera) by extension 'colcon_pkg'
[0.756s] colcon.colcon_core.package_identification Level 1 _identify(src/OrbbecSDK_ROS2/orbbec_camera) by extensions ['colcon_meta']
[0.757s] colcon.colcon_core.package_identification Level 1 _identify(src/OrbbecSDK_ROS2/orbbec_camera) by extension 'colcon_meta'
[0.757s] colcon.colcon_core.package_identification Level 1 _identify(src/OrbbecSDK_ROS2/orbbec_camera) by extensions ['ros']
[0.757s] colcon.colcon_core.package_identification Level 1 _identify(src/OrbbecSDK_ROS2/orbbec_camera) by extension 'ros'
[0.766s] colcon.colcon_core.package_identification DEBUG Package 'src/OrbbecSDK_ROS2/orbbec_camera' with type 'ros.ament_cmake' and name 'orbbec_camera'
[0.767s] colcon.colcon_core.package_identification Level 1 _identify(src/OrbbecSDK_ROS2/orbbec_camera_msgs) by extensions ['ignore', 'ignore_ament_install']
[0.767s] colcon.colcon_core.package_identification Level 1 _identify(src/OrbbecSDK_ROS2/orbbec_camera_msgs) by extension 'ignore'
[0.767s] colcon.colcon_core.package_identification Level 1 _identify(src/OrbbecSDK_ROS2/orbbec_camera_msgs) by extension 'ignore_ament_install'
[0.767s] colcon.colcon_core.package_identification Level 1 _identify(src/OrbbecSDK_ROS2/orbbec_camera_msgs) by extensions ['colcon_pkg']
[0.768s] colcon.colcon_core.package_identification Level 1 _identify(src/OrbbecSDK_ROS2/orbbec_camera_msgs) by extension 'colcon_pkg'
[0.768s] colcon.colcon_core.package_identification Level 1 _identify(src/OrbbecSDK_ROS2/orbbec_camera_msgs) by extensions ['colcon_meta']
[0.768s] colcon.colcon_core.package_identification Level 1 _identify(src/OrbbecSDK_ROS2/orbbec_camera_msgs) by extension 'colcon_meta'
[0.768s] colcon.colcon_core.package_identification Level 1 _identify(src/OrbbecSDK_ROS2/orbbec_camera_msgs) by extensions ['ros']
[0.768s] colcon.colcon_core.package_identification Level 1 _identify(src/OrbbecSDK_ROS2/orbbec_camera_msgs) by extension 'ros'
[0.769s] colcon.colcon_core.package_identification DEBUG Package 'src/OrbbecSDK_ROS2/orbbec_camera_msgs' with type 'ros.ament_cmake' and name 'orbbec_camera_msgs'
[0.769s] colcon.colcon_core.package_identification Level 1 _identify(src/OrbbecSDK_ROS2/orbbec_description) by extensions ['ignore', 'ignore_ament_install']
[0.769s] colcon.colcon_core.package_identification Level 1 _identify(src/OrbbecSDK_ROS2/orbbec_description) by extension 'ignore'
[0.770s] colcon.colcon_core.package_identification Level 1 _identify(src/OrbbecSDK_ROS2/orbbec_description) by extension 'ignore_ament_install'
[0.770s] colcon.colcon_core.package_identification Level 1 _identify(src/OrbbecSDK_ROS2/orbbec_description) by extensions ['colcon_pkg']
[0.770s] colcon.colcon_core.package_identification Level 1 _identify(src/OrbbecSDK_ROS2/orbbec_description) by extension 'colcon_pkg'
[0.770s] colcon.colcon_core.package_identification Level 1 _identify(src/OrbbecSDK_ROS2/orbbec_description) by extensions ['colcon_meta']
[0.770s] colcon.colcon_core.package_identification Level 1 _identify(src/OrbbecSDK_ROS2/orbbec_description) by extension 'colcon_meta'
[0.770s] colcon.colcon_core.package_identification Level 1 _identify(src/OrbbecSDK_ROS2/orbbec_description) by extensions ['ros']
[0.770s] colcon.colcon_core.package_identification Level 1 _identify(src/OrbbecSDK_ROS2/orbbec_description) by extension 'ros'
[0.771s] colcon.colcon_core.package_identification DEBUG Package 'src/OrbbecSDK_ROS2/orbbec_description' with type 'ros.ament_cmake' and name 'orbbec_description'
[0.771s] colcon.colcon_core.package_identification Level 1 _identify(src/arm_controller) by extensions ['ignore', 'ignore_ament_install']
[0.772s] colcon.colcon_core.package_identification Level 1 _identify(src/arm_controller) by extension 'ignore'
[0.772s] colcon.colcon_core.package_identification Level 1 _identify(src/arm_controller) by extension 'ignore_ament_install'
[0.772s] colcon.colcon_core.package_identification Level 1 _identify(src/arm_controller) by extensions ['colcon_pkg']
[0.772s] colcon.colcon_core.package_identification Level 1 _identify(src/arm_controller) by extension 'colcon_pkg'
[0.772s] colcon.colcon_core.package_identification Level 1 _identify(src/arm_controller) by extensions ['colcon_meta']
[0.772s] colcon.colcon_core.package_identification Level 1 _identify(src/arm_controller) by extension 'colcon_meta'
[0.772s] colcon.colcon_core.package_identification Level 1 _identify(src/arm_controller) by extensions ['ros']
[0.772s] colcon.colcon_core.package_identification Level 1 _identify(src/arm_controller) by extension 'ros'
[0.774s] colcon.colcon_core.package_identification DEBUG Package 'src/arm_controller' with type 'ros.ament_cmake' and name 'arm_controller'
[0.774s] colcon.colcon_core.package_identification Level 1 _identify(src/calibration) by extensions ['ignore', 'ignore_ament_install']
[0.775s] colcon.colcon_core.package_identification Level 1 _identify(src/calibration) by extension 'ignore'
[0.775s] colcon.colcon_core.package_identification Level 1 _identify(src/calibration) by extension 'ignore_ament_install'
[0.775s] colcon.colcon_core.package_identification Level 1 _identify(src/calibration) by extensions ['colcon_pkg']
[0.775s] colcon.colcon_core.package_identification Level 1 _identify(src/calibration) by extension 'colcon_pkg'
[0.775s] colcon.colcon_core.package_identification Level 1 _identify(src/calibration) by extensions ['colcon_meta']
[0.775s] colcon.colcon_core.package_identification Level 1 _identify(src/calibration) by extension 'colcon_meta'
[0.775s] colcon.colcon_core.package_identification Level 1 _identify(src/calibration) by extensions ['ros']
[0.775s] colcon.colcon_core.package_identification Level 1 _identify(src/calibration) by extension 'ros'
[0.776s] colcon.colcon_core.package_identification Level 1 _identify(src/calibration) by extensions ['cmake', 'python']
[0.776s] colcon.colcon_core.package_identification Level 1 _identify(src/calibration) by extension 'cmake'
[0.776s] colcon.colcon_core.package_identification Level 1 _identify(src/calibration) by extension 'python'
[0.776s] colcon.colcon_core.package_identification Level 1 _identify(src/calibration) by extensions ['python_setup_py']
[0.776s] colcon.colcon_core.package_identification Level 1 _identify(src/calibration) by extension 'python_setup_py'
[0.776s] colcon.colcon_core.package_identification Level 1 _identify(src/calibration/Log) by extensions ['ignore', 'ignore_ament_install']
[0.776s] colcon.colcon_core.package_identification Level 1 _identify(src/calibration/Log) by extension 'ignore'
[0.777s] colcon.colcon_core.package_identification Level 1 _identify(src/calibration/Log) by extension 'ignore_ament_install'
[0.777s] colcon.colcon_core.package_identification Level 1 _identify(src/calibration/Log) by extensions ['colcon_pkg']
[0.777s] colcon.colcon_core.package_identification Level 1 _identify(src/calibration/Log) by extension 'colcon_pkg'
[0.777s] colcon.colcon_core.package_identification Level 1 _identify(src/calibration/Log) by extensions ['colcon_meta']
[0.777s] colcon.colcon_core.package_identification Level 1 _identify(src/calibration/Log) by extension 'colcon_meta'
[0.777s] colcon.colcon_core.package_identification Level 1 _identify(src/calibration/Log) by extensions ['ros']
[0.777s] colcon.colcon_core.package_identification Level 1 _identify(src/calibration/Log) by extension 'ros'
[0.777s] colcon.colcon_core.package_identification Level 1 _identify(src/calibration/Log) by extensions ['cmake', 'python']
[0.777s] colcon.colcon_core.package_identification Level 1 _identify(src/calibration/Log) by extension 'cmake'
[0.778s] colcon.colcon_core.package_identification Level 1 _identify(src/calibration/Log) by extension 'python'
[0.778s] colcon.colcon_core.package_identification Level 1 _identify(src/calibration/Log) by extensions ['python_setup_py']
[0.778s] colcon.colcon_core.package_identification Level 1 _identify(src/calibration/Log) by extension 'python_setup_py'
[0.778s] colcon.colcon_core.package_identification Level 1 _identify(src/calibration/__pycache__) by extensions ['ignore', 'ignore_ament_install']
[0.778s] colcon.colcon_core.package_identification Level 1 _identify(src/calibration/__pycache__) by extension 'ignore'
[0.778s] colcon.colcon_core.package_identification Level 1 _identify(src/calibration/__pycache__) by extension 'ignore_ament_install'
[0.778s] colcon.colcon_core.package_identification Level 1 _identify(src/calibration/__pycache__) by extensions ['colcon_pkg']
[0.778s] colcon.colcon_core.package_identification Level 1 _identify(src/calibration/__pycache__) by extension 'colcon_pkg'
[0.779s] colcon.colcon_core.package_identification Level 1 _identify(src/calibration/__pycache__) by extensions ['colcon_meta']
[0.779s] colcon.colcon_core.package_identification Level 1 _identify(src/calibration/__pycache__) by extension 'colcon_meta'
[0.779s] colcon.colcon_core.package_identification Level 1 _identify(src/calibration/__pycache__) by extensions ['ros']
[0.779s] colcon.colcon_core.package_identification Level 1 _identify(src/calibration/__pycache__) by extension 'ros'
[0.779s] colcon.colcon_core.package_identification Level 1 _identify(src/calibration/__pycache__) by extensions ['cmake', 'python']
[0.779s] colcon.colcon_core.package_identification Level 1 _identify(src/calibration/__pycache__) by extension 'cmake'
[0.779s] colcon.colcon_core.package_identification Level 1 _identify(src/calibration/__pycache__) by extension 'python'
[0.779s] colcon.colcon_core.package_identification Level 1 _identify(src/calibration/__pycache__) by extensions ['python_setup_py']
[0.779s] colcon.colcon_core.package_identification Level 1 _identify(src/calibration/__pycache__) by extension 'python_setup_py'
[0.780s] colcon.colcon_core.package_identification Level 1 _identify(src/fox_description_ros2) by extensions ['ignore', 'ignore_ament_install']
[0.780s] colcon.colcon_core.package_identification Level 1 _identify(src/fox_description_ros2) by extension 'ignore'
[0.780s] colcon.colcon_core.package_identification Level 1 _identify(src/fox_description_ros2) by extension 'ignore_ament_install'
[0.780s] colcon.colcon_core.package_identification Level 1 _identify(src/fox_description_ros2) by extensions ['colcon_pkg']
[0.780s] colcon.colcon_core.package_identification Level 1 _identify(src/fox_description_ros2) by extension 'colcon_pkg'
[0.780s] colcon.colcon_core.package_identification Level 1 _identify(src/fox_description_ros2) by extensions ['colcon_meta']
[0.780s] colcon.colcon_core.package_identification Level 1 _identify(src/fox_description_ros2) by extension 'colcon_meta'
[0.780s] colcon.colcon_core.package_identification Level 1 _identify(src/fox_description_ros2) by extensions ['ros']
[0.780s] colcon.colcon_core.package_identification Level 1 _identify(src/fox_description_ros2) by extension 'ros'
[0.781s] colcon.colcon_core.package_identification DEBUG Package 'src/fox_description_ros2' with type 'ros.ament_cmake' and name 'fox_description_ros2'
[0.782s] colcon.colcon_core.package_identification Level 1 _identify(src/fox_grape_harvest) by extensions ['ignore', 'ignore_ament_install']
[0.782s] colcon.colcon_core.package_identification Level 1 _identify(src/fox_grape_harvest) by extension 'ignore'
[0.782s] colcon.colcon_core.package_identification Level 1 _identify(src/fox_grape_harvest) by extension 'ignore_ament_install'
[0.782s] colcon.colcon_core.package_identification Level 1 _identify(src/fox_grape_harvest) by extensions ['colcon_pkg']
[0.782s] colcon.colcon_core.package_identification Level 1 _identify(src/fox_grape_harvest) by extension 'colcon_pkg'
[0.782s] colcon.colcon_core.package_identification Level 1 _identify(src/fox_grape_harvest) by extensions ['colcon_meta']
[0.782s] colcon.colcon_core.package_identification Level 1 _identify(src/fox_grape_harvest) by extension 'colcon_meta'
[0.783s] colcon.colcon_core.package_identification Level 1 _identify(src/fox_grape_harvest) by extensions ['ros']
[0.783s] colcon.colcon_core.package_identification Level 1 _identify(src/fox_grape_harvest) by extension 'ros'
[0.785s] colcon.colcon_core.package_identification DEBUG Package 'src/fox_grape_harvest' with type 'ros.ament_python' and name 'fox_grape_harvest'
[0.785s] colcon.colcon_core.package_identification Level 1 _identify(src/fox_navigation_ros2) by extensions ['ignore', 'ignore_ament_install']
[0.785s] colcon.colcon_core.package_identification Level 1 _identify(src/fox_navigation_ros2) by extension 'ignore'
[0.786s] colcon.colcon_core.package_identification Level 1 _identify(src/fox_navigation_ros2) by extension 'ignore_ament_install'
[0.786s] colcon.colcon_core.package_identification Level 1 _identify(src/fox_navigation_ros2) by extensions ['colcon_pkg']
[0.786s] colcon.colcon_core.package_identification Level 1 _identify(src/fox_navigation_ros2) by extension 'colcon_pkg'
[0.786s] colcon.colcon_core.package_identification Level 1 _identify(src/fox_navigation_ros2) by extensions ['colcon_meta']
[0.786s] colcon.colcon_core.package_identification Level 1 _identify(src/fox_navigation_ros2) by extension 'colcon_meta'
[0.786s] colcon.colcon_core.package_identification Level 1 _identify(src/fox_navigation_ros2) by extensions ['ros']
[0.786s] colcon.colcon_core.package_identification Level 1 _identify(src/fox_navigation_ros2) by extension 'ros'
[0.788s] colcon.colcon_core.package_identification DEBUG Package 'src/fox_navigation_ros2' with type 'ros.ament_cmake' and name 'fox_navigation_ros2'
[0.789s] colcon.colcon_core.package_identification Level 1 _identify(src/fox_slam_ros2) by extensions ['ignore', 'ignore_ament_install']
[0.789s] colcon.colcon_core.package_identification Level 1 _identify(src/fox_slam_ros2) by extension 'ignore'
[0.789s] colcon.colcon_core.package_identification Level 1 _identify(src/fox_slam_ros2) by extension 'ignore_ament_install'
[0.789s] colcon.colcon_core.package_identification Level 1 _identify(src/fox_slam_ros2) by extensions ['colcon_pkg']
[0.789s] colcon.colcon_core.package_identification Level 1 _identify(src/fox_slam_ros2) by extension 'colcon_pkg'
[0.789s] colcon.colcon_core.package_identification Level 1 _identify(src/fox_slam_ros2) by extensions ['colcon_meta']
[0.790s] colcon.colcon_core.package_identification Level 1 _identify(src/fox_slam_ros2) by extension 'colcon_meta'
[0.790s] colcon.colcon_core.package_identification Level 1 _identify(src/fox_slam_ros2) by extensions ['ros']
[0.790s] colcon.colcon_core.package_identification Level 1 _identify(src/fox_slam_ros2) by extension 'ros'
[0.791s] colcon.colcon_core.package_identification DEBUG Package 'src/fox_slam_ros2' with type 'ros.ament_cmake' and name 'fox_slam_ros2'
[0.791s] colcon.colcon_core.package_identification Level 1 _identify(src/fox_webui) by extensions ['ignore', 'ignore_ament_install']
[0.791s] colcon.colcon_core.package_identification Level 1 _identify(src/fox_webui) by extension 'ignore'
[0.792s] colcon.colcon_core.package_identification Level 1 _identify(src/fox_webui) by extension 'ignore_ament_install'
[0.792s] colcon.colcon_core.package_identification Level 1 _identify(src/fox_webui) by extensions ['colcon_pkg']
[0.792s] colcon.colcon_core.package_identification Level 1 _identify(src/fox_webui) by extension 'colcon_pkg'
[0.792s] colcon.colcon_core.package_identification Level 1 _identify(src/fox_webui) by extensions ['colcon_meta']
[0.792s] colcon.colcon_core.package_identification Level 1 _identify(src/fox_webui) by extension 'colcon_meta'
[0.792s] colcon.colcon_core.package_identification Level 1 _identify(src/fox_webui) by extensions ['ros']
[0.792s] colcon.colcon_core.package_identification Level 1 _identify(src/fox_webui) by extension 'ros'
[0.794s] colcon.colcon_core.package_identification DEBUG Package 'src/fox_webui' with type 'ros.ament_python' and name 'fox_webui'
[0.794s] colcon.colcon_core.package_identification Level 1 _identify(src/gripper_control) by extensions ['ignore', 'ignore_ament_install']
[0.794s] colcon.colcon_core.package_identification Level 1 _identify(src/gripper_control) by extension 'ignore'
[0.794s] colcon.colcon_core.package_identification Level 1 _identify(src/gripper_control) by extension 'ignore_ament_install'
[0.794s] colcon.colcon_core.package_identification Level 1 _identify(src/gripper_control) by extensions ['colcon_pkg']
[0.794s] colcon.colcon_core.package_identification Level 1 _identify(src/gripper_control) by extension 'colcon_pkg'
[0.794s] colcon.colcon_core.package_identification Level 1 _identify(src/gripper_control) by extensions ['colcon_meta']
[0.795s] colcon.colcon_core.package_identification Level 1 _identify(src/gripper_control) by extension 'colcon_meta'
[0.795s] colcon.colcon_core.package_identification Level 1 _identify(src/gripper_control) by extensions ['ros']
[0.795s] colcon.colcon_core.package_identification Level 1 _identify(src/gripper_control) by extension 'ros'
[0.796s] colcon.colcon_core.package_identification DEBUG Package 'src/gripper_control' with type 'ros.ament_cmake' and name 'gripper_control'
[0.797s] colcon.colcon_core.package_identification Level 1 _identify(src/jie_ware) by extensions ['ignore', 'ignore_ament_install']
[0.797s] colcon.colcon_core.package_identification Level 1 _identify(src/jie_ware) by extension 'ignore'
[0.797s] colcon.colcon_core.package_identification Level 1 _identify(src/jie_ware) by extension 'ignore_ament_install'
[0.797s] colcon.colcon_core.package_identification Level 1 _identify(src/jie_ware) by extensions ['colcon_pkg']
[0.797s] colcon.colcon_core.package_identification Level 1 _identify(src/jie_ware) by extension 'colcon_pkg'
[0.797s] colcon.colcon_core.package_identification Level 1 _identify(src/jie_ware) by extensions ['colcon_meta']
[0.798s] colcon.colcon_core.package_identification Level 1 _identify(src/jie_ware) by extension 'colcon_meta'
[0.798s] colcon.colcon_core.package_identification Level 1 _identify(src/jie_ware) by extensions ['ros']
[0.798s] colcon.colcon_core.package_identification Level 1 _identify(src/jie_ware) by extension 'ros'
[0.799s] colcon.colcon_core.package_identification DEBUG Package 'src/jie_ware' with type 'ros.catkin' and name 'jie_ware'
[0.800s] colcon.colcon_core.package_identification Level 1 _identify(src/rei_robot_base) by extensions ['ignore', 'ignore_ament_install']
[0.800s] colcon.colcon_core.package_identification Level 1 _identify(src/rei_robot_base) by extension 'ignore'
[0.800s] colcon.colcon_core.package_identification Level 1 _identify(src/rei_robot_base) by extension 'ignore_ament_install'
[0.800s] colcon.colcon_core.package_identification Level 1 _identify(src/rei_robot_base) by extensions ['colcon_pkg']
[0.800s] colcon.colcon_core.package_identification Level 1 _identify(src/rei_robot_base) by extension 'colcon_pkg'
[0.800s] colcon.colcon_core.package_identification Level 1 _identify(src/rei_robot_base) by extensions ['colcon_meta']
[0.801s] colcon.colcon_core.package_identification Level 1 _identify(src/rei_robot_base) by extension 'colcon_meta'
[0.801s] colcon.colcon_core.package_identification Level 1 _identify(src/rei_robot_base) by extensions ['ros']
[0.801s] colcon.colcon_core.package_identification Level 1 _identify(src/rei_robot_base) by extension 'ros'
[0.803s] colcon.colcon_core.package_identification DEBUG Package 'src/rei_robot_base' with type 'ros.ament_cmake' and name 'rei_robot_base'
[0.803s] colcon.colcon_core.package_identification Level 1 _identify(src/ydlidar_ros2_driver) by extensions ['ignore', 'ignore_ament_install']
[0.803s] colcon.colcon_core.package_identification Level 1 _identify(src/ydlidar_ros2_driver) by extension 'ignore'
[0.803s] colcon.colcon_core.package_identification Level 1 _identify(src/ydlidar_ros2_driver) by extension 'ignore_ament_install'
[0.803s] colcon.colcon_core.package_identification Level 1 _identify(src/ydlidar_ros2_driver) by extensions ['colcon_pkg']
[0.804s] colcon.colcon_core.package_identification Level 1 _identify(src/ydlidar_ros2_driver) by extension 'colcon_pkg'
[0.804s] colcon.colcon_core.package_identification Level 1 _identify(src/ydlidar_ros2_driver) by extensions ['colcon_meta']
[0.804s] colcon.colcon_core.package_identification Level 1 _identify(src/ydlidar_ros2_driver) by extension 'colcon_meta'
[0.804s] colcon.colcon_core.package_identification Level 1 _identify(src/ydlidar_ros2_driver) by extensions ['ros']
[0.804s] colcon.colcon_core.package_identification Level 1 _identify(src/ydlidar_ros2_driver) by extension 'ros'
[0.805s] colcon.colcon_core.package_identification DEBUG Package 'src/ydlidar_ros2_driver' with type 'ros.ament_cmake' and name 'ydlidar_ros2_driver'
[0.805s] colcon.colcon_core.package_discovery Level 1 discover_packages(recursive) using defaults
[0.807s] colcon.colcon_core.package_discovery Level 1 discover_packages(ignore) discover
[0.807s] colcon.colcon_core.package_discovery Level 1 discover_packages(ignore) using defaults
[0.808s] colcon.colcon_core.package_discovery Level 1 discover_packages(path) discover
[0.808s] colcon.colcon_core.package_discovery Level 1 discover_packages(path) using defaults
[0.857s] colcon.colcon_core.package_selection INFO Skipping not selected package 'arm_controller' in 'src/arm_controller'
[0.858s] colcon.colcon_core.package_selection INFO Skipping not selected package 'fox_description_ros2' in 'src/fox_description_ros2'
[0.858s] colcon.colcon_core.package_selection INFO Skipping not selected package 'gripper_control' in 'src/gripper_control'
[0.858s] colcon.colcon_core.package_selection INFO Skipping not selected package 'jie_ware' in 'src/jie_ware'
[0.858s] colcon.colcon_core.package_selection INFO Skipping not selected package 'orbbec_camera_msgs' in 'src/OrbbecSDK_ROS2/orbbec_camera_msgs'
[0.858s] colcon.colcon_core.package_selection INFO Skipping not selected package 'orbbec_description' in 'src/OrbbecSDK_ROS2/orbbec_description'
[0.858s] colcon.colcon_core.package_selection INFO Skipping not selected package 'rei_robot_base' in 'src/rei_robot_base'
[0.859s] colcon.colcon_core.package_selection INFO Skipping not selected package 'ydlidar_ros2_driver' in 'src/ydlidar_ros2_driver'
[0.859s] colcon.colcon_core.package_selection INFO Skipping not selected package 'fox_grape_harvest' in 'src/fox_grape_harvest'
[0.859s] colcon.colcon_core.package_selection INFO Skipping not selected package 'fox_navigation_ros2' in 'src/fox_navigation_ros2'
[0.859s] colcon.colcon_core.package_selection INFO Skipping not selected package 'fox_slam_ros2' in 'src/fox_slam_ros2'
[0.859s] colcon.colcon_core.package_selection INFO Skipping not selected package 'orbbec_camera' in 'src/OrbbecSDK_ROS2/orbbec_camera'
[0.860s] colcon.colcon_core.package_discovery Level 1 discover_packages(prefix_path) check parameters
[0.860s] colcon.colcon_core.package_discovery Level 1 discover_packages(prefix_path) discover
[0.866s] colcon.colcon_installed_package_information.package_discovery DEBUG Found 361 installed packages in /opt/ros/humble
[0.871s] colcon.colcon_installed_package_information.package_discovery DEBUG Found 12 installed packages in /home/ubuntu/ros2fox/install
[0.871s] colcon.colcon_core.package_discovery Level 1 discover_packages(prefix_path) using defaults
[1.234s] colcon.colcon_core.verb Level 5 set package 'fox_webui' build argument 'cmake_args' from command line to 'None'
[1.235s] colcon.colcon_core.verb Level 5 set package 'fox_webui' build argument 'cmake_target' from command line to 'None'
[1.235s] colcon.colcon_core.verb Level 5 set package 'fox_webui' build argument 'cmake_target_skip_unavailable' from command line to 'False'
[1.235s] colcon.colcon_core.verb Level 5 set package 'fox_webui' build argument 'cmake_clean_cache' from command line to 'False'
[1.235s] colcon.colcon_core.verb Level 5 set package 'fox_webui' build argument 'cmake_clean_first' from command line to 'False'
[1.235s] colcon.colcon_core.verb Level 5 set package 'fox_webui' build argument 'cmake_force_configure' from command line to 'False'
[1.235s] colcon.colcon_core.verb Level 5 set package 'fox_webui' build argument 'ament_cmake_args' from command line to 'None'
[1.235s] colcon.colcon_core.verb Level 5 set package 'fox_webui' build argument 'catkin_cmake_args' from command line to 'None'
[1.235s] colcon.colcon_core.verb Level 5 set package 'fox_webui' build argument 'catkin_skip_building_tests' from command line to 'False'
[1.235s] colcon.colcon_core.verb DEBUG Building package 'fox_webui' with the following arguments: {'ament_cmake_args': None, 'build_base': '/home/ubuntu/ros2fox/build/fox_webui', 'catkin_cmake_args': None, 'catkin_skip_building_tests': False, 'cmake_args': None, 'cmake_clean_cache': False, 'cmake_clean_first': False, 'cmake_force_configure': False, 'cmake_target': None, 'cmake_target_skip_unavailable': False, 'install_base': '/home/ubuntu/ros2fox/install/fox_webui', 'merge_install': False, 'path': '/home/ubuntu/ros2fox/src/fox_webui', 'symlink_install': False, 'test_result_base': None}
[1.235s] colcon.colcon_core.executor INFO Executing jobs using 'parallel' executor
[1.238s] colcon.colcon_parallel_executor.executor.parallel DEBUG run_until_complete
[1.238s] colcon.colcon_ros.task.ament_python.build INFO Building ROS package in '/home/ubuntu/ros2fox/src/fox_webui' with build type 'ament_python'
[1.239s] colcon.colcon_core.shell Level 1 create_environment_hook('fox_webui', 'ament_prefix_path')
[1.243s] colcon.colcon_core.plugin_system INFO Skipping extension 'colcon_core.shell.bat': Not used on non-Windows systems
[1.248s] colcon.colcon_core.shell INFO Creating environment hook '/home/ubuntu/ros2fox/install/fox_webui/share/fox_webui/hook/ament_prefix_path.ps1'
[1.250s] colcon.colcon_core.shell INFO Creating environment descriptor '/home/ubuntu/ros2fox/install/fox_webui/share/fox_webui/hook/ament_prefix_path.dsv'
[1.258s] colcon.colcon_core.shell INFO Creating environment hook '/home/ubuntu/ros2fox/install/fox_webui/share/fox_webui/hook/ament_prefix_path.sh'
[1.267s] colcon.colcon_core.shell INFO Skip shell extension 'powershell' for command environment: Not usable outside of PowerShell
[1.268s] colcon.colcon_core.shell DEBUG Skip shell extension 'dsv' for command environment
[1.859s] colcon.colcon_core.task.python.build INFO Building Python package in '/home/ubuntu/ros2fox/src/fox_webui'
[1.860s] colcon.colcon_core.shell INFO Skip shell extension 'powershell' for command environment: Not usable outside of PowerShell
[1.860s] colcon.colcon_core.shell DEBUG Skip shell extension 'dsv' for command environment
[3.517s] colcon.colcon_core.event_handler.log_command DEBUG Invoking command in '/home/ubuntu/ros2fox/src/fox_webui': AMENT_PREFIX_PATH=/home/ubuntu/ros2fox/install/fox_grape_harvest:/home/ubuntu/ros2fox/install/rei_robot_base:${AMENT_PREFIX_PATH} CMAKE_PREFIX_PATH=/home/ubuntu/ros2fox/install/rei_robot_base:/home/ubuntu/ros2fox/install/arm_controller LD_LIBRARY_PATH=/home/ubuntu/ros2fox/install/rei_robot_base/lib:/home/ubuntu/ros2fox/install/arm_controller/lib:/opt/ros/humble/lib:/usr/local/cuda/lib64 PYTHONPATH=/home/ubuntu/ros2fox/build/fox_webui/prefix_override:/home/ubuntu/ros2fox/install/fox_webui/lib/python3.10/site-packages:/home/ubuntu/ros2fox/install/fox_grape_harvest/lib/python3.10/site-packages:/home/ubuntu/ros2fox/install/rei_robot_base/local/lib/python3.10/dist-packages:/home/ubuntu/ros2fox/install/arm_controller/local/lib/python3.10/dist-packages:${PYTHONPATH} /usr/bin/python3 -W ignore:setup.py install is deprecated setup.py egg_info --egg-base ../../build/fox_webui build --build-base /home/ubuntu/ros2fox/build/fox_webui/build install --record /home/ubuntu/ros2fox/build/fox_webui/install.log --single-version-externally-managed install_data
[4.981s] colcon.colcon_core.event_handler.log_command DEBUG Invoked command in '/home/ubuntu/ros2fox/src/fox_webui' returned '0': AMENT_PREFIX_PATH=/home/ubuntu/ros2fox/install/fox_grape_harvest:/home/ubuntu/ros2fox/install/rei_robot_base:${AMENT_PREFIX_PATH} CMAKE_PREFIX_PATH=/home/ubuntu/ros2fox/install/rei_robot_base:/home/ubuntu/ros2fox/install/arm_controller LD_LIBRARY_PATH=/home/ubuntu/ros2fox/install/rei_robot_base/lib:/home/ubuntu/ros2fox/install/arm_controller/lib:/opt/ros/humble/lib:/usr/local/cuda/lib64 PYTHONPATH=/home/ubuntu/ros2fox/build/fox_webui/prefix_override:/home/ubuntu/ros2fox/install/fox_webui/lib/python3.10/site-packages:/home/ubuntu/ros2fox/install/fox_grape_harvest/lib/python3.10/site-packages:/home/ubuntu/ros2fox/install/rei_robot_base/local/lib/python3.10/dist-packages:/home/ubuntu/ros2fox/install/arm_controller/local/lib/python3.10/dist-packages:${PYTHONPATH} /usr/bin/python3 -W ignore:setup.py install is deprecated setup.py egg_info --egg-base ../../build/fox_webui build --build-base /home/ubuntu/ros2fox/build/fox_webui/build install --record /home/ubuntu/ros2fox/build/fox_webui/install.log --single-version-externally-managed install_data
[5.022s] colcon.colcon_core.environment Level 1 checking '/home/ubuntu/ros2fox/install/fox_webui' for CMake module files
[5.024s] colcon.colcon_core.environment Level 1 checking '/home/ubuntu/ros2fox/install/fox_webui' for CMake config files
[5.027s] colcon.colcon_core.environment Level 1 checking '/home/ubuntu/ros2fox/install/fox_webui/lib'
[5.028s] colcon.colcon_core.environment Level 1 checking '/home/ubuntu/ros2fox/install/fox_webui/bin'
[5.028s] colcon.colcon_core.environment Level 1 checking '/home/ubuntu/ros2fox/install/fox_webui/lib/pkgconfig/fox_webui.pc'
[5.029s] colcon.colcon_core.environment Level 1 checking '/home/ubuntu/ros2fox/install/fox_webui/lib/python3.10/site-packages'
[5.029s] colcon.colcon_core.shell Level 1 create_environment_hook('fox_webui', 'pythonpath')
[5.030s] colcon.colcon_core.shell INFO Creating environment hook '/home/ubuntu/ros2fox/install/fox_webui/share/fox_webui/hook/pythonpath.ps1'
[5.032s] colcon.colcon_core.shell INFO Creating environment descriptor '/home/ubuntu/ros2fox/install/fox_webui/share/fox_webui/hook/pythonpath.dsv'
[5.034s] colcon.colcon_core.shell INFO Creating environment hook '/home/ubuntu/ros2fox/install/fox_webui/share/fox_webui/hook/pythonpath.sh'
[5.036s] colcon.colcon_core.environment Level 1 checking '/home/ubuntu/ros2fox/install/fox_webui/bin'
[5.036s] colcon.colcon_core.environment Level 1 create_environment_scripts_only(fox_webui)
[5.037s] colcon.colcon_core.shell INFO Creating package script '/home/ubuntu/ros2fox/install/fox_webui/share/fox_webui/package.ps1'
[5.040s] colcon.colcon_core.shell INFO Creating package descriptor '/home/ubuntu/ros2fox/install/fox_webui/share/fox_webui/package.dsv'
[5.042s] colcon.colcon_core.shell INFO Creating package script '/home/ubuntu/ros2fox/install/fox_webui/share/fox_webui/package.sh'
[5.043s] colcon.colcon_core.shell INFO Creating package script '/home/ubuntu/ros2fox/install/fox_webui/share/fox_webui/package.bash'
[5.045s] colcon.colcon_core.shell INFO Creating package script '/home/ubuntu/ros2fox/install/fox_webui/share/fox_webui/package.zsh'
[5.047s] colcon.colcon_core.environment Level 1 create_file_with_runtime_dependencies(/home/ubuntu/ros2fox/install/fox_webui/share/colcon-core/packages/fox_webui)
[5.048s] colcon.colcon_parallel_executor.executor.parallel DEBUG closing loop
[5.049s] colcon.colcon_parallel_executor.executor.parallel DEBUG loop closed
[5.049s] colcon.colcon_parallel_executor.executor.parallel DEBUG run_until_complete finished with '0'
[5.049s] colcon.colcon_core.event_reactor DEBUG joining thread
[5.109s] colcon.colcon_core.plugin_system INFO Skipping extension 'colcon_notification.desktop_notification.terminal_notifier': Not used on non-Darwin systems
[5.110s] colcon.colcon_core.plugin_system INFO Skipping extension 'colcon_notification.desktop_notification.win32': Not used on non-Windows systems
[5.110s] colcon.colcon_notification.desktop_notification INFO Sending desktop notification using 'notify2'
[5.143s] colcon.colcon_core.event_reactor DEBUG joined thread
[5.144s] colcon.colcon_core.shell INFO Creating prefix script '/home/ubuntu/ros2fox/install/local_setup.ps1'
[5.147s] colcon.colcon_core.shell INFO Creating prefix util module '/home/ubuntu/ros2fox/install/_local_setup_util_ps1.py'
[5.151s] colcon.colcon_core.shell INFO Creating prefix chain script '/home/ubuntu/ros2fox/install/setup.ps1'
[5.154s] colcon.colcon_core.shell INFO Creating prefix script '/home/ubuntu/ros2fox/install/local_setup.sh'
[5.156s] colcon.colcon_core.shell INFO Creating prefix util module '/home/ubuntu/ros2fox/install/_local_setup_util_sh.py'
[5.158s] colcon.colcon_core.shell INFO Creating prefix chain script '/home/ubuntu/ros2fox/install/setup.sh'
[5.161s] colcon.colcon_core.shell INFO Creating prefix script '/home/ubuntu/ros2fox/install/local_setup.bash'
[5.163s] colcon.colcon_core.shell INFO Creating prefix chain script '/home/ubuntu/ros2fox/install/setup.bash'
[5.165s] colcon.colcon_core.shell INFO Creating prefix script '/home/ubuntu/ros2fox/install/local_setup.zsh'
[5.167s] colcon.colcon_core.shell INFO Creating prefix chain script '/home/ubuntu/ros2fox/install/setup.zsh'
