[2.724s] Invoking command in '/home/ubuntu/ros2fox/src/fox_grape_harvest': CMAKE_PREFIX_PATH=/home/ubuntu/ros2fox/install/arm_controller LD_LIBRARY_PATH=/home/ubuntu/ros2fox/install/arm_controller/lib:/home/ubuntu/ros2fox/install/fox_grape_harvest/lib:/home/ubuntu/ros2fox/install/fox_navigation_ros2/lib:/home/ubuntu/ros2fox/install/fox_slam_ros2/lib:/home/ubuntu/ros2fox/install/fox_webui/lib:/home/ubuntu/ros2fox/install/gripper_control/lib:/home/ubuntu/ros2fox/install/orbbec_camera/lib:/home/ubuntu/ros2fox/install/orbbec_camera_msgs/lib:/home/ubuntu/ros2fox/install/rei_robot_base/lib:/home/ubuntu/ros2fox/install/ydlidar_ros2_driver/lib:/home/ubuntu/ros2fox/install/arm_controller/local/lib:/home/ubuntu/ros2fox/install/orbbec_camera_msgs/local/lib:/home/ubuntu/ros2fox/install/rei_robot_base/local/lib:/home/ubuntu/ros2fox/install/fox_grape_harvest/lib:/home/ubuntu/ros2fox/install/fox_navigation_ros2/lib:/home/ubuntu/ros2fox/install/fox_slam_ros2/lib:/home/ubuntu/ros2fox/install/fox_webui/lib:/home/ubuntu/ros2fox/install/gripper_control/lib:/home/ubuntu/ros2fox/install/orbbec_camera/lib:/home/ubuntu/ros2fox/install/orbbec_camera_msgs/lib:/home/ubuntu/ros2fox/install/rei_robot_base/lib:/home/ubuntu/ros2fox/install/ydlidar_ros2_driver/lib:/home/ubuntu/ros2fox/install/arm_controller/local/lib:/home/ubuntu/ros2fox/install/orbbec_camera_msgs/local/lib:/home/ubuntu/ros2fox/install/rei_robot_base/local/lib:/opt/ros/humble/lib:/usr/local/cuda/lib64:/opt/ros/humble/lib:/usr/local/cuda/lib64 PYTHONPATH=/home/ubuntu/ros2fox/build/fox_grape_harvest/prefix_override:/home/ubuntu/ros2fox/install/fox_grape_harvest/lib/python3.10/site-packages:${PYTHONPATH} /usr/bin/python3 -W ignore:setup.py install is deprecated setup.py egg_info --egg-base ../../build/fox_grape_harvest build --build-base /home/ubuntu/ros2fox/build/fox_grape_harvest/build install --record /home/ubuntu/ros2fox/build/fox_grape_harvest/install.log --single-version-externally-managed install_data
[3.476s] running egg_info
[3.519s] writing ../../build/fox_grape_harvest/fox_grape_harvest.egg-info/PKG-INFO
[3.520s] writing dependency_links to ../../build/fox_grape_harvest/fox_grape_harvest.egg-info/dependency_links.txt
[3.521s] writing entry points to ../../build/fox_grape_harvest/fox_grape_harvest.egg-info/entry_points.txt
[3.521s] writing requirements to ../../build/fox_grape_harvest/fox_grape_harvest.egg-info/requires.txt
[3.522s] writing top-level names to ../../build/fox_grape_harvest/fox_grape_harvest.egg-info/top_level.txt
[3.612s] reading manifest file '../../build/fox_grape_harvest/fox_grape_harvest.egg-info/SOURCES.txt'
[3.614s] writing manifest file '../../build/fox_grape_harvest/fox_grape_harvest.egg-info/SOURCES.txt'
[3.615s] running build
[3.615s] running build_py
[3.615s] copying fox_grape_harvest/chassis_interface.py -> /home/ubuntu/ros2fox/build/fox_grape_harvest/build/lib/fox_grape_harvest
[3.616s] copying fox_grape_harvest/harvest_node.py -> /home/ubuntu/ros2fox/build/fox_grape_harvest/build/lib/fox_grape_harvest
[3.616s] copying fox_grape_harvest/arm_interface.py -> /home/ubuntu/ros2fox/build/fox_grape_harvest/build/lib/fox_grape_harvest
[3.617s] copying fox_grape_harvest/depth_utils.py -> /home/ubuntu/ros2fox/build/fox_grape_harvest/build/lib/fox_grape_harvest
[3.617s] copying fox_grape_harvest/yolo_detector.py -> /home/ubuntu/ros2fox/build/fox_grape_harvest/build/lib/fox_grape_harvest
[3.617s] copying fox_grape_harvest/grape_grasp_test.py -> /home/ubuntu/ros2fox/build/fox_grape_harvest/build/lib/fox_grape_harvest
[3.618s] copying fox_grape_harvest/__init__.py -> /home/ubuntu/ros2fox/build/fox_grape_harvest/build/lib/fox_grape_harvest
[3.618s] running install
[3.630s] running install_lib
[3.674s] copying /home/ubuntu/ros2fox/build/fox_grape_harvest/build/lib/fox_grape_harvest/harvest_node.py -> /home/ubuntu/ros2fox/install/fox_grape_harvest/lib/python3.10/site-packages/fox_grape_harvest
[3.676s] byte-compiling /home/ubuntu/ros2fox/install/fox_grape_harvest/lib/python3.10/site-packages/fox_grape_harvest/harvest_node.py to harvest_node.cpython-310.pyc
[3.687s] running install_data
[3.688s] copying resource/fox_grape_harvest -> /home/ubuntu/ros2fox/install/fox_grape_harvest/share/ament_index/resource_index/packages
[3.688s] copying package.xml -> /home/ubuntu/ros2fox/install/fox_grape_harvest/share/fox_grape_harvest
[3.688s] copying launch/grape_harvest.launch.py -> /home/ubuntu/ros2fox/install/fox_grape_harvest/share/fox_grape_harvest/launch
[3.707s] copying scripts/test_detection.py -> /home/ubuntu/ros2fox/install/fox_grape_harvest/share/fox_grape_harvest/scripts
[3.708s] copying scripts/grape_grasp_test.py -> /home/ubuntu/ros2fox/install/fox_grape_harvest/share/fox_grape_harvest/scripts
[3.711s] running install_egg_info
[3.756s] removing '/home/ubuntu/ros2fox/install/fox_grape_harvest/lib/python3.10/site-packages/fox_grape_harvest-0.1.0-py3.10.egg-info' (and everything under it)
[3.757s] Copying ../../build/fox_grape_harvest/fox_grape_harvest.egg-info to /home/ubuntu/ros2fox/install/fox_grape_harvest/lib/python3.10/site-packages/fox_grape_harvest-0.1.0-py3.10.egg-info
[3.759s] running install_scripts
[4.132s] Installing grape_grasp_test.py script to /home/ubuntu/ros2fox/install/fox_grape_harvest/lib/fox_grape_harvest
[4.132s] Installing grape_harvest_node script to /home/ubuntu/ros2fox/install/fox_grape_harvest/lib/fox_grape_harvest
[4.133s] writing list of installed files to '/home/ubuntu/ros2fox/build/fox_grape_harvest/install.log'
[4.224s] Invoked command in '/home/ubuntu/ros2fox/src/fox_grape_harvest' returned '0': CMAKE_PREFIX_PATH=/home/ubuntu/ros2fox/install/arm_controller LD_LIBRARY_PATH=/home/ubuntu/ros2fox/install/arm_controller/lib:/home/ubuntu/ros2fox/install/fox_grape_harvest/lib:/home/ubuntu/ros2fox/install/fox_navigation_ros2/lib:/home/ubuntu/ros2fox/install/fox_slam_ros2/lib:/home/ubuntu/ros2fox/install/fox_webui/lib:/home/ubuntu/ros2fox/install/gripper_control/lib:/home/ubuntu/ros2fox/install/orbbec_camera/lib:/home/ubuntu/ros2fox/install/orbbec_camera_msgs/lib:/home/ubuntu/ros2fox/install/rei_robot_base/lib:/home/ubuntu/ros2fox/install/ydlidar_ros2_driver/lib:/home/ubuntu/ros2fox/install/arm_controller/local/lib:/home/ubuntu/ros2fox/install/orbbec_camera_msgs/local/lib:/home/ubuntu/ros2fox/install/rei_robot_base/local/lib:/home/ubuntu/ros2fox/install/fox_grape_harvest/lib:/home/ubuntu/ros2fox/install/fox_navigation_ros2/lib:/home/ubuntu/ros2fox/install/fox_slam_ros2/lib:/home/ubuntu/ros2fox/install/fox_webui/lib:/home/ubuntu/ros2fox/install/gripper_control/lib:/home/ubuntu/ros2fox/install/orbbec_camera/lib:/home/ubuntu/ros2fox/install/orbbec_camera_msgs/lib:/home/ubuntu/ros2fox/install/rei_robot_base/lib:/home/ubuntu/ros2fox/install/ydlidar_ros2_driver/lib:/home/ubuntu/ros2fox/install/arm_controller/local/lib:/home/ubuntu/ros2fox/install/orbbec_camera_msgs/local/lib:/home/ubuntu/ros2fox/install/rei_robot_base/local/lib:/opt/ros/humble/lib:/usr/local/cuda/lib64:/opt/ros/humble/lib:/usr/local/cuda/lib64 PYTHONPATH=/home/ubuntu/ros2fox/build/fox_grape_harvest/prefix_override:/home/ubuntu/ros2fox/install/fox_grape_harvest/lib/python3.10/site-packages:${PYTHONPATH} /usr/bin/python3 -W ignore:setup.py install is deprecated setup.py egg_info --egg-base ../../build/fox_grape_harvest build --build-base /home/ubuntu/ros2fox/build/fox_grape_harvest/build install --record /home/ubuntu/ros2fox/build/fox_grape_harvest/install.log --single-version-externally-managed install_data
